============================================================
ABL Dashboard Update: Sat Dec 20 08:00:01 EST 2025
============================================================
Traceback (most recent call last):
  File "/Users/rico/sports-models/American Betting League/abl_recap.py", line 7, in <module>
    import pandas as pd
ModuleNotFoundError: No module named 'pandas'
No changes to commit
============================================================
============================================================
ABL Dashboard Update: Sat Dec 20 14:00:00 EST 2025
============================================================
Traceback (most recent call last):
  File "/Users/rico/sports-models/American Betting League/abl_recap.py", line 7, in <module>
    import pandas as pd
ModuleNotFoundError: No module named 'pandas'
No changes to commit
============================================================
============================================================
ABL Dashboard Update: Sat Dec 20 22:00:01 EST 2025
============================================================
Traceback (most recent call last):
  File "/Users/rico/sports-models/American Betting League/abl_recap.py", line 7, in <module>
    import pandas as pd
ModuleNotFoundError: No module named 'pandas'
No changes to commit
============================================================
============================================================
ABL Dashboard Update: Sun Dec 21 14:00:00 EST 2025
============================================================
Traceback (most recent call last):
  File "/Users/rico/sports-models/American Betting League/abl_recap.py", line 7, in <module>
    import pandas as pd
ModuleNotFoundError: No module named 'pandas'
No changes to commit
============================================================
============================================================
ABL Dashboard Update: Sun Dec 21 22:00:01 EST 2025
============================================================
Traceback (most recent call last):
  File "/Users/rico/sports-models/American Betting League/abl_recap.py", line 7, in <module>
    import pandas as pd
ModuleNotFoundError: No module named 'pandas'
No changes to commit
============================================================
============================================================
ABL Dashboard Update: Mon Dec 22 08:00:00 EST 2025
============================================================
Traceback (most recent call last):
  File "/Users/rico/sports-models/American Betting League/abl_recap.py", line 7, in <module>
    import pandas as pd
ModuleNotFoundError: No module named 'pandas'
No changes to commit
============================================================
============================================================
ABL Dashboard Update: Mon Dec 22 14:02:43 EST 2025
============================================================
Traceback (most recent call last):
  File "/Users/rico/sports-models/American Betting League/abl_recap.py", line 7, in <module>
    import pandas as pd
ModuleNotFoundError: No module named 'pandas'
No changes to commit
============================================================
============================================================
ABL Dashboard Update: Mon Dec 22 22:00:01 EST 2025
============================================================
Traceback (most recent call last):
  File "/Users/rico/sports-models/American Betting League/abl_recap.py", line 7, in <module>
    import pandas as pd
ModuleNotFoundError: No module named 'pandas'
No changes to commit
============================================================
============================================================
ABL Dashboard Update: Tue Dec 23 08:00:00 EST 2025
============================================================
Traceback (most recent call last):
  File "/Users/rico/sports-models/American Betting League/abl_recap.py", line 7, in <module>
    import pandas as pd
ModuleNotFoundError: No module named 'pandas'
No changes to commit
============================================================
============================================================
ABL Dashboard Update: Tue Dec 23 14:00:00 EST 2025
============================================================
Traceback (most recent call last):
  File "/Users/rico/sports-models/American Betting League/abl_recap.py", line 7, in <module>
    import pandas as pd
ModuleNotFoundError: No module named 'pandas'
No changes to commit
============================================================
============================================================
ABL Dashboard Update: Tue Dec 23 22:00:02 EST 2025
============================================================
Traceback (most recent call last):
  File "/Users/rico/sports-models/American Betting League/abl_recap.py", line 7, in <module>
    import pandas as pd
ModuleNotFoundError: No module named 'pandas'
No changes to commit
============================================================
============================================================
ABL Dashboard Update: Wed Dec 24 08:00:00 EST 2025
============================================================
Traceback (most recent call last):
  File "/Users/rico/sports-models/American Betting League/abl_recap.py", line 7, in <module>
    import pandas as pd
ModuleNotFoundError: No module named 'pandas'
No changes to commit
============================================================
============================================================
ABL Dashboard Update: Wed Dec 24 14:00:00 EST 2025
============================================================
Traceback (most recent call last):
  File "/Users/rico/sports-models/American Betting League/abl_recap.py", line 7, in <module>
    import pandas as pd
ModuleNotFoundError: No module named 'pandas'
No changes to commit
============================================================
============================================================
ABL Dashboard Update: Wed Dec 24 22:00:00 EST 2025
============================================================
Traceback (most recent call last):
  File "/Users/rico/sports-models/American Betting League/abl_recap.py", line 7, in <module>
    import pandas as pd
ModuleNotFoundError: No module named 'pandas'
No changes to commit
============================================================
============================================================
ABL Dashboard Update: Thu Dec 25 08:00:00 EST 2025
============================================================
Traceback (most recent call last):
  File "/Users/rico/sports-models/American Betting League/abl_recap.py", line 7, in <module>
    import pandas as pd
ModuleNotFoundError: No module named 'pandas'
No changes to commit
============================================================
============================================================
ABL Dashboard Update: Thu Dec 25 14:00:00 EST 2025
============================================================
Traceback (most recent call last):
  File "/Users/rico/sports-models/American Betting League/abl_recap.py", line 7, in <module>
    import pandas as pd
ModuleNotFoundError: No module named 'pandas'
No changes to commit
============================================================
============================================================
ABL Dashboard Update: Thu Dec 25 22:00:00 EST 2025
============================================================
Traceback (most recent call last):
  File "/Users/rico/sports-models/American Betting League/abl_recap.py", line 7, in <module>
    import pandas as pd
ModuleNotFoundError: No module named 'pandas'
No changes to commit
============================================================
============================================================
ABL Dashboard Update: Fri Dec 26 08:00:00 EST 2025
============================================================
Traceback (most recent call last):
  File "/Users/rico/sports-models/American Betting League/abl_recap.py", line 7, in <module>
    import pandas as pd
ModuleNotFoundError: No module named 'pandas'
No changes to commit
============================================================
============================================================
ABL Dashboard Update: Fri Dec 26 14:00:00 EST 2025
============================================================
Traceback (most recent call last):
  File "/Users/rico/sports-models/American Betting League/abl_recap.py", line 7, in <module>
    import pandas as pd
ModuleNotFoundError: No module named 'pandas'
No changes to commit
============================================================
============================================================
ABL Dashboard Update: Fri Dec 26 22:00:01 EST 2025
============================================================
Traceback (most recent call last):
  File "/Users/rico/sports-models/American Betting League/abl_recap.py", line 7, in <module>
    import pandas as pd
ModuleNotFoundError: No module named 'pandas'
No changes to commit
============================================================
============================================================
ABL Dashboard Update: Sat Dec 27 08:00:00 EST 2025
============================================================
Traceback (most recent call last):
  File "/Users/rico/sports-models/American Betting League/abl_recap.py", line 7, in <module>
    import pandas as pd
ModuleNotFoundError: No module named 'pandas'
No changes to commit
============================================================
============================================================
ABL Dashboard Update: Sat Dec 27 14:00:00 EST 2025
============================================================
Traceback (most recent call last):
  File "/Users/rico/sports-models/American Betting League/abl_recap.py", line 7, in <module>
    import pandas as pd
ModuleNotFoundError: No module named 'pandas'
No changes to commit
============================================================
============================================================
ABL Dashboard Update: Sat Dec 27 22:00:00 EST 2025
============================================================
Traceback (most recent call last):
  File "/Users/rico/sports-models/American Betting League/abl_recap.py", line 7, in <module>
    import pandas as pd
ModuleNotFoundError: No module named 'pandas'
No changes to commit
============================================================
============================================================
ABL Dashboard Update: Sun Dec 28 08:00:00 EST 2025
============================================================
Traceback (most recent call last):
  File "/Users/rico/sports-models/American Betting League/abl_recap.py", line 7, in <module>
    import pandas as pd
ModuleNotFoundError: No module named 'pandas'
No changes to commit
============================================================
============================================================
ABL Dashboard Update: Sun Dec 28 14:00:00 EST 2025
============================================================
Traceback (most recent call last):
  File "/Users/rico/sports-models/American Betting League/abl_recap.py", line 7, in <module>
    import pandas as pd
ModuleNotFoundError: No module named 'pandas'
No changes to commit
============================================================
============================================================
ABL Dashboard Update: Sun Dec 28 22:00:00 EST 2025
============================================================
Traceback (most recent call last):
  File "/Users/rico/sports-models/American Betting League/abl_recap.py", line 7, in <module>
    import pandas as pd
ModuleNotFoundError: No module named 'pandas'
No changes to commit
============================================================
============================================================
ABL Dashboard Update: Mon Dec 29 08:00:00 EST 2025
============================================================
Traceback (most recent call last):
  File "/Users/rico/sports-models/American Betting League/abl_recap.py", line 7, in <module>
    import pandas as pd
ModuleNotFoundError: No module named 'pandas'
No changes to commit
============================================================
============================================================
ABL Dashboard Update: Mon Dec 29 14:00:00 EST 2025
============================================================
Traceback (most recent call last):
  File "/Users/rico/sports-models/American Betting League/abl_recap.py", line 7, in <module>
    import pandas as pd
ModuleNotFoundError: No module named 'pandas'
No changes to commit
============================================================
============================================================
ABL Dashboard Update: Mon Dec 29 22:00:00 EST 2025
============================================================
Traceback (most recent call last):
  File "/Users/rico/sports-models/American Betting League/abl_recap.py", line 7, in <module>
    import pandas as pd
ModuleNotFoundError: No module named 'pandas'
No changes to commit
============================================================
============================================================
ABL Dashboard Update: Tue Dec 30 08:00:00 EST 2025
============================================================
Traceback (most recent call last):
  File "/Users/rico/sports-models/American Betting League/abl_recap.py", line 7, in <module>
    import pandas as pd
ModuleNotFoundError: No module named 'pandas'
No changes to commit
============================================================
============================================================
ABL Dashboard Update: Tue Dec 30 14:00:00 EST 2025
============================================================
Traceback (most recent call last):
  File "/Users/rico/sports-models/American Betting League/abl_recap.py", line 7, in <module>
    import pandas as pd
ModuleNotFoundError: No module named 'pandas'
No changes to commit
============================================================
============================================================
ABL Dashboard Update: Tue Dec 30 22:00:00 EST 2025
============================================================
Traceback (most recent call last):
  File "/Users/rico/sports-models/American Betting League/abl_recap.py", line 7, in <module>
    import pandas as pd
ModuleNotFoundError: No module named 'pandas'
No changes to commit
============================================================
============================================================
ABL Dashboard Update: Wed Dec 31 08:00:00 EST 2025
============================================================
Traceback (most recent call last):
  File "/Users/rico/sports-models/American Betting League/abl_recap.py", line 7, in <module>
    import pandas as pd
ModuleNotFoundError: No module named 'pandas'
No changes to commit
============================================================
============================================================
ABL Dashboard Update: Wed Dec 31 14:00:00 EST 2025
============================================================
Traceback (most recent call last):
  File "/Users/rico/sports-models/American Betting League/abl_recap.py", line 7, in <module>
    import pandas as pd
ModuleNotFoundError: No module named 'pandas'
No changes to commit
============================================================
============================================================
ABL Dashboard Update: Wed Dec 31 22:00:01 EST 2025
============================================================
Traceback (most recent call last):
  File "/Users/rico/sports-models/American Betting League/abl_recap.py", line 7, in <module>
    import pandas as pd
ModuleNotFoundError: No module named 'pandas'
No changes to commit
============================================================
============================================================
ABL Dashboard Update: Thu Jan  1 08:00:01 EST 2026
============================================================
Traceback (most recent call last):
  File "/Users/rico/sports-models/American Betting League/abl_recap.py", line 7, in <module>
    import pandas as pd
ModuleNotFoundError: No module named 'pandas'
No changes to commit
============================================================
============================================================
ABL Dashboard Update: Thu Jan  1 14:00:00 EST 2026
============================================================
Traceback (most recent call last):
  File "/Users/rico/sports-models/American Betting League/abl_recap.py", line 7, in <module>
    import pandas as pd
ModuleNotFoundError: No module named 'pandas'
No changes to commit
============================================================
============================================================
ABL Dashboard Update: Thu Jan  1 22:00:00 EST 2026
============================================================
Traceback (most recent call last):
  File "/Users/rico/sports-models/American Betting League/abl_recap.py", line 7, in <module>
    import pandas as pd
ModuleNotFoundError: No module named 'pandas'
No changes to commit
============================================================
============================================================
ABL Dashboard Update: Fri Jan  2 08:00:00 EST 2026
============================================================
Traceback (most recent call last):
  File "/Users/rico/sports-models/American Betting League/abl_recap.py", line 7, in <module>
    import pandas as pd
ModuleNotFoundError: No module named 'pandas'
No changes to commit
============================================================
============================================================
ABL Dashboard Update: Fri Jan  2 14:00:00 EST 2026
============================================================
Traceback (most recent call last):
  File "/Users/rico/sports-models/American Betting League/abl_recap.py", line 7, in <module>
    import pandas as pd
ModuleNotFoundError: No module named 'pandas'
No changes to commit
============================================================
============================================================
ABL Dashboard Update: Fri Jan  2 22:00:00 EST 2026
============================================================
Traceback (most recent call last):
  File "/Users/rico/sports-models/American Betting League/abl_recap.py", line 7, in <module>
    import pandas as pd
ModuleNotFoundError: No module named 'pandas'
No changes to commit
============================================================
============================================================
ABL Dashboard Update: Sat Jan  3 08:00:00 EST 2026
============================================================
Traceback (most recent call last):
  File "/Users/rico/sports-models/American Betting League/abl_recap.py", line 7, in <module>
    import pandas as pd
ModuleNotFoundError: No module named 'pandas'
No changes to commit
============================================================
============================================================
ABL Dashboard Update: Sun Jan  4 08:00:00 EST 2026
============================================================
Traceback (most recent call last):
  File "/Users/rico/sports-models/American Betting League/abl_recap.py", line 7, in <module>
    import pandas as pd
ModuleNotFoundError: No module named 'pandas'
No changes to commit
============================================================
============================================================
ABL Dashboard Update: Sun Jan  4 14:00:01 EST 2026
============================================================
Traceback (most recent call last):
  File "/Users/rico/sports-models/American Betting League/abl_recap.py", line 7, in <module>
    import pandas as pd
ModuleNotFoundError: No module named 'pandas'
No changes to commit
============================================================
============================================================
ABL Dashboard Update: Sun Jan  4 22:00:00 EST 2026
============================================================
Traceback (most recent call last):
  File "/Users/rico/sports-models/American Betting League/abl_recap.py", line 7, in <module>
    import pandas as pd
ModuleNotFoundError: No module named 'pandas'
No changes to commit
============================================================
============================================================
ABL Dashboard Update: Mon Jan  5 08:00:01 EST 2026
============================================================
Traceback (most recent call last):
  File "/Users/rico/sports-models/American Betting League/abl_recap.py", line 7, in <module>
    import pandas as pd
ModuleNotFoundError: No module named 'pandas'
No changes to commit
============================================================
============================================================
ABL Dashboard Update: Mon Jan  5 14:00:00 EST 2026
============================================================
Traceback (most recent call last):
  File "/Users/rico/sports-models/American Betting League/abl_recap.py", line 7, in <module>
    import pandas as pd
ModuleNotFoundError: No module named 'pandas'
No changes to commit
============================================================
============================================================
ABL Dashboard Update: Mon Jan  5 22:00:00 EST 2026
============================================================
Traceback (most recent call last):
  File "/Users/rico/sports-models/American Betting League/abl_recap.py", line 7, in <module>
    import pandas as pd
ModuleNotFoundError: No module named 'pandas'
No changes to commit
============================================================
============================================================
ABL Dashboard Update: Tue Jan  6 08:00:00 EST 2026
============================================================
Traceback (most recent call last):
  File "/Users/rico/sports-models/American Betting League/abl_recap.py", line 7, in <module>
    import pandas as pd
ModuleNotFoundError: No module named 'pandas'
No changes to commit
============================================================
============================================================
ABL Dashboard Update: Tue Jan  6 14:00:01 EST 2026
============================================================
Traceback (most recent call last):
  File "/Users/rico/sports-models/American Betting League/abl_recap.py", line 7, in <module>
    import pandas as pd
ModuleNotFoundError: No module named 'pandas'
No changes to commit
============================================================
============================================================
ABL Dashboard Update: Tue Jan  6 22:00:00 EST 2026
============================================================
Traceback (most recent call last):
  File "/Users/rico/sports-models/American Betting League/abl_recap.py", line 7, in <module>
    import pandas as pd
ModuleNotFoundError: No module named 'pandas'
No changes to commit
============================================================
============================================================
ABL Dashboard Update: Wed Jan  7 08:00:00 EST 2026
============================================================
Traceback (most recent call last):
  File "/Users/rico/sports-models/American Betting League/abl_recap.py", line 7, in <module>
    import pandas as pd
ModuleNotFoundError: No module named 'pandas'
No changes to commit
============================================================
============================================================
ABL Dashboard Update: Wed Jan  7 14:00:00 EST 2026
============================================================
Traceback (most recent call last):
  File "/Users/rico/sports-models/American Betting League/abl_recap.py", line 7, in <module>
    import pandas as pd
ModuleNotFoundError: No module named 'pandas'
No changes to commit
============================================================
============================================================
ABL Dashboard Update: Wed Jan  7 22:00:01 EST 2026
============================================================
Traceback (most recent call last):
  File "/Users/rico/sports-models/American Betting League/abl_recap.py", line 7, in <module>
    import pandas as pd
ModuleNotFoundError: No module named 'pandas'
No changes to commit
============================================================
============================================================
ABL Dashboard Update: Fri Jan  9 14:00:00 EST 2026
============================================================
Traceback (most recent call last):
  File "/Users/rico/sports-models/American Betting League/abl_recap.py", line 7, in <module>
    import pandas as pd
ModuleNotFoundError: No module named 'pandas'
No changes to commit
============================================================
============================================================
ABL Dashboard Update: Tue Jan 13 14:00:01 EST 2026
============================================================
Traceback (most recent call last):
  File "/Users/rico/sports-models/American Betting League/abl_recap.py", line 7, in <module>
    import pandas as pd
ModuleNotFoundError: No module named 'pandas'
No changes to commit
============================================================
============================================================
ABL Dashboard Update: Tue Jan 13 22:00:00 EST 2026
============================================================
Traceback (most recent call last):
  File "/Users/rico/sports-models/American Betting League/abl_recap.py", line 7, in <module>
    import pandas as pd
ModuleNotFoundError: No module named 'pandas'
No changes to commit
============================================================
============================================================
ABL Dashboard Update: Wed Jan 14 08:00:00 EST 2026
============================================================
Traceback (most recent call last):
  File "/Users/rico/sports-models/American Betting League/abl_recap.py", line 7, in <module>
    import pandas as pd
ModuleNotFoundError: No module named 'pandas'
No changes to commit
============================================================
============================================================
ABL Dashboard Update: Wed Jan 14 14:00:00 EST 2026
============================================================
Traceback (most recent call last):
  File "/Users/rico/sports-models/American Betting League/abl_recap.py", line 7, in <module>
    import pandas as pd
ModuleNotFoundError: No module named 'pandas'
No changes to commit
============================================================
============================================================
ABL Dashboard Update: Wed Jan 14 22:00:00 EST 2026
============================================================
Traceback (most recent call last):
  File "/Users/rico/sports-models/American Betting League/abl_recap.py", line 7, in <module>
    import pandas as pd
ModuleNotFoundError: No module named 'pandas'
No changes to commit
============================================================
============================================================
ABL Dashboard Update: Thu Jan 15 08:00:00 EST 2026
============================================================
Traceback (most recent call last):
  File "/Users/rico/sports-models/American Betting League/abl_recap.py", line 7, in <module>
    import pandas as pd
ModuleNotFoundError: No module named 'pandas'
No changes to commit
============================================================
============================================================
ABL Dashboard Update: Thu Jan 15 14:00:00 EST 2026
============================================================
Traceback (most recent call last):
  File "/Users/rico/sports-models/American Betting League/abl_recap.py", line 7, in <module>
    import pandas as pd
ModuleNotFoundError: No module named 'pandas'
No changes to commit
============================================================
============================================================
ABL Dashboard Update: Thu Jan 15 22:00:01 EST 2026
============================================================
Traceback (most recent call last):
  File "/Users/rico/sports-models/American Betting League/abl_recap.py", line 7, in <module>
    import pandas as pd
ModuleNotFoundError: No module named 'pandas'
No changes to commit
============================================================
============================================================
ABL Dashboard Update: Fri Jan 16 08:00:01 EST 2026
============================================================
Traceback (most recent call last):
  File "/Users/rico/sports-models/American Betting League/abl_recap.py", line 7, in <module>
    import pandas as pd
ModuleNotFoundError: No module named 'pandas'
No changes to commit
============================================================
============================================================
ABL Dashboard Update: Fri Jan 16 14:00:00 EST 2026
============================================================
Traceback (most recent call last):
  File "/Users/rico/sports-models/American Betting League/abl_recap.py", line 7, in <module>
    import pandas as pd
ModuleNotFoundError: No module named 'pandas'
No changes to commit
============================================================
============================================================
ABL Dashboard Update: Fri Jan 16 22:00:00 EST 2026
============================================================
Traceback (most recent call last):
  File "/Users/rico/sports-models/American Betting League/abl_recap.py", line 7, in <module>
    import pandas as pd
ModuleNotFoundError: No module named 'pandas'
No changes to commit
============================================================
============================================================
ABL Dashboard Update: Sat Jan 17 14:00:00 EST 2026
============================================================
Traceback (most recent call last):
  File "/Users/rico/sports-models/American Betting League/abl_recap.py", line 7, in <module>
    import pandas as pd
ModuleNotFoundError: No module named 'pandas'
No changes to commit
============================================================
============================================================
ABL Dashboard Update: Sat Jan 17 22:00:00 EST 2026
============================================================
Traceback (most recent call last):
  File "/Users/rico/sports-models/American Betting League/abl_recap.py", line 7, in <module>
    import pandas as pd
ModuleNotFoundError: No module named 'pandas'
No changes to commit
============================================================
============================================================
ABL Dashboard Update: Sun Jan 18 08:00:01 EST 2026
============================================================
Traceback (most recent call last):
  File "/Users/rico/sports-models/American Betting League/abl_recap.py", line 7, in <module>
    import pandas as pd
ModuleNotFoundError: No module named 'pandas'
No changes to commit
============================================================
============================================================
ABL Dashboard Update: Sun Jan 18 14:00:00 EST 2026
============================================================
Traceback (most recent call last):
  File "/Users/rico/sports-models/American Betting League/abl_recap.py", line 7, in <module>
    import pandas as pd
ModuleNotFoundError: No module named 'pandas'
No changes to commit
============================================================
============================================================
ABL Dashboard Update: Sun Jan 18 22:00:00 EST 2026
============================================================
Traceback (most recent call last):
  File "/Users/rico/sports-models/American Betting League/abl_recap.py", line 7, in <module>
    import pandas as pd
ModuleNotFoundError: No module named 'pandas'
No changes to commit
============================================================
============================================================
ABL Dashboard Update: Mon Jan 19 08:00:00 EST 2026
============================================================
Traceback (most recent call last):
  File "/Users/rico/sports-models/American Betting League/abl_recap.py", line 7, in <module>
    import pandas as pd
ModuleNotFoundError: No module named 'pandas'
No changes to commit
============================================================
============================================================
ABL Dashboard Update: Mon Jan 19 14:00:00 EST 2026
============================================================
Traceback (most recent call last):
  File "/Users/rico/sports-models/American Betting League/abl_recap.py", line 7, in <module>
    import pandas as pd
ModuleNotFoundError: No module named 'pandas'
No changes to commit
============================================================
============================================================
ABL Dashboard Update: Mon Jan 19 22:00:01 EST 2026
============================================================
Traceback (most recent call last):
  File "/Users/rico/sports-models/American Betting League/abl_recap.py", line 7, in <module>
    import pandas as pd
ModuleNotFoundError: No module named 'pandas'
No changes to commit
============================================================
============================================================
ABL Dashboard Update: Tue Jan 20 08:00:00 EST 2026
============================================================
Traceback (most recent call last):
  File "/Users/rico/sports-models/American Betting League/abl_recap.py", line 7, in <module>
    import pandas as pd
ModuleNotFoundError: No module named 'pandas'
No changes to commit
============================================================
============================================================
ABL Dashboard Update: Tue Jan 20 14:00:00 EST 2026
============================================================
Traceback (most recent call last):
  File "/Users/rico/sports-models/American Betting League/abl_recap.py", line 7, in <module>
    import pandas as pd
ModuleNotFoundError: No module named 'pandas'
No changes to commit
============================================================
============================================================
ABL Dashboard Update: Tue Jan 20 22:00:01 EST 2026
============================================================
Traceback (most recent call last):
  File "/Users/rico/sports-models/American Betting League/abl_recap.py", line 7, in <module>
    import pandas as pd
ModuleNotFoundError: No module named 'pandas'
No changes to commit
============================================================
============================================================
ABL Dashboard Update: Wed Jan 21 08:00:00 EST 2026
============================================================
Traceback (most recent call last):
  File "/Users/rico/sports-models/American Betting League/abl_recap.py", line 7, in <module>
    import pandas as pd
ModuleNotFoundError: No module named 'pandas'
No changes to commit
============================================================
============================================================
ABL Dashboard Update: Wed Jan 21 14:00:00 EST 2026
============================================================
Traceback (most recent call last):
  File "/Users/rico/sports-models/American Betting League/abl_recap.py", line 7, in <module>
    import pandas as pd
ModuleNotFoundError: No module named 'pandas'
No changes to commit
============================================================
============================================================
ABL Dashboard Update: Wed Jan 21 22:00:00 EST 2026
============================================================
Traceback (most recent call last):
  File "/Users/rico/sports-models/American Betting League/abl_recap.py", line 7, in <module>
    import pandas as pd
ModuleNotFoundError: No module named 'pandas'
No changes to commit
============================================================
============================================================
ABL Dashboard Update: Thu Jan 22 08:00:00 EST 2026
============================================================
Traceback (most recent call last):
  File "/Users/rico/sports-models/American Betting League/abl_recap.py", line 7, in <module>
    import pandas as pd
ModuleNotFoundError: No module named 'pandas'
No changes to commit
============================================================
============================================================
ABL Dashboard Update: Fri Jan 23 08:00:00 EST 2026
============================================================
Traceback (most recent call last):
  File "/Users/rico/sports-models/American Betting League/abl_recap.py", line 7, in <module>
    import pandas as pd
ModuleNotFoundError: No module named 'pandas'
No changes to commit
============================================================
============================================================
ABL Dashboard Update: Fri Jan 23 14:00:00 EST 2026
============================================================
Traceback (most recent call last):
  File "/Users/rico/sports-models/American Betting League/abl_recap.py", line 7, in <module>
    import pandas as pd
ModuleNotFoundError: No module named 'pandas'
No changes to commit
============================================================
============================================================
ABL Dashboard Update: Fri Jan 23 22:00:00 EST 2026
============================================================
Traceback (most recent call last):
  File "/Users/rico/sports-models/American Betting League/abl_recap.py", line 7, in <module>
    import pandas as pd
ModuleNotFoundError: No module named 'pandas'
No changes to commit
============================================================
============================================================
ABL Dashboard Update: Sat Jan 24 08:08:51 EST 2026
============================================================
Traceback (most recent call last):
  File "/Users/rico/sports-models/American Betting League/abl_recap.py", line 7, in <module>
    import pandas as pd
ModuleNotFoundError: No module named 'pandas'
No changes to commit
============================================================
============================================================
ABL Dashboard Update: Sun Jan 25 08:00:00 EST 2026
============================================================
Traceback (most recent call last):
  File "/Users/rico/sports-models/American Betting League/abl_recap.py", line 7, in <module>
    import pandas as pd
ModuleNotFoundError: No module named 'pandas'
No changes to commit
============================================================
============================================================
ABL Dashboard Update: Sun Jan 25 14:00:01 EST 2026
============================================================
Traceback (most recent call last):
  File "/Users/rico/sports-models/American Betting League/abl_recap.py", line 7, in <module>
    import pandas as pd
ModuleNotFoundError: No module named 'pandas'
No changes to commit
============================================================
============================================================
ABL Dashboard Update: Sun Jan 25 22:00:00 EST 2026
============================================================
Traceback (most recent call last):
  File "/Users/rico/sports-models/American Betting League/abl_recap.py", line 7, in <module>
    import pandas as pd
ModuleNotFoundError: No module named 'pandas'
No changes to commit
============================================================
============================================================
ABL Dashboard Update: Mon Jan 26 08:00:00 EST 2026
============================================================
Traceback (most recent call last):
  File "/Users/rico/sports-models/American Betting League/abl_recap.py", line 7, in <module>
    import pandas as pd
ModuleNotFoundError: No module named 'pandas'
No changes to commit
============================================================
============================================================
ABL Dashboard Update: Mon Jan 26 22:00:01 EST 2026
============================================================
Traceback (most recent call last):
  File "/Users/rico/sports-models/American Betting League/abl_recap.py", line 7, in <module>
    import pandas as pd
ModuleNotFoundError: No module named 'pandas'
No changes to commit
============================================================
============================================================
ABL Dashboard Update: Tue Jan 27 22:00:01 EST 2026
============================================================
Traceback (most recent call last):
  File "/Users/rico/Dev/sports-models/American Betting League/abl_recap.py", line 7, in <module>
    import pandas as pd
ModuleNotFoundError: No module named 'pandas'
No changes to commit
============================================================
============================================================
ABL Dashboard Update: Wed Jan 28 08:00:00 EST 2026
============================================================
Traceback (most recent call last):
  File "/Users/rico/Dev/sports-models/American Betting League/abl_recap.py", line 7, in <module>
    import pandas as pd
ModuleNotFoundError: No module named 'pandas'
No changes to commit
============================================================
============================================================
ABL Dashboard Update: Wed Jan 28 14:00:01 EST 2026
============================================================
Traceback (most recent call last):
  File "/Users/rico/Dev/sports-models/American Betting League/abl_recap.py", line 7, in <module>
    import pandas as pd
ModuleNotFoundError: No module named 'pandas'
No changes to commit
============================================================
============================================================
ABL Dashboard Update: Wed Jan 28 22:00:00 EST 2026
============================================================
Traceback (most recent call last):
  File "/Users/rico/Dev/sports-models/American Betting League/abl_recap.py", line 7, in <module>
    import pandas as pd
ModuleNotFoundError: No module named 'pandas'
No changes to commit
============================================================
============================================================
ABL Dashboard Update: Thu Jan 29 14:00:02 EST 2026
============================================================
Traceback (most recent call last):
  File "/Users/rico/Dev/sports-models/American Betting League/abl_recap.py", line 7, in <module>
    import pandas as pd
ModuleNotFoundError: No module named 'pandas'
No changes to commit
============================================================
============================================================
ABL Dashboard Update: Thu Jan 29 22:00:00 EST 2026
============================================================
Traceback (most recent call last):
  File "/Users/rico/Dev/sports-models/American Betting League/abl_recap.py", line 7, in <module>
    import pandas as pd
ModuleNotFoundError: No module named 'pandas'
No changes to commit
============================================================
============================================================
ABL Dashboard Update: Fri Jan 30 08:00:00 EST 2026
============================================================
Traceback (most recent call last):
  File "/Users/rico/Dev/sports-models/American Betting League/abl_recap.py", line 7, in <module>
    import pandas as pd
ModuleNotFoundError: No module named 'pandas'
No changes to commit
============================================================
============================================================
ABL Dashboard Update: Fri Jan 30 22:00:01 EST 2026
============================================================
Traceback (most recent call last):
  File "/Users/rico/Dev/sports-models/American Betting League/abl_recap.py", line 7, in <module>
    import pandas as pd
ModuleNotFoundError: No module named 'pandas'
No changes to commit
============================================================
============================================================
ABL Dashboard Update: Sat Jan 31 08:00:01 EST 2026
============================================================
Traceback (most recent call last):
  File "/Users/rico/Dev/sports-models/American Betting League/abl_recap.py", line 7, in <module>
    import pandas as pd
ModuleNotFoundError: No module named 'pandas'
No changes to commit
============================================================
============================================================
ABL Dashboard Update: Sat Jan 31 14:00:00 EST 2026
============================================================
Traceback (most recent call last):
  File "/Users/rico/Dev/sports-models/American Betting League/abl_recap.py", line 7, in <module>
    import pandas as pd
ModuleNotFoundError: No module named 'pandas'
No changes to commit
============================================================
============================================================
ABL Dashboard Update: Sat Jan 31 22:00:00 EST 2026
============================================================
Traceback (most recent call last):
  File "/Users/rico/Dev/sports-models/American Betting League/abl_recap.py", line 7, in <module>
    import pandas as pd
ModuleNotFoundError: No module named 'pandas'
No changes to commit
============================================================
============================================================
ABL Dashboard Update: Sun Feb  1 08:00:00 EST 2026
============================================================
Traceback (most recent call last):
  File "/Users/rico/Dev/sports-models/American Betting League/abl_recap.py", line 7, in <module>
    import pandas as pd
ModuleNotFoundError: No module named 'pandas'
No changes to commit
============================================================
============================================================
ABL Dashboard Update: Sun Feb  1 14:00:00 EST 2026
============================================================
Traceback (most recent call last):
  File "/Users/rico/Dev/sports-models/American Betting League/abl_recap.py", line 7, in <module>
    import pandas as pd
ModuleNotFoundError: No module named 'pandas'
No changes to commit
============================================================
============================================================
ABL Dashboard Update: Mon Feb  2 08:00:01 EST 2026
============================================================
Traceback (most recent call last):
  File "/Users/rico/Dev/sports-models/American Betting League/abl_recap.py", line 7, in <module>
    import pandas as pd
ModuleNotFoundError: No module named 'pandas'
No changes to commit
============================================================
============================================================
ABL Dashboard Update: Mon Feb  2 14:00:00 EST 2026
============================================================
Traceback (most recent call last):
  File "/Users/rico/Dev/sports-models/American Betting League/abl_recap.py", line 7, in <module>
    import pandas as pd
ModuleNotFoundError: No module named 'pandas'
No changes to commit
============================================================
============================================================
ABL Dashboard Update: Mon Feb  2 22:00:01 EST 2026
============================================================
Traceback (most recent call last):
  File "/Users/rico/Dev/sports-models/American Betting League/abl_recap.py", line 7, in <module>
    import pandas as pd
ModuleNotFoundError: No module named 'pandas'
No changes to commit
============================================================
============================================================
ABL Dashboard Update: Tue Feb  3 08:00:00 EST 2026
============================================================
Traceback (most recent call last):
  File "/Users/rico/Dev/sports-models/American Betting League/abl_recap.py", line 7, in <module>
    import pandas as pd
ModuleNotFoundError: No module named 'pandas'
No changes to commit
============================================================
============================================================
ABL Dashboard Update: Tue Feb  3 22:00:01 EST 2026
============================================================
Traceback (most recent call last):
  File "/Users/rico/Dev/sports-models/American Betting League/abl_recap.py", line 7, in <module>
    import pandas as pd
ModuleNotFoundError: No module named 'pandas'
No changes to commit
============================================================
============================================================
ABL Dashboard Update: Wed Feb  4 08:00:00 EST 2026
============================================================
Traceback (most recent call last):
  File "/Users/rico/Dev/sports-models/American Betting League/abl_recap.py", line 7, in <module>
    import pandas as pd
ModuleNotFoundError: No module named 'pandas'
No changes to commit
============================================================
============================================================
ABL Dashboard Update: Wed Feb  4 14:00:00 EST 2026
============================================================
Traceback (most recent call last):
  File "/Users/rico/Dev/sports-models/American Betting League/abl_recap.py", line 7, in <module>
    import pandas as pd
ModuleNotFoundError: No module named 'pandas'
No changes to commit
============================================================
============================================================
ABL Dashboard Update: Wed Feb  4 22:00:00 EST 2026
============================================================
Traceback (most recent call last):
  File "/Users/rico/Dev/sports-models/American Betting League/abl_recap.py", line 7, in <module>
    import pandas as pd
ModuleNotFoundError: No module named 'pandas'
No changes to commit
============================================================
============================================================
ABL Dashboard Update: Thu Feb  5 08:00:00 EST 2026
============================================================
Traceback (most recent call last):
  File "/Users/rico/Dev/sports-models/American Betting League/abl_recap.py", line 7, in <module>
    import pandas as pd
ModuleNotFoundError: No module named 'pandas'
No changes to commit
============================================================
============================================================
ABL Dashboard Update: Thu Feb  5 14:00:00 EST 2026
============================================================
Traceback (most recent call last):
  File "/Users/rico/Dev/sports-models/American Betting League/abl_recap.py", line 7, in <module>
    import pandas as pd
ModuleNotFoundError: No module named 'pandas'
No changes to commit
============================================================
============================================================
ABL Dashboard Update: Thu Feb  5 22:00:00 EST 2026
============================================================
Traceback (most recent call last):
  File "/Users/rico/Dev/sports-models/American Betting League/abl_recap.py", line 7, in <module>
    import pandas as pd
ModuleNotFoundError: No module named 'pandas'
No changes to commit
============================================================
============================================================
ABL Dashboard Update: Fri Feb  6 08:00:01 EST 2026
============================================================
Traceback (most recent call last):
  File "/Users/rico/Dev/sports-models/American Betting League/abl_recap.py", line 7, in <module>
    import pandas as pd
ModuleNotFoundError: No module named 'pandas'
No changes to commit
============================================================
============================================================
ABL Dashboard Update: Fri Feb  6 14:00:00 EST 2026
============================================================
Traceback (most recent call last):
  File "/Users/rico/Dev/sports-models/American Betting League/abl_recap.py", line 7, in <module>
    import pandas as pd
ModuleNotFoundError: No module named 'pandas'
No changes to commit
============================================================
============================================================
ABL Dashboard Update: Sat Feb  7 08:00:01 EST 2026
============================================================
Traceback (most recent call last):
  File "/Users/rico/Dev/sports-models/American Betting League/abl_recap.py", line 7, in <module>
    import pandas as pd
ModuleNotFoundError: No module named 'pandas'
No changes to commit
============================================================
============================================================
ABL Dashboard Update: Sat Feb  7 14:00:00 EST 2026
============================================================
Traceback (most recent call last):
  File "/Users/rico/Dev/sports-models/American Betting League/abl_recap.py", line 7, in <module>
    import pandas as pd
ModuleNotFoundError: No module named 'pandas'
No changes to commit
============================================================
============================================================
ABL Dashboard Update: Sat Feb  7 22:00:01 EST 2026
============================================================
Traceback (most recent call last):
  File "/Users/rico/Dev/sports-models/American Betting League/abl_recap.py", line 7, in <module>
    import pandas as pd
ModuleNotFoundError: No module named 'pandas'
No changes to commit
============================================================
============================================================
ABL Dashboard Update: Sun Feb  8 08:00:00 EST 2026
============================================================
Traceback (most recent call last):
  File "/Users/rico/Dev/sports-models/American Betting League/abl_recap.py", line 7, in <module>
    import pandas as pd
ModuleNotFoundError: No module named 'pandas'
No changes to commit
============================================================
============================================================
ABL Dashboard Update: Sun Feb  8 22:00:00 EST 2026
============================================================
Traceback (most recent call last):
  File "/Users/rico/Dev/sports-models/American Betting League/abl_recap.py", line 7, in <module>
    import pandas as pd
ModuleNotFoundError: No module named 'pandas'
No changes to commit
============================================================
============================================================
ABL Dashboard Update: Mon Feb  9 08:00:00 EST 2026
============================================================
Traceback (most recent call last):
  File "/Users/rico/Dev/sports-models/American Betting League/abl_recap.py", line 7, in <module>
    import pandas as pd
ModuleNotFoundError: No module named 'pandas'
No changes to commit
============================================================
============================================================
ABL Dashboard Update: Mon Feb  9 22:00:01 EST 2026
============================================================
Traceback (most recent call last):
  File "/Users/rico/Dev/sports-models/American Betting League/abl_recap.py", line 7, in <module>
    import pandas as pd
ModuleNotFoundError: No module named 'pandas'
No changes to commit
============================================================
