==========================================
NCAA Model Run: Sun Dec 28 10:30:05 EST 2025
==========================================
Running NCAA Basketball model (IMPROVED)...

[1m====================================================================================================[0m
[1m[96m🏀 COLLEGE BASKETBALL SHARP MODEL 🏀[0m
[1m[92m⚡ Targeting 56%+ Win Rate with Advanced Analytics ⚡[0m
[1m[93m📅 Filtering games within next 7 days[0m
[1m====================================================================================================[0m

[1m[96mSTEP 1: Checking for Completed Games & Updating Past Picks[0m
[96mChecking 28 pending picks...[0m
[96mFetching completed game scores...[0m
[92m✓ Fetched 21 completed games[0m
[93mNo picks were updated (games may not be complete yet)[0m
[92m✓ Tracking dashboard saved: /Users/rico/sports-models/ncaa/ncaab_tracking_dashboard.html[0m

[1m[96mSTEP 2: Loading Team Statistics[0m
[96mLoading team statistics...[0m
[93m⚠️  Cache expired or missing. Fetching fresh stats from Sports-Reference...[0m
Fetching NCAA basketball stats for 2025 season...
Columns found: [' 0_Rk', ' 1_School', ' 2_Conf', ' 3_ 3', ' 4_W', ' 5_L', ' 6_Pts', ' 7_Opp', ' 8_MOV', ' 9_ 9', ' 10_SOS', ' 11_ 11', 'SRS_OSRS', 'SRS_DSRS', 'SRS_SRS', 'Adjusted_ORtg', 'Adjusted_DRtg', 'Adjusted_NRtg']

Sample data:
   0_Rk  1_School  2_Conf  ...  Adjusted_ORtg Adjusted_DRtg Adjusted_NRtg
0     1      Duke     ACC  ...         131.42         86.60         44.82
1     2    Auburn     SEC  ...         129.16         88.83         40.33
2     3   Houston  Big 12  ...         125.20         82.34         42.86

[3 rows x 18 columns]

✓ Successfully fetched stats for 364 teams
[92m✓ Stats cached to /Users/rico/sports-models/ncaa/ncaab_stats_cache.json[0m

[1m[96mSTEP 3: Fetching Live Odds (Next 7 Days)[0m
[92m✓ Fetched 20 games from The Odds API[0m
[92m✓ 20 games in the next 7 days[0m

[1m[96mSTEP 4: Processing Games & Generating Sharp Picks[0m


[1m[92m✅ Analyzed 20 games with complete odds[0m


[1m========================================================================================================================[0m
[1m[93m🏀 COLLEGE BASKETBALL MODEL PREDICTIONS 🏀[0m
[1m========================================================================================================================[0m

[1m[96m━━━ GAME 1: Le Moyne Dolphins @ Boston College Eagles ━━━[0m
[96m🕐 12/28 02:00 PM[0m

[93m📊 SPREAD:[0m
  Market: -12.5 | Model: +0.8 | Edge: +13.3
  [92m✅ BET: Le Moyne Dolphins +12.5[0m
  [96mHIGH confidence (+13.3 edge)[0m

[93m🎯 TOTAL:[0m
  Market: 146.5 | Model: 133.4 | Edge: -13.1
  [92m✅ BET: UNDER 146.5[0m
  [96mHIGH confidence (13.1 edge)[0m

[35m📈 Le Moyne Dolphins 66.3, Boston College Eagles 67.1[0m

[1m[96m━━━ GAME 2: Harvard Crimson @ Colgate Raiders ━━━[0m
[96m🕐 12/28 02:00 PM[0m

[93m📊 SPREAD:[0m
  Market: -3.5 | Model: +5.1 | Edge: +8.6
  [92m✅ BET: Harvard Crimson +3.5[0m
  [96mHIGH confidence (+8.6 edge)[0m

[93m🎯 TOTAL:[0m
  Market: 140.5 | Model: 133.6 | Edge: -6.9
  [92m✅ BET: UNDER 140.5[0m
  [96mMEDIUM confidence (6.9 edge)[0m

[35m📈 Harvard Crimson 64.3, Colgate Raiders 69.4[0m

[1m[96m━━━ GAME 3: Columbia Lions @ North Florida Ospreys ━━━[0m
[96m🕐 12/28 02:00 PM[0m

[93m📊 SPREAD:[0m
  Market: +13.5 | Model: +4.4 | Edge: -9.1
  [92m✅ BET: North Florida Ospreys +13.5[0m
  [96mHIGH confidence (-9.1 edge)[0m

[93m🎯 TOTAL:[0m
  Market: 161.5 | Model: 134.7 | Edge: -26.8
  [92m✅ BET: UNDER 161.5[0m
  [96mHIGH confidence (26.8 edge)[0m

[35m📈 Columbia Lions 65.1, North Florida Ospreys 69.6[0m

[1m[96m━━━ GAME 4: Florida A&M Rattlers @ Georgia Tech Yellow Jackets ━━━[0m
[96m🕐 12/28 02:00 PM[0m

[93m📊 SPREAD:[0m
  Market: -17.5 | Model: +1.9 | Edge: +19.4
  [92m✅ BET: Florida A&M Rattlers +17.5[0m
  [96mHIGH confidence (+19.4 edge)[0m

[93m🎯 TOTAL:[0m
  Market: 148.5 | Model: 138.1 | Edge: -10.4
  [92m✅ BET: UNDER 148.5[0m
  [96mHIGH confidence (10.4 edge)[0m

[35m📈 Florida A&M Rattlers 68.1, Georgia Tech Yellow Jackets 70.0[0m

[1m[96m━━━ GAME 5: Liberty Flames @ Florida Int'l Golden Panthers ━━━[0m
[96m🕐 12/28 02:00 PM[0m

[93m📊 SPREAD:[0m
  Market: +4.5 | Model: +7.2 | Edge: +2.7
  [91m❌ NO BET[0m
  [96mEdge too small (+2.7)[0m

[93m🎯 TOTAL:[0m
  Market: 149.5 | Model: 159.7 | Edge: +10.2
  [92m✅ BET: OVER 149.5[0m
  [96mHIGH confidence (10.2 edge)[0m

[35m📈 Liberty Flames 76.3, Florida Int'l Golden Panthers 83.5[0m

[1m[96m━━━ GAME 6: UL Monroe Warhawks @ Kansas St Wildcats ━━━[0m
[96m🕐 12/28 02:00 PM[0m

[93m📊 SPREAD:[0m
  Market: -33.5 | Model: +3.8 | Edge: +37.3
  [91m❌ NO BET[0m
  [96m⚠️ SKIPPED: Edge too large (37.3 > 35.0) - likely model error[0m

[93m🎯 TOTAL:[0m
  Market: 169.5 | Model: 150.3 | Edge: -19.2
  [92m✅ BET: UNDER 169.5[0m
  [96mHIGH confidence (19.2 edge)[0m

[35m📈 UL Monroe Warhawks 73.2, Kansas St Wildcats 77.0[0m

[1m[96m━━━ GAME 7: Winthrop Eagles @ Texas Tech Red Raiders ━━━[0m
[96m🕐 12/28 02:00 PM[0m

[93m📊 SPREAD:[0m
  Market: -18.5 | Model: +7.8 | Edge: +26.3
  [92m✅ BET: Winthrop Eagles +18.5[0m
  [96mHIGH confidence (+26.3 edge)[0m

[93m🎯 TOTAL:[0m
  Market: 162.5 | Model: 153.4 | Edge: -9.1
  [92m✅ BET: UNDER 162.5[0m
  [96mHIGH confidence (9.1 edge)[0m

[35m📈 Winthrop Eagles 72.8, Texas Tech Red Raiders 80.6[0m

[1m[96m━━━ GAME 8: CSU Fullerton Titans @ SMU Mustangs ━━━[0m
[96m🕐 12/28 03:00 PM[0m

[93m📊 SPREAD:[0m
  Market: -21.5 | Model: +2.8 | Edge: +24.3
  [92m✅ BET: CSU Fullerton Titans +21.5[0m
  [96mHIGH confidence (+24.3 edge)[0m

[93m🎯 TOTAL:[0m
  Market: 173.5 | Model: 139.4 | Edge: -34.1
  [92m✅ BET: UNDER 173.5[0m
  [96mHIGH confidence (34.1 edge)[0m

[35m📈 CSU Fullerton Titans 68.3, SMU Mustangs 71.1[0m

[1m[96m━━━ GAME 9: N Colorado Bears @ Colorado Buffaloes ━━━[0m
[96m🕐 12/28 03:00 PM[0m

[93m📊 SPREAD:[0m
  Market: -14.5 | Model: +2.8 | Edge: +17.3
  [92m✅ BET: N Colorado Bears +14.5[0m
  [96mHIGH confidence (+17.3 edge)[0m

[93m🎯 TOTAL:[0m
  Market: 158.5 | Model: 150.6 | Edge: -7.9
  [92m✅ BET: UNDER 158.5[0m
  [96mHIGH confidence (7.9 edge)[0m

[35m📈 N Colorado Bears 73.9, Colorado Buffaloes 76.7[0m

[1m[96m━━━ GAME 10: Norfolk St Spartans @ Louisiana Ragin' Cajuns ━━━[0m
[96m🕐 12/28 03:00 PM[0m

[93m📊 SPREAD:[0m
  Market: -1.5 | Model: +1.3 | Edge: +2.8
  [91m❌ NO BET[0m
  [96mEdge too small (+2.8)[0m

[93m🎯 TOTAL:[0m
  Market: 128.5 | Model: 134.9 | Edge: +6.4
  [92m✅ BET: OVER 128.5[0m
  [96mMEDIUM confidence (6.4 edge)[0m

[35m📈 Norfolk St Spartans 66.8, Louisiana Ragin' Cajuns 68.1[0m

[1m[96m━━━ GAME 11: Charleston Southern Buccaneers @ Richmond Spiders ━━━[0m
[96m🕐 12/28 04:00 PM[0m

[93m📊 SPREAD:[0m
  Market: -11.5 | Model: +4.7 | Edge: +16.2
  [92m✅ BET: Charleston Southern Buccaneers +11.5[0m
  [96mHIGH confidence (+16.2 edge)[0m

[93m🎯 TOTAL:[0m
  Market: 159.5 | Model: 133.2 | Edge: -26.3
  [92m✅ BET: UNDER 159.5[0m
  [96mHIGH confidence (26.3 edge)[0m

[35m📈 Charleston Southern Buccaneers 64.3, Richmond Spiders 69.0[0m

[1m[96m━━━ GAME 12: Pennsylvania Quakers @ George Mason Patriots ━━━[0m
[96m🕐 12/28 05:00 PM[0m

[93m📊 SPREAD:[0m
  Market: -16.5 | Model: +0.4 | Edge: +16.9
  [92m✅ BET: Pennsylvania Quakers +16.5[0m
  [96mHIGH confidence (+16.9 edge)[0m

[93m🎯 TOTAL:[0m
  Market: 147.5 | Model: 139.7 | Edge: -7.8
  [92m✅ BET: UNDER 147.5[0m
  [96mHIGH confidence (7.8 edge)[0m

[35m📈 Pennsylvania Quakers 69.7, George Mason Patriots 70.1[0m

[1m[96m━━━ GAME 13: Washington St Cougars @ Portland Pilots ━━━[0m
[96m🕐 12/28 05:00 PM[0m

[93m📊 SPREAD:[0m
  Market: +4.5 | Model: +2.8 | Edge: -1.7
  [91m❌ NO BET[0m
  [96mEdge too small (-1.7)[0m

[93m🎯 TOTAL:[0m
  Market: 152.5 | Model: 141.6 | Edge: -10.9
  [92m✅ BET: UNDER 152.5[0m
  [96mHIGH confidence (10.9 edge)[0m

[35m📈 Washington St Cougars 69.4, Portland Pilots 72.2[0m

[1m[96m━━━ GAME 14: Old Dominion Monarchs @ Maryland Terrapins ━━━[0m
[96m🕐 12/28 06:00 PM[0m

[93m📊 SPREAD:[0m
  Market: -14.5 | Model: +6.2 | Edge: +20.7
  [92m✅ BET: Old Dominion Monarchs +14.5[0m
  [96mHIGH confidence (+20.7 edge)[0m

[93m🎯 TOTAL:[0m
  Market: 153.5 | Model: 147.9 | Edge: -5.6
  [91m❌ NO BET[0m
  [96mEdge too small (-5.6)[0m

[35m📈 Old Dominion Monarchs 70.9, Maryland Terrapins 77.0[0m

[1m[96m━━━ GAME 15: Santa Clara Broncos @ Oregon St Beavers ━━━[0m
[96m🕐 12/28 06:00 PM[0m

[93m📊 SPREAD:[0m
  Market: +6.5 | Model: +1.2 | Edge: -5.3
  [91m❌ NO BET[0m
  [96mEdge too small (-5.3)[0m

[93m🎯 TOTAL:[0m
  Market: 150.5 | Model: 157.6 | Edge: +7.1
  [92m✅ BET: OVER 150.5[0m
  [96mHIGH confidence (7.1 edge)[0m

[35m📈 Santa Clara Broncos 78.2, Oregon St Beavers 79.4[0m

[1m[96m━━━ GAME 16: Pacific Tigers @ San Diego Toreros ━━━[0m
[96m🕐 12/28 06:00 PM[0m

[93m📊 SPREAD:[0m
  Market: +2.5 | Model: +2.0 | Edge: -0.5
  [91m❌ NO BET[0m
  [96mEdge too small (-0.5)[0m

[93m🎯 TOTAL:[0m
  Market: 147.5 | Model: 133.9 | Edge: -13.6
  [92m✅ BET: UNDER 147.5[0m
  [96mHIGH confidence (13.6 edge)[0m

[35m📈 Pacific Tigers 65.9, San Diego Toreros 68.0[0m

[1m[96m━━━ GAME 17: Saint Mary's Gaels @ Loyola Marymount Lions ━━━[0m
[96m🕐 12/28 07:00 PM[0m

[93m📊 SPREAD:[0m
  Market: +8.5 | Model: +2.2 | Edge: -6.3
  [92m✅ BET: Loyola Marymount Lions +8.5[0m
  [96mHIGH confidence (-6.3 edge)[0m

[93m🎯 TOTAL:[0m
  Market: 140.5 | Model: 140.8 | Edge: +0.3
  [91m❌ NO BET[0m
  [96mEdge too small (+0.3)[0m

[35m📈 Saint Mary's Gaels 69.3, Loyola Marymount Lions 71.5[0m

[1m[96m━━━ GAME 18: Gonzaga Bulldogs @ Pepperdine Waves ━━━[0m
[96m🕐 12/28 08:00 PM[0m

[93m📊 SPREAD:[0m
  Market: +29.5 | Model: -1.0 | Edge: -30.5
  [92m✅ BET: Pepperdine Waves +29.5[0m
  [96mHIGH confidence (-30.5 edge)[0m

[93m🎯 TOTAL:[0m
  Market: 152.5 | Model: 152.3 | Edge: -0.2
  [91m❌ NO BET[0m
  [96mEdge too small (-0.2)[0m

[35m📈 Gonzaga Bulldogs 76.7, Pepperdine Waves 75.7[0m

[1m[96m━━━ GAME 19: Omaha Mavericks @ Oregon Ducks ━━━[0m
[96m🕐 12/28 08:00 PM[0m

[93m📊 SPREAD:[0m
  Market: -21.5 | Model: +2.1 | Edge: +23.6
  [92m✅ BET: Omaha Mavericks +21.5[0m
  [96mHIGH confidence (+23.6 edge)[0m

[93m🎯 TOTAL:[0m
  Market: 153.5 | Model: 150.3 | Edge: -3.2
  [91m❌ NO BET[0m
  [96mEdge too small (-3.2)[0m

[35m📈 Omaha Mavericks 74.1, Oregon Ducks 76.2[0m

[1m[96m━━━ GAME 20: San Francisco Dons @ Seattle Redhawks ━━━[0m
[96m🕐 12/28 08:00 PM[0m

[93m📊 SPREAD:[0m
  Market: -2.5 | Model: +0.6 | Edge: +3.1
  [91m❌ NO BET[0m
  [96mEdge too small (+3.1)[0m

[93m🎯 TOTAL:[0m
  Market: 144.5 | Model: 146.3 | Edge: +1.8
  [91m❌ NO BET[0m
  [96mEdge too small (+1.8)[0m

[35m📈 San Francisco Dons 72.8, Seattle Redhawks 73.5[0m

[1m========================================================================================================================[0m

[92m✓ CSV saved: /Users/rico/sports-models/ncaa/ncaab_model_output.csv[0m
[92m✓ HTML saved: /Users/rico/sports-models/ncaa/ncaab_model_output.html[0m

[1m[96mSTEP 5: Generating Final Tracking Dashboard[0m
[92m✓ Tracking dashboard saved: /Users/rico/sports-models/ncaa/ncaab_tracking_dashboard.html[0m

[1m====================================================================================================[0m
[1m[93m📊 TRACKING SUMMARY 📊[0m
[1m====================================================================================================[0m
[92mTotal Tracked Bets: 2019[0m
[92mRecord: 1038-950-3[0m
[92mWin Rate: 52.2%[0m
[91mProfit: -5.42 units[0m
[91mROI: -0.3%[0m
[1m====================================================================================================[0m


==========================================
✅ NCAA Model completed successfully!
==========================================

📤 Pushing updates to GitHub...
[main cb409da] Update model outputs - 2025-12-28 10:30:08
 Committer: Ricardo Hill <rico@Ricos-M1-Mac-2.local>
Your name and email address were configured automatically based
on your username and hostname. Please check that they are accurate.
You can suppress this message by setting them explicitly. Run the
following command and follow the instructions in your editor to edit
your configuration file:

    git config --global --edit

After doing this, you may fix the identity used for this commit with:

    git commit --amend --reset-author

 3 files changed, 107 insertions(+), 101 deletions(-)
To https://github.com/BangLetsGetIt/NBA-NCAA-Betting-Models.git
   dd8f195..cb409da  main -> main
✅ Successfully pushed to GitHub!
