==========================================
NCAA Model Run: Mon Jan 19 10:30:05 EST 2026
==========================================
Running NCAA Basketball model (IMPROVED)...

[1m====================================================================================================[0m
[1m[96m🏀 COLLEGE BASKETBALL SHARP MODEL 🏀[0m
[1m[92m⚡ Targeting 56%+ Win Rate with Advanced Analytics ⚡[0m
[1m[93m📅 Filtering games within next 7 days[0m
[1m====================================================================================================[0m

[1m[96mSTEP 1: Checking for Completed Games & Updating Past Picks[0m
[96mChecking 54 pending picks...[0m
[96mFetching completed game scores...[0m
[92m✓ Fetched 195 completed games[0m
[93mNo picks were updated (games may not be complete yet)[0m
[92m✓ Tracking dashboard saved: /Users/rico/sports-models/ncaa/ncaab_tracking_dashboard.html[0m

[1m[96mSTEP 2: Loading Team Statistics[0m
[96mLoading team statistics...[0m
[93m⚠️  Cache expired or missing. Fetching fresh stats from Sports-Reference...[0m
Fetching NCAA basketball stats for 2025 season...
Columns found: [' 0_Rk', ' 1_School', ' 2_Conf', ' 3_ 3', ' 4_W', ' 5_L', ' 6_Pts', ' 7_Opp', ' 8_MOV', ' 9_ 9', ' 10_SOS', ' 11_ 11', 'SRS_OSRS', 'SRS_DSRS', 'SRS_SRS', 'Adjusted_ORtg', 'Adjusted_DRtg', 'Adjusted_NRtg']

Sample data:
   0_Rk  1_School  2_Conf  ...  Adjusted_ORtg Adjusted_DRtg Adjusted_NRtg
0     1      Duke     ACC  ...         131.42         86.60         44.82
1     2    Auburn     SEC  ...         129.16         88.83         40.33
2     3   Houston  Big 12  ...         125.20         82.34         42.86

[3 rows x 18 columns]

✓ Successfully fetched stats for 364 teams
[92m✓ Stats cached to /Users/rico/sports-models/ncaa/ncaab_stats_cache.json[0m

[1m[96mSTEP 3: Fetching Live Odds (Next 7 Days)[0m
[92m✓ Fetched 39 games from The Odds API[0m
[92m✓ 39 games in the next 7 days[0m

[1m[96mSTEP 4: Processing Games & Generating Sharp Picks[0m

[92m✓ Tracking data saved to /Users/rico/sports-models/ncaa/ncaab_picks_tracking.json[0m
[92m  Total picks in file: 3336[0m
[35m📝 LOGGED: SPREAD - ✅ BET: Lamar Cardinals +1.5 (Edge: +6.9)[0m

[1m[92m✅ Analyzed 39 games with complete odds[0m


[1m========================================================================================================================[0m
[1m[93m🏀 COLLEGE BASKETBALL MODEL PREDICTIONS 🏀[0m
[1m========================================================================================================================[0m

[1m[96m━━━ GAME 1: Northeastern Huskies @ Monmouth Hawks ━━━[0m
[96m🕐 01/19 11:00 AM[0m

[93m📊 SPREAD:[0m
  Market: -3.5 | Model: +4.4 | Edge: +7.9
  [92m✅ BET: Northeastern Huskies +3.5[0m
  [96mHIGH confidence (+7.9 edge)[0m

[93m🎯 TOTAL:[0m
  Market: 144.5 | Model: 135.3 | Edge: -9.2
  [92m✅ BET: UNDER 144.5[0m
  [96mHIGH confidence (9.2 edge)[0m

[35m📈 Northeastern Huskies 65.4, Monmouth Hawks 69.9[0m

[1m[96m━━━ GAME 2: Stonehill Skyhawks @ St. Francis (PA) Red Flash ━━━[0m
[96m🕐 01/19 12:00 PM[0m

[93m📊 SPREAD:[0m
  Market: +1.5 | Model: +2.4 | Edge: +0.9
  [91m❌ NO BET[0m
  [96mEdge too small (+0.9)[0m

[93m🎯 TOTAL:[0m
  Market: 141.5 | Model: 134.1 | Edge: -7.4
  [92m✅ BET: UNDER 141.5[0m
  [96mHIGH confidence (7.4 edge)[0m

[35m📈 Stonehill Skyhawks 65.9, St. Francis (PA) Red Flash 68.3[0m

[1m[96m━━━ GAME 3: Vermont Catamounts @ Albany Great Danes ━━━[0m
[96m🕐 01/19 01:00 PM[0m

[93m📊 SPREAD:[0m
  Market: +4.5 | Model: +5.6 | Edge: +1.1
  [91m❌ NO BET[0m
  [96mEdge too small (+1.1)[0m

[93m🎯 TOTAL:[0m
  Market: 141.5 | Model: 136.0 | Edge: -5.5
  [91m❌ NO BET[0m
  [96mEdge too small (-5.5)[0m

[35m📈 Vermont Catamounts 65.2, Albany Great Danes 70.8[0m

[1m[96m━━━ GAME 4: Drexel Dragons @ Towson Tigers ━━━[0m
[96m🕐 01/19 01:00 PM[0m

[93m📊 SPREAD:[0m
  Market: -5.5 | Model: +3.8 | Edge: +9.3
  [92m✅ BET: Drexel Dragons +5.5[0m
  [96mHIGH confidence (+9.3 edge)[0m

[93m🎯 TOTAL:[0m
  Market: 125.5 | Model: 138.9 | Edge: +13.4
  [92m✅ BET: OVER 125.5[0m
  [96mHIGH confidence (13.4 edge)[0m

[35m📈 Drexel Dragons 67.6, Towson Tigers 71.3[0m

[1m[96m━━━ GAME 5: UMBC Retrievers @ Binghamton Bearcats ━━━[0m
[96m🕐 01/19 02:00 PM[0m

[93m📊 SPREAD:[0m
  Market: +5.5 | Model: +1.6 | Edge: -3.9
  [91m❌ NO BET[0m
  [96mEdge too small (-3.9)[0m

[93m🎯 TOTAL:[0m
  Market: 140.5 | Model: 133.6 | Edge: -6.9
  [92m✅ BET: UNDER 140.5[0m
  [96mMEDIUM confidence (6.9 edge)[0m

[35m📈 UMBC Retrievers 66.0, Binghamton Bearcats 67.6[0m

[1m[96m━━━ GAME 6: Cornell Big Red @ Brown Bears ━━━[0m
[96m🕐 01/19 02:00 PM[0m

[93m📊 SPREAD:[0m
  Market: +1.5 | Model: -3.8 | Edge: -5.3
  [91m❌ NO BET[0m
  [96mEdge too small (-5.3)[0m

[93m🎯 TOTAL:[0m
  Market: 163.5 | Model: 140.1 | Edge: -23.4
  [92m✅ BET: UNDER 163.5[0m
  [96mHIGH confidence (23.4 edge)[0m

[35m📈 Cornell Big Red 72.0, Brown Bears 68.1[0m

[1m[96m━━━ GAME 7: Bryant Bulldogs @ NJIT Highlanders ━━━[0m
[96m🕐 01/19 02:00 PM[0m

[93m📊 SPREAD:[0m
  Market: -1.5 | Model: -0.2 | Edge: +1.3
  [91m❌ NO BET[0m
  [96mEdge too small (+1.3)[0m

[93m🎯 TOTAL:[0m
  Market: 134.5 | Model: 130.9 | Edge: -3.6
  [91m❌ NO BET[0m
  [96mEdge too small (-3.6)[0m

[35m📈 Bryant Bulldogs 65.5, NJIT Highlanders 65.4[0m

[1m[96m━━━ GAME 8: Central Connecticut St Blue Devils @ Mercyhurst Lakers ━━━[0m
[96m🕐 01/19 02:00 PM[0m

[93m📊 SPREAD:[0m
  Market: -1.5 | Model: -2.2 | Edge: -0.7
  [91m❌ NO BET[0m
  [96mEdge too small (-0.7)[0m

[93m🎯 TOTAL:[0m
  Market: 132.5 | Model: 143.4 | Edge: +10.9
  [92m✅ BET: OVER 132.5[0m
  [96mHIGH confidence (10.9 edge)[0m

[35m📈 Central Connecticut St Blue Devils 72.8, Mercyhurst Lakers 70.6[0m

[1m[96m━━━ GAME 9: Columbia Lions @ Yale Bulldogs ━━━[0m
[96m🕐 01/19 02:00 PM[0m

[93m📊 SPREAD:[0m
  Market: -8.5 | Model: +3.5 | Edge: +12.0
  [92m✅ BET: Columbia Lions +8.5[0m
  [96mHIGH confidence (+12.0 edge)[0m

[93m🎯 TOTAL:[0m
  Market: 152.5 | Model: 141.6 | Edge: -10.9
  [92m✅ BET: UNDER 152.5[0m
  [96mHIGH confidence (10.9 edge)[0m

[35m📈 Columbia Lions 69.1, Yale Bulldogs 72.5[0m

[1m[96m━━━ GAME 10: Fairfield Stags @ Siena Saints ━━━[0m
[96m🕐 01/19 02:00 PM[0m

[93m📊 SPREAD:[0m
  Market: -6.5 | Model: +3.5 | Edge: +10.0
  [92m✅ BET: Fairfield Stags +6.5[0m
  [96mHIGH confidence (+10.0 edge)[0m

[93m🎯 TOTAL:[0m
  Market: 143.5 | Model: 130.5 | Edge: -13.0
  [92m✅ BET: UNDER 143.5[0m
  [96mHIGH confidence (13.0 edge)[0m

[35m📈 Fairfield Stags 63.5, Siena Saints 67.0[0m

[1m[96m━━━ GAME 11: Wagner Seahawks @ Fairleigh Dickinson Knights ━━━[0m
[96m🕐 01/19 02:00 PM[0m

[93m📊 SPREAD:[0m
  Market: -2.5 | Model: +7.6 | Edge: +10.1
  [92m✅ BET: Wagner Seahawks +2.5[0m
  [96mHIGH confidence (+10.1 edge)[0m

[93m🎯 TOTAL:[0m
  Market: 141.5 | Model: 131.5 | Edge: -10.0
  [92m✅ BET: UNDER 141.5[0m
  [96mHIGH confidence (10.0 edge)[0m

[35m📈 Wagner Seahawks 61.9, Fairleigh Dickinson Knights 69.6[0m

[1m[96m━━━ GAME 12: Pennsylvania Quakers @ Harvard Crimson ━━━[0m
[96m🕐 01/19 02:00 PM[0m

[93m📊 SPREAD:[0m
  Market: -4.5 | Model: +0.9 | Edge: +5.4
  [91m❌ NO BET[0m
  [96mEdge too small (+5.4)[0m

[93m🎯 TOTAL:[0m
  Market: 148.5 | Model: 132.3 | Edge: -16.2
  [92m✅ BET: UNDER 148.5[0m
  [96mHIGH confidence (16.2 edge)[0m

[35m📈 Pennsylvania Quakers 65.7, Harvard Crimson 66.6[0m

[1m[96m━━━ GAME 13: Iona Gaels @ Saint Peter's Peacocks ━━━[0m
[96m🕐 01/19 02:00 PM[0m

[93m📊 SPREAD:[0m
  Market: -3.5 | Model: +1.3 | Edge: +4.8
  [91m❌ NO BET[0m
  [96mEdge too small (+4.8)[0m

[93m🎯 TOTAL:[0m
  Market: 142.5 | Model: 130.6 | Edge: -11.9
  [92m✅ BET: UNDER 142.5[0m
  [96mHIGH confidence (11.9 edge)[0m

[35m📈 Iona Gaels 64.7, Saint Peter's Peacocks 65.9[0m

[1m[96m━━━ GAME 14: New Hampshire Wildcats @ Maine Black Bears ━━━[0m
[96m🕐 01/19 02:00 PM[0m

[93m📊 SPREAD:[0m
  Market: -2.5 | Model: +3.4 | Edge: +5.9
  [91m❌ NO BET[0m
  [96mEdge too small (+5.9)[0m

[93m🎯 TOTAL:[0m
  Market: 129.5 | Model: 130.4 | Edge: +0.9
  [91m❌ NO BET[0m
  [96mEdge too small (+0.9)[0m

[35m📈 New Hampshire Wildcats 63.5, Maine Black Bears 66.9[0m

[1m[96m━━━ GAME 15: Manhattan Jaspers @ Quinnipiac Bobcats ━━━[0m
[96m🕐 01/19 02:00 PM[0m

[93m📊 SPREAD:[0m
  Market: -12.5 | Model: -1.6 | Edge: +10.9
  [92m✅ BET: Manhattan Jaspers +12.5[0m
  [96mHIGH confidence (+10.9 edge)[0m

[93m🎯 TOTAL:[0m
  Market: 154.5 | Model: 135.4 | Edge: -19.1
  [92m✅ BET: UNDER 154.5[0m
  [96mHIGH confidence (19.1 edge)[0m

[35m📈 Manhattan Jaspers 68.5, Quinnipiac Bobcats 66.9[0m

[1m[96m━━━ GAME 16: Merrimack Warriors @ Marist Red Foxes ━━━[0m
[96m🕐 01/19 02:00 PM[0m

[93m📊 SPREAD:[0m
  Market: -6.5 | Model: +3.1 | Edge: +9.6
  [92m✅ BET: Merrimack Warriors +6.5[0m
  [96mHIGH confidence (+9.6 edge)[0m

[93m🎯 TOTAL:[0m
  Market: 133.5 | Model: 133.4 | Edge: -0.1
  [91m❌ NO BET[0m
  [96mEdge too small (-0.1)[0m

[35m📈 Merrimack Warriors 65.1, Marist Red Foxes 68.3[0m

[1m[96m━━━ GAME 17: Mt. St. Mary's Mountaineers @ Niagara Purple Eagles ━━━[0m
[96m🕐 01/19 02:00 PM[0m

[93m📊 SPREAD:[0m
  Market: +3.5 | Model: +3.5 | Edge: +0.0
  [91m❌ NO BET[0m
  [96mEdge too small (+0.0)[0m

[93m🎯 TOTAL:[0m
  Market: 131.5 | Model: 134.2 | Edge: +2.7
  [91m❌ NO BET[0m
  [96mEdge too small (+2.7)[0m

[35m📈 Mt. St. Mary's Mountaineers 65.4, Niagara Purple Eagles 68.9[0m

[1m[96m━━━ GAME 18: Sacred Heart Pioneers @ Rider Broncs ━━━[0m
[96m🕐 01/19 02:00 PM[0m

[93m📊 SPREAD:[0m
  Market: +3.5 | Model: +2.6 | Edge: -0.9
  [91m❌ NO BET[0m
  [96mEdge too small (-0.9)[0m

[93m🎯 TOTAL:[0m
  Market: 141.5 | Model: 131.3 | Edge: -10.2
  [92m✅ BET: UNDER 141.5[0m
  [96mHIGH confidence (10.2 edge)[0m

[35m📈 Sacred Heart Pioneers 64.4, Rider Broncs 67.0[0m

[1m[96m━━━ GAME 19: Prairie View Panthers @ Alcorn St Braves ━━━[0m
[96m🕐 01/19 03:00 PM[0m

[93m📊 SPREAD:[0m
  Market: +2.5 | Model: +2.5 | Edge: -0.0
  [91m❌ NO BET[0m
  [96mEdge too small (-0.0)[0m

[93m🎯 TOTAL:[0m
  Market: 151.5 | Model: 131.6 | Edge: -19.9
  [92m✅ BET: UNDER 151.5[0m
  [96mHIGH confidence (19.9 edge)[0m

[35m📈 Prairie View Panthers 64.5, Alcorn St Braves 67.0[0m

[1m[96m━━━ GAME 20: LIU Sharks @ Le Moyne Dolphins ━━━[0m
[96m🕐 01/19 03:00 PM[0m

[93m📊 SPREAD:[0m
  Market: +1.5 | Model: +5.4 | Edge: +3.9
  [91m❌ NO BET[0m
  [96mEdge too small (+3.9)[0m

[93m🎯 TOTAL:[0m
  Market: 147.5 | Model: 132.3 | Edge: -15.2
  [92m✅ BET: UNDER 147.5[0m
  [96mHIGH confidence (15.2 edge)[0m

[35m📈 LIU Sharks 63.4, Le Moyne Dolphins 68.9[0m

[1m[96m━━━ GAME 21: Saint Joseph's Hawks @ VCU Rams ━━━[0m
[96m🕐 01/19 03:00 PM[0m

[93m📊 SPREAD:[0m
  Market: -14.5 | Model: +2.4 | Edge: +16.9
  [92m✅ BET: Saint Joseph's Hawks +14.5[0m
  [96mHIGH confidence (+16.9 edge)[0m

[93m🎯 TOTAL:[0m
  Market: 153.5 | Model: 144.0 | Edge: -9.5
  [92m✅ BET: UNDER 153.5[0m
  [96mHIGH confidence (9.5 edge)[0m

[35m📈 Saint Joseph's Hawks 70.8, VCU Rams 73.2[0m

[1m[96m━━━ GAME 22: McNeese Cowboys @ Texas A&M-CC Islanders ━━━[0m
[96m🕐 01/19 04:00 PM[0m

[93m📊 SPREAD:[0m
  Market: +8.5 | Model: +4.1 | Edge: -4.4
  [91m❌ NO BET[0m
  [96mEdge too small (-4.4)[0m

[93m🎯 TOTAL:[0m
  Market: 140.5 | Model: 150.0 | Edge: +9.5
  [92m✅ BET: OVER 140.5[0m
  [96mHIGH confidence (9.5 edge)[0m

[35m📈 McNeese Cowboys 73.0, Texas A&M-CC Islanders 77.0[0m

[1m[96m━━━ GAME 23: Alabama A&M Bulldogs @ Alabama St Hornets ━━━[0m
[96m🕐 01/19 05:00 PM[0m

[93m📊 SPREAD:[0m
  Market: -1.5 | Model: +12.0 | Edge: +13.5
  [92m✅ BET: Alabama A&M Bulldogs +1.5[0m
  [96mHIGH confidence (+13.5 edge)[0m

[93m🎯 TOTAL:[0m
  Market: 146.5 | Model: 144.1 | Edge: -2.4
  [91m❌ NO BET[0m
  [96mEdge too small (-2.4)[0m

[35m📈 Alabama A&M Bulldogs 66.0, Alabama St Hornets 78.1[0m

[1m[96m━━━ GAME 24: GW Revolutionaries @ George Mason Patriots ━━━[0m
[96m🕐 01/19 05:00 PM[0m

[93m📊 SPREAD:[0m
  Market: -1.5 | Model: +1.2 | Edge: +2.7
  [91m❌ NO BET[0m
  [96mEdge too small (+2.7)[0m

[93m🎯 TOTAL:[0m
  Market: 153.5 | Model: 143.7 | Edge: -9.8
  [92m✅ BET: UNDER 153.5[0m
  [96mHIGH confidence (9.8 edge)[0m

[35m📈 GW Revolutionaries 71.3, George Mason Patriots 72.4[0m

[1m[96m━━━ GAME 25: Princeton Tigers @ Dartmouth Big Green ━━━[0m
[96m🕐 01/19 06:00 PM[0m

[93m📊 SPREAD:[0m
  Market: -1.5 | Model: -0.4 | Edge: +1.1
  [91m❌ NO BET[0m
  [96mEdge too small (+1.1)[0m

[93m🎯 TOTAL:[0m
  Market: 145.5 | Model: 137.2 | Edge: -8.3
  [92m✅ BET: UNDER 145.5[0m
  [96mHIGH confidence (8.3 edge)[0m

[35m📈 Princeton Tigers 68.8, Dartmouth Big Green 68.4[0m

[1m[96m━━━ GAME 26: East Texas A&M Lions @ Incarnate Word Cardinals ━━━[0m
[96m🕐 01/19 06:00 PM[0m

[93m📊 SPREAD:[0m
  Market: -7.5 | Model: +7.7 | Edge: +15.2
  [92m✅ BET: East Texas A&M Lions +7.5[0m
  [96mHIGH confidence (+15.2 edge)[0m

[93m🎯 TOTAL:[0m
  Market: 143.5 | Model: 132.7 | Edge: -10.8
  [92m✅ BET: UNDER 143.5[0m
  [96mHIGH confidence (10.8 edge)[0m

[35m📈 East Texas A&M Lions 62.5, Incarnate Word Cardinals 70.2[0m

[1m[96m━━━ GAME 27: Providence Friars @ Marquette Golden Eagles ━━━[0m
[96m🕐 01/19 06:00 PM[0m

[93m📊 SPREAD:[0m
  Market: +1.5 | Model: +3.5 | Edge: +2.0
  [91m❌ NO BET[0m
  [96mEdge too small (+2.0)[0m

[93m🎯 TOTAL:[0m
  Market: 165.5 | Model: 154.5 | Edge: -11.0
  [92m✅ BET: UNDER 165.5[0m
  [96mHIGH confidence (11.0 edge)[0m

[35m📈 Providence Friars 75.5, Marquette Golden Eagles 79.0[0m

[1m[96m━━━ GAME 28: Bethune-Cookman Wildcats @ Arkansas-Pine Bluff Golden Lions ━━━[0m
[96m🕐 01/19 06:30 PM[0m

[93m📊 SPREAD:[0m
  Market: +2.5 | Model: +5.9 | Edge: +3.4
  [91m❌ NO BET[0m
  [96mEdge too small (+3.4)[0m

[93m🎯 TOTAL:[0m
  Market: 154.5 | Model: 128.1 | Edge: -26.4
  [92m✅ BET: UNDER 154.5[0m
  [96mHIGH confidence (26.4 edge)[0m

[35m📈 Bethune-Cookman Wildcats 61.1, Arkansas-Pine Bluff Golden Lions 67.0[0m

[1m[96m━━━ GAME 29: New Haven Chargers @ Chicago St Cougars ━━━[0m
[96m🕐 01/19 07:00 PM[0m

[93m📊 SPREAD:[0m
  Market: -1.5 | Model: +2.8 | Edge: +4.3
  [91m❌ NO BET[0m
  [96mEdge too small (+4.3)[0m

[93m🎯 TOTAL:[0m
  Market: 129.5 | Model: 139.4 | Edge: +9.9
  [92m✅ BET: OVER 129.5[0m
  [96mHIGH confidence (9.9 edge)[0m

[35m📈 New Haven Chargers 68.3, Chicago St Cougars 71.1[0m

[1m[96m━━━ GAME 30: Loyola (MD) Greyhounds @ Lehigh Mountain Hawks ━━━[0m
[96m🕐 01/19 07:00 PM[0m

[93m📊 SPREAD:[0m
  Market: -5.5 | Model: +2.4 | Edge: +7.9
  [92m✅ BET: Loyola (MD) Greyhounds +5.5[0m
  [96mHIGH confidence (+7.9 edge)[0m

[93m🎯 TOTAL:[0m
  Market: 147.5 | Model: 130.2 | Edge: -17.3
  [92m✅ BET: UNDER 147.5[0m
  [96mHIGH confidence (17.3 edge)[0m

[35m📈 Loyola (MD) Greyhounds 63.9, Lehigh Mountain Hawks 66.3[0m

[1m[96m━━━ GAME 31: Stephen F. Austin Lumberjacks @ Nicholls St Colonels ━━━[0m
[96m🕐 01/19 07:30 PM[0m

[93m📊 SPREAD:[0m
  Market: +3.5 | Model: +7.7 | Edge: +4.2
  [91m❌ NO BET[0m
  [96mEdge too small (+4.2)[0m

[93m🎯 TOTAL:[0m
  Market: 143.5 | Model: 135.6 | Edge: -7.9
  [92m✅ BET: UNDER 143.5[0m
  [96mHIGH confidence (7.9 edge)[0m

[35m📈 Stephen F. Austin Lumberjacks 64.0, Nicholls St Colonels 71.7[0m

[1m[96m━━━ GAME 32: SE Louisiana Lions @ UT Rio Grande Valley Vaqueros ━━━[0m
[96m🕐 01/19 07:30 PM[0m

[93m📊 SPREAD:[0m
  Market: -4.5 | Model: +4.3 | Edge: +8.8
  [92m✅ BET: SE Louisiana Lions +4.5[0m
  [96mHIGH confidence (+8.8 edge)[0m

[93m🎯 TOTAL:[0m
  Market: 135.5 | Model: 134.9 | Edge: -0.6
  [91m❌ NO BET[0m
  [96mEdge too small (-0.6)[0m

[35m📈 SE Louisiana Lions 65.3, UT Rio Grande Valley Vaqueros 69.6[0m

[1m[96m━━━ GAME 33: Florida A&M Rattlers @ Miss Valley St Delta Devils ━━━[0m
[96m🕐 01/19 08:00 PM[0m

[93m📊 SPREAD:[0m
  Market: +11.5 | Model: +2.2 | Edge: -9.3
  [92m✅ BET: Miss Valley St Delta Devils +11.5[0m
  [96mHIGH confidence (-9.3 edge)[0m

[93m🎯 TOTAL:[0m
  Market: 139.5 | Model: 134.3 | Edge: -5.2
  [91m❌ NO BET[0m
  [96mEdge too small (-5.2)[0m

[35m📈 Florida A&M Rattlers 66.0, Miss Valley St Delta Devils 68.3[0m

[1m[96m━━━ GAME 34: Northwestern St Demons @ Houston Christian Huskies ━━━[0m
[96m🕐 01/19 08:00 PM[0m

[93m📊 SPREAD:[0m
  Market: -3.5 | Model: +0.4 | Edge: +3.9
  [91m❌ NO BET[0m
  [96mEdge too small (+3.9)[0m

[93m🎯 TOTAL:[0m
  Market: 139.5 | Model: 144.3 | Edge: +4.8
  [91m❌ NO BET[0m
  [96mEdge too small (+4.8)[0m

[35m📈 Northwestern St Demons 72.0, Houston Christian Huskies 72.3[0m

[1m[96m━━━ GAME 35: Texas Southern Tigers @ Jackson St Tigers ━━━[0m
[96m🕐 01/19 08:00 PM[0m

[93m📊 SPREAD:[0m
  Market: -2.5 | Model: +7.0 | Edge: +9.5
  [92m✅ BET: Texas Southern Tigers +2.5[0m
  [96mHIGH confidence (+9.5 edge)[0m

[93m🎯 TOTAL:[0m
  Market: 153.5 | Model: 134.9 | Edge: -18.6
  [92m✅ BET: UNDER 153.5[0m
  [96mHIGH confidence (18.6 edge)[0m

[35m📈 Texas Southern Tigers 64.0, Jackson St Tigers 70.9[0m

[1m[96m━━━ GAME 36: Lamar Cardinals @ New Orleans Privateers ━━━[0m
[96m🕐 01/19 08:00 PM[0m

[93m📊 SPREAD:[0m
  Market: -1.5 | Model: +5.4 | Edge: +6.9
  [92m✅ BET: Lamar Cardinals +1.5[0m
  [96mHIGH confidence (+6.9 edge)[0m

[93m🎯 TOTAL:[0m
  Market: 144.5 | Model: 132.9 | Edge: -11.6
  [92m✅ BET: UNDER 144.5[0m
  [96mHIGH confidence (11.6 edge)[0m

[35m📈 Lamar Cardinals 63.7, New Orleans Privateers 69.1[0m

[1m[96m━━━ GAME 37: Montana Grizzlies @ Northern Arizona Lumberjacks ━━━[0m
[96m🕐 01/19 08:00 PM[0m

[93m📊 SPREAD:[0m
  Market: +5.5 | Model: +0.4 | Edge: -5.1
  [91m❌ NO BET[0m
  [96mEdge too small (-5.1)[0m

[93m🎯 TOTAL:[0m
  Market: 145.5 | Model: 138.4 | Edge: -7.1
  [92m✅ BET: UNDER 145.5[0m
  [96mHIGH confidence (7.1 edge)[0m

[35m📈 Montana Grizzlies 69.0, Northern Arizona Lumberjacks 69.4[0m

[1m[96m━━━ GAME 38: Montana St Bobcats @ N Colorado Bears ━━━[0m
[96m🕐 01/19 08:00 PM[0m

[93m📊 SPREAD:[0m
  Market: -1.5 | Model: -0.7 | Edge: +0.8
  [91m❌ NO BET[0m
  [96mEdge too small (+0.8)[0m

[93m🎯 TOTAL:[0m
  Market: 153.5 | Model: 146.0 | Edge: -7.5
  [92m✅ BET: UNDER 153.5[0m
  [96mHIGH confidence (7.5 edge)[0m

[35m📈 Montana St Bobcats 73.3, N Colorado Bears 72.6[0m

[1m[96m━━━ GAME 39: North Carolina A&T Aggies @ Hampton Pirates ━━━[0m
[96m🕐 01/19 09:00 PM[0m

[93m📊 SPREAD:[0m
  Market: -5.5 | Model: +4.1 | Edge: +9.6
  [92m✅ BET: North Carolina A&T Aggies +5.5[0m
  [96mHIGH confidence (+9.6 edge)[0m

[93m🎯 TOTAL:[0m
  Market: 142.5 | Model: 132.3 | Edge: -10.2
  [92m✅ BET: UNDER 142.5[0m
  [96mHIGH confidence (10.2 edge)[0m

[35m📈 North Carolina A&T Aggies 64.1, Hampton Pirates 68.2[0m

[1m========================================================================================================================[0m

[92m✓ CSV saved: /Users/rico/sports-models/ncaa/ncaab_model_output.csv[0m
[92m✓ HTML saved: /Users/rico/sports-models/ncaa/ncaab_model_output.html[0m

[1m[96mSTEP 5: Generating Final Tracking Dashboard[0m
[92m✓ Tracking dashboard saved: /Users/rico/sports-models/ncaa/ncaab_tracking_dashboard.html[0m

[1m====================================================================================================[0m
[1m[93m📊 TRACKING SUMMARY 📊[0m
[1m====================================================================================================[0m
[92mTotal Tracked Bets: 3336[0m
[92mRecord: 1727-1549-5[0m
[92mWin Rate: 52.7%[0m
[92mProfit: +22.57 units[0m
[92mROI: +0.7%[0m
[1m====================================================================================================[0m


==========================================
✅ NCAA Model completed successfully!
==========================================

📊 Updating Analysis Dashboard...
HTML Report generated at: /Users/rico/sports-models/ncaa/ncaab_analysis_report.html

📤 Pushing updates to GitHub...
[main 9240384] Update model outputs - 2026-01-19 10:30:09
 Committer: Ricardo Hill <rico@Ricos-M1-Mac-2.local>
Your name and email address were configured automatically based
on your username and hostname. Please check that they are accurate.
You can suppress this message by setting them explicitly. Run the
following command and follow the instructions in your editor to edit
your configuration file:

    git config --global --edit

After doing this, you may fix the identity used for this commit with:

    git commit --amend --reset-author

 5 files changed, 201 insertions(+), 188 deletions(-)
To https://github.com/BangLetsGetIt/NBA-NCAA-Betting-Models.git
   bb91ff6..9240384  main -> main
✅ Successfully pushed to GitHub!
