==========================================
NCAA Model Run: Fri Jan 16 10:30:04 EST 2026
==========================================
Running NCAA Basketball model (IMPROVED)...

[1m====================================================================================================[0m
[1m[96m🏀 COLLEGE BASKETBALL SHARP MODEL 🏀[0m
[1m[92m⚡ Targeting 56%+ Win Rate with Advanced Analytics ⚡[0m
[1m[93m📅 Filtering games within next 7 days[0m
[1m====================================================================================================[0m

[1m[96mSTEP 1: Checking for Completed Games & Updating Past Picks[0m
[96mChecking 14 pending picks...[0m
[96mFetching completed game scores...[0m
[92m✓ Fetched 117 completed games[0m
[93mNo picks were updated (games may not be complete yet)[0m
[92m✓ Tracking dashboard saved: /Users/rico/sports-models/ncaa/ncaab_tracking_dashboard.html[0m

[1m[96mSTEP 2: Loading Team Statistics[0m
[96mLoading team statistics...[0m
[93m⚠️  Cache expired or missing. Fetching fresh stats from Sports-Reference...[0m
Fetching NCAA basketball stats for 2025 season...
Columns found: [' 0_Rk', ' 1_School', ' 2_Conf', ' 3_ 3', ' 4_W', ' 5_L', ' 6_Pts', ' 7_Opp', ' 8_MOV', ' 9_ 9', ' 10_SOS', ' 11_ 11', 'SRS_OSRS', 'SRS_DSRS', 'SRS_SRS', 'Adjusted_ORtg', 'Adjusted_DRtg', 'Adjusted_NRtg']

Sample data:
   0_Rk  1_School  2_Conf  ...  Adjusted_ORtg Adjusted_DRtg Adjusted_NRtg
0     1      Duke     ACC  ...         131.42         86.60         44.82
1     2    Auburn     SEC  ...         129.16         88.83         40.33
2     3   Houston  Big 12  ...         125.20         82.34         42.86

[3 rows x 18 columns]

✓ Successfully fetched stats for 364 teams
[92m✓ Stats cached to /Users/rico/sports-models/ncaa/ncaab_stats_cache.json[0m

[1m[96mSTEP 3: Fetching Live Odds (Next 7 Days)[0m
[92m✓ Fetched 7 games from The Odds API[0m
[92m✓ 7 games in the next 7 days[0m

[1m[96mSTEP 4: Processing Games & Generating Sharp Picks[0m


[1m[92m✅ Analyzed 7 games with complete odds[0m


[1m========================================================================================================================[0m
[1m[93m🏀 COLLEGE BASKETBALL MODEL PREDICTIONS 🏀[0m
[1m========================================================================================================================[0m

[1m[96m━━━ GAME 1: Creighton Bluejays @ Providence Friars ━━━[0m
[96m🕐 01/16 06:30 PM[0m

[93m📊 SPREAD:[0m
  Market: +1.5 | Model: +1.2 | Edge: -0.3
  [91m❌ NO BET[0m
  [96mEdge too small (-0.3)[0m

[93m🎯 TOTAL:[0m
  Market: 161.5 | Model: 154.0 | Edge: -7.5
  [92m✅ BET: UNDER 161.5[0m
  [96mHIGH confidence (7.5 edge)[0m

[35m📈 Creighton Bluejays 76.4, Providence Friars 77.6[0m

[1m[96m━━━ GAME 2: Toledo Rockets @ Kent State Golden Flashes ━━━[0m
[96m🕐 01/16 06:30 PM[0m

[93m📊 SPREAD:[0m
  Market: -5.5 | Model: -3.9 | Edge: +1.6
  [91m❌ NO BET[0m
  [96mEdge too small (+1.6)[0m

[93m🎯 TOTAL:[0m
  Market: 169.5 | Model: 140.2 | Edge: -29.3
  [92m✅ BET: UNDER 169.5[0m
  [96mHIGH confidence (29.3 edge)[0m

[35m📈 Toledo Rockets 72.0, Kent State Golden Flashes 68.2[0m

[1m[96m━━━ GAME 3: Baylor Bears @ Kansas Jayhawks ━━━[0m
[96m🕐 01/16 08:00 PM[0m

[93m📊 SPREAD:[0m
  Market: -7.5 | Model: -2.0 | Edge: +5.5
  [91m❌ NO BET[0m
  [96mEdge too small (+5.5)[0m

[93m🎯 TOTAL:[0m
  Market: 155.5 | Model: 159.0 | Edge: +3.5
  [91m❌ NO BET[0m
  [96mEdge too small (+3.5)[0m

[35m📈 Baylor Bears 80.5, Kansas Jayhawks 78.5[0m

[1m[96m━━━ GAME 4: Ohio Bobcats @ Ball State Cardinals ━━━[0m
[96m🕐 01/16 08:30 PM[0m

[93m📊 SPREAD:[0m
  Market: +4.5 | Model: +2.9 | Edge: -1.6
  [91m❌ NO BET[0m
  [96mEdge too small (-1.6)[0m

[93m🎯 TOTAL:[0m
  Market: 147.5 | Model: 136.8 | Edge: -10.7
  [92m✅ BET: UNDER 147.5[0m
  [96mHIGH confidence (10.7 edge)[0m

[35m📈 Ohio Bobcats 66.9, Ball State Cardinals 69.9[0m

[1m[96m━━━ GAME 5: Loyola (Chi) Ramblers @ Dayton Flyers ━━━[0m
[96m🕐 01/16 08:30 PM[0m

[93m📊 SPREAD:[0m
  Market: -16.5 | Model: +7.2 | Edge: +23.7
  [92m✅ BET: Loyola (Chi) Ramblers +16.5[0m
  [96mHIGH confidence (+23.7 edge)[0m

[93m🎯 TOTAL:[0m
  Market: 142.5 | Model: 145.2 | Edge: +2.7
  [91m❌ NO BET[0m
  [96mEdge too small (+2.7)[0m

[35m📈 Loyola (Chi) Ramblers 69.0, Dayton Flyers 76.2[0m

[1m[96m━━━ GAME 6: Marquette Golden Eagles @ DePaul Blue Demons ━━━[0m
[96m🕐 01/16 08:30 PM[0m

[93m📊 SPREAD:[0m
  Market: -3.5 | Model: +2.0 | Edge: +5.5
  [91m❌ NO BET[0m
  [96mEdge too small (+5.5)[0m

[93m🎯 TOTAL:[0m
  Market: 145.5 | Model: 153.4 | Edge: +7.9
  [92m✅ BET: OVER 145.5[0m
  [96mHIGH confidence (7.9 edge)[0m

[35m📈 Marquette Golden Eagles 75.7, DePaul Blue Demons 77.7[0m

[1m[96m━━━ GAME 7: Colorado St Rams @ Boise State Broncos ━━━[0m
[96m🕐 01/16 10:30 PM[0m

[93m📊 SPREAD:[0m
  Market: -5.5 | Model: +7.1 | Edge: +12.6
  [92m✅ BET: Colorado St Rams +5.5[0m
  [96mHIGH confidence (+12.6 edge)[0m

[93m🎯 TOTAL:[0m
  Market: 140.5 | Model: 153.6 | Edge: +13.1
  [92m✅ BET: OVER 140.5[0m
  [96mHIGH confidence (13.1 edge)[0m

[35m📈 Colorado St Rams 73.2, Boise State Broncos 80.3[0m

[1m========================================================================================================================[0m

[92m✓ CSV saved: /Users/rico/sports-models/ncaa/ncaab_model_output.csv[0m
[92m✓ HTML saved: /Users/rico/sports-models/ncaa/ncaab_model_output.html[0m

[1m[96mSTEP 5: Generating Final Tracking Dashboard[0m
[92m✓ Tracking dashboard saved: /Users/rico/sports-models/ncaa/ncaab_tracking_dashboard.html[0m

[1m====================================================================================================[0m
[1m[93m📊 TRACKING SUMMARY 📊[0m
[1m====================================================================================================[0m
[92mTotal Tracked Bets: 3090[0m
[92mRecord: 1606-1465-5[0m
[92mWin Rate: 52.3%[0m
[91mProfit: -3.54 units[0m
[91mROI: -0.1%[0m
[1m====================================================================================================[0m


==========================================
✅ NCAA Model completed successfully!
==========================================

📤 Pushing updates to GitHub...
[main e8c1d5b] Update model outputs - 2026-01-16 10:30:08
 Committer: Ricardo Hill <rico@Ricos-M1-Mac-2.local>
Your name and email address were configured automatically based
on your username and hostname. Please check that they are accurate.
You can suppress this message by setting them explicitly. Run the
following command and follow the instructions in your editor to edit
your configuration file:

    git config --global --edit

After doing this, you may fix the identity used for this commit with:

    git commit --amend --reset-author

 3 files changed, 36 insertions(+), 36 deletions(-)
To https://github.com/BangLetsGetIt/NBA-NCAA-Betting-Models.git
   a80a3d8..e8c1d5b  main -> main
✅ Successfully pushed to GitHub!
