==========================================
NCAA Model Run: Wed Jan 14 10:30:01 EST 2026
==========================================
Running NCAA Basketball model (IMPROVED)...

[1m====================================================================================================[0m
[1m[96m🏀 COLLEGE BASKETBALL SHARP MODEL 🏀[0m
[1m[92m⚡ Targeting 56%+ Win Rate with Advanced Analytics ⚡[0m
[1m[93m📅 Filtering games within next 7 days[0m
[1m====================================================================================================[0m

[1m[96mSTEP 1: Checking for Completed Games & Updating Past Picks[0m
[96mChecking 80 pending picks...[0m
[96mFetching completed game scores...[0m
[92m✓ Fetched 113 completed games[0m
[92m✓ Updated: ✅ BET: Georgetown Hoyas +8.5 -> WIN[0m
[92m✓ Updated: ✅ BET: Air Force Falcons +6.5 -> LOSS[0m
[92m✓ Updated: ✅ BET: Maryland Terrapins +9.5 -> LOSS[0m
[92m✓ Updated: ✅ BET: Maryland Terrapins +9.5 -> LOSS[0m
[92m✓ Tracking data saved to /Users/rico/sports-models/ncaa/ncaab_picks_tracking.json[0m
[92m  Total picks in file: 3004[0m
[92m✅ Updated 4 picks[0m
[92m✓ Tracking dashboard saved: /Users/rico/sports-models/ncaa/ncaab_tracking_dashboard.html[0m

[1m[96mSTEP 2: Loading Team Statistics[0m
[96mLoading team statistics...[0m
[93m⚠️  Cache expired or missing. Fetching fresh stats from Sports-Reference...[0m
Fetching NCAA basketball stats for 2025 season...
Columns found: [' 0_Rk', ' 1_School', ' 2_Conf', ' 3_ 3', ' 4_W', ' 5_L', ' 6_Pts', ' 7_Opp', ' 8_MOV', ' 9_ 9', ' 10_SOS', ' 11_ 11', 'SRS_OSRS', 'SRS_DSRS', 'SRS_SRS', 'Adjusted_ORtg', 'Adjusted_DRtg', 'Adjusted_NRtg']

Sample data:
   0_Rk  1_School  2_Conf  ...  Adjusted_ORtg Adjusted_DRtg Adjusted_NRtg
0     1      Duke     ACC  ...         131.42         86.60         44.82
1     2    Auburn     SEC  ...         129.16         88.83         40.33
2     3   Houston  Big 12  ...         125.20         82.34         42.86

[3 rows x 18 columns]

✓ Successfully fetched stats for 364 teams
[92m✓ Stats cached to /Users/rico/sports-models/ncaa/ncaab_stats_cache.json[0m

[1m[96mSTEP 3: Fetching Live Odds (Next 7 Days)[0m
[92m✓ Fetched 61 games from The Odds API[0m
[92m✓ 61 games in the next 7 days[0m

[1m[96mSTEP 4: Processing Games & Generating Sharp Picks[0m

[92m✓ Tracking data saved to /Users/rico/sports-models/ncaa/ncaab_picks_tracking.json[0m
[92m  Total picks in file: 3005[0m
[35m📝 LOGGED: SPREAD - ✅ BET: Army Knights +5.5 (Edge: +9.6)[0m
[92m✓ Tracking data saved to /Users/rico/sports-models/ncaa/ncaab_picks_tracking.json[0m
[92m  Total picks in file: 3006[0m
[35m📝 LOGGED: TOTAL - ✅ BET: UNDER 142.5 (Edge: -10.6)[0m
[92m✓ Tracking data saved to /Users/rico/sports-models/ncaa/ncaab_picks_tracking.json[0m
[92m  Total picks in file: 3007[0m
[35m📝 LOGGED: SPREAD - ✅ BET: Lehigh Mountain Hawks +2.5 (Edge: +6.1)[0m
[92m✓ Tracking data saved to /Users/rico/sports-models/ncaa/ncaab_picks_tracking.json[0m
[92m  Total picks in file: 3008[0m
[35m📝 LOGGED: SPREAD - ✅ BET: South Carolina Upstate Spartans +5.5 (Edge: +7.0)[0m
[92m✓ Tracking data saved to /Users/rico/sports-models/ncaa/ncaab_picks_tracking.json[0m
[92m  Total picks in file: 3009[0m
[35m📝 LOGGED: TOTAL - ✅ BET: UNDER 155.5 (Edge: -24.2)[0m
[92m✓ Tracking data saved to /Users/rico/sports-models/ncaa/ncaab_picks_tracking.json[0m
[92m  Total picks in file: 3010[0m
[35m📝 LOGGED: SPREAD - ✅ BET: Loyola (MD) Greyhounds +10.5 (Edge: -9.4)[0m
[92m✓ Tracking data saved to /Users/rico/sports-models/ncaa/ncaab_picks_tracking.json[0m
[92m  Total picks in file: 3011[0m
[35m📝 LOGGED: TOTAL - ✅ BET: UNDER 150.5 (Edge: -18.6)[0m
[92m✓ Tracking data saved to /Users/rico/sports-models/ncaa/ncaab_picks_tracking.json[0m
[92m  Total picks in file: 3012[0m
[35m📝 LOGGED: SPREAD - ✅ BET: Gardner-Webb Bulldogs +12.5 (Edge: -12.6)[0m
[92m✓ Tracking data saved to /Users/rico/sports-models/ncaa/ncaab_picks_tracking.json[0m
[92m  Total picks in file: 3013[0m
[35m📝 LOGGED: TOTAL - ✅ BET: UNDER 165.5 (Edge: -28.5)[0m
[92m✓ Tracking data saved to /Users/rico/sports-models/ncaa/ncaab_picks_tracking.json[0m
[92m  Total picks in file: 3014[0m
[35m📝 LOGGED: SPREAD - ✅ BET: Lafayette Leopards +4.5 (Edge: +8.8)[0m
[92m✓ Tracking data saved to /Users/rico/sports-models/ncaa/ncaab_picks_tracking.json[0m
[92m  Total picks in file: 3015[0m
[35m📝 LOGGED: TOTAL - ✅ BET: UNDER 152.5 (Edge: -6.9)[0m

[1m[92m✅ Analyzed 61 games with complete odds[0m


[1m========================================================================================================================[0m
[1m[93m🏀 COLLEGE BASKETBALL MODEL PREDICTIONS 🏀[0m
[1m========================================================================================================================[0m

[1m[96m━━━ GAME 1: Army Knights @ Holy Cross Crusaders ━━━[0m
[96m🕐 01/14 06:00 PM[0m

[93m📊 SPREAD:[0m
  Market: -5.5 | Model: +4.1 | Edge: +9.6
  [92m✅ BET: Army Knights +5.5[0m
  [96mHIGH confidence (+9.6 edge)[0m

[93m🎯 TOTAL:[0m
  Market: 142.5 | Model: 131.9 | Edge: -10.6
  [92m✅ BET: UNDER 142.5[0m
  [96mHIGH confidence (10.6 edge)[0m

[35m📈 Army Knights 63.9, Holy Cross Crusaders 68.0[0m

[1m[96m━━━ GAME 2: Lehigh Mountain Hawks @ Boston Univ. Terriers ━━━[0m
[96m🕐 01/14 06:00 PM[0m

[93m📊 SPREAD:[0m
  Market: -2.5 | Model: +3.6 | Edge: +6.1
  [92m✅ BET: Lehigh Mountain Hawks +2.5[0m
  [96mHIGH confidence (+6.1 edge)[0m

[93m🎯 TOTAL:[0m
  Market: 141.5 | Model: 135.1 | Edge: -6.4
  [92m✅ BET: UNDER 141.5[0m
  [96mMEDIUM confidence (6.4 edge)[0m

[35m📈 Lehigh Mountain Hawks 65.7, Boston Univ. Terriers 69.3[0m

[1m[96m━━━ GAME 3: Chattanooga Mocs @ Wofford Terriers ━━━[0m
[96m🕐 01/14 06:00 PM[0m

[93m📊 SPREAD:[0m
  Market: -4.5 | Model: +1.2 | Edge: +5.7
  [91m❌ NO BET[0m
  [96mEdge too small (+5.7)[0m

[93m🎯 TOTAL:[0m
  Market: 153.5 | Model: 144.6 | Edge: -8.9
  [92m✅ BET: UNDER 153.5[0m
  [96mHIGH confidence (8.9 edge)[0m

[35m📈 Chattanooga Mocs 71.7, Wofford Terriers 72.9[0m

[1m[96m━━━ GAME 4: East Tennessee St Buccaneers @ Western Carolina Catamounts ━━━[0m
[96m🕐 01/14 06:00 PM[0m

[93m📊 SPREAD:[0m
  Market: +6.5 | Model: -2.2 | Edge: -8.7
  [92m✅ BET: Western Carolina Catamounts +6.5[0m
  [96mHIGH confidence (-8.7 edge)[0m

[93m🎯 TOTAL:[0m
  Market: 147.5 | Model: 145.6 | Edge: -1.9
  [91m❌ NO BET[0m
  [96mEdge too small (-1.9)[0m

[35m📈 East Tennessee St Buccaneers 73.9, Western Carolina Catamounts 71.7[0m

[1m[96m━━━ GAME 5: VCU Rams @ Rhode Island Rams ━━━[0m
[96m🕐 01/14 06:00 PM[0m

[93m📊 SPREAD:[0m
  Market: +4.5 | Model: +4.4 | Edge: -0.1
  [91m❌ NO BET[0m
  [96mEdge too small (-0.1)[0m

[93m🎯 TOTAL:[0m
  Market: 146.5 | Model: 141.1 | Edge: -5.4
  [91m❌ NO BET[0m
  [96mEdge too small (-5.4)[0m

[35m📈 VCU Rams 68.4, Rhode Island Rams 72.8[0m

[1m[96m━━━ GAME 6: Butler Bulldogs @ Xavier Musketeers ━━━[0m
[96m🕐 01/14 06:30 PM[0m

[93m📊 SPREAD:[0m
  Market: +1.5 | Model: +1.1 | Edge: -0.4
  [91m❌ NO BET[0m
  [96mEdge too small (-0.4)[0m

[93m🎯 TOTAL:[0m
  Market: 160.5 | Model: 155.1 | Edge: -5.4
  [91m❌ NO BET[0m
  [96mEdge too small (-5.4)[0m

[35m📈 Butler Bulldogs 77.0, Xavier Musketeers 78.1[0m

[1m[96m━━━ GAME 7: High Point Panthers @ Winthrop Eagles ━━━[0m
[96m🕐 01/14 06:30 PM[0m

[93m📊 SPREAD:[0m
  Market: +1.5 | Model: -1.9 | Edge: -3.4
  [91m❌ NO BET[0m
  [96mEdge too small (-3.4)[0m

[93m🎯 TOTAL:[0m
  Market: 162.5 | Model: 144.7 | Edge: -17.8
  [92m✅ BET: UNDER 162.5[0m
  [96mHIGH confidence (17.8 edge)[0m

[35m📈 High Point Panthers 73.3, Winthrop Eagles 71.4[0m

[1m[96m━━━ GAME 8: Iowa Hawkeyes @ Purdue Boilermakers ━━━[0m
[96m🕐 01/14 06:30 PM[0m

[93m📊 SPREAD:[0m
  Market: -10.5 | Model: +2.1 | Edge: +12.6
  [92m✅ BET: Iowa Hawkeyes +10.5[0m
  [96mHIGH confidence (+12.6 edge)[0m

[93m🎯 TOTAL:[0m
  Market: 143.5 | Model: 157.8 | Edge: +14.3
  [92m✅ BET: OVER 143.5[0m
  [96mHIGH confidence (14.3 edge)[0m

[35m📈 Iowa Hawkeyes 77.8, Purdue Boilermakers 79.9[0m

[1m[96m━━━ GAME 9: Auburn Tigers @ Missouri Tigers ━━━[0m
[96m🕐 01/14 07:00 PM[0m

[93m📊 SPREAD:[0m
  Market: +1.5 | Model: +3.8 | Edge: +2.3
  [91m❌ NO BET[0m
  [96mEdge too small (+2.3)[0m

[93m🎯 TOTAL:[0m
  Market: 153.5 | Model: 163.4 | Edge: +9.9
  [92m✅ BET: OVER 153.5[0m
  [96mHIGH confidence (9.9 edge)[0m

[35m📈 Auburn Tigers 79.8, Missouri Tigers 83.6[0m

[1m[96m━━━ GAME 10: Niagara Purple Eagles @ Canisius Golden Griffins ━━━[0m
[96m🕐 01/14 07:00 PM[0m

[93m📊 SPREAD:[0m
  Market: -2.5 | Model: +4.2 | Edge: +6.7
  [92m✅ BET: Niagara Purple Eagles +2.5[0m
  [96mHIGH confidence (+6.7 edge)[0m

[93m🎯 TOTAL:[0m
  Market: 127.5 | Model: 128.9 | Edge: +1.4
  [91m❌ NO BET[0m
  [96mEdge too small (+1.4)[0m

[35m📈 Niagara Purple Eagles 62.4, Canisius Golden Griffins 66.5[0m

[1m[96m━━━ GAME 11: South Carolina Upstate Spartans @ Charleston Southern Buccaneers ━━━[0m
[96m🕐 01/14 07:00 PM[0m

[93m📊 SPREAD:[0m
  Market: -5.5 | Model: +1.5 | Edge: +7.0
  [92m✅ BET: South Carolina Upstate Spartans +5.5[0m
  [96mHIGH confidence (+7.0 edge)[0m

[93m🎯 TOTAL:[0m
  Market: 155.5 | Model: 131.3 | Edge: -24.2
  [92m✅ BET: UNDER 155.5[0m
  [96mHIGH confidence (24.2 edge)[0m

[35m📈 South Carolina Upstate Spartans 64.9, Charleston Southern Buccaneers 66.4[0m

[1m[96m━━━ GAME 12: Tulsa Golden Hurricane @ Charlotte 49ers ━━━[0m
[96m🕐 01/14 07:00 PM[0m

[93m📊 SPREAD:[0m
  Market: +3.5 | Model: +5.7 | Edge: +2.2
  [91m❌ NO BET[0m
  [96mEdge too small (+2.2)[0m

[93m🎯 TOTAL:[0m
  Market: 150.5 | Model: 136.2 | Edge: -14.3
  [92m✅ BET: UNDER 150.5[0m
  [96mHIGH confidence (14.3 edge)[0m

[35m📈 Tulsa Golden Hurricane 65.2, Charlotte 49ers 70.9[0m

[1m[96m━━━ GAME 13: Colorado Buffaloes @ Cincinnati Bearcats ━━━[0m
[96m🕐 01/14 07:00 PM[0m

[93m📊 SPREAD:[0m
  Market: -8.5 | Model: +3.1 | Edge: +11.6
  [92m✅ BET: Colorado Buffaloes +8.5[0m
  [96mHIGH confidence (+11.6 edge)[0m

[93m🎯 TOTAL:[0m
  Market: 148.5 | Model: 152.7 | Edge: +4.2
  [91m❌ NO BET[0m
  [96mEdge too small (+4.2)[0m

[35m📈 Colorado Buffaloes 74.8, Cincinnati Bearcats 77.9[0m

[1m[96m━━━ GAME 14: Coastal Carolina Chanticleers @ Marshall Thundering Herd ━━━[0m
[96m🕐 01/14 07:00 PM[0m

[93m📊 SPREAD:[0m
  Market: -8.5 | Model: +1.6 | Edge: +10.1
  [92m✅ BET: Coastal Carolina Chanticleers +8.5[0m
  [96mHIGH confidence (+10.1 edge)[0m

[93m🎯 TOTAL:[0m
  Market: 149.5 | Model: 134.5 | Edge: -15.0
  [92m✅ BET: UNDER 149.5[0m
  [96mHIGH confidence (15.0 edge)[0m

[35m📈 Coastal Carolina Chanticleers 66.5, Marshall Thundering Herd 68.0[0m

[1m[96m━━━ GAME 15: Colgate Raiders @ Loyola (MD) Greyhounds ━━━[0m
[96m🕐 01/14 07:00 PM[0m

[93m📊 SPREAD:[0m
  Market: +10.5 | Model: +1.1 | Edge: -9.4
  [92m✅ BET: Loyola (MD) Greyhounds +10.5[0m
  [96mHIGH confidence (-9.4 edge)[0m

[93m🎯 TOTAL:[0m
  Market: 150.5 | Model: 131.9 | Edge: -18.6
  [92m✅ BET: UNDER 150.5[0m
  [96mHIGH confidence (18.6 edge)[0m

[35m📈 Colgate Raiders 65.4, Loyola (MD) Greyhounds 66.5[0m

[1m[96m━━━ GAME 16: Davidson Wildcats @ GW Revolutionaries ━━━[0m
[96m🕐 01/14 07:00 PM[0m

[93m📊 SPREAD:[0m
  Market: -11.5 | Model: -0.3 | Edge: +11.2
  [92m✅ BET: Davidson Wildcats +11.5[0m
  [96mHIGH confidence (+11.2 edge)[0m

[93m🎯 TOTAL:[0m
  Market: 146.5 | Model: 141.6 | Edge: -4.9
  [91m❌ NO BET[0m
  [96mEdge too small (-4.9)[0m

[35m📈 Davidson Wildcats 70.9, GW Revolutionaries 70.7[0m

[1m[96m━━━ GAME 17: East Carolina Pirates @ South Florida Bulls ━━━[0m
[96m🕐 01/14 07:00 PM[0m

[93m📊 SPREAD:[0m
  Market: -18.5 | Model: +0.5 | Edge: +19.0
  [92m✅ BET: East Carolina Pirates +18.5[0m
  [96mHIGH confidence (+19.0 edge)[0m

[93m🎯 TOTAL:[0m
  Market: 155.5 | Model: 140.5 | Edge: -15.0
  [92m✅ BET: UNDER 155.5[0m
  [96mHIGH confidence (15.0 edge)[0m

[35m📈 East Carolina Pirates 70.0, South Florida Bulls 70.5[0m

[1m[96m━━━ GAME 18: Manhattan Jaspers @ Fairfield Stags ━━━[0m
[96m🕐 01/14 07:00 PM[0m

[93m📊 SPREAD:[0m
  Market: -5.5 | Model: -1.2 | Edge: +4.3
  [91m❌ NO BET[0m
  [96mEdge too small (+4.3)[0m

[93m🎯 TOTAL:[0m
  Market: 156.5 | Model: 131.1 | Edge: -25.4
  [92m✅ BET: UNDER 156.5[0m
  [96mHIGH confidence (25.4 edge)[0m

[35m📈 Manhattan Jaspers 66.2, Fairfield Stags 65.0[0m

[1m[96m━━━ GAME 19: Florida Int'l Golden Panthers @ Kennesaw St Owls ━━━[0m
[96m🕐 01/14 07:00 PM[0m

[93m📊 SPREAD:[0m
  Market: -3.5 | Model: -2.6 | Edge: +0.9
  [91m❌ NO BET[0m
  [96mEdge too small (+0.9)[0m

[93m🎯 TOTAL:[0m
  Market: 170.5 | Model: 154.5 | Edge: -16.0
  [92m✅ BET: UNDER 170.5[0m
  [96mHIGH confidence (16.0 edge)[0m

[35m📈 Florida Int'l Golden Panthers 78.6, Kennesaw St Owls 75.9[0m

[1m[96m━━━ GAME 20: Furman Paladins @ Samford Bulldogs ━━━[0m
[96m🕐 01/14 07:00 PM[0m

[93m📊 SPREAD:[0m
  Market: -1.5 | Model: +3.8 | Edge: +5.3
  [91m❌ NO BET[0m
  [96mEdge too small (+5.3)[0m

[93m🎯 TOTAL:[0m
  Market: 148.5 | Model: 143.1 | Edge: -5.4
  [91m❌ NO BET[0m
  [96mEdge too small (-5.4)[0m

[35m📈 Furman Paladins 69.6, Samford Bulldogs 73.4[0m

[1m[96m━━━ GAME 21: Radford Highlanders @ Gardner-Webb Bulldogs ━━━[0m
[96m🕐 01/14 07:00 PM[0m

[93m📊 SPREAD:[0m
  Market: +12.5 | Model: -0.1 | Edge: -12.6
  [92m✅ BET: Gardner-Webb Bulldogs +12.5[0m
  [96mHIGH confidence (-12.6 edge)[0m

[93m🎯 TOTAL:[0m
  Market: 165.5 | Model: 137.0 | Edge: -28.5
  [92m✅ BET: UNDER 165.5[0m
  [96mHIGH confidence (28.5 edge)[0m

[35m📈 Radford Highlanders 68.5, Gardner-Webb Bulldogs 68.5[0m

[1m[96m━━━ GAME 22: Ole Miss Rebels @ Georgia Bulldogs ━━━[0m
[96m🕐 01/14 07:00 PM[0m

[93m📊 SPREAD:[0m
  Market: -10.5 | Model: +4.7 | Edge: +15.2
  [92m✅ BET: Ole Miss Rebels +10.5[0m
  [96mHIGH confidence (+15.2 edge)[0m

[93m🎯 TOTAL:[0m
  Market: 160.5 | Model: 148.5 | Edge: -12.0
  [92m✅ BET: UNDER 160.5[0m
  [96mHIGH confidence (12.0 edge)[0m

[35m📈 Ole Miss Rebels 71.9, Georgia Bulldogs 76.6[0m

[1m[96m━━━ GAME 23: Pittsburgh Panthers @ Georgia Tech Yellow Jackets ━━━[0m
[96m🕐 01/14 07:00 PM[0m

[93m📊 SPREAD:[0m
  Market: +1.5 | Model: -0.8 | Edge: -2.3
  [91m❌ NO BET[0m
  [96mEdge too small (-2.3)[0m

[93m🎯 TOTAL:[0m
  Market: 148.5 | Model: 151.1 | Edge: +2.6
  [91m❌ NO BET[0m
  [96mEdge too small (+2.6)[0m

[35m📈 Pittsburgh Panthers 76.0, Georgia Tech Yellow Jackets 75.2[0m

[1m[96m━━━ GAME 24: Illinois St Redbirds @ Indiana St Sycamores ━━━[0m
[96m🕐 01/14 07:00 PM[0m

[93m📊 SPREAD:[0m
  Market: +6.5 | Model: -0.4 | Edge: -6.9
  [92m✅ BET: Indiana St Sycamores +6.5[0m
  [96mHIGH confidence (-6.9 edge)[0m

[93m🎯 TOTAL:[0m
  Market: 146.5 | Model: 159.5 | Edge: +13.0
  [92m✅ BET: OVER 146.5[0m
  [96mHIGH confidence (13.0 edge)[0m

[35m📈 Illinois St Redbirds 80.0, Indiana St Sycamores 79.6[0m

[1m[96m━━━ GAME 25: Iona Gaels @ Rider Broncs ━━━[0m
[96m🕐 01/14 07:00 PM[0m

[93m📊 SPREAD:[0m
  Market: +7.5 | Model: +6.6 | Edge: -0.9
  [91m❌ NO BET[0m
  [96mEdge too small (-0.9)[0m

[93m🎯 TOTAL:[0m
  Market: 142.5 | Model: 130.8 | Edge: -11.7
  [92m✅ BET: UNDER 142.5[0m
  [96mHIGH confidence (11.7 edge)[0m

[35m📈 Iona Gaels 62.1, Rider Broncs 68.7[0m

[1m[96m━━━ GAME 26: Sam Houston St Bearkats @ Jacksonville St Gamecocks ━━━[0m
[96m🕐 01/14 07:00 PM[0m

[93m📊 SPREAD:[0m
  Market: -1.5 | Model: -2.7 | Edge: -1.2
  [91m❌ NO BET[0m
  [96mEdge too small (-1.2)[0m

[93m🎯 TOTAL:[0m
  Market: 149.5 | Model: 138.5 | Edge: -11.0
  [92m✅ BET: UNDER 149.5[0m
  [96mHIGH confidence (11.0 edge)[0m

[35m📈 Sam Houston St Bearkats 70.6, Jacksonville St Gamecocks 67.9[0m

[1m[96m━━━ GAME 27: Kentucky Wildcats @ LSU Tigers ━━━[0m
[96m🕐 01/14 07:00 PM[0m

[93m📊 SPREAD:[0m
  Market: +4.5 | Model: -3.2 | Edge: -7.7
  [92m✅ BET: LSU Tigers +4.5[0m
  [96mHIGH confidence (-7.7 edge)[0m

[93m🎯 TOTAL:[0m
  Market: 152.5 | Model: 151.5 | Edge: -1.0
  [91m❌ NO BET[0m
  [96mEdge too small (-1.0)[0m

[35m📈 Kentucky Wildcats 77.3, LSU Tigers 74.1[0m

[1m[96m━━━ GAME 28: La Salle Explorers @ Richmond Spiders ━━━[0m
[96m🕐 01/14 07:00 PM[0m

[93m📊 SPREAD:[0m
  Market: -7.5 | Model: +3.3 | Edge: +10.8
  [92m✅ BET: La Salle Explorers +7.5[0m
  [96mHIGH confidence (+10.8 edge)[0m

[93m🎯 TOTAL:[0m
  Market: 146.5 | Model: 137.0 | Edge: -9.5
  [92m✅ BET: UNDER 146.5[0m
  [96mHIGH confidence (9.5 edge)[0m

[35m📈 La Salle Explorers 66.9, Richmond Spiders 70.2[0m

[1m[96m━━━ GAME 29: UNC Asheville Bulldogs @ Presbyterian Blue Hose ━━━[0m
[96m🕐 01/14 07:00 PM[0m

[93m📊 SPREAD:[0m
  Market: +4.5 | Model: +0.6 | Edge: -3.9
  [91m❌ NO BET[0m
  [96mEdge too small (-3.9)[0m

[93m🎯 TOTAL:[0m
  Market: 135.5 | Model: 136.5 | Edge: +1.0
  [91m❌ NO BET[0m
  [96mEdge too small (+1.0)[0m

[35m📈 UNC Asheville Bulldogs 68.0, Presbyterian Blue Hose 68.6[0m

[1m[96m━━━ GAME 30: Saint Peter's Peacocks @ Quinnipiac Bobcats ━━━[0m
[96m🕐 01/14 07:00 PM[0m

[93m📊 SPREAD:[0m
  Market: -6.5 | Model: +6.2 | Edge: +12.7
  [92m✅ BET: Saint Peter's Peacocks +6.5[0m
  [96mHIGH confidence (+12.7 edge)[0m

[93m🎯 TOTAL:[0m
  Market: 141.5 | Model: 132.2 | Edge: -9.3
  [92m✅ BET: UNDER 141.5[0m
  [96mHIGH confidence (9.3 edge)[0m

[35m📈 Saint Peter's Peacocks 63.0, Quinnipiac Bobcats 69.2[0m

[1m[96m━━━ GAME 31: Sacred Heart Pioneers @ Siena Saints ━━━[0m
[96m🕐 01/14 07:00 PM[0m

[93m📊 SPREAD:[0m
  Market: -8.5 | Model: +1.8 | Edge: +10.3
  [92m✅ BET: Sacred Heart Pioneers +8.5[0m
  [96mHIGH confidence (+10.3 edge)[0m

[93m🎯 TOTAL:[0m
  Market: 138.5 | Model: 133.6 | Edge: -4.9
  [91m❌ NO BET[0m
  [96mEdge too small (-4.9)[0m

[35m📈 Sacred Heart Pioneers 65.9, Siena Saints 67.7[0m

[1m[96m━━━ GAME 32: St. Bonaventure Bonnies @ Saint Joseph's Hawks ━━━[0m
[96m🕐 01/14 07:00 PM[0m

[93m📊 SPREAD:[0m
  Market: +1.5 | Model: +3.9 | Edge: +2.4
  [91m❌ NO BET[0m
  [96mEdge too small (+2.4)[0m

[93m🎯 TOTAL:[0m
  Market: 148.5 | Model: 146.5 | Edge: -2.0
  [91m❌ NO BET[0m
  [96mEdge too small (-2.0)[0m

[35m📈 St. Bonaventure Bonnies 71.3, Saint Joseph's Hawks 75.2[0m

[1m[96m━━━ GAME 33: Southern Miss Golden Eagles @ Troy Trojans ━━━[0m
[96m🕐 01/14 07:00 PM[0m

[93m📊 SPREAD:[0m
  Market: -8.5 | Model: +5.7 | Edge: +14.2
  [92m✅ BET: Southern Miss Golden Eagles +8.5[0m
  [96mHIGH confidence (+14.2 edge)[0m

[93m🎯 TOTAL:[0m
  Market: 146.5 | Model: 139.3 | Edge: -7.2
  [92m✅ BET: UNDER 146.5[0m
  [96mHIGH confidence (7.2 edge)[0m

[35m📈 Southern Miss Golden Eagles 66.8, Troy Trojans 72.5[0m

[1m[96m━━━ GAME 34: Lafayette Leopards @ Bucknell Bison ━━━[0m
[96m🕐 01/14 07:30 PM[0m

[93m📊 SPREAD:[0m
  Market: -4.5 | Model: +4.3 | Edge: +8.8
  [92m✅ BET: Lafayette Leopards +4.5[0m
  [96mHIGH confidence (+8.8 edge)[0m

[93m🎯 TOTAL:[0m
  Market: 138.5 | Model: 133.4 | Edge: -5.1
  [91m❌ NO BET[0m
  [96mEdge too small (-5.1)[0m

[35m📈 Lafayette Leopards 64.6, Bucknell Bison 68.9[0m

[1m[96m━━━ GAME 35: Middle Tennessee Blue Raiders @ Louisiana Tech Bulldogs ━━━[0m
[96m🕐 01/14 07:30 PM[0m

[93m📊 SPREAD:[0m
  Market: +3.5 | Model: +3.1 | Edge: -0.4
  [91m❌ NO BET[0m
  [96mEdge too small (-0.4)[0m

[93m🎯 TOTAL:[0m
  Market: 131.5 | Model: 143.7 | Edge: +12.2
  [92m✅ BET: OVER 131.5[0m
  [96mHIGH confidence (12.2 edge)[0m

[35m📈 Middle Tennessee Blue Raiders 70.3, Louisiana Tech Bulldogs 73.4[0m

[1m[96m━━━ GAME 36: Missouri St Bears @ Western Kentucky Hilltoppers ━━━[0m
[96m🕐 01/14 07:30 PM[0m

[93m📊 SPREAD:[0m
  Market: -6.5 | Model: -5.2 | Edge: +1.3
  [91m❌ NO BET[0m
  [96mEdge too small (+1.3)[0m

[93m🎯 TOTAL:[0m
  Market: 147.5 | Model: 151.7 | Edge: +4.2
  [91m❌ NO BET[0m
  [96mEdge too small (+4.2)[0m

[35m📈 Missouri St Bears 78.4, Western Kentucky Hilltoppers 73.2[0m

[1m[96m━━━ GAME 37: UAB Blazers @ Tulane Green Wave ━━━[0m
[96m🕐 01/14 07:30 PM[0m

[93m📊 SPREAD:[0m
  Market: +1.5 | Model: -1.2 | Edge: -2.7
  [91m❌ NO BET[0m
  [96mEdge too small (-2.7)[0m

[93m🎯 TOTAL:[0m
  Market: 152.5 | Model: 145.6 | Edge: -6.9
  [92m✅ BET: UNDER 152.5[0m
  [96mMEDIUM confidence (6.9 edge)[0m

[35m📈 UAB Blazers 73.4, Tulane Green Wave 72.2[0m

[1m[96m━━━ GAME 38: Drake Bulldogs @ Southern Illinois Salukis ━━━[0m
[96m🕐 01/14 08:00 PM[0m

[93m📊 SPREAD:[0m
  Market: -5.5 | Model: +1.6 | Edge: +7.1
  [92m✅ BET: Drake Bulldogs +5.5[0m
  [96mHIGH confidence (+7.1 edge)[0m

[93m🎯 TOTAL:[0m
  Market: 147.5 | Model: 146.5 | Edge: -1.0
  [91m❌ NO BET[0m
  [96mEdge too small (-1.0)[0m

[35m📈 Drake Bulldogs 72.5, Southern Illinois Salukis 74.0[0m

[1m[96m━━━ GAME 39: Fordham Rams @ Saint Louis Billikens ━━━[0m
[96m🕐 01/14 08:00 PM[0m

[93m📊 SPREAD:[0m
  Market: -18.5 | Model: +3.0 | Edge: +21.5
  [92m✅ BET: Fordham Rams +18.5[0m
  [96mHIGH confidence (+21.5 edge)[0m

[93m🎯 TOTAL:[0m
  Market: 149.5 | Model: 141.5 | Edge: -8.0
  [92m✅ BET: UNDER 149.5[0m
  [96mHIGH confidence (8.0 edge)[0m

[35m📈 Fordham Rams 69.2, Saint Louis Billikens 72.3[0m

[1m[96m━━━ GAME 40: UCF Knights @ Kansas St Wildcats ━━━[0m
[96m🕐 01/14 08:00 PM[0m

[93m📊 SPREAD:[0m
  Market: -1.5 | Model: +0.3 | Edge: +1.8
  [91m❌ NO BET[0m
  [96mEdge too small (+1.8)[0m

[93m🎯 TOTAL:[0m
  Market: 170.5 | Model: 157.4 | Edge: -13.1
  [92m✅ BET: UNDER 170.5[0m
  [96mHIGH confidence (13.1 edge)[0m

[35m📈 UCF Knights 78.5, Kansas St Wildcats 78.9[0m

[1m[96m━━━ GAME 41: Louisiana Ragin' Cajuns @ Texas State Bobcats ━━━[0m
[96m🕐 01/14 08:00 PM[0m

[93m📊 SPREAD:[0m
  Market: -8.5 | Model: +7.4 | Edge: +15.9
  [92m✅ BET: Louisiana Ragin' Cajuns +8.5[0m
  [96mHIGH confidence (+15.9 edge)[0m

[93m🎯 TOTAL:[0m
  Market: 130.5 | Model: 134.8 | Edge: +4.3
  [91m❌ NO BET[0m
  [96mEdge too small (+4.3)[0m

[35m📈 Louisiana Ragin' Cajuns 63.7, Texas State Bobcats 71.1[0m

[1m[96m━━━ GAME 42: Temple Owls @ Memphis Tigers ━━━[0m
[96m🕐 01/14 08:00 PM[0m

[93m📊 SPREAD:[0m
  Market: -7.5 | Model: +1.8 | Edge: +9.3
  [92m✅ BET: Temple Owls +7.5[0m
  [96mHIGH confidence (+9.3 edge)[0m

[93m🎯 TOTAL:[0m
  Market: 146.5 | Model: 147.9 | Edge: +1.4
  [91m❌ NO BET[0m
  [96mEdge too small (+1.4)[0m

[35m📈 Temple Owls 73.0, Memphis Tigers 74.9[0m

[1m[96m━━━ GAME 43: South Dakota St Jackrabbits @ North Dakota St Bison ━━━[0m
[96m🕐 01/14 08:00 PM[0m

[93m📊 SPREAD:[0m
  Market: -5.5 | Model: +2.4 | Edge: +7.9
  [92m✅ BET: South Dakota St Jackrabbits +5.5[0m
  [96mHIGH confidence (+7.9 edge)[0m

[93m🎯 TOTAL:[0m
  Market: 148.5 | Model: 136.7 | Edge: -11.8
  [92m✅ BET: UNDER 148.5[0m
  [96mHIGH confidence (11.8 edge)[0m

[35m📈 South Dakota St Jackrabbits 67.2, North Dakota St Bison 69.6[0m

[1m[96m━━━ GAME 44: Rice Owls @ UTSA Roadrunners ━━━[0m
[96m🕐 01/14 08:00 PM[0m

[93m📊 SPREAD:[0m
  Market: +6.5 | Model: +4.9 | Edge: -1.6
  [91m❌ NO BET[0m
  [96mEdge too small (-1.6)[0m

[93m🎯 TOTAL:[0m
  Market: 145.5 | Model: 139.9 | Edge: -5.6
  [91m❌ NO BET[0m
  [96mEdge too small (-5.6)[0m

[35m📈 Rice Owls 67.5, UTSA Roadrunners 72.4[0m

[1m[96m━━━ GAME 45: San Diego St Aztecs @ Wyoming Cowboys ━━━[0m
[96m🕐 01/14 08:00 PM[0m

[93m📊 SPREAD:[0m
  Market: +2.5 | Model: +3.2 | Edge: +0.7
  [91m❌ NO BET[0m
  [96mEdge too small (+0.7)[0m

[93m🎯 TOTAL:[0m
  Market: 147.5 | Model: 136.8 | Edge: -10.7
  [92m✅ BET: UNDER 147.5[0m
  [96mHIGH confidence (10.7 edge)[0m

[35m📈 San Diego St Aztecs 66.8, Wyoming Cowboys 70.0[0m

[1m[96m━━━ GAME 46: Illinois Fighting Illini @ Northwestern Wildcats ━━━[0m
[96m🕐 01/14 08:30 PM[0m

[93m📊 SPREAD:[0m
  Market: +8.5 | Model: -0.3 | Edge: -8.8
  [92m✅ BET: Northwestern Wildcats +8.5[0m
  [96mHIGH confidence (-8.8 edge)[0m

[93m🎯 TOTAL:[0m
  Market: 151.5 | Model: 159.5 | Edge: +8.0
  [92m✅ BET: OVER 151.5[0m
  [96mHIGH confidence (8.0 edge)[0m

[35m📈 Illinois Fighting Illini 79.9, Northwestern Wildcats 79.6[0m

[1m[96m━━━ GAME 47: UCLA Bruins @ Penn State Nittany Lions ━━━[0m
[96m🕐 01/14 08:30 PM[0m

[93m📊 SPREAD:[0m
  Market: +3.5 | Model: +3.2 | Edge: -0.3
  [91m❌ NO BET[0m
  [96mEdge too small (-0.3)[0m

[93m🎯 TOTAL:[0m
  Market: 148.5 | Model: 158.1 | Edge: +9.6
  [92m✅ BET: OVER 148.5[0m
  [96mHIGH confidence (9.6 edge)[0m

[35m📈 UCLA Bruins 77.5, Penn State Nittany Lions 80.7[0m

[1m[96m━━━ GAME 48: South Carolina Gamecocks @ Arkansas Razorbacks ━━━[0m
[96m🕐 01/14 09:00 PM[0m

[93m📊 SPREAD:[0m
  Market: -10.5 | Model: +3.2 | Edge: +13.7
  [92m✅ BET: South Carolina Gamecocks +10.5[0m
  [96mHIGH confidence (+13.7 edge)[0m

[93m🎯 TOTAL:[0m
  Market: 155.5 | Model: 154.3 | Edge: -1.2
  [91m❌ NO BET[0m
  [96mEdge too small (-1.2)[0m

[35m📈 South Carolina Gamecocks 75.5, Arkansas Razorbacks 78.8[0m

[1m[96m━━━ GAME 49: Oral Roberts Golden Eagles @ Denver Pioneers ━━━[0m
[96m🕐 01/14 09:00 PM[0m

[93m📊 SPREAD:[0m
  Market: -8.5 | Model: -0.6 | Edge: +7.9
  [92m✅ BET: Oral Roberts Golden Eagles +8.5[0m
  [96mHIGH confidence (+7.9 edge)[0m

[93m🎯 TOTAL:[0m
  Market: 156.5 | Model: 130.9 | Edge: -25.6
  [92m✅ BET: UNDER 156.5[0m
  [96mHIGH confidence (25.6 edge)[0m

[35m📈 Oral Roberts Golden Eagles 65.7, Denver Pioneers 65.1[0m

[1m[96m━━━ GAME 50: North Carolina Tar Heels @ Stanford Cardinal ━━━[0m
[96m🕐 01/14 09:00 PM[0m

[93m📊 SPREAD:[0m
  Market: +3.5 | Model: +1.5 | Edge: -2.0
  [91m❌ NO BET[0m
  [96mEdge too small (-2.0)[0m

[93m🎯 TOTAL:[0m
  Market: 144.5 | Model: 155.3 | Edge: +10.8
  [92m✅ BET: OVER 144.5[0m
  [96mHIGH confidence (10.8 edge)[0m

[35m📈 North Carolina Tar Heels 76.9, Stanford Cardinal 78.4[0m

[1m[96m━━━ GAME 51: Portland Pilots @ Pepperdine Waves ━━━[0m
[96m🕐 01/14 09:00 PM[0m

[93m📊 SPREAD:[0m
  Market: +2.5 | Model: +2.4 | Edge: -0.1
  [91m❌ NO BET[0m
  [96mEdge too small (-0.1)[0m

[93m🎯 TOTAL:[0m
  Market: 145.5 | Model: 137.1 | Edge: -8.4
  [92m✅ BET: UNDER 145.5[0m
  [96mHIGH confidence (8.4 edge)[0m

[35m📈 Portland Pilots 67.4, Pepperdine Waves 69.8[0m

[1m[96m━━━ GAME 52: Vanderbilt Commodores @ Texas Longhorns ━━━[0m
[96m🕐 01/14 09:00 PM[0m

[93m📊 SPREAD:[0m
  Market: +5.5 | Model: +2.8 | Edge: -2.7
  [91m❌ NO BET[0m
  [96mEdge too small (-2.7)[0m

[93m🎯 TOTAL:[0m
  Market: 166.5 | Model: 157.5 | Edge: -9.0
  [92m✅ BET: UNDER 166.5[0m
  [96mHIGH confidence (9.0 edge)[0m

[35m📈 Vanderbilt Commodores 77.3, Texas Longhorns 80.2[0m

[1m[96m━━━ GAME 53: Utah Utes @ Texas Tech Red Raiders ━━━[0m
[96m🕐 01/14 09:00 PM[0m

[93m📊 SPREAD:[0m
  Market: -17.5 | Model: +7.2 | Edge: +24.7
  [92m✅ BET: Utah Utes +17.5[0m
  [96mHIGH confidence (+24.7 edge)[0m

[93m🎯 TOTAL:[0m
  Market: 159.5 | Model: 159.7 | Edge: +0.2
  [91m❌ NO BET[0m
  [96mEdge too small (+0.2)[0m

[35m📈 Utah Utes 76.2, Texas Tech Red Raiders 83.5[0m

[1m[96m━━━ GAME 54: Virginia Tech Hokies @ SMU Mustangs ━━━[0m
[96m🕐 01/14 09:00 PM[0m

[93m📊 SPREAD:[0m
  Market: -7.5 | Model: +1.8 | Edge: +9.3
  [92m✅ BET: Virginia Tech Hokies +7.5[0m
  [96mHIGH confidence (+9.3 edge)[0m

[93m🎯 TOTAL:[0m
  Market: 157.5 | Model: 141.6 | Edge: -15.9
  [92m✅ BET: UNDER 157.5[0m
  [96mHIGH confidence (15.9 edge)[0m

[35m📈 Virginia Tech Hokies 69.9, SMU Mustangs 71.7[0m

[1m[96m━━━ GAME 55: Loyola Marymount Lions @ Oregon St Beavers ━━━[0m
[96m🕐 01/14 10:00 PM[0m

[93m📊 SPREAD:[0m
  Market: +1.5 | Model: +5.8 | Edge: +4.3
  [91m❌ NO BET[0m
  [96mEdge too small (+4.3)[0m

[93m🎯 TOTAL:[0m
  Market: 140.5 | Model: 151.0 | Edge: +10.5
  [92m✅ BET: OVER 140.5[0m
  [96mHIGH confidence (10.5 edge)[0m

[35m📈 Loyola Marymount Lions 72.6, Oregon St Beavers 78.4[0m

[1m[96m━━━ GAME 56: Nevada Wolf Pack @ Utah State Aggies ━━━[0m
[96m🕐 01/14 10:00 PM[0m

[93m📊 SPREAD:[0m
  Market: -13.5 | Model: +5.8 | Edge: +19.3
  [92m✅ BET: Nevada Wolf Pack +13.5[0m
  [96mHIGH confidence (+19.3 edge)[0m

[93m🎯 TOTAL:[0m
  Market: 151.5 | Model: 154.4 | Edge: +2.9
  [91m❌ NO BET[0m
  [96mEdge too small (+2.9)[0m

[35m📈 Nevada Wolf Pack 74.3, Utah State Aggies 80.1[0m

[1m[96m━━━ GAME 57: Pacific Tigers @ Santa Clara Broncos ━━━[0m
[96m🕐 01/14 10:00 PM[0m

[93m📊 SPREAD:[0m
  Market: -13.5 | Model: +7.0 | Edge: +20.5
  [92m✅ BET: Pacific Tigers +13.5[0m
  [96mHIGH confidence (+20.5 edge)[0m

[93m🎯 TOTAL:[0m
  Market: 152.5 | Model: 145.0 | Edge: -7.5
  [92m✅ BET: UNDER 152.5[0m
  [96mHIGH confidence (7.5 edge)[0m

[35m📈 Pacific Tigers 69.0, Santa Clara Broncos 76.0[0m

[1m[96m━━━ GAME 58: Arizona St Sun Devils @ Arizona Wildcats ━━━[0m
[96m🕐 01/14 10:30 PM[0m

[93m📊 SPREAD:[0m
  Market: -21.5 | Model: +2.7 | Edge: +24.2
  [92m✅ BET: Arizona St Sun Devils +21.5[0m
  [96mHIGH confidence (+24.2 edge)[0m

[93m🎯 TOTAL:[0m
  Market: 167.5 | Model: 162.1 | Edge: -5.4
  [91m❌ NO BET[0m
  [96mEdge too small (-5.4)[0m

[35m📈 Arizona St Sun Devils 79.7, Arizona Wildcats 82.4[0m

[1m[96m━━━ GAME 59: Michigan Wolverines @ Washington Huskies ━━━[0m
[96m🕐 01/14 10:30 PM[0m

[93m📊 SPREAD:[0m
  Market: +12.5 | Model: +3.3 | Edge: -9.2
  [92m✅ BET: Washington Huskies +12.5[0m
  [96mHIGH confidence (-9.2 edge)[0m

[93m🎯 TOTAL:[0m
  Market: 164.5 | Model: 154.4 | Edge: -10.1
  [92m✅ BET: UNDER 164.5[0m
  [96mHIGH confidence (10.1 edge)[0m

[35m📈 Michigan Wolverines 75.6, Washington Huskies 78.8[0m

[1m[96m━━━ GAME 60: TCU Horned Frogs @ BYU Cougars ━━━[0m
[96m🕐 01/14 11:00 PM[0m

[93m📊 SPREAD:[0m
  Market: -12.5 | Model: +4.2 | Edge: +16.7
  [92m✅ BET: TCU Horned Frogs +12.5[0m
  [96mHIGH confidence (+16.7 edge)[0m

[93m🎯 TOTAL:[0m
  Market: 158.5 | Model: 145.1 | Edge: -13.4
  [92m✅ BET: UNDER 158.5[0m
  [96mHIGH confidence (13.4 edge)[0m

[35m📈 TCU Horned Frogs 70.4, BYU Cougars 74.7[0m

[1m[96m━━━ GAME 61: Duke Blue Devils @ California Golden Bears ━━━[0m
[96m🕐 01/14 11:00 PM[0m

[93m📊 SPREAD:[0m
  Market: +12.5 | Model: -0.9 | Edge: -13.4
  [92m✅ BET: California Golden Bears +12.5[0m
  [96mHIGH confidence (-13.4 edge)[0m

[93m🎯 TOTAL:[0m
  Market: 152.5 | Model: 158.3 | Edge: +5.8
  [91m❌ NO BET[0m
  [96mEdge too small (+5.8)[0m

[35m📈 Duke Blue Devils 79.6, California Golden Bears 78.7[0m

[1m========================================================================================================================[0m

[92m✓ CSV saved: /Users/rico/sports-models/ncaa/ncaab_model_output.csv[0m
[92m✓ HTML saved: /Users/rico/sports-models/ncaa/ncaab_model_output.html[0m

[1m[96mSTEP 5: Generating Final Tracking Dashboard[0m
[92m✓ Tracking dashboard saved: /Users/rico/sports-models/ncaa/ncaab_tracking_dashboard.html[0m

[1m====================================================================================================[0m
[1m[93m📊 TRACKING SUMMARY 📊[0m
[1m====================================================================================================[0m
[92mTotal Tracked Bets: 3015[0m
[92mRecord: 1520-1403-5[0m
[92mWin Rate: 52.0%[0m
[91mProfit: -19.80 units[0m
[91mROI: -0.7%[0m
[1m====================================================================================================[0m


==========================================
✅ NCAA Model completed successfully!
==========================================

📤 Pushing updates to GitHub...
[main ba68934] Update model outputs - 2026-01-14 10:30:06
 Committer: Ricardo Hill <rico@Ricos-M1-Mac-2.local>
Your name and email address were configured automatically based
on your username and hostname. Please check that they are accurate.
You can suppress this message by setting them explicitly. Run the
following command and follow the instructions in your editor to edit
your configuration file:

    git config --global --edit

After doing this, you may fix the identity used for this commit with:

    git commit --amend --reset-author

 4 files changed, 1365 insertions(+), 609 deletions(-)
To https://github.com/BangLetsGetIt/NBA-NCAA-Betting-Models.git
   f13aa87..ba68934  main -> main
✅ Successfully pushed to GitHub!
