============================================================
Scheduler run: ncaab_main_model
Time: Thu Jan 29 10:30:02 EST 2026
Working dir: /Users/rico/Dev/sports-models/ncaa
Script: ncaab_model_2ndFINAL.py
============================================================

[1m====================================================================================================[0m
[1m[96m🏀 COLLEGE BASKETBALL SHARP MODEL 🏀[0m
[1m[92m⚡ Targeting 56%+ Win Rate with Advanced Analytics ⚡[0m
[1m[93m📅 Filtering games within next 7 days[0m
[1m====================================================================================================[0m

[1m[96mSTEP 1: Checking for Completed Games & Updating Past Picks[0m
[96mChecking 91 pending picks...[0m
[96mFetching completed game scores...[0m
[92m✓ Fetched 145 completed games[0m
[93mNo picks were updated (games may not be complete yet)[0m
[92m✓ Tracking dashboard saved: /Users/rico/Dev/sports-models/ncaa/ncaab_tracking_dashboard.html[0m

[1m[96mSTEP 2: Loading Team Statistics[0m
[96mLoading team statistics...[0m
[92m✓ Using cached stats (age: 2h)[0m

[1m[96mSTEP 3: Fetching Live Odds (Next 7 Days)[0m
[92m✓ Fetched 57 games from The Odds API[0m
[92m✓ 57 games in the next 7 days[0m

[1m[96mSTEP 4: Processing Games & Generating Sharp Picks[0m


[1m[92m✅ Analyzed 57 games with complete odds[0m


[1m========================================================================================================================[0m
[1m[93m🏀 COLLEGE BASKETBALL MODEL PREDICTIONS 🏀[0m
[1m========================================================================================================================[0m

[1m[96m━━━ GAME 1: Samford Bulldogs @ Furman Paladins ━━━[0m
[96m🕐 01/29 05:00 PM[0m

[93m📊 SPREAD:[0m
  Market: -6.5 | Model: +2.1 | Edge: +8.6
  [92m✅ BET: Samford Bulldogs +6.5[0m
  [96mHIGH confidence (EV: +51.6% | Win: 79.4%)[0m

[93m🎯 TOTAL:[0m
  Market: 148.5 | Model: 141.8 | Edge: -6.7
  [92m✅ BET: UNDER 148.5[0m
  [96mHIGH confidence (EV: +40.8% | Win: 73.7%)[0m

[35m📈 Samford Bulldogs 69.9, Furman Paladins 72.0[0m

[1m[96m━━━ GAME 2: Wofford Terriers @ Chattanooga Mocs ━━━[0m
[96m🕐 01/29 06:00 PM[0m

[93m📊 SPREAD:[0m
  Market: -1.5 | Model: +4.6 | Edge: +6.1
  [92m✅ BET: Wofford Terriers +1.5[0m
  [96mHIGH confidence (EV: +37.4% | Win: 72.0%)[0m

[93m🎯 TOTAL:[0m
  Market: 150.5 | Model: 140.4 | Edge: -10.1
  [92m✅ BET: UNDER 150.5[0m
  [96mHIGH confidence (EV: +58.8% | Win: 83.2%)[0m

[35m📈 Wofford Terriers 67.9, Chattanooga Mocs 72.5[0m

[1m[96m━━━ GAME 3: UMass Lowell River Hawks @ New Hampshire Wildcats ━━━[0m
[96m🕐 01/29 06:00 PM[0m

[93m📊 SPREAD:[0m
  Market: -2.5 | Model: +0.2 | Edge: +2.7
  [91m❌ NO BET[0m
  [96mEdge too small (+2.7)[0m

[93m🎯 TOTAL:[0m
  Market: 142.5 | Model: 131.1 | Edge: -11.4
  [92m✅ BET: UNDER 142.5[0m
  [96mHIGH confidence (EV: +64.5% | Win: 86.2%)[0m

[35m📈 UMass Lowell River Hawks 65.4, New Hampshire Wildcats 65.7[0m

[1m[96m━━━ GAME 4: Bryant Bulldogs @ Binghamton Bearcats ━━━[0m
[96m🕐 01/29 06:07 PM[0m

[93m📊 SPREAD:[0m
  Market: +1.5 | Model: +2.1 | Edge: +0.6
  [91m❌ NO BET[0m
  [96mEdge too small (+0.6)[0m

[93m🎯 TOTAL:[0m
  Market: 130.5 | Model: 130.6 | Edge: +0.1
  [91m❌ NO BET[0m
  [96mEdge too small (+0.1)[0m

[35m📈 Bryant Bulldogs 64.3, Binghamton Bearcats 66.4[0m

[1m[96m━━━ GAME 5: NJIT Highlanders @ Albany Great Danes ━━━[0m
[96m🕐 01/29 06:30 PM[0m

[93m📊 SPREAD:[0m
  Market: -5.5 | Model: +6.2 | Edge: +11.7
  [92m✅ BET: NJIT Highlanders +5.5[0m
  [96mHIGH confidence (EV: +65.7% | Win: 86.8%)[0m

[93m🎯 TOTAL:[0m
  Market: 140.5 | Model: 130.0 | Edge: -10.5
  [92m✅ BET: UNDER 140.5[0m
  [96mHIGH confidence (EV: +60.8% | Win: 84.2%)[0m

[35m📈 NJIT Highlanders 61.9, Albany Great Danes 68.1[0m

[1m[96m━━━ GAME 6: Gardner-Webb Bulldogs @ UNC Asheville Bulldogs ━━━[0m
[96m🕐 01/29 06:30 PM[0m

[93m📊 SPREAD:[0m
  Market: -18.5 | Model: +6.1 | Edge: +24.6
  [92m✅ BET: Gardner-Webb Bulldogs +18.5[0m
  [96mHIGH confidence (EV: +89.1% | Win: 99.0%)[0m

[93m🎯 TOTAL:[0m
  Market: 149.5 | Model: 136.7 | Edge: -12.8
  [92m✅ BET: UNDER 149.5[0m
  [96mHIGH confidence (EV: +69.8% | Win: 88.9%)[0m

[35m📈 Gardner-Webb Bulldogs 65.3, UNC Asheville Bulldogs 71.4[0m

[1m[96m━━━ GAME 7: Colorado Buffaloes @ Iowa State Cyclones ━━━[0m
[96m🕐 01/29 06:59 PM[0m

[93m📊 SPREAD:[0m
  Market: -17.5 | Model: +5.8 | Edge: +23.3
  [92m✅ BET: Colorado Buffaloes +17.5[0m
  [96mHIGH confidence (EV: +88.4% | Win: 98.7%)[0m

[93m🎯 TOTAL:[0m
  Market: 152.5 | Model: 153.4 | Edge: +0.9
  [91m❌ NO BET[0m
  [96mEdge too small (+0.9)[0m

[35m📈 Colorado Buffaloes 73.8, Iowa State Cyclones 79.6[0m

[1m[96m━━━ GAME 8: Stony Brook Seawolves @ Campbell Fighting Camels ━━━[0m
[96m🕐 01/29 07:00 PM[0m

[93m📊 SPREAD:[0m
  Market: -5.5 | Model: +0.9 | Edge: +6.4
  [92m✅ BET: Stony Brook Seawolves +5.5[0m
  [96mHIGH confidence (EV: +39.4% | Win: 73.0%)[0m

[93m🎯 TOTAL:[0m
  Market: 150.5 | Model: 126.1 | Edge: -24.4
  [92m✅ BET: UNDER 150.5[0m
  [96mHIGH confidence (EV: +89.0% | Win: 99.0%)[0m

[35m📈 Stony Brook Seawolves 62.6, Campbell Fighting Camels 63.5[0m

[1m[96m━━━ GAME 9: Charleston Cougars @ Hofstra Pride ━━━[0m
[96m🕐 01/29 07:00 PM[0m

[93m📊 SPREAD:[0m
  Market: -3.5 | Model: -0.8 | Edge: +2.7
  [91m❌ NO BET[0m
  [96mEdge too small (+2.7)[0m

[93m🎯 TOTAL:[0m
  Market: 148.5 | Model: 132.1 | Edge: -16.4
  [92m✅ BET: UNDER 148.5[0m
  [96mHIGH confidence (EV: +79.6% | Win: 94.1%)[0m

[35m📈 Charleston Cougars 66.4, Hofstra Pride 65.7[0m

[1m[96m━━━ GAME 10: Radford Highlanders @ Charleston Southern Buccaneers ━━━[0m
[96m🕐 01/29 07:00 PM[0m

[93m📊 SPREAD:[0m
  Market: -2.5 | Model: -1.2 | Edge: +1.3
  [91m❌ NO BET[0m
  [96mEdge too small (+1.3)[0m

[93m🎯 TOTAL:[0m
  Market: 162.5 | Model: 130.1 | Edge: -32.4
  [92m✅ BET: UNDER 162.5[0m
  [96mHIGH confidence (EV: +90.7% | Win: 99.9%)[0m

[35m📈 Radford Highlanders 65.7, Charleston Southern Buccaneers 64.4[0m

[1m[96m━━━ GAME 11: St. Francis (PA) Red Flash @ Chicago St Cougars ━━━[0m
[96m🕐 01/29 07:00 PM[0m

[93m📊 SPREAD:[0m
  Market: +0.0 | Model: +3.1 | Edge: +3.1
  [91m❌ NO BET[0m
  [96mEdge too small (+3.1)[0m

[93m🎯 TOTAL:[0m
  Market: 140.5 | Model: 139.4 | Edge: -1.1
  [91m❌ NO BET[0m
  [96mEdge too small (-1.1)[0m

[35m📈 St. Francis (PA) Red Flash 68.1, Chicago St Cougars 71.2[0m

[1m[96m━━━ GAME 12: Hampton Pirates @ Drexel Dragons ━━━[0m
[96m🕐 01/29 07:00 PM[0m

[93m📊 SPREAD:[0m
  Market: -3.5 | Model: +2.8 | Edge: +6.3
  [92m✅ BET: Hampton Pirates +3.5[0m
  [96mHIGH confidence (EV: +38.6% | Win: 72.6%)[0m

[93m🎯 TOTAL:[0m
  Market: 129.5 | Model: 130.3 | Edge: +0.8
  [91m❌ NO BET[0m
  [96mEdge too small (+0.8)[0m

[35m📈 Hampton Pirates 63.7, Drexel Dragons 66.5[0m

[1m[96m━━━ GAME 13: Western Carolina Catamounts @ East Tennessee St Buccaneers ━━━[0m
[96m🕐 01/29 07:00 PM[0m

[93m📊 SPREAD:[0m
  Market: -10.5 | Model: +8.1 | Edge: +18.6
  [92m✅ BET: Western Carolina Catamounts +10.5[0m
  [96mHIGH confidence (EV: +83.7% | Win: 96.2%)[0m

[93m🎯 TOTAL:[0m
  Market: 147.5 | Model: 145.7 | Edge: -1.8
  [91m❌ NO BET[0m
  [96mEdge too small (-1.8)[0m

[35m📈 Western Carolina Catamounts 68.8, East Tennessee St Buccaneers 76.9[0m

[1m[96m━━━ GAME 14: William & Mary Tribe @ Elon Phoenix ━━━[0m
[96m🕐 01/29 07:00 PM[0m

[93m📊 SPREAD:[0m
  Market: +2.5 | Model: +2.2 | Edge: -0.3
  [91m❌ NO BET[0m
  [96mEdge too small (-0.3)[0m

[93m🎯 TOTAL:[0m
  Market: 167.5 | Model: 135.1 | Edge: -32.4
  [92m✅ BET: UNDER 167.5[0m
  [96mHIGH confidence (EV: +90.7% | Win: 99.9%)[0m

[35m📈 William & Mary Tribe 66.4, Elon Phoenix 68.7[0m

[1m[96m━━━ GAME 15: Fairleigh Dickinson Knights @ Stonehill Skyhawks ━━━[0m
[96m🕐 01/29 07:00 PM[0m

[93m📊 SPREAD:[0m
  Market: -1.5 | Model: +3.5 | Edge: +5.0
  [91m❌ NO BET[0m
  [96mEdge too small (+5.0)[0m

[93m🎯 TOTAL:[0m
  Market: 130.5 | Model: 130.5 | Edge: +0.0
  [91m❌ NO BET[0m
  [96mEdge too small (+0.0)[0m

[35m📈 Fairleigh Dickinson Knights 63.5, Stonehill Skyhawks 67.0[0m

[1m[96m━━━ GAME 16: North Alabama Lions @ Florida Gulf Coast Eagles ━━━[0m
[96m🕐 01/29 07:00 PM[0m

[93m📊 SPREAD:[0m
  Market: -8.5 | Model: +1.4 | Edge: +9.9
  [92m✅ BET: North Alabama Lions +8.5[0m
  [96mHIGH confidence (EV: +57.9% | Win: 82.7%)[0m

[93m🎯 TOTAL:[0m
  Market: 146.5 | Model: 135.1 | Edge: -11.4
  [92m✅ BET: UNDER 146.5[0m
  [96mHIGH confidence (EV: +64.6% | Win: 86.2%)[0m

[35m📈 North Alabama Lions 66.8, Florida Gulf Coast Eagles 68.2[0m

[1m[96m━━━ GAME 17: Lipscomb Bisons @ Jacksonville Dolphins ━━━[0m
[96m🕐 01/29 07:00 PM[0m

[93m📊 SPREAD:[0m
  Market: +4.5 | Model: -0.9 | Edge: -5.4
  [91m❌ NO BET[0m
  [96mEdge too small (-5.4)[0m

[93m🎯 TOTAL:[0m
  Market: 142.5 | Model: 139.0 | Edge: -3.5
  [91m❌ NO BET[0m
  [96mEdge too small (-3.5)[0m

[35m📈 Lipscomb Bisons 70.0, Jacksonville Dolphins 69.0[0m

[1m[96m━━━ GAME 18: James Madison Dukes @ Troy Trojans ━━━[0m
[96m🕐 01/29 07:00 PM[0m

[93m📊 SPREAD:[0m
  Market: -8.5 | Model: -0.5 | Edge: +8.0
  [92m✅ BET: James Madison Dukes +8.5[0m
  [96mHIGH confidence (EV: +48.2% | Win: 77.6%)[0m

[93m🎯 TOTAL:[0m
  Market: 149.5 | Model: 137.3 | Edge: -12.2
  [92m✅ BET: UNDER 149.5[0m
  [96mHIGH confidence (EV: +67.5% | Win: 87.7%)[0m

[35m📈 James Madison Dukes 68.9, Troy Trojans 68.4[0m

[1m[96m━━━ GAME 19: Le Moyne Dolphins @ LIU Sharks ━━━[0m
[96m🕐 01/29 07:00 PM[0m

[93m📊 SPREAD:[0m
  Market: -8.5 | Model: +0.5 | Edge: +9.0
  [92m✅ BET: Le Moyne Dolphins +8.5[0m
  [96mHIGH confidence (EV: +53.5% | Win: 80.4%)[0m

[93m🎯 TOTAL:[0m
  Market: 147.5 | Model: 131.4 | Edge: -16.1
  [92m✅ BET: UNDER 147.5[0m
  [96mHIGH confidence (EV: +79.1% | Win: 93.8%)[0m

[35m📈 Le Moyne Dolphins 65.4, LIU Sharks 65.9[0m

[1m[96m━━━ GAME 20: Liberty Flames @ Middle Tennessee Blue Raiders ━━━[0m
[96m🕐 01/29 07:00 PM[0m

[93m📊 SPREAD:[0m
  Market: +1.5 | Model: +3.0 | Edge: +1.5
  [91m❌ NO BET[0m
  [96mEdge too small (+1.5)[0m

[93m🎯 TOTAL:[0m
  Market: 135.5 | Model: 144.5 | Edge: +9.0
  [92m✅ BET: OVER 135.5[0m
  [96mHIGH confidence (EV: +53.6% | Win: 80.5%)[0m

[35m📈 Liberty Flames 70.8, Middle Tennessee Blue Raiders 73.7[0m

[1m[96m━━━ GAME 21: Longwood Lancers @ South Carolina Upstate Spartans ━━━[0m
[96m🕐 01/29 07:00 PM[0m

[93m📊 SPREAD:[0m
  Market: -3.5 | Model: +1.6 | Edge: +5.1
  [91m❌ NO BET[0m
  [96mEdge too small (+5.1)[0m

[93m🎯 TOTAL:[0m
  Market: 144.5 | Model: 136.9 | Edge: -7.6
  [92m✅ BET: UNDER 144.5[0m
  [96mHIGH confidence (EV: +45.9% | Win: 76.4%)[0m

[35m📈 Longwood Lancers 67.7, South Carolina Upstate Spartans 69.3[0m

[1m[96m━━━ GAME 22: UNC Greensboro Spartans @ Mercer Bears ━━━[0m
[96m🕐 01/29 07:00 PM[0m

[93m📊 SPREAD:[0m
  Market: -10.5 | Model: +1.3 | Edge: +11.8
  [92m✅ BET: UNC Greensboro Spartans +10.5[0m
  [96mHIGH confidence (EV: +66.1% | Win: 87.0%)[0m

[93m🎯 TOTAL:[0m
  Market: 159.5 | Model: 134.5 | Edge: -25.0
  [92m✅ BET: UNDER 159.5[0m
  [96mHIGH confidence (EV: +89.3% | Win: 99.1%)[0m

[35m📈 UNC Greensboro Spartans 66.6, Mercer Bears 67.9[0m

[1m[96m━━━ GAME 23: New Haven Chargers @ Mercyhurst Lakers ━━━[0m
[96m🕐 01/29 07:00 PM[0m

[93m📊 SPREAD:[0m
  Market: -5.5 | Model: +3.6 | Edge: +9.1
  [92m✅ BET: New Haven Chargers +5.5[0m
  [96mHIGH confidence (EV: +53.9% | Win: 80.6%)[0m

[93m🎯 TOTAL:[0m
  Market: 121.5 | Model: 129.9 | Edge: +8.4
  [92m✅ BET: OVER 121.5[0m
  [96mHIGH confidence (EV: +50.7% | Win: 78.9%)[0m

[35m📈 New Haven Chargers 63.2, Mercyhurst Lakers 66.8[0m

[1m[96m━━━ GAME 24: North Carolina A&T Aggies @ Monmouth Hawks ━━━[0m
[96m🕐 01/29 07:00 PM[0m

[93m📊 SPREAD:[0m
  Market: -9.5 | Model: +5.5 | Edge: +15.0
  [92m✅ BET: North Carolina A&T Aggies +9.5[0m
  [96mHIGH confidence (EV: +76.3% | Win: 92.4%)[0m

[93m🎯 TOTAL:[0m
  Market: 143.5 | Model: 129.8 | Edge: -13.7
  [92m✅ BET: UNDER 143.5[0m
  [96mHIGH confidence (EV: +72.7% | Win: 90.5%)[0m

[35m📈 North Carolina A&T Aggies 62.1, Monmouth Hawks 67.6[0m

[1m[96m━━━ GAME 25: Stetson Hatters @ North Florida Ospreys ━━━[0m
[96m🕐 01/29 07:00 PM[0m

[93m📊 SPREAD:[0m
  Market: -1.5 | Model: +7.0 | Edge: +8.5
  [92m✅ BET: Stetson Hatters +1.5[0m
  [96mHIGH confidence (EV: +51.2% | Win: 79.2%)[0m

[93m🎯 TOTAL:[0m
  Market: 166.5 | Model: 133.1 | Edge: -33.4
  [92m✅ BET: UNDER 166.5[0m
  [96mHIGH confidence (EV: +90.8% | Win: 99.9%)[0m

[35m📈 Stetson Hatters 63.0, North Florida Ospreys 70.1[0m

[1m[96m━━━ GAME 26: VMI Keydets @ The Citadel Bulldogs ━━━[0m
[96m🕐 01/29 07:00 PM[0m

[93m📊 SPREAD:[0m
  Market: -2.5 | Model: +2.4 | Edge: +4.9
  [91m❌ NO BET[0m
  [96mEdge too small (+4.9)[0m

[93m🎯 TOTAL:[0m
  Market: 142.5 | Model: 124.4 | Edge: -18.1
  [92m✅ BET: UNDER 142.5[0m
  [96mHIGH confidence (EV: +82.8% | Win: 95.7%)[0m

[35m📈 VMI Keydets 61.0, The Citadel Bulldogs 63.4[0m

[1m[96m━━━ GAME 27: UMBC Retrievers @ Vermont Catamounts ━━━[0m
[96m🕐 01/29 07:00 PM[0m

[93m📊 SPREAD:[0m
  Market: -7.5 | Model: +0.4 | Edge: +7.9
  [92m✅ BET: UMBC Retrievers +7.5[0m
  [96mHIGH confidence (EV: +47.8% | Win: 77.4%)[0m

[93m🎯 TOTAL:[0m
  Market: 139.5 | Model: 130.6 | Edge: -8.9
  [92m✅ BET: UNDER 139.5[0m
  [96mHIGH confidence (EV: +53.2% | Win: 80.3%)[0m

[35m📈 UMBC Retrievers 65.1, Vermont Catamounts 65.5[0m

[1m[96m━━━ GAME 28: Central Connecticut St Blue Devils @ Wagner Seahawks ━━━[0m
[96m🕐 01/29 07:30 PM[0m

[93m📊 SPREAD:[0m
  Market: +1.5 | Model: -6.5 | Edge: -8.0
  [92m✅ BET: Wagner Seahawks +1.5[0m
  [96mHIGH confidence (EV: +48.5% | Win: 77.8%)[0m

[93m🎯 TOTAL:[0m
  Market: 141.5 | Model: 132.4 | Edge: -9.1
  [92m✅ BET: UNDER 141.5[0m
  [96mHIGH confidence (EV: +54.2% | Win: 80.8%)[0m

[35m📈 Central Connecticut St Blue Devils 69.5, Wagner Seahawks 62.9[0m

[1m[96m━━━ GAME 29: Georgia Southern Eagles @ UL Monroe Warhawks ━━━[0m
[96m🕐 01/29 07:30 PM[0m

[93m📊 SPREAD:[0m
  Market: +11.0 | Model: +3.9 | Edge: -7.1
  [92m✅ BET: UL Monroe Warhawks +11.0[0m
  [96mHIGH confidence (EV: +43.2% | Win: 75.0%)[0m

[93m🎯 TOTAL:[0m
  Market: 161.0 | Model: 136.7 | Edge: -24.3
  [92m✅ BET: UNDER 161.0[0m
  [96mHIGH confidence (EV: +89.0% | Win: 99.0%)[0m

[35m📈 Georgia Southern Eagles 66.4, UL Monroe Warhawks 70.3[0m

[1m[96m━━━ GAME 30: SIU-Edwardsville Cougars @ Morehead St Eagles ━━━[0m
[96m🕐 01/29 07:30 PM[0m

[93m📊 SPREAD:[0m
  Market: -1.5 | Model: +3.1 | Edge: +4.6
  [91m❌ NO BET[0m
  [96mEdge too small (+4.6)[0m

[93m🎯 TOTAL:[0m
  Market: 131.5 | Model: 139.4 | Edge: +7.9
  [92m✅ BET: OVER 131.5[0m
  [96mHIGH confidence (EV: +47.7% | Win: 77.4%)[0m

[35m📈 SIU-Edwardsville Cougars 68.1, Morehead St Eagles 71.2[0m

[1m[96m━━━ GAME 31: Penn State Nittany Lions @ Northwestern Wildcats ━━━[0m
[96m🕐 01/29 07:59 PM[0m

[93m📊 SPREAD:[0m
  Market: -7.5 | Model: +1.7 | Edge: +9.2
  [92m✅ BET: Penn State Nittany Lions +7.5[0m
  [96mHIGH confidence (EV: +54.7% | Win: 81.0%)[0m

[93m🎯 TOTAL:[0m
  Market: 148.5 | Model: 152.1 | Edge: +3.6
  [91m❌ NO BET[0m
  [96mEdge too small (+3.6)[0m

[35m📈 Penn State Nittany Lions 75.2, Northwestern Wildcats 76.9[0m

[1m[96m━━━ GAME 32: Utah Tech Trailblazers @ Abilene Christian Wildcats ━━━[0m
[96m🕐 01/29 08:00 PM[0m

[93m📊 SPREAD:[0m
  Market: -3.5 | Model: -0.7 | Edge: +2.8
  [91m❌ NO BET[0m
  [96mEdge too small (+2.8)[0m

[93m🎯 TOTAL:[0m
  Market: 141.5 | Model: 133.5 | Edge: -8.0
  [92m✅ BET: UNDER 141.5[0m
  [96mHIGH confidence (EV: +48.4% | Win: 77.8%)[0m

[35m📈 Utah Tech Trailblazers 67.1, Abilene Christian Wildcats 66.4[0m

[1m[96m━━━ GAME 33: Appalachian St Mountaineers @ Southern Miss Golden Eagles ━━━[0m
[96m🕐 01/29 08:00 PM[0m

[93m📊 SPREAD:[0m
  Market: +1.5 | Model: -0.4 | Edge: -1.9
  [91m❌ NO BET[0m
  [96mEdge too small (-1.9)[0m

[93m🎯 TOTAL:[0m
  Market: 133.5 | Model: 137.2 | Edge: +3.7
  [91m❌ NO BET[0m
  [96mEdge too small (+3.7)[0m

[35m📈 Appalachian St Mountaineers 68.8, Southern Miss Golden Eagles 68.4[0m

[1m[96m━━━ GAME 34: Coastal Carolina Chanticleers @ South Alabama Jaguars ━━━[0m
[96m🕐 01/29 08:00 PM[0m

[93m📊 SPREAD:[0m
  Market: -5.5 | Model: +2.9 | Edge: +8.4
  [92m✅ BET: Coastal Carolina Chanticleers +5.5[0m
  [96mHIGH confidence (EV: +50.6% | Win: 78.9%)[0m

[93m🎯 TOTAL:[0m
  Market: 139.5 | Model: 127.5 | Edge: -12.0
  [92m✅ BET: UNDER 139.5[0m
  [96mHIGH confidence (EV: +66.7% | Win: 87.3%)[0m

[35m📈 Coastal Carolina Chanticleers 62.3, South Alabama Jaguars 65.2[0m

[1m[96m━━━ GAME 35: Eastern Washington Eagles @ Northern Arizona Lumberjacks ━━━[0m
[96m🕐 01/29 08:00 PM[0m

[93m📊 SPREAD:[0m
  Market: +1.5 | Model: +3.7 | Edge: +2.2
  [91m❌ NO BET[0m
  [96mEdge too small (+2.2)[0m

[93m🎯 TOTAL:[0m
  Market: 143.5 | Model: 130.6 | Edge: -12.9
  [92m✅ BET: UNDER 143.5[0m
  [96mHIGH confidence (EV: +70.0% | Win: 89.0%)[0m

[35m📈 Eastern Washington Eagles 63.5, Northern Arizona Lumberjacks 67.1[0m

[1m[96m━━━ GAME 36: Florida Atlantic Owls @ Memphis Tigers ━━━[0m
[96m🕐 01/29 08:00 PM[0m

[93m📊 SPREAD:[0m
  Market: -1.5 | Model: +1.8 | Edge: +3.3
  [91m❌ NO BET[0m
  [96mEdge too small (+3.3)[0m

[93m🎯 TOTAL:[0m
  Market: 151.5 | Model: 148.0 | Edge: -3.5
  [91m❌ NO BET[0m
  [96mEdge too small (-3.5)[0m

[35m📈 Florida Atlantic Owls 73.1, Memphis Tigers 74.9[0m

[1m[96m━━━ GAME 37: Georgia St Panthers @ Louisiana Ragin' Cajuns ━━━[0m
[96m🕐 01/29 08:00 PM[0m

[93m📊 SPREAD:[0m
  Market: +1.5 | Model: -0.2 | Edge: -1.7
  [91m❌ NO BET[0m
  [96mEdge too small (-1.7)[0m

[93m🎯 TOTAL:[0m
  Market: 128.5 | Model: 139.1 | Edge: +10.6
  [92m✅ BET: OVER 128.5[0m
  [96mHIGH confidence (EV: +61.0% | Win: 84.3%)[0m

[35m📈 Georgia St Panthers 69.6, Louisiana Ragin' Cajuns 69.4[0m

[1m[96m━━━ GAME 38: North Dakota Fighting Hawks @ St. Thomas (MN) Tommies ━━━[0m
[96m🕐 01/29 08:00 PM[0m

[93m📊 SPREAD:[0m
  Market: -12.5 | Model: +4.1 | Edge: +16.6
  [92m✅ BET: North Dakota Fighting Hawks +12.5[0m
  [96mHIGH confidence (EV: +80.1% | Win: 94.3%)[0m

[93m🎯 TOTAL:[0m
  Market: 152.5 | Model: 140.3 | Edge: -12.2
  [92m✅ BET: UNDER 152.5[0m
  [96mHIGH confidence (EV: +67.7% | Win: 87.8%)[0m

[35m📈 North Dakota Fighting Hawks 68.1, St. Thomas (MN) Tommies 72.2[0m

[1m[96m━━━ GAME 39: Oral Roberts Golden Eagles @ South Dakota Coyotes ━━━[0m
[96m🕐 01/29 08:00 PM[0m

[93m📊 SPREAD:[0m
  Market: -3.5 | Model: +5.0 | Edge: +8.5
  [92m✅ BET: Oral Roberts Golden Eagles +3.5[0m
  [96mHIGH confidence (EV: +50.9% | Win: 79.0%)[0m

[93m🎯 TOTAL:[0m
  Market: 153.5 | Model: 137.1 | Edge: -16.4
  [92m✅ BET: UNDER 153.5[0m
  [96mHIGH confidence (EV: +79.6% | Win: 94.1%)[0m

[35m📈 Oral Roberts Golden Eagles 66.1, South Dakota Coyotes 71.0[0m

[1m[96m━━━ GAME 40: Southern Utah Thunderbirds @ UT-Arlington Mavericks ━━━[0m
[96m🕐 01/29 08:00 PM[0m

[93m📊 SPREAD:[0m
  Market: -8.5 | Model: +5.7 | Edge: +14.2
  [92m✅ BET: Southern Utah Thunderbirds +8.5[0m
  [96mHIGH confidence (EV: +74.0% | Win: 91.1%)[0m

[93m🎯 TOTAL:[0m
  Market: 142.5 | Model: 135.8 | Edge: -6.7
  [92m✅ BET: UNDER 142.5[0m
  [96mHIGH confidence (EV: +40.9% | Win: 73.8%)[0m

[35m📈 Southern Utah Thunderbirds 65.1, UT-Arlington Mavericks 70.7[0m

[1m[96m━━━ GAME 41: Utah Valley Wolverines @ Tarleton State Texans ━━━[0m
[96m🕐 01/29 08:00 PM[0m

[93m📊 SPREAD:[0m
  Market: +4.5 | Model: -1.3 | Edge: -5.8
  [91m❌ NO BET[0m
  [96mEdge too small (-5.8)[0m

[93m🎯 TOTAL:[0m
  Market: 157.5 | Model: 134.1 | Edge: -23.4
  [92m✅ BET: UNDER 157.5[0m
  [96mHIGH confidence (EV: +88.5% | Win: 98.7%)[0m

[35m📈 Utah Valley Wolverines 67.7, Tarleton State Texans 66.4[0m

[1m[96m━━━ GAME 42: Arkansas-Little Rock Trojans @ Tennessee St Tigers ━━━[0m
[96m🕐 01/29 08:30 PM[0m

[93m📊 SPREAD:[0m
  Market: -4.5 | Model: +7.6 | Edge: +12.1
  [92m✅ BET: Arkansas-Little Rock Trojans +4.5[0m
  [96mHIGH confidence (EV: +67.0% | Win: 87.5%)[0m

[93m🎯 TOTAL:[0m
  Market: 153.5 | Model: 146.2 | Edge: -7.3
  [92m✅ BET: UNDER 153.5[0m
  [96mHIGH confidence (EV: +44.2% | Win: 75.5%)[0m

[35m📈 Arkansas-Little Rock Trojans 69.3, Tennessee St Tigers 76.9[0m

[1m[96m━━━ GAME 43: Tenn-Martin Skyhawks @ Eastern Illinois Panthers ━━━[0m
[96m🕐 01/29 08:30 PM[0m

[93m📊 SPREAD:[0m
  Market: +4.5 | Model: -1.5 | Edge: -6.0
  [91m❌ NO BET[0m
  [96mEdge too small (-6.0)[0m

[93m🎯 TOTAL:[0m
  Market: 128.5 | Model: 131.4 | Edge: +2.9
  [91m❌ NO BET[0m
  [96mEdge too small (+2.9)[0m

[35m📈 Tenn-Martin Skyhawks 66.5, Eastern Illinois Panthers 65.0[0m

[1m[96m━━━ GAME 44: Lindenwood Lions @ Southern Indiana Screaming Eagles ━━━[0m
[96m🕐 01/29 08:30 PM[0m

[93m📊 SPREAD:[0m
  Market: +3.5 | Model: +6.9 | Edge: +3.4
  [91m❌ NO BET[0m
  [96mEdge too small (+3.4)[0m

[93m🎯 TOTAL:[0m
  Market: 149.5 | Model: 128.3 | Edge: -21.2
  [92m✅ BET: UNDER 149.5[0m
  [96mHIGH confidence (EV: +86.7% | Win: 97.8%)[0m

[35m📈 Lindenwood Lions 60.7, Southern Indiana Screaming Eagles 67.6[0m

[1m[96m━━━ GAME 45: SE Missouri St Redhawks @ Western Illinois Leathernecks ━━━[0m
[96m🕐 01/29 08:30 PM[0m

[93m📊 SPREAD:[0m
  Market: +9.5 | Model: -2.7 | Edge: -12.2
  [92m✅ BET: Western Illinois Leathernecks +9.5[0m
  [96mHIGH confidence (EV: +67.6% | Win: 87.8%)[0m

[93m🎯 TOTAL:[0m
  Market: 140.5 | Model: 138.4 | Edge: -2.1
  [91m❌ NO BET[0m
  [96mEdge too small (-2.1)[0m

[35m📈 SE Missouri St Redhawks 70.6, Western Illinois Leathernecks 67.9[0m

[1m[96m━━━ GAME 46: Presbyterian Blue Hose @ High Point Panthers ━━━[0m
[96m🕐 01/29 09:00 PM[0m

[93m📊 SPREAD:[0m
  Market: -17.5 | Model: +7.9 | Edge: +25.4
  [92m✅ BET: Presbyterian Blue Hose +17.5[0m
  [96mHIGH confidence (EV: +89.4% | Win: 99.2%)[0m

[93m🎯 TOTAL:[0m
  Market: 149.5 | Model: 137.2 | Edge: -12.3
  [92m✅ BET: UNDER 149.5[0m
  [96mHIGH confidence (EV: +68.0% | Win: 88.0%)[0m

[35m📈 Presbyterian Blue Hose 64.6, High Point Panthers 72.5[0m

[1m[96m━━━ GAME 47: Idaho Vandals @ N Colorado Bears ━━━[0m
[96m🕐 01/29 09:00 PM[0m

[93m📊 SPREAD:[0m
  Market: -2.5 | Model: -0.4 | Edge: +2.1
  [91m❌ NO BET[0m
  [96mEdge too small (+2.1)[0m

[93m🎯 TOTAL:[0m
  Market: 154.5 | Model: 137.9 | Edge: -16.6
  [92m✅ BET: UNDER 154.5[0m
  [96mHIGH confidence (EV: +80.1% | Win: 94.3%)[0m

[35m📈 Idaho Vandals 69.1, N Colorado Bears 68.7[0m

[1m[96m━━━ GAME 48: UNC Wilmington Seahawks @ Towson Tigers ━━━[0m
[96m🕐 01/29 09:00 PM[0m

[93m📊 SPREAD:[0m
  Market: -1.5 | Model: +0.6 | Edge: +2.1
  [91m❌ NO BET[0m
  [96mEdge too small (+2.1)[0m

[93m🎯 TOTAL:[0m
  Market: 134.5 | Model: 135.0 | Edge: +0.5
  [91m❌ NO BET[0m
  [96mEdge too small (+0.5)[0m

[35m📈 UNC Wilmington Seahawks 67.2, Towson Tigers 67.8[0m

[1m[96m━━━ GAME 49: Washington Huskies @ Illinois Fighting Illini ━━━[0m
[96m🕐 01/29 09:00 PM[0m

[93m📊 SPREAD:[0m
  Market: -12.5 | Model: +5.7 | Edge: +18.2
  [92m✅ BET: Washington Huskies +12.5[0m
  [96mHIGH confidence (EV: +83.0% | Win: 95.9%)[0m

[93m🎯 TOTAL:[0m
  Market: 153.5 | Model: 152.4 | Edge: -1.1
  [91m❌ NO BET[0m
  [96mEdge too small (-1.1)[0m

[35m📈 Washington Huskies 73.3, Illinois Fighting Illini 79.1[0m

[1m[96m━━━ GAME 50: Cal Poly Mustangs @ CSU Bakersfield Roadrunners ━━━[0m
[96m🕐 01/29 09:30 PM[0m

[93m📊 SPREAD:[0m
  Market: +1.5 | Model: -0.2 | Edge: -1.7
  [91m❌ NO BET[0m
  [96mEdge too small (-1.7)[0m

[93m🎯 TOTAL:[0m
  Market: 162.5 | Model: 144.8 | Edge: -17.7
  [92m✅ BET: UNDER 162.5[0m
  [96mHIGH confidence (EV: +82.1% | Win: 95.4%)[0m

[35m📈 Cal Poly Mustangs 72.5, CSU Bakersfield Roadrunners 72.3[0m

[1m[96m━━━ GAME 51: UC Davis Aggies @ CSU Northridge Matadors ━━━[0m
[96m🕐 01/29 10:00 PM[0m

[93m📊 SPREAD:[0m
  Market: -1.5 | Model: +7.0 | Edge: +8.5
  [92m✅ BET: UC Davis Aggies +1.5[0m
  [96mHIGH confidence (EV: +50.7% | Win: 79.0%)[0m

[93m🎯 TOTAL:[0m
  Market: 163.5 | Model: 135.1 | Edge: -28.4
  [92m✅ BET: UNDER 163.5[0m
  [96mHIGH confidence (EV: +90.3% | Win: 99.7%)[0m

[35m📈 UC Davis Aggies 64.1, CSU Northridge Matadors 71.0[0m

[1m[96m━━━ GAME 52: Long Beach St 49ers @ UC Riverside Highlanders ━━━[0m
[96m🕐 01/29 10:00 PM[0m

[93m📊 SPREAD:[0m
  Market: +2.5 | Model: +5.0 | Edge: +2.5
  [91m❌ NO BET[0m
  [96mEdge too small (+2.5)[0m

[93m🎯 TOTAL:[0m
  Market: 144.5 | Model: 138.1 | Edge: -6.4
  [92m✅ BET: UNDER 144.5[0m
  [96mHIGH confidence (EV: +39.4% | Win: 73.0%)[0m

[35m📈 Long Beach St 49ers 66.6, UC Riverside Highlanders 71.5[0m

[1m[96m━━━ GAME 53: Montana Grizzlies @ Portland St Vikings ━━━[0m
[96m🕐 01/29 10:00 PM[0m

[93m📊 SPREAD:[0m
  Market: -3.5 | Model: +1.6 | Edge: +5.1
  [91m❌ NO BET[0m
  [96mEdge too small (+5.1)[0m

[93m🎯 TOTAL:[0m
  Market: 143.5 | Model: 136.4 | Edge: -7.1
  [92m✅ BET: UNDER 143.5[0m
  [96mHIGH confidence (EV: +43.4% | Win: 75.1%)[0m

[35m📈 Montana Grizzlies 67.4, Portland St Vikings 69.0[0m

[1m[96m━━━ GAME 54: Montana St Bobcats @ Sacramento St Hornets ━━━[0m
[96m🕐 01/29 10:00 PM[0m

[93m📊 SPREAD:[0m
  Market: +5.5 | Model: -0.1 | Edge: -5.6
  [91m❌ NO BET[0m
  [96mEdge too small (-5.6)[0m

[93m🎯 TOTAL:[0m
  Market: 154.5 | Model: 138.9 | Edge: -15.6
  [92m✅ BET: UNDER 154.5[0m
  [96mHIGH confidence (EV: +77.9% | Win: 93.2%)[0m

[35m📈 Montana St Bobcats 69.5, Sacramento St Hornets 69.4[0m

[1m[96m━━━ GAME 55: UC Santa Barbara Gauchos @ UC San Diego Tritons ━━━[0m
[96m🕐 01/29 10:00 PM[0m

[93m📊 SPREAD:[0m
  Market: -3.5 | Model: +2.6 | Edge: +6.1
  [92m✅ BET: UC Santa Barbara Gauchos +3.5[0m
  [96mHIGH confidence (EV: +37.4% | Win: 72.0%)[0m

[93m🎯 TOTAL:[0m
  Market: 143.5 | Model: 143.5 | Edge: -0.0
  [91m❌ NO BET[0m
  [96mEdge too small (-0.0)[0m

[35m📈 UC Santa Barbara Gauchos 70.4, UC San Diego Tritons 73.0[0m

[1m[96m━━━ GAME 56: Hawai'i Rainbow Warriors @ UC Irvine Anteaters ━━━[0m
[96m🕐 01/29 11:00 PM[0m

[93m📊 SPREAD:[0m
  Market: -1.5 | Model: +1.0 | Edge: +2.5
  [91m❌ NO BET[0m
  [96mEdge too small (+2.5)[0m

[93m🎯 TOTAL:[0m
  Market: 140.5 | Model: 143.2 | Edge: +2.7
  [91m❌ NO BET[0m
  [96mEdge too small (+2.7)[0m

[35m📈 Hawai'i Rainbow Warriors 71.1, UC Irvine Anteaters 72.1[0m

[1m[96m━━━ GAME 57: Michigan Wolverines @ Michigan St Spartans ━━━[0m
[96m🕐 01/30 08:00 PM[0m

[93m📊 SPREAD:[0m
  Market: +1.5 | Model: +3.1 | Edge: +1.6
  [91m❌ NO BET[0m
  [96mEdge too small (+1.6)[0m

[93m🎯 TOTAL:[0m
  Market: 145.5 | Model: 157.4 | Edge: +11.9
  [92m✅ BET: OVER 145.5[0m
  [96mHIGH confidence (EV: +66.2% | Win: 87.1%)[0m

[35m📈 Michigan Wolverines 77.1, Michigan St Spartans 80.2[0m

[1m========================================================================================================================[0m

[92m✓ CSV saved: /Users/rico/Dev/sports-models/ncaa/ncaab_model_output.csv[0m
[92m✓ HTML saved: /Users/rico/Dev/sports-models/ncaa/ncaab_model_output.html[0m

[1m[96mSTEP 5: Generating Final Tracking Dashboard[0m
[92m✓ Tracking dashboard saved: /Users/rico/Dev/sports-models/ncaa/ncaab_tracking_dashboard.html[0m

[1m====================================================================================================[0m
[1m[93m📊 TRACKING SUMMARY 📊[0m
[1m====================================================================================================[0m
[92mTotal Tracked Bets: 4032[0m
[92mRecord: 2065-1870-6[0m
[92mWin Rate: 52.5%[0m
[92mProfit: +9.15 units[0m
[92mROI: +0.2%[0m
[1m====================================================================================================[0m

✅ Completed: ncaab_main_model at Thu Jan 29 10:30:07 EST 2026

📊 Generating NCAAB Analysis Report...
HTML Report generated at: /Users/rico/Dev/sports-models/ncaa/ncaab_analysis_report.html
✅ NCAAB Analysis Report generated

📤 Auto-pushing model outputs to GitHub...
📥 Pulling latest changes from remote...
Already up to date.
[main 3e5ed091] Update model outputs - 2026-01-29 10:30:08
 Committer: Ricardo Hill <rico@Ricos-M1-Mac-2.local>
Your name and email address were configured automatically based
on your username and hostname. Please check that they are accurate.
You can suppress this message by setting them explicitly. Run the
following command and follow the instructions in your editor to edit
your configuration file:

    git config --global --edit

After doing this, you may fix the identity used for this commit with:

    git commit --amend --reset-author

 4 files changed, 24 insertions(+), 99 deletions(-)
📤 Pushing to GitHub...
To https://github.com/BangLetsGetIt/NBA-NCAA-Betting-Models.git
   b3b5a866..3e5ed091  main -> main
✅ Successfully pushed to GitHub!
✅ Auto-push succeeded at Thu Jan 29 10:30:09 EST 2026
