==========================================
NCAA Model Run: Mon Jan 26 10:30:05 EST 2026
==========================================
Running NCAA Basketball model (IMPROVED)...

[1m====================================================================================================[0m
[1m[96m🏀 COLLEGE BASKETBALL SHARP MODEL 🏀[0m
[1m[92m⚡ Targeting 56%+ Win Rate with Advanced Analytics ⚡[0m
[1m[93m📅 Filtering games within next 7 days[0m
[1m====================================================================================================[0m

[1m[96mSTEP 1: Checking for Completed Games & Updating Past Picks[0m
[96mChecking 16 pending picks...[0m
[96mFetching completed game scores...[0m
[92m✓ Fetched 151 completed games[0m
[92m✓ Updated: ✅ BET: UNDER 166.5 -> WIN[0m
[92m✓ Updated: ✅ BET: Chicago St Cougars +9.5 -> WIN[0m
[92m✓ Updated: ✅ BET: Oregon Ducks +9.5 -> LOSS[0m
[92m✓ Updated: ✅ BET: USC Trojans +7.5 -> WIN[0m
[92m✓ Updated: ✅ BET: UNDER 159.5 -> WIN[0m
[92m✓ Updated: ✅ BET: OVER 143.5 -> LOSS[0m
[92m✓ Tracking data saved to /Users/rico/sports-models/ncaa/ncaab_picks_tracking.json[0m
[92m  Total picks in file: 3793[0m
[92m✅ Updated 6 picks[0m
[92m✓ Tracking dashboard saved: /Users/rico/sports-models/ncaa/ncaab_tracking_dashboard.html[0m

[1m[96mSTEP 2: Loading Team Statistics[0m
[96mLoading team statistics...[0m
[93m⚠️  Cache expired or missing. Fetching fresh stats from Sports-Reference...[0m
Fetching Pace data from Advanced Stats...
✓ Parsed Pace for 364 teams
Fetching NCAA basketball ratings for 2025 season...
Columns found: [' 0_Rk', ' 1_School', ' 2_Conf', ' 3_ 3', ' 4_W', ' 5_L', ' 6_Pts', ' 7_Opp', ' 8_MOV', ' 9_ 9', ' 10_SOS', ' 11_ 11', 'SRS_OSRS', 'SRS_DSRS', 'SRS_SRS', 'Adjusted_ORtg', 'Adjusted_DRtg', 'Adjusted_NRtg']

✓ Successfully fetched stats for 364 teams
[92m✓ Stats cached to /Users/rico/sports-models/ncaa/ncaab_stats_cache.json[0m

[1m[96mSTEP 3: Fetching Live Odds (Next 7 Days)[0m
[92m✓ Fetched 13 games from The Odds API[0m
[92m✓ 13 games in the next 7 days[0m

[1m[96mSTEP 4: Processing Games & Generating Sharp Picks[0m

[92m✓ Tracking data saved to /Users/rico/sports-models/ncaa/ncaab_picks_tracking.json[0m
[92m  Total picks in file: 3794[0m
[35m📝 LOGGED: TOTAL - ✅ BET: UNDER 141.5 (Edge: -10.1)[0m
[92m✓ Tracking data saved to /Users/rico/sports-models/ncaa/ncaab_picks_tracking.json[0m
[92m  Total picks in file: 3795[0m
[35m📝 LOGGED: SPREAD - ✅ BET: Abilene Christian Wildcats +4.5 (Edge: +6.1)[0m
[92m✓ Tracking data saved to /Users/rico/sports-models/ncaa/ncaab_picks_tracking.json[0m
[92m  Total picks in file: 3796[0m
[35m📝 LOGGED: TOTAL - ✅ BET: UNDER 145.5 (Edge: -14.0)[0m
[92m✓ Tracking data saved to /Users/rico/sports-models/ncaa/ncaab_picks_tracking.json[0m
[92m  Total picks in file: 3797[0m
[35m📝 LOGGED: SPREAD - ✅ BET: Louisville Cardinals +7.5 (Edge: +13.6)[0m
[92m✓ Tracking data saved to /Users/rico/sports-models/ncaa/ncaab_picks_tracking.json[0m
[92m  Total picks in file: 3798[0m
[35m📝 LOGGED: SPREAD - ✅ BET: Jackson St Tigers +4.5 (Edge: +8.2)[0m
[92m✓ Tracking data saved to /Users/rico/sports-models/ncaa/ncaab_picks_tracking.json[0m
[92m  Total picks in file: 3799[0m
[35m📝 LOGGED: TOTAL - ✅ BET: UNDER 149.5 (Edge: -15.9)[0m
[92m✓ Tracking data saved to /Users/rico/sports-models/ncaa/ncaab_picks_tracking.json[0m
[92m  Total picks in file: 3800[0m
[35m📝 LOGGED: SPREAD - ✅ BET: Wagner Seahawks +10.5 (Edge: +18.3)[0m
[92m✓ Tracking data saved to /Users/rico/sports-models/ncaa/ncaab_picks_tracking.json[0m
[92m  Total picks in file: 3801[0m
[35m📝 LOGGED: TOTAL - ✅ BET: UNDER 144.5 (Edge: -18.6)[0m
[92m✓ Tracking data saved to /Users/rico/sports-models/ncaa/ncaab_picks_tracking.json[0m
[92m  Total picks in file: 3802[0m
[35m📝 LOGGED: SPREAD - ✅ BET: Morgan St Bears +9.5 (Edge: +12.6)[0m
[92m✓ Tracking data saved to /Users/rico/sports-models/ncaa/ncaab_picks_tracking.json[0m
[92m  Total picks in file: 3803[0m
[35m📝 LOGGED: TOTAL - ✅ BET: UNDER 153.5 (Edge: -14.1)[0m
[92m✓ Tracking data saved to /Users/rico/sports-models/ncaa/ncaab_picks_tracking.json[0m
[92m  Total picks in file: 3804[0m
[35m📝 LOGGED: SPREAD - ✅ BET: Penn State Nittany Lions +11.5 (Edge: +15.3)[0m
[92m✓ Tracking data saved to /Users/rico/sports-models/ncaa/ncaab_picks_tracking.json[0m
[92m  Total picks in file: 3805[0m
[35m📝 LOGGED: SPREAD - ✅ BET: Alcorn St Braves +13.5 (Edge: +13.9)[0m
[92m✓ Tracking data saved to /Users/rico/sports-models/ncaa/ncaab_picks_tracking.json[0m
[92m  Total picks in file: 3806[0m
[35m📝 LOGGED: TOTAL - ✅ BET: UNDER 147.5 (Edge: -12.9)[0m
[92m✓ Tracking data saved to /Users/rico/sports-models/ncaa/ncaab_picks_tracking.json[0m
[92m  Total picks in file: 3807[0m
[35m📝 LOGGED: TOTAL - ✅ BET: OVER 134.5 (Edge: +13.9)[0m
[92m✓ Tracking data saved to /Users/rico/sports-models/ncaa/ncaab_picks_tracking.json[0m
[92m  Total picks in file: 3808[0m
[35m📝 LOGGED: TOTAL - ✅ BET: UNDER 165.5 (Edge: -15.0)[0m
[92m✓ Tracking data saved to /Users/rico/sports-models/ncaa/ncaab_picks_tracking.json[0m
[92m  Total picks in file: 3809[0m
[35m📝 LOGGED: SPREAD - ✅ BET: Nebraska Cornhuskers +10.5 (Edge: +13.3)[0m

[1m[92m✅ Analyzed 13 games with complete odds[0m


[1m========================================================================================================================[0m
[1m[93m🏀 COLLEGE BASKETBALL MODEL PREDICTIONS 🏀[0m
[1m========================================================================================================================[0m

[1m[96m━━━ GAME 1: Delaware St Hornets @ South Carolina St Bulldogs ━━━[0m
[96m🕐 01/26 06:00 PM[0m

[93m📊 SPREAD:[0m
  Market: -1.5 | Model: -0.5 | Edge: +1.0
  [91m❌ NO BET[0m
  [96mEdge too small (+1.0)[0m

[93m🎯 TOTAL:[0m
  Market: 135.5 | Model: 141.1 | Edge: +5.6
  [91m❌ NO BET[0m
  [96mEdge too small (+5.6)[0m

[35m📈 Delaware St Hornets 70.8, South Carolina St Bulldogs 70.3[0m

[1m[96m━━━ GAME 2: Le Moyne Dolphins @ Fairleigh Dickinson Knights ━━━[0m
[96m🕐 01/26 06:00 PM[0m

[93m📊 SPREAD:[0m
  Market: +1.5 | Model: +0.5 | Edge: -1.0
  [91m❌ NO BET[0m
  [96mEdge too small (-1.0)[0m

[93m🎯 TOTAL:[0m
  Market: 141.5 | Model: 131.4 | Edge: -10.1
  [92m✅ BET: UNDER 141.5[0m
  [96mHIGH confidence (EV: +59.0% | Win: 83.3%)[0m

[35m📈 Le Moyne Dolphins 65.4, Fairleigh Dickinson Knights 65.9[0m

[1m[96m━━━ GAME 3: Abilene Christian Wildcats @ Tarleton State Texans ━━━[0m
[96m🕐 01/26 07:00 PM[0m

[93m📊 SPREAD:[0m
  Market: -4.5 | Model: +1.6 | Edge: +6.1
  [92m✅ BET: Abilene Christian Wildcats +4.5[0m
  [96mHIGH confidence (EV: +37.4% | Win: 72.0%)[0m

[93m🎯 TOTAL:[0m
  Market: 145.5 | Model: 131.5 | Edge: -14.0
  [92m✅ BET: UNDER 145.5[0m
  [96mHIGH confidence (EV: +73.6% | Win: 90.9%)[0m

[35m📈 Abilene Christian Wildcats 64.9, Tarleton State Texans 66.5[0m

[1m[96m━━━ GAME 4: Central Connecticut St Blue Devils @ Stonehill Skyhawks ━━━[0m
[96m🕐 01/26 07:00 PM[0m

[93m📊 SPREAD:[0m
  Market: +3.5 | Model: -1.8 | Edge: -5.3
  [91m❌ NO BET[0m
  [96mEdge too small (-5.3)[0m

[93m🎯 TOTAL:[0m
  Market: 134.5 | Model: 139.5 | Edge: +5.0
  [91m❌ NO BET[0m
  [96mEdge too small (+5.0)[0m

[35m📈 Central Connecticut St Blue Devils 70.6, Stonehill Skyhawks 68.8[0m

[1m[96m━━━ GAME 5: Louisville Cardinals @ Duke Blue Devils ━━━[0m
[96m🕐 01/26 07:00 PM[0m

[93m📊 SPREAD:[0m
  Market: -7.5 | Model: +6.1 | Edge: +13.6
  [92m✅ BET: Louisville Cardinals +7.5[0m
  [96mHIGH confidence (EV: +72.2% | Win: 90.2%)[0m

[93m🎯 TOTAL:[0m
  Market: 156.5 | Model: 161.6 | Edge: +5.1
  [91m❌ NO BET[0m
  [96mEdge too small (+5.1)[0m

[35m📈 Louisville Cardinals 77.7, Duke Blue Devils 83.8[0m

[1m[96m━━━ GAME 6: Jackson St Tigers @ Florida A&M Rattlers ━━━[0m
[96m🕐 01/26 07:00 PM[0m

[93m📊 SPREAD:[0m
  Market: -4.5 | Model: +3.7 | Edge: +8.2
  [92m✅ BET: Jackson St Tigers +4.5[0m
  [96mHIGH confidence (EV: +49.3% | Win: 78.2%)[0m

[93m🎯 TOTAL:[0m
  Market: 149.5 | Model: 133.6 | Edge: -15.9
  [92m✅ BET: UNDER 149.5[0m
  [96mHIGH confidence (EV: +78.5% | Win: 93.5%)[0m

[35m📈 Jackson St Tigers 65.0, Florida A&M Rattlers 68.6[0m

[1m[96m━━━ GAME 7: Wagner Seahawks @ LIU Sharks ━━━[0m
[96m🕐 01/26 07:00 PM[0m

[93m📊 SPREAD:[0m
  Market: -10.5 | Model: +7.8 | Edge: +18.3
  [92m✅ BET: Wagner Seahawks +10.5[0m
  [96mHIGH confidence (EV: +83.1% | Win: 95.9%)[0m

[93m🎯 TOTAL:[0m
  Market: 144.5 | Model: 125.9 | Edge: -18.6
  [92m✅ BET: UNDER 144.5[0m
  [96mHIGH confidence (EV: +83.6% | Win: 96.2%)[0m

[35m📈 Wagner Seahawks 59.0, LIU Sharks 66.8[0m

[1m[96m━━━ GAME 8: Morgan St Bears @ Norfolk St Spartans ━━━[0m
[96m🕐 01/26 07:00 PM[0m

[93m📊 SPREAD:[0m
  Market: -9.5 | Model: +3.1 | Edge: +12.6
  [92m✅ BET: Morgan St Bears +9.5[0m
  [96mHIGH confidence (EV: +68.9% | Win: 88.5%)[0m

[93m🎯 TOTAL:[0m
  Market: 153.5 | Model: 139.4 | Edge: -14.1
  [92m✅ BET: UNDER 153.5[0m
  [96mHIGH confidence (EV: +73.9% | Win: 91.1%)[0m

[35m📈 Morgan St Bears 68.1, Norfolk St Spartans 71.2[0m

[1m[96m━━━ GAME 9: Penn State Nittany Lions @ Ohio State Buckeyes ━━━[0m
[96m🕐 01/26 07:00 PM[0m

[93m📊 SPREAD:[0m
  Market: -11.5 | Model: +3.8 | Edge: +15.3
  [92m✅ BET: Penn State Nittany Lions +11.5[0m
  [96mHIGH confidence (EV: +77.2% | Win: 92.8%)[0m

[93m🎯 TOTAL:[0m
  Market: 153.5 | Model: 156.6 | Edge: +3.1
  [91m❌ NO BET[0m
  [96mEdge too small (+3.1)[0m

[35m📈 Penn State Nittany Lions 76.4, Ohio State Buckeyes 80.2[0m

[1m[96m━━━ GAME 10: Alcorn St Braves @ Bethune-Cookman Wildcats ━━━[0m
[96m🕐 01/26 07:00 PM[0m

[93m📊 SPREAD:[0m
  Market: -13.5 | Model: +0.4 | Edge: +13.9
  [92m✅ BET: Alcorn St Braves +13.5[0m
  [96mHIGH confidence (EV: +73.2% | Win: 90.7%)[0m

[93m🎯 TOTAL:[0m
  Market: 147.5 | Model: 134.6 | Edge: -12.9
  [92m✅ BET: UNDER 147.5[0m
  [96mHIGH confidence (EV: +69.9% | Win: 89.0%)[0m

[35m📈 Alcorn St Braves 67.1, Bethune-Cookman Wildcats 67.5[0m

[1m[96m━━━ GAME 11: UT Rio Grande Valley Vaqueros @ Texas A&M-CC Islanders ━━━[0m
[96m🕐 01/26 08:00 PM[0m

[93m📊 SPREAD:[0m
  Market: -1.5 | Model: +4.3 | Edge: +5.8
  [91m❌ NO BET[0m
  [96mEdge too small (+5.8)[0m

[93m🎯 TOTAL:[0m
  Market: 134.5 | Model: 148.4 | Edge: +13.9
  [92m✅ BET: OVER 134.5[0m
  [96mHIGH confidence (EV: +73.1% | Win: 90.7%)[0m

[35m📈 UT Rio Grande Valley Vaqueros 72.0, Texas A&M-CC Islanders 76.4[0m

[1m[96m━━━ GAME 12: Arizona Wildcats @ BYU Cougars ━━━[0m
[96m🕐 01/26 09:00 PM[0m

[93m📊 SPREAD:[0m
  Market: +1.5 | Model: -1.8 | Edge: -3.3
  [91m❌ NO BET[0m
  [96mEdge too small (-3.3)[0m

[93m🎯 TOTAL:[0m
  Market: 165.5 | Model: 150.5 | Edge: -15.0
  [92m✅ BET: UNDER 165.5[0m
  [96mHIGH confidence (EV: +76.2% | Win: 92.3%)[0m

[35m📈 Arizona Wildcats 76.1, BYU Cougars 74.4[0m

[1m[96m━━━ GAME 13: Nebraska Cornhuskers @ Michigan Wolverines ━━━[0m
[96m🕐 01/27 07:00 PM[0m

[93m📊 SPREAD:[0m
  Market: -10.5 | Model: +2.8 | Edge: +13.3
  [92m✅ BET: Nebraska Cornhuskers +10.5[0m
  [96mHIGH confidence (EV: +71.4% | Win: 89.8%)[0m

[93m🎯 TOTAL:[0m
  Market: 153.5 | Model: 155.2 | Edge: +1.7
  [91m❌ NO BET[0m
  [96mEdge too small (+1.7)[0m

[35m📈 Nebraska Cornhuskers 76.2, Michigan Wolverines 79.0[0m

[1m========================================================================================================================[0m

[92m✓ CSV saved: /Users/rico/sports-models/ncaa/ncaab_model_output.csv[0m
[92m✓ HTML saved: /Users/rico/sports-models/ncaa/ncaab_model_output.html[0m

[1m[96mSTEP 5: Generating Final Tracking Dashboard[0m
[92m✓ Tracking dashboard saved: /Users/rico/sports-models/ncaa/ncaab_tracking_dashboard.html[0m

[1m====================================================================================================[0m
[1m[93m📊 TRACKING SUMMARY 📊[0m
[1m====================================================================================================[0m
[92mTotal Tracked Bets: 3809[0m
[92mRecord: 1976-1801-6[0m
[92mWin Rate: 52.3%[0m
[91mProfit: -2.84 units[0m
[91mROI: -0.1%[0m
[1m====================================================================================================[0m


==========================================
✅ NCAA Model completed successfully!
==========================================

📊 Updating Analysis Dashboard...
HTML Report generated at: /Users/rico/sports-models/ncaa/ncaab_analysis_report.html

📤 Pushing updates to GitHub...
[main d8604ff4] Update model outputs - 2026-01-26 10:30:08
 Committer: Ricardo Hill <rico@MacBookAir.lan>
Your name and email address were configured automatically based
on your username and hostname. Please check that they are accurate.
You can suppress this message by setting them explicitly. Run the
following command and follow the instructions in your editor to edit
your configuration file:

    git config --global --edit

After doing this, you may fix the identity used for this commit with:

    git commit --amend --reset-author

 5 files changed, 1019 insertions(+), 181 deletions(-)
To https://github.com/BangLetsGetIt/NBA-NCAA-Betting-Models.git
   4ad0d50f..d8604ff4  main -> main
✅ Successfully pushed to GitHub!
