==========================================
NCAA Model Run: Tue Feb 10 01:25:28 EST 2026
==========================================
Running NCAA Basketball model (IMPROVED)...

[1m====================================================================================================[0m
[1m[96m🏀 COLLEGE BASKETBALL SHARP MODEL 🏀[0m
[1m[92m⚡ Targeting 56%+ Win Rate with Advanced Analytics ⚡[0m
[1m[93m📅 Filtering games within next 7 days[0m
[1m====================================================================================================[0m

[1m[96mSTEP 1: Checking for Completed Games & Updating Past Picks[0m
[96mChecking 44 pending picks...[0m
[96mFetching completed game scores...[0m
[92m✓ Fetched 61 completed games[0m
[93mNo picks were updated (games may not be complete yet)[0m
[92m✓ Tracking dashboard saved: /Users/rico/Dev/sports-models/ncaa/ncaab_tracking_dashboard.html[0m

[1m[96mSTEP 2: Loading Team Statistics[0m
[96mLoading team statistics...[0m
[92m✓ Using cached stats (age: 1h)[0m

[1m[96mSTEP 3: Fetching Live Odds (Next 7 Days)[0m
[92m✓ Fetched 22 games from The Odds API[0m
[92m✓ 22 games in the next 7 days[0m

[1m[96mSTEP 4: Processing Games & Generating Sharp Picks[0m


[1m[92m✅ Analyzed 22 games with complete odds[0m


[1m========================================================================================================================[0m
[1m[93m🏀 COLLEGE BASKETBALL MODEL PREDICTIONS 🏀[0m
[1m========================================================================================================================[0m

[1m[96m━━━ GAME 1: Milwaukee Panthers @ IUPUI Jaguars ━━━[0m
[96m🕐 02/10 06:30 PM[0m

[93m📊 SPREAD:[0m
  Market: +1.5 | Model: +2.0 | Edge: +0.5
  [91m❌ NO BET[0m
  [96mEdge too small (+0.5)[0m

[93m🎯 TOTAL:[0m
  Market: 162.5 | Model: 140.7 | Edge: -21.8
  [91m❌ NO BET[0m
  [96mNegative EV (-96.4%)[0m

[35m📈 Milwaukee Panthers 69.4, IUPUI Jaguars 71.4[0m

[1m[96m━━━ GAME 2: Purdue Boilermakers @ Nebraska Cornhuskers ━━━[0m
[96m🕐 02/10 06:59 PM[0m

[93m📊 SPREAD:[0m
  Market: -2.5 | Model: -1.6 | Edge: +0.9
  [91m❌ NO BET[0m
  [96mEdge too small (+0.9)[0m

[93m🎯 TOTAL:[0m
  Market: 147.5 | Model: 156.8 | Edge: +9.3
  [92m✅ BET: OVER 147.5[0m
  [96mHIGH confidence (EV: +55.0% | Win: 81.2%)[0m

[35m📈 Purdue Boilermakers 79.2, Nebraska Cornhuskers 77.6[0m

[1m[96m━━━ GAME 3: BYU Cougars @ Baylor Bears ━━━[0m
[96m🕐 02/10 07:00 PM[0m

[93m📊 SPREAD:[0m
  Market: +2.5 | Model: +8.8 | Edge: +6.3
  [92m✅ BET: BYU Cougars -2.5[0m
  [96mHIGH confidence (EV: +38.3% | Win: 72.4%)[0m

[93m🎯 TOTAL:[0m
  Market: 160.5 | Model: 148.9 | Edge: -11.6
  [91m❌ NO BET[0m
  [96mNegative EV (-74.4%)[0m

[35m📈 BYU Cougars 70.1, Baylor Bears 78.8[0m

[1m[96m━━━ GAME 4: Virginia Cavaliers @ Florida St Seminoles ━━━[0m
[96m🕐 02/10 07:00 PM[0m

[93m📊 SPREAD:[0m
  Market: +8.5 | Model: +6.3 | Edge: -2.2
  [91m❌ NO BET[0m
  [96mEdge too small (-2.2)[0m

[93m🎯 TOTAL:[0m
  Market: 151.5 | Model: 147.5 | Edge: -4.0
  [91m❌ NO BET[0m
  [96mEdge too small (-4.0)[0m

[35m📈 Virginia Cavaliers 70.6, Florida St Seminoles 76.9[0m

[1m[96m━━━ GAME 5: Fordham Rams @ Saint Joseph's Hawks ━━━[0m
[96m🕐 02/10 07:00 PM[0m

[93m📊 SPREAD:[0m
  Market: -4.5 | Model: +1.8 | Edge: +6.3
  [92m✅ BET: Fordham Rams +4.5[0m
  [96mHIGH confidence (EV: +38.6% | Win: 72.6%)[0m

[93m🎯 TOTAL:[0m
  Market: 132.5 | Model: 142.1 | Edge: +9.6
  [92m✅ BET: OVER 132.5[0m
  [96mHIGH confidence (EV: +56.5% | Win: 82.0%)[0m

[35m📈 Fordham Rams 70.2, Saint Joseph's Hawks 72.0[0m

[1m[96m━━━ GAME 6: Rhode Island Rams @ GW Revolutionaries ━━━[0m
[96m🕐 02/10 07:00 PM[0m

[93m📊 SPREAD:[0m
  Market: -4.5 | Model: +1.4 | Edge: +5.9
  [91m❌ NO BET[0m
  [96mEdge too small (+5.9)[0m

[93m🎯 TOTAL:[0m
  Market: 149.5 | Model: 142.4 | Edge: -7.1
  [91m❌ NO BET[0m
  [96mNegative EV (-52.6%)[0m

[35m📈 Rhode Island Rams 70.5, GW Revolutionaries 71.9[0m

[1m[96m━━━ GAME 7: George Mason Patriots @ Richmond Spiders ━━━[0m
[96m🕐 02/10 07:00 PM[0m

[93m📊 SPREAD:[0m
  Market: +4.5 | Model: +5.0 | Edge: +0.5
  [91m❌ NO BET[0m
  [96mEdge too small (+0.5)[0m

[93m🎯 TOTAL:[0m
  Market: 140.5 | Model: 132.0 | Edge: -8.5
  [91m❌ NO BET[0m
  [96mNegative EV (-60.1%)[0m

[35m📈 George Mason Patriots 63.5, Richmond Spiders 68.5[0m

[1m[96m━━━ GAME 8: North Carolina Tar Heels @ Miami Hurricanes ━━━[0m
[96m🕐 02/10 07:00 PM[0m

[93m📊 SPREAD:[0m
  Market: +1.5 | Model: -1.0 | Edge: -2.5
  [91m❌ NO BET[0m
  [96mEdge too small (-2.5)[0m

[93m🎯 TOTAL:[0m
  Market: 157.5 | Model: 147.8 | Edge: -9.7
  [91m❌ NO BET[0m
  [96mNegative EV (-66.3%)[0m

[35m📈 North Carolina Tar Heels 74.4, Miami Hurricanes 73.4[0m

[1m[96m━━━ GAME 9: Notre Dame Fighting Irish @ SMU Mustangs ━━━[0m
[96m🕐 02/10 07:00 PM[0m

[93m📊 SPREAD:[0m
  Market: -11.5 | Model: +0.9 | Edge: +12.4
  [92m✅ BET: Notre Dame Fighting Irish +11.5[0m
  [96mHIGH confidence (EV: +68.1% | Win: 88.1%)[0m

[93m🎯 TOTAL:[0m
  Market: 154.5 | Model: 139.4 | Edge: -15.1
  [91m❌ NO BET[0m
  [96mNegative EV (-85.6%)[0m

[35m📈 Notre Dame Fighting Irish 69.3, SMU Mustangs 70.1[0m

[1m[96m━━━ GAME 10: Vanderbilt Commodores @ Auburn Tigers ━━━[0m
[96m🕐 02/10 07:00 PM[0m

[93m📊 SPREAD:[0m
  Market: -3.5 | Model: +4.5 | Edge: +8.0
  [92m✅ BET: Vanderbilt Commodores +3.5[0m
  [96mHIGH confidence (EV: +48.2% | Win: 77.6%)[0m

[93m🎯 TOTAL:[0m
  Market: 162.5 | Model: 158.8 | Edge: -3.7
  [91m❌ NO BET[0m
  [96mEdge too small (-3.7)[0m

[35m📈 Vanderbilt Commodores 77.2, Auburn Tigers 81.6[0m

[1m[96m━━━ GAME 11: Marquette Golden Eagles @ Villanova Wildcats ━━━[0m
[96m🕐 02/10 07:30 PM[0m

[93m📊 SPREAD:[0m
  Market: -9.5 | Model: +5.8 | Edge: +15.3
  [92m✅ BET: Marquette Golden Eagles +9.5[0m
  [96mHIGH confidence (EV: +77.0% | Win: 92.7%)[0m

[93m🎯 TOTAL:[0m
  Market: 144.5 | Model: 149.6 | Edge: +5.1
  [91m❌ NO BET[0m
  [96mEdge too small (+5.1)[0m

[35m📈 Marquette Golden Eagles 71.9, Villanova Wildcats 77.7[0m

[1m[96m━━━ GAME 12: Wisconsin Badgers @ Illinois Fighting Illini ━━━[0m
[96m🕐 02/10 08:00 PM[0m

[93m📊 SPREAD:[0m
  Market: -11.5 | Model: +2.9 | Edge: +14.4
  [92m✅ BET: Wisconsin Badgers +11.5[0m
  [96mHIGH confidence (EV: +74.8% | Win: 91.6%)[0m

[93m🎯 TOTAL:[0m
  Market: 155.5 | Model: 159.7 | Edge: +4.2
  [91m❌ NO BET[0m
  [96mEdge too small (+4.2)[0m

[35m📈 Wisconsin Badgers 78.4, Illinois Fighting Illini 81.3[0m

[1m[96m━━━ GAME 13: Eastern Illinois Panthers @ Western Illinois Leathernecks ━━━[0m
[96m🕐 02/10 08:30 PM[0m

[93m📊 SPREAD:[0m
  Market: +3.5 | Model: +8.3 | Edge: +4.8
  [91m❌ NO BET[0m
  [96mEdge too small (+4.8)[0m

[93m🎯 TOTAL:[0m
  Market: 132.5 | Model: 123.4 | Edge: -9.1
  [91m❌ NO BET[0m
  [96mNegative EV (-62.9%)[0m

[35m📈 Eastern Illinois Panthers 57.5, Western Illinois Leathernecks 65.9[0m

[1m[96m━━━ GAME 14: Colorado St Rams @ Air Force Falcons ━━━[0m
[96m🕐 02/10 09:00 PM[0m

[93m📊 SPREAD:[0m
  Market: +14.5 | Model: +2.5 | Edge: -12.0
  [91m❌ NO BET[0m
  [96mNegative EV (-76.0%)[0m

[93m🎯 TOTAL:[0m
  Market: 134.5 | Model: 134.4 | Edge: -0.1
  [91m❌ NO BET[0m
  [96mEdge too small (-0.1)[0m

[35m📈 Colorado St Rams 66.0, Air Force Falcons 68.4[0m

[1m[96m━━━ GAME 15: Oklahoma St Cowboys @ Arizona St Sun Devils ━━━[0m
[96m🕐 02/10 09:00 PM[0m

[93m📊 SPREAD:[0m
  Market: -2.5 | Model: +3.6 | Edge: +6.1
  [92m✅ BET: Oklahoma St Cowboys +2.5[0m
  [96mHIGH confidence (EV: +37.3% | Win: 71.9%)[0m

[93m🎯 TOTAL:[0m
  Market: 163.5 | Model: 157.8 | Edge: -5.7
  [91m❌ NO BET[0m
  [96mEdge too small (-5.7)[0m

[35m📈 Oklahoma St Cowboys 77.1, Arizona St Sun Devils 80.7[0m

[1m[96m━━━ GAME 16: Arkansas Razorbacks @ LSU Tigers ━━━[0m
[96m🕐 02/10 09:00 PM[0m

[93m📊 SPREAD:[0m
  Market: +5.5 | Model: +2.4 | Edge: -3.1
  [91m❌ NO BET[0m
  [96mEdge too small (-3.1)[0m

[93m🎯 TOTAL:[0m
  Market: 160.5 | Model: 146.8 | Edge: -13.7
  [91m❌ NO BET[0m
  [96mNegative EV (-81.6%)[0m

[35m📈 Arkansas Razorbacks 72.2, LSU Tigers 74.6[0m

[1m[96m━━━ GAME 17: Duke Blue Devils @ Pittsburgh Panthers ━━━[0m
[96m🕐 02/10 09:00 PM[0m

[93m📊 SPREAD:[0m
  Market: +16.5 | Model: +0.5 | Edge: -16.0
  [91m❌ NO BET[0m
  [96mNegative EV (-87.8%)[0m

[93m🎯 TOTAL:[0m
  Market: 136.5 | Model: 159.0 | Edge: +22.5
  [92m✅ BET: OVER 136.5[0m
  [96mHIGH confidence (EV: +87.8% | Win: 98.4%)[0m

[35m📈 Duke Blue Devils 79.2, Pittsburgh Panthers 79.7[0m

[1m[96m━━━ GAME 18: Fresno St Bulldogs @ Utah State Aggies ━━━[0m
[96m🕐 02/10 09:00 PM[0m

[93m📊 SPREAD:[0m
  Market: -19.5 | Model: +9.1 | Edge: +28.6
  [92m✅ BET: Fresno St Bulldogs +19.5[0m
  [96mHIGH confidence (EV: +90.3% | Win: 99.7%)[0m

[93m🎯 TOTAL:[0m
  Market: 149.5 | Model: 146.5 | Edge: -3.0
  [91m❌ NO BET[0m
  [96mEdge too small (-3.0)[0m

[35m📈 Fresno St Bulldogs 68.7, Utah State Aggies 77.8[0m

[1m[96m━━━ GAME 19: Houston Cougars @ Utah Utes ━━━[0m
[96m🕐 02/10 09:00 PM[0m

[93m📊 SPREAD:[0m
  Market: +16.5 | Model: +2.8 | Edge: -13.7
  [91m❌ NO BET[0m
  [96mNegative EV (-81.8%)[0m

[93m🎯 TOTAL:[0m
  Market: 142.5 | Model: 159.4 | Edge: +16.9
  [92m✅ BET: OVER 142.5[0m
  [96mHIGH confidence (EV: +80.6% | Win: 94.6%)[0m

[35m📈 Houston Cougars 78.3, Utah Utes 81.1[0m

[1m[96m━━━ GAME 20: Iowa State Cyclones @ TCU Horned Frogs ━━━[0m
[96m🕐 02/10 09:00 PM[0m

[93m📊 SPREAD:[0m
  Market: +6.5 | Model: -0.8 | Edge: -7.3
  [91m❌ NO BET[0m
  [96mNegative EV (-53.5%)[0m

[93m🎯 TOTAL:[0m
  Market: 147.5 | Model: 152.4 | Edge: +4.9
  [91m❌ NO BET[0m
  [96mEdge too small (+4.9)[0m

[35m📈 Iowa State Cyclones 76.6, TCU Horned Frogs 75.8[0m

[1m[96m━━━ GAME 21: Washington St Cougars @ Gonzaga Bulldogs ━━━[0m
[96m🕐 02/10 11:00 PM[0m

[93m📊 SPREAD:[0m
  Market: -19.5 | Model: +6.4 | Edge: +25.9
  [92m✅ BET: Washington St Cougars +19.5[0m
  [96mHIGH confidence (EV: +89.6% | Win: 99.3%)[0m

[93m🎯 TOTAL:[0m
  Market: 156.5 | Model: 153.6 | Edge: -2.9
  [91m❌ NO BET[0m
  [96mEdge too small (-2.9)[0m

[35m📈 Washington St Cougars 73.6, Gonzaga Bulldogs 80.0[0m

[1m[96m━━━ GAME 22: San José St Spartans @ UNLV Rebels ━━━[0m
[96m🕐 02/10 11:00 PM[0m

[93m📊 SPREAD:[0m
  Market: -12.5 | Model: +3.1 | Edge: +15.6
  [92m✅ BET: San José St Spartans +12.5[0m
  [96mHIGH confidence (EV: +77.8% | Win: 93.1%)[0m

[93m🎯 TOTAL:[0m
  Market: 152.5 | Model: 139.4 | Edge: -13.1
  [91m❌ NO BET[0m
  [96mNegative EV (-79.8%)[0m

[35m📈 San José St Spartans 68.1, UNLV Rebels 71.2[0m

[1m========================================================================================================================[0m

[92m✓ CSV saved: /Users/rico/Dev/sports-models/ncaa/ncaab_model_output.csv[0m
[92m✓ HTML saved: /Users/rico/Dev/sports-models/ncaa/ncaab_model_output.html[0m

[1m[96mSTEP 5: Generating Final Tracking Dashboard[0m
[92m✓ Tracking dashboard saved: /Users/rico/Dev/sports-models/ncaa/ncaab_tracking_dashboard.html[0m

[1m====================================================================================================[0m
[1m[93m📊 TRACKING SUMMARY 📊[0m
[1m====================================================================================================[0m
[92mTotal Tracked Bets: 4673[0m
[92mRecord: 2437-2185-7[0m
[92mWin Rate: 52.7%[0m
[92mProfit: +32.67 units[0m
[92mROI: +0.7%[0m
[1m====================================================================================================[0m


==========================================
✅ NCAA Model completed successfully!
==========================================

📊 Updating Analysis Dashboard...
HTML Report generated at: /Users/rico/Dev/sports-models/ncaa/ncaab_analysis_report.html

📤 Pushing updates to GitHub...
📥 Pulling latest changes from remote...
Already up to date.
[main 0e44ba8e] Update model outputs - 2026-02-10 01:25:31
 Committer: Ricardo Hill <rico@macbookair.mynetworksettings.com>
Your name and email address were configured automatically based
on your username and hostname. Please check that they are accurate.
You can suppress this message by setting them explicitly. Run the
following command and follow the instructions in your editor to edit
your configuration file:

    git config --global --edit

After doing this, you may fix the identity used for this commit with:

    git commit --amend --reset-author

 3 files changed, 4 insertions(+), 4 deletions(-)
📤 Pushing to GitHub...
To https://github.com/BangLetsGetIt/NBA-NCAA-Betting-Models.git
   b0662cbf..0e44ba8e  main -> main
✅ Successfully pushed to GitHub!
