============================================================
Scheduler run: ncaab_main_model
Time: Fri Jan 30 17:03:59 EST 2026
Working dir: /Users/rico/Dev/sports-models/ncaa
Script: ncaab_model_2ndFINAL.py
============================================================

[1m====================================================================================================[0m
[1m[96m🏀 COLLEGE BASKETBALL SHARP MODEL 🏀[0m
[1m[92m⚡ Targeting 56%+ Win Rate with Advanced Analytics ⚡[0m
[1m[93m📅 Filtering games within next 7 days[0m
[1m====================================================================================================[0m

[1m[96mSTEP 1: Checking for Completed Games & Updating Past Picks[0m
[96mChecking 63 pending picks...[0m
[96mFetching completed game scores...[0m
[92m✓ Fetched 170 completed games[0m
[93mNo picks were updated (games may not be complete yet)[0m
[92m✓ Tracking dashboard saved: /Users/rico/Dev/sports-models/ncaa/ncaab_tracking_dashboard.html[0m

[1m[96mSTEP 2: Loading Team Statistics[0m
[96mLoading team statistics...[0m
[93m⚠️  Cache expired or missing. Fetching fresh stats from Sports-Reference...[0m
Fetching Pace data from Advanced Stats...
✓ Parsed Pace for 364 teams
Fetching NCAA basketball ratings for 2025 season...
Columns found: [' 0_Rk', ' 1_School', ' 2_Conf', ' 3_ 3', ' 4_W', ' 5_L', ' 6_Pts', ' 7_Opp', ' 8_MOV', ' 9_ 9', ' 10_SOS', ' 11_ 11', 'SRS_OSRS', 'SRS_DSRS', 'SRS_SRS', 'Adjusted_ORtg', 'Adjusted_DRtg', 'Adjusted_NRtg']

✓ Successfully fetched stats for 364 teams
[92m✓ Stats cached to /Users/rico/Dev/sports-models/ncaa/ncaab_stats_cache.json[0m

[1m[96mSTEP 3: Fetching Live Odds (Next 7 Days)[0m
[92m✓ Fetched 64 games from The Odds API[0m
[92m✓ 63 games in the next 7 days[0m

[1m[96mSTEP 4: Processing Games & Generating Sharp Picks[0m

[92m✓ Tracking data saved to /Users/rico/Dev/sports-models/ncaa/ncaab_picks_tracking.json[0m
[92m  Total picks in file: 4019[0m
[35m📝 LOGGED: SPREAD - ✅ BET: Ball State Cardinals +10.0 (Edge: +17.3)[0m
[92m✓ Tracking data saved to /Users/rico/Dev/sports-models/ncaa/ncaab_picks_tracking.json[0m
[92m  Total picks in file: 4020[0m
[35m📝 LOGGED: TOTAL - ✅ BET: UNDER 146.0 (Edge: -11.3)[0m
[92m✓ Tracking data saved to /Users/rico/Dev/sports-models/ncaa/ncaab_picks_tracking.json[0m
[92m  Total picks in file: 4021[0m
[35m📝 LOGGED: SPREAD - ✅ BET: Campbell Fighting Camels +6.0 (Edge: +12.9)[0m
[92m✓ Tracking data saved to /Users/rico/Dev/sports-models/ncaa/ncaab_picks_tracking.json[0m
[92m  Total picks in file: 4022[0m
[35m📝 LOGGED: TOTAL - ✅ BET: UNDER 166.5 (Edge: -32.3)[0m
[92m✓ Tracking data saved to /Users/rico/Dev/sports-models/ncaa/ncaab_picks_tracking.json[0m
[92m  Total picks in file: 4023[0m
[35m📝 LOGGED: TOTAL - ✅ BET: UNDER 154.5 (Edge: -12.8)[0m
[92m✓ Tracking data saved to /Users/rico/Dev/sports-models/ncaa/ncaab_picks_tracking.json[0m
[92m  Total picks in file: 4024[0m
[35m📝 LOGGED: SPREAD - ✅ BET: Georgetown Hoyas +5.5 (Edge: +13.5)[0m
[92m✓ Tracking data saved to /Users/rico/Dev/sports-models/ncaa/ncaab_picks_tracking.json[0m
[92m  Total picks in file: 4025[0m
[35m📝 LOGGED: SPREAD - ✅ BET: Marquette Golden Eagles +8.5 (Edge: +6.4)[0m
[92m✓ Tracking data saved to /Users/rico/Dev/sports-models/ncaa/ncaab_picks_tracking.json[0m
[92m  Total picks in file: 4026[0m
[35m📝 LOGGED: SPREAD - ✅ BET: Pittsburgh Panthers +11.5 (Edge: +14.4)[0m
[92m✓ Tracking data saved to /Users/rico/Dev/sports-models/ncaa/ncaab_picks_tracking.json[0m
[92m  Total picks in file: 4027[0m
[35m📝 LOGGED: TOTAL - ✅ BET: OVER 135.5 (Edge: +17.0)[0m
[92m✓ Tracking data saved to /Users/rico/Dev/sports-models/ncaa/ncaab_picks_tracking.json[0m
[92m  Total picks in file: 4028[0m
[35m📝 LOGGED: TOTAL - ✅ BET: UNDER 146.0 (Edge: -6.9)[0m
[92m✓ Tracking data saved to /Users/rico/Dev/sports-models/ncaa/ncaab_picks_tracking.json[0m
[92m  Total picks in file: 4029[0m
[35m📝 LOGGED: TOTAL - ✅ BET: UNDER 155.0 (Edge: -16.9)[0m
[92m✓ Tracking data saved to /Users/rico/Dev/sports-models/ncaa/ncaab_picks_tracking.json[0m
[92m  Total picks in file: 4030[0m
[35m📝 LOGGED: SPREAD - ✅ BET: San Diego St Aztecs +4.5 (Edge: +14.7)[0m
[92m✓ Tracking data saved to /Users/rico/Dev/sports-models/ncaa/ncaab_picks_tracking.json[0m
[92m  Total picks in file: 4031[0m
[35m📝 LOGGED: TOTAL - ✅ BET: UNDER 148.0 (Edge: -22.1)[0m
[92m✓ Tracking data saved to /Users/rico/Dev/sports-models/ncaa/ncaab_picks_tracking.json[0m
[92m  Total picks in file: 4032[0m
[35m📝 LOGGED: SPREAD - ✅ BET: Texas A&M Aggies +3.5 (Edge: +7.2)[0m
[92m✓ Tracking data saved to /Users/rico/Dev/sports-models/ncaa/ncaab_picks_tracking.json[0m
[92m  Total picks in file: 4033[0m
[35m📝 LOGGED: TOTAL - ✅ BET: UNDER 173.5 (Edge: -17.7)[0m
[92m✓ Tracking data saved to /Users/rico/Dev/sports-models/ncaa/ncaab_picks_tracking.json[0m
[92m  Total picks in file: 4034[0m
[35m📝 LOGGED: SPREAD - ✅ BET: DePaul Blue Demons +3.5 (Edge: +8.0)[0m
[92m✓ Tracking data saved to /Users/rico/Dev/sports-models/ncaa/ncaab_picks_tracking.json[0m
[92m  Total picks in file: 4035[0m
[35m📝 LOGGED: SPREAD - ✅ BET: Boston College Eagles +13.5 (Edge: -11.6)[0m
[92m✓ Tracking data saved to /Users/rico/Dev/sports-models/ncaa/ncaab_picks_tracking.json[0m
[92m  Total picks in file: 4036[0m
[35m📝 LOGGED: TOTAL - ✅ BET: UNDER 155.5 (Edge: -17.9)[0m
[92m✓ Tracking data saved to /Users/rico/Dev/sports-models/ncaa/ncaab_picks_tracking.json[0m
[92m  Total picks in file: 4037[0m
[35m📝 LOGGED: SPREAD - ✅ BET: Hofstra Pride -1.0 (Edge: +6.8)[0m
[92m✓ Tracking data saved to /Users/rico/Dev/sports-models/ncaa/ncaab_picks_tracking.json[0m
[92m  Total picks in file: 4038[0m
[35m📝 LOGGED: TOTAL - ✅ BET: UNDER 139.5 (Edge: -10.7)[0m
[92m✓ Tracking data saved to /Users/rico/Dev/sports-models/ncaa/ncaab_picks_tracking.json[0m
[92m  Total picks in file: 4039[0m
[35m📝 LOGGED: SPREAD - ✅ BET: Georgia Tech Yellow Jackets +9.5 (Edge: -10.8)[0m
[92m✓ Tracking data saved to /Users/rico/Dev/sports-models/ncaa/ncaab_picks_tracking.json[0m
[92m  Total picks in file: 4040[0m
[35m📝 LOGGED: SPREAD - ✅ BET: Mississippi St Bulldogs +6.5 (Edge: +13.5)[0m
[92m✓ Tracking data saved to /Users/rico/Dev/sports-models/ncaa/ncaab_picks_tracking.json[0m
[92m  Total picks in file: 4041[0m
[35m📝 LOGGED: TOTAL - ✅ BET: OVER 148.5 (Edge: +9.4)[0m
[92m✓ Tracking data saved to /Users/rico/Dev/sports-models/ncaa/ncaab_picks_tracking.json[0m
[92m  Total picks in file: 4042[0m
[35m📝 LOGGED: TOTAL - ✅ BET: OVER 140.5 (Edge: +10.9)[0m
[92m✓ Tracking data saved to /Users/rico/Dev/sports-models/ncaa/ncaab_picks_tracking.json[0m
[92m  Total picks in file: 4043[0m
[35m📝 LOGGED: SPREAD - ✅ BET: California Golden Bears +7.5 (Edge: +8.5)[0m
[92m✓ Tracking data saved to /Users/rico/Dev/sports-models/ncaa/ncaab_picks_tracking.json[0m
[92m  Total picks in file: 4044[0m
[35m📝 LOGGED: TOTAL - ✅ BET: UNDER 148.5 (Edge: -7.4)[0m
[92m✓ Tracking data saved to /Users/rico/Dev/sports-models/ncaa/ncaab_picks_tracking.json[0m
[92m  Total picks in file: 4045[0m
[35m📝 LOGGED: SPREAD - ✅ BET: BYU Cougars +3.5 (Edge: +7.6)[0m
[92m✓ Tracking data saved to /Users/rico/Dev/sports-models/ncaa/ncaab_picks_tracking.json[0m
[92m  Total picks in file: 4046[0m
[35m📝 LOGGED: TOTAL - ✅ BET: UNDER 158.5 (Edge: -9.9)[0m
[92m✓ Tracking data saved to /Users/rico/Dev/sports-models/ncaa/ncaab_picks_tracking.json[0m
[92m  Total picks in file: 4047[0m
[35m📝 LOGGED: SPREAD - ✅ BET: Indiana Hoosiers +3.5 (Edge: +7.7)[0m
[92m✓ Tracking data saved to /Users/rico/Dev/sports-models/ncaa/ncaab_picks_tracking.json[0m
[92m  Total picks in file: 4048[0m
[35m📝 LOGGED: TOTAL - ✅ BET: OVER 142.5 (Edge: +13.4)[0m
[92m✓ Tracking data saved to /Users/rico/Dev/sports-models/ncaa/ncaab_picks_tracking.json[0m
[92m  Total picks in file: 4049[0m
[35m📝 LOGGED: SPREAD - ✅ BET: Ole Miss Rebels +13.5 (Edge: +20.7)[0m
[92m✓ Tracking data saved to /Users/rico/Dev/sports-models/ncaa/ncaab_picks_tracking.json[0m
[92m  Total picks in file: 4050[0m
[35m📝 LOGGED: TOTAL - ✅ BET: UNDER 168.5 (Edge: -15.8)[0m
[92m✓ Tracking data saved to /Users/rico/Dev/sports-models/ncaa/ncaab_picks_tracking.json[0m
[92m  Total picks in file: 4051[0m
[35m📝 LOGGED: SPREAD - ✅ BET: Notre Dame Fighting Irish +4.5 (Edge: +7.7)[0m
[92m✓ Tracking data saved to /Users/rico/Dev/sports-models/ncaa/ncaab_picks_tracking.json[0m
[92m  Total picks in file: 4052[0m
[35m📝 LOGGED: SPREAD - ✅ BET: Stanford Cardinal +1.5 (Edge: +7.2)[0m
[92m✓ Tracking data saved to /Users/rico/Dev/sports-models/ncaa/ncaab_picks_tracking.json[0m
[92m  Total picks in file: 4053[0m
[35m📝 LOGGED: SPREAD - ✅ BET: Rutgers Scarlet Knights +13.5 (Edge: +13.1)[0m
[92m✓ Tracking data saved to /Users/rico/Dev/sports-models/ncaa/ncaab_picks_tracking.json[0m
[92m  Total picks in file: 4054[0m
[35m📝 LOGGED: SPREAD - ✅ BET: Saint Mary's Gaels +9.5 (Edge: +17.7)[0m

[1m[92m✅ Analyzed 63 games with complete odds[0m


[1m========================================================================================================================[0m
[1m[93m🏀 COLLEGE BASKETBALL MODEL PREDICTIONS 🏀[0m
[1m========================================================================================================================[0m

[1m[96m━━━ GAME 1: Kent State Golden Flashes @ Akron Zips ━━━[0m
[96m🕐 01/30 06:00 PM[0m

[93m📊 SPREAD:[0m
  Market: -11.5 | Model: +7.2 | Edge: +18.7
  [92m✅ BET: Kent State Golden Flashes +11.5[0m
  [96mHIGH confidence (EV: +83.8% | Win: 96.3%)[0m

[93m🎯 TOTAL:[0m
  Market: 167.5 | Model: 140.2 | Edge: -27.3
  [92m✅ BET: UNDER 167.5[0m
  [96mHIGH confidence (EV: +90.0% | Win: 99.5%)[0m

[35m📈 Kent State Golden Flashes 66.5, Akron Zips 73.7[0m

[1m[96m━━━ GAME 2: Princeton Tigers @ Cornell Big Red ━━━[0m
[96m🕐 01/30 06:00 PM[0m

[93m📊 SPREAD:[0m
  Market: -6.5 | Model: +8.1 | Edge: +14.6
  [92m✅ BET: Princeton Tigers +6.5[0m
  [96mHIGH confidence (EV: +75.1% | Win: 91.7%)[0m

[93m🎯 TOTAL:[0m
  Market: 159.5 | Model: 142.4 | Edge: -17.1
  [92m✅ BET: UNDER 159.5[0m
  [96mHIGH confidence (EV: +81.0% | Win: 94.8%)[0m

[35m📈 Princeton Tigers 67.2, Cornell Big Red 75.2[0m

[1m[96m━━━ GAME 3: IUPUI Jaguars @ Youngstown St Penguins ━━━[0m
[96m🕐 01/30 06:30 PM[0m

[93m📊 SPREAD:[0m
  Market: -10.5 | Model: +3.1 | Edge: +13.6
  [92m✅ BET: IUPUI Jaguars +10.5[0m
  [96mHIGH confidence (EV: +72.3% | Win: 90.2%)[0m

[93m🎯 TOTAL:[0m
  Market: 154.5 | Model: 139.4 | Edge: -15.1
  [92m✅ BET: UNDER 154.5[0m
  [96mHIGH confidence (EV: +76.6% | Win: 92.5%)[0m

[35m📈 IUPUI Jaguars 68.1, Youngstown St Penguins 71.2[0m

[1m[96m━━━ GAME 4: Siena Saints @ Niagara Purple Eagles ━━━[0m
[96m🕐 01/30 06:30 PM[0m

[93m📊 SPREAD:[0m
  Market: +8.5 | Model: +3.8 | Edge: -4.7
  [91m❌ NO BET[0m
  [96mEdge too small (-4.7)[0m

[93m🎯 TOTAL:[0m
  Market: 128.5 | Model: 126.8 | Edge: -1.7
  [91m❌ NO BET[0m
  [96mEdge too small (-1.7)[0m

[35m📈 Siena Saints 61.5, Niagara Purple Eagles 65.3[0m

[1m[96m━━━ GAME 5: Harvard Crimson @ Brown Bears ━━━[0m
[96m🕐 01/30 07:00 PM[0m

[93m📊 SPREAD:[0m
  Market: +1.5 | Model: +2.9 | Edge: +1.4
  [91m❌ NO BET[0m
  [96mEdge too small (+1.4)[0m

[93m🎯 TOTAL:[0m
  Market: 134.5 | Model: 130.4 | Edge: -4.1
  [91m❌ NO BET[0m
  [96mEdge too small (-4.1)[0m

[35m📈 Harvard Crimson 63.8, Brown Bears 66.7[0m

[1m[96m━━━ GAME 6: Marist Red Foxes @ Canisius Golden Griffins ━━━[0m
[96m🕐 01/30 07:00 PM[0m

[93m📊 SPREAD:[0m
  Market: +10.5 | Model: +8.3 | Edge: -2.2
  [91m❌ NO BET[0m
  [96mEdge too small (-2.2)[0m

[93m🎯 TOTAL:[0m
  Market: 128.5 | Model: 121.1 | Edge: -7.4
  [92m✅ BET: UNDER 128.5[0m
  [96mHIGH confidence (EV: +45.1% | Win: 76.0%)[0m

[35m📈 Marist Red Foxes 56.4, Canisius Golden Griffins 64.7[0m

[1m[96m━━━ GAME 7: Cleveland St Vikings @ Green Bay Phoenix ━━━[0m
[96m🕐 01/30 07:00 PM[0m

[93m📊 SPREAD:[0m
  Market: -7.5 | Model: +4.1 | Edge: +11.6
  [92m✅ BET: Cleveland St Vikings +7.5[0m
  [96mHIGH confidence (EV: +65.4% | Win: 86.6%)[0m

[93m🎯 TOTAL:[0m
  Market: 150.5 | Model: 133.3 | Edge: -17.2
  [92m✅ BET: UNDER 150.5[0m
  [96mHIGH confidence (EV: +81.2% | Win: 94.9%)[0m

[35m📈 Cleveland St Vikings 64.6, Green Bay Phoenix 68.7[0m

[1m[96m━━━ GAME 8: Pennsylvania Quakers @ Columbia Lions ━━━[0m
[96m🕐 01/30 07:00 PM[0m

[93m📊 SPREAD:[0m
  Market: -5.5 | Model: +5.1 | Edge: +10.6
  [92m✅ BET: Pennsylvania Quakers +5.5[0m
  [96mHIGH confidence (EV: +60.9% | Win: 84.3%)[0m

[93m🎯 TOTAL:[0m
  Market: 153.5 | Model: 131.4 | Edge: -22.1
  [92m✅ BET: UNDER 153.5[0m
  [96mHIGH confidence (EV: +87.5% | Win: 98.2%)[0m

[35m📈 Pennsylvania Quakers 63.2, Columbia Lions 68.2[0m

[1m[96m━━━ GAME 9: Dartmouth Big Green @ Yale Bulldogs ━━━[0m
[96m🕐 01/30 07:00 PM[0m

[93m📊 SPREAD:[0m
  Market: -14.5 | Model: +9.4 | Edge: +23.9
  [92m✅ BET: Dartmouth Big Green +14.5[0m
  [96mHIGH confidence (EV: +88.7% | Win: 98.9%)[0m

[93m🎯 TOTAL:[0m
  Market: 154.5 | Model: 142.9 | Edge: -11.6
  [92m✅ BET: UNDER 154.5[0m
  [96mHIGH confidence (EV: +65.3% | Win: 86.6%)[0m

[35m📈 Dartmouth Big Green 66.7, Yale Bulldogs 76.1[0m

[1m[96m━━━ GAME 10: Northern Kentucky Norse @ Detroit Mercy Titans ━━━[0m
[96m🕐 01/30 07:00 PM[0m

[93m📊 SPREAD:[0m
  Market: +5.5 | Model: +0.2 | Edge: -5.3
  [91m❌ NO BET[0m
  [96mEdge too small (-5.3)[0m

[93m🎯 TOTAL:[0m
  Market: 161.5 | Model: 128.9 | Edge: -32.6
  [92m✅ BET: UNDER 161.5[0m
  [96mHIGH confidence (EV: +90.7% | Win: 99.9%)[0m

[35m📈 Northern Kentucky Norse 64.3, Detroit Mercy Titans 64.6[0m

[1m[96m━━━ GAME 11: Fairfield Stags @ Iona Gaels ━━━[0m
[96m🕐 01/30 07:00 PM[0m

[93m📊 SPREAD:[0m
  Market: -2.5 | Model: +0.9 | Edge: +3.4
  [91m❌ NO BET[0m
  [96mEdge too small (+3.4)[0m

[93m🎯 TOTAL:[0m
  Market: 146.5 | Model: 127.1 | Edge: -19.4
  [92m✅ BET: UNDER 146.5[0m
  [96mHIGH confidence (EV: +84.7% | Win: 96.7%)[0m

[35m📈 Fairfield Stags 63.1, Iona Gaels 64.0[0m

[1m[96m━━━ GAME 12: Rider Broncs @ Manhattan Jaspers ━━━[0m
[96m🕐 01/30 07:00 PM[0m

[93m📊 SPREAD:[0m
  Market: -6.5 | Model: +5.6 | Edge: +12.1
  [92m✅ BET: Rider Broncs +6.5[0m
  [96mHIGH confidence (EV: +67.2% | Win: 87.6%)[0m

[93m🎯 TOTAL:[0m
  Market: 146.5 | Model: 127.6 | Edge: -18.9
  [92m✅ BET: UNDER 146.5[0m
  [96mHIGH confidence (EV: +84.1% | Win: 96.4%)[0m

[35m📈 Rider Broncs 61.0, Manhattan Jaspers 66.6[0m

[1m[96m━━━ GAME 13: Mt. St. Mary's Mountaineers @ Saint Peter's Peacocks ━━━[0m
[96m🕐 01/30 07:00 PM[0m

[93m📊 SPREAD:[0m
  Market: -6.5 | Model: -1.3 | Edge: +5.2
  [91m❌ NO BET[0m
  [96mEdge too small (+5.2)[0m

[93m🎯 TOTAL:[0m
  Market: 136.5 | Model: 131.0 | Edge: -5.5
  [91m❌ NO BET[0m
  [96mEdge too small (-5.5)[0m

[35m📈 Mt. St. Mary's Mountaineers 66.1, Saint Peter's Peacocks 64.9[0m

[1m[96m━━━ GAME 14: Providence Friars @ Villanova Wildcats ━━━[0m
[96m🕐 01/30 07:00 PM[0m

[93m📊 SPREAD:[0m
  Market: -9.5 | Model: +6.4 | Edge: +15.9
  [92m✅ BET: Providence Friars +9.5[0m
  [96mHIGH confidence (EV: +78.6% | Win: 93.5%)[0m

[93m🎯 TOTAL:[0m
  Market: 156.5 | Model: 142.5 | Edge: -14.0
  [92m✅ BET: UNDER 156.5[0m
  [96mHIGH confidence (EV: +73.5% | Win: 90.9%)[0m

[35m📈 Providence Friars 68.0, Villanova Wildcats 74.5[0m

[1m[96m━━━ GAME 15: Sacred Heart Pioneers @ Quinnipiac Bobcats ━━━[0m
[96m🕐 01/30 07:00 PM[0m

[93m📊 SPREAD:[0m
  Market: -9.5 | Model: +1.0 | Edge: +10.5
  [92m✅ BET: Sacred Heart Pioneers +9.5[0m
  [96mHIGH confidence (EV: +60.5% | Win: 84.1%)[0m

[93m🎯 TOTAL:[0m
  Market: 156.5 | Model: 135.8 | Edge: -20.7
  [92m✅ BET: UNDER 156.5[0m
  [96mHIGH confidence (EV: +86.3% | Win: 97.6%)[0m

[35m📈 Sacred Heart Pioneers 67.4, Quinnipiac Bobcats 68.4[0m

[1m[96m━━━ GAME 16: Rice Owls @ Charlotte 49ers ━━━[0m
[96m🕐 01/30 07:00 PM[0m

[93m📊 SPREAD:[0m
  Market: -5.5 | Model: +4.9 | Edge: +10.4
  [92m✅ BET: Rice Owls +5.5[0m
  [96mHIGH confidence (EV: +60.2% | Win: 83.9%)[0m

[93m🎯 TOTAL:[0m
  Market: 141.5 | Model: 131.2 | Edge: -10.3
  [92m✅ BET: UNDER 141.5[0m
  [96mHIGH confidence (EV: +59.6% | Win: 83.6%)[0m

[35m📈 Rice Owls 63.2, Charlotte 49ers 68.1[0m

[1m[96m━━━ GAME 17: Dayton Flyers @ Saint Louis Billikens ━━━[0m
[96m🕐 01/30 08:00 PM[0m

[93m📊 SPREAD:[0m
  Market: -9.5 | Model: +0.7 | Edge: +10.2
  [92m✅ BET: Dayton Flyers +9.5[0m
  [96mHIGH confidence (EV: +59.2% | Win: 83.4%)[0m

[93m🎯 TOTAL:[0m
  Market: 152.5 | Model: 142.5 | Edge: -10.0
  [92m✅ BET: UNDER 152.5[0m
  [96mHIGH confidence (EV: +58.2% | Win: 82.9%)[0m

[35m📈 Dayton Flyers 70.9, Saint Louis Billikens 71.6[0m

[1m[96m━━━ GAME 18: Wright St Raiders @ Milwaukee Panthers ━━━[0m
[96m🕐 01/30 08:00 PM[0m

[93m📊 SPREAD:[0m
  Market: +3.5 | Model: +4.2 | Edge: +0.7
  [91m❌ NO BET[0m
  [96mEdge too small (+0.7)[0m

[93m🎯 TOTAL:[0m
  Market: 151.5 | Model: 140.7 | Edge: -10.8
  [92m✅ BET: UNDER 151.5[0m
  [96mHIGH confidence (EV: +61.9% | Win: 84.8%)[0m

[35m📈 Wright St Raiders 68.3, Milwaukee Panthers 72.5[0m

[1m[96m━━━ GAME 19: Michigan Wolverines @ Michigan St Spartans ━━━[0m
[96m🕐 01/30 08:00 PM[0m

[93m📊 SPREAD:[0m
  Market: +1.5 | Model: +3.1 | Edge: +1.6
  [91m❌ NO BET[0m
  [96mEdge too small (+1.6)[0m

[93m🎯 TOTAL:[0m
  Market: 148.5 | Model: 157.4 | Edge: +8.9
  [92m✅ BET: OVER 148.5[0m
  [96mHIGH confidence (EV: +52.8% | Win: 80.0%)[0m

[35m📈 Michigan Wolverines 77.1, Michigan St Spartans 80.2[0m

[1m[96m━━━ GAME 20: Boise State Broncos @ Grand Canyon Antelopes ━━━[0m
[96m🕐 01/30 09:00 PM[0m

[93m📊 SPREAD:[0m
  Market: -1.5 | Model: -1.3 | Edge: +0.2
  [91m❌ NO BET[0m
  [96mEdge too small (+0.2)[0m

[93m🎯 TOTAL:[0m
  Market: 140.5 | Model: 145.4 | Edge: +4.9
  [91m❌ NO BET[0m
  [96mEdge too small (+4.9)[0m

[35m📈 Boise State Broncos 73.3, Grand Canyon Antelopes 72.1[0m

[1m[96m━━━ GAME 21: Loyola (Chi) Ramblers @ VCU Rams ━━━[0m
[96m🕐 01/30 09:00 PM[0m

[93m📊 SPREAD:[0m
  Market: -18.5 | Model: +3.1 | Edge: +21.6
  [92m✅ BET: Loyola (Chi) Ramblers +18.5[0m
  [96mHIGH confidence (EV: +87.1% | Win: 98.0%)[0m

[93m🎯 TOTAL:[0m
  Market: 151.5 | Model: 139.4 | Edge: -12.1
  [92m✅ BET: UNDER 151.5[0m
  [96mHIGH confidence (EV: +67.2% | Win: 87.6%)[0m

[35m📈 Loyola (Chi) Ramblers 68.1, VCU Rams 71.2[0m

[1m[96m━━━ GAME 22: UNLV Rebels @ Nevada Wolf Pack ━━━[0m
[96m🕐 01/30 10:00 PM[0m

[93m📊 SPREAD:[0m
  Market: -8.5 | Model: +6.1 | Edge: +14.6
  [92m✅ BET: UNLV Rebels +8.5[0m
  [96mHIGH confidence (EV: +75.2% | Win: 91.8%)[0m

[93m🎯 TOTAL:[0m
  Market: 147.5 | Model: 140.2 | Edge: -7.3
  [92m✅ BET: UNDER 147.5[0m
  [96mHIGH confidence (EV: +44.5% | Win: 75.7%)[0m

[35m📈 UNLV Rebels 67.1, Nevada Wolf Pack 73.1[0m

[1m[96m━━━ GAME 23: Ball State Cardinals @ Toledo Rockets ━━━[0m
[96m🕐 01/31 12:00 PM[0m

[93m📊 SPREAD:[0m
  Market: -10.0 | Model: +7.3 | Edge: +17.3
  [92m✅ BET: Ball State Cardinals +10.0[0m
  [96mHIGH confidence (EV: +81.4% | Win: 95.0%)[0m

[93m🎯 TOTAL:[0m
  Market: 146.0 | Model: 134.7 | Edge: -11.3
  [92m✅ BET: UNDER 146.0[0m
  [96mHIGH confidence (EV: +64.1% | Win: 86.0%)[0m

[35m📈 Ball State Cardinals 63.7, Toledo Rockets 71.0[0m

[1m[96m━━━ GAME 24: Campbell Fighting Camels @ William & Mary Tribe ━━━[0m
[96m🕐 01/31 12:00 PM[0m

[93m📊 SPREAD:[0m
  Market: -6.0 | Model: +6.9 | Edge: +12.9
  [92m✅ BET: Campbell Fighting Camels +6.0[0m
  [96mHIGH confidence (EV: +69.9% | Win: 89.0%)[0m

[93m🎯 TOTAL:[0m
  Market: 166.5 | Model: 134.2 | Edge: -32.3
  [92m✅ BET: UNDER 166.5[0m
  [96mHIGH confidence (EV: +90.7% | Win: 99.9%)[0m

[35m📈 Campbell Fighting Camels 63.7, William & Mary Tribe 70.5[0m

[1m[96m━━━ GAME 25: Duke Blue Devils @ Virginia Tech Hokies ━━━[0m
[96m🕐 01/31 12:00 PM[0m

[93m📊 SPREAD:[0m
  Market: +11.5 | Model: -1.7 | Edge: -13.2
  [92m✅ BET: Virginia Tech Hokies +11.5[0m
  [96mHIGH confidence (EV: +70.9% | Win: 89.5%)[0m

[93m🎯 TOTAL:[0m
  Market: 147.5 | Model: 152.8 | Edge: +5.3
  [91m❌ NO BET[0m
  [96mEdge too small (+5.3)[0m

[35m📈 Duke Blue Devils 77.2, Virginia Tech Hokies 75.6[0m

[1m[96m━━━ GAME 26: NC State Wolfpack @ Wake Forest Demon Deacons ━━━[0m
[96m🕐 01/31 12:00 PM[0m

[93m📊 SPREAD:[0m
  Market: +4.5 | Model: +0.6 | Edge: -3.9
  [91m❌ NO BET[0m
  [96mEdge too small (-3.9)[0m

[93m🎯 TOTAL:[0m
  Market: 154.5 | Model: 141.7 | Edge: -12.8
  [92m✅ BET: UNDER 154.5[0m
  [96mHIGH confidence (EV: +69.5% | Win: 88.8%)[0m

[35m📈 NC State Wolfpack 70.6, Wake Forest Demon Deacons 71.2[0m

[1m[96m━━━ GAME 27: Texas Tech Red Raiders @ UCF Knights ━━━[0m
[96m🕐 01/31 12:00 PM[0m

[93m📊 SPREAD:[0m
  Market: +4.5 | Model: +0.3 | Edge: -4.2
  [91m❌ NO BET[0m
  [96mEdge too small (-4.2)[0m

[93m🎯 TOTAL:[0m
  Market: 159.5 | Model: 159.6 | Edge: +0.1
  [91m❌ NO BET[0m
  [96mEdge too small (+0.1)[0m

[35m📈 Texas Tech Red Raiders 79.6, UCF Knights 79.9[0m

[1m[96m━━━ GAME 28: Georgetown Hoyas @ Butler Bulldogs ━━━[0m
[96m🕐 01/31 12:00 PM[0m

[93m📊 SPREAD:[0m
  Market: -5.5 | Model: +8.0 | Edge: +13.5
  [92m✅ BET: Georgetown Hoyas +5.5[0m
  [96mHIGH confidence (EV: +72.0% | Win: 90.1%)[0m

[93m🎯 TOTAL:[0m
  Market: 150.5 | Model: 146.7 | Edge: -3.8
  [91m❌ NO BET[0m
  [96mEdge too small (-3.8)[0m

[35m📈 Georgetown Hoyas 69.4, Butler Bulldogs 77.4[0m

[1m[96m━━━ GAME 29: Cincinnati Bearcats @ Houston Cougars ━━━[0m
[96m🕐 01/31 12:00 PM[0m

[93m📊 SPREAD:[0m
  Market: -14.5 | Model: +5.1 | Edge: +19.6
  [92m✅ BET: Cincinnati Bearcats +14.5[0m
  [96mHIGH confidence (EV: +85.0% | Win: 96.9%)[0m

[93m🎯 TOTAL:[0m
  Market: 132.5 | Model: 157.3 | Edge: +24.8
  [92m✅ BET: OVER 132.5[0m
  [96mHIGH confidence (EV: +89.2% | Win: 99.1%)[0m

[35m📈 Cincinnati Bearcats 76.1, Houston Cougars 81.2[0m

[1m[96m━━━ GAME 30: Marquette Golden Eagles @ Seton Hall Pirates ━━━[0m
[96m🕐 01/31 12:00 PM[0m

[93m📊 SPREAD:[0m
  Market: -8.5 | Model: -2.1 | Edge: +6.4
  [92m✅ BET: Marquette Golden Eagles +8.5[0m
  [96mHIGH confidence (EV: +39.4% | Win: 73.0%)[0m

[93m🎯 TOTAL:[0m
  Market: 140.5 | Model: 142.6 | Edge: +2.1
  [91m❌ NO BET[0m
  [96mEdge too small (+2.1)[0m

[35m📈 Marquette Golden Eagles 72.3, Seton Hall Pirates 70.3[0m

[1m[96m━━━ GAME 31: Pittsburgh Panthers @ Clemson Tigers ━━━[0m
[96m🕐 01/31 12:00 PM[0m

[93m📊 SPREAD:[0m
  Market: -11.5 | Model: +2.9 | Edge: +14.4
  [92m✅ BET: Pittsburgh Panthers +11.5[0m
  [96mHIGH confidence (EV: +74.7% | Win: 91.5%)[0m

[93m🎯 TOTAL:[0m
  Market: 135.5 | Model: 152.5 | Edge: +17.0
  [92m✅ BET: OVER 135.5[0m
  [96mHIGH confidence (EV: +80.8% | Win: 94.7%)[0m

[35m📈 Pittsburgh Panthers 74.8, Clemson Tigers 77.7[0m

[1m[96m━━━ GAME 32: Robert Morris Colonials @ Fort Wayne Mastodons ━━━[0m
[96m🕐 01/31 01:00 PM[0m

[93m📊 SPREAD:[0m
  Market: -2.0 | Model: +3.0 | Edge: +5.0
  [91m❌ NO BET[0m
  [96mEdge too small (+5.0)[0m

[93m🎯 TOTAL:[0m
  Market: 146.0 | Model: 139.1 | Edge: -6.9
  [92m✅ BET: UNDER 146.0[0m
  [96mHIGH confidence (EV: +41.9% | Win: 74.3%)[0m

[35m📈 Robert Morris Colonials 68.1, Fort Wayne Mastodons 71.0[0m

[1m[96m━━━ GAME 33: Valparaiso Beacons @ Indiana St Sycamores ━━━[0m
[96m🕐 01/31 01:00 PM[0m

[93m📊 SPREAD:[0m
  Market: -2.0 | Model: +2.6 | Edge: +4.6
  [91m❌ NO BET[0m
  [96mEdge too small (+4.6)[0m

[93m🎯 TOTAL:[0m
  Market: 143.5 | Model: 145.2 | Edge: +1.7
  [91m❌ NO BET[0m
  [96mEdge too small (+1.7)[0m

[35m📈 Valparaiso Beacons 71.3, Indiana St Sycamores 73.9[0m

[1m[96m━━━ GAME 34: Samford Bulldogs @ Western Carolina Catamounts ━━━[0m
[96m🕐 01/31 01:00 PM[0m

[93m📊 SPREAD:[0m
  Market: -1.0 | Model: -4.0 | Edge: -3.0
  [91m❌ NO BET[0m
  [96mEdge too small (-3.0)[0m

[93m🎯 TOTAL:[0m
  Market: 155.0 | Model: 138.1 | Edge: -16.9
  [92m✅ BET: UNDER 155.0[0m
  [96mHIGH confidence (EV: +80.7% | Win: 94.7%)[0m

[35m📈 Samford Bulldogs 71.0, Western Carolina Catamounts 67.0[0m

[1m[96m━━━ GAME 35: San Diego St Aztecs @ Utah State Aggies ━━━[0m
[96m🕐 01/31 01:00 PM[0m

[93m📊 SPREAD:[0m
  Market: -4.5 | Model: +10.2 | Edge: +14.7
  [92m✅ BET: San Diego St Aztecs +4.5[0m
  [96mHIGH confidence (EV: +75.5% | Win: 91.9%)[0m

[93m🎯 TOTAL:[0m
  Market: 146.5 | Model: 145.3 | Edge: -1.2
  [91m❌ NO BET[0m
  [96mEdge too small (-1.2)[0m

[35m📈 San Diego St Aztecs 67.6, Utah State Aggies 77.8[0m

[1m[96m━━━ GAME 36: UNC Greensboro Spartans @ The Citadel Bulldogs ━━━[0m
[96m🕐 01/31 01:00 PM[0m

[93m📊 SPREAD:[0m
  Market: +2.5 | Model: +2.0 | Edge: -0.5
  [91m❌ NO BET[0m
  [96mEdge too small (-0.5)[0m

[93m🎯 TOTAL:[0m
  Market: 148.0 | Model: 125.9 | Edge: -22.1
  [92m✅ BET: UNDER 148.0[0m
  [96mHIGH confidence (EV: +87.6% | Win: 98.3%)[0m

[35m📈 UNC Greensboro Spartans 61.9, The Citadel Bulldogs 63.9[0m

[1m[96m━━━ GAME 37: LSU Tigers @ South Carolina Gamecocks ━━━[0m
[96m🕐 01/31 01:00 PM[0m

[93m📊 SPREAD:[0m
  Market: +1.5 | Model: +3.4 | Edge: +1.9
  [91m❌ NO BET[0m
  [96mEdge too small (+1.9)[0m

[93m🎯 TOTAL:[0m
  Market: 145.5 | Model: 141.8 | Edge: -3.7
  [91m❌ NO BET[0m
  [96mEdge too small (-3.7)[0m

[35m📈 LSU Tigers 69.2, South Carolina Gamecocks 72.6[0m

[1m[96m━━━ GAME 38: Texas A&M Aggies @ Georgia Bulldogs ━━━[0m
[96m🕐 01/31 01:00 PM[0m

[93m📊 SPREAD:[0m
  Market: -3.5 | Model: +3.7 | Edge: +7.2
  [92m✅ BET: Texas A&M Aggies +3.5[0m
  [96mHIGH confidence (EV: +43.8% | Win: 75.3%)[0m

[93m🎯 TOTAL:[0m
  Market: 173.5 | Model: 155.8 | Edge: -17.7
  [92m✅ BET: UNDER 173.5[0m
  [96mHIGH confidence (EV: +82.2% | Win: 95.4%)[0m

[35m📈 Texas A&M Aggies 76.1, Georgia Bulldogs 79.7[0m

[1m[96m━━━ GAME 39: DePaul Blue Demons @ Xavier Musketeers ━━━[0m
[96m🕐 01/31 01:00 PM[0m

[93m📊 SPREAD:[0m
  Market: -3.5 | Model: +4.5 | Edge: +8.0
  [92m✅ BET: DePaul Blue Demons +3.5[0m
  [96mHIGH confidence (EV: +48.3% | Win: 77.7%)[0m

[93m🎯 TOTAL:[0m
  Market: 150.5 | Model: 147.9 | Edge: -2.6
  [91m❌ NO BET[0m
  [96mEdge too small (-2.6)[0m

[35m📈 DePaul Blue Demons 71.7, Xavier Musketeers 76.2[0m

[1m[96m━━━ GAME 40: Virginia Cavaliers @ Boston College Eagles ━━━[0m
[96m🕐 01/31 01:30 PM[0m

[93m📊 SPREAD:[0m
  Market: +13.5 | Model: +1.9 | Edge: -11.6
  [92m✅ BET: Boston College Eagles +13.5[0m
  [96mHIGH confidence (EV: +65.2% | Win: 86.5%)[0m

[93m🎯 TOTAL:[0m
  Market: 138.5 | Model: 132.7 | Edge: -5.8
  [91m❌ NO BET[0m
  [96mEdge too small (-5.8)[0m

[35m📈 Virginia Cavaliers 65.4, Boston College Eagles 67.3[0m

[1m[96m━━━ GAME 41: Arizona Wildcats @ Arizona St Sun Devils ━━━[0m
[96m🕐 01/31 02:00 PM[0m

[93m📊 SPREAD:[0m
  Market: +15.5 | Model: +3.1 | Edge: -12.4
  [92m✅ BET: Arizona St Sun Devils +15.5[0m
  [96mHIGH confidence (EV: +68.3% | Win: 88.2%)[0m

[93m🎯 TOTAL:[0m
  Market: 162.5 | Model: 159.9 | Edge: -2.6
  [91m❌ NO BET[0m
  [96mEdge too small (-2.6)[0m

[35m📈 Arizona Wildcats 78.4, Arizona St Sun Devils 81.5[0m

[1m[96m━━━ GAME 42: Ohio Bobcats @ Buffalo Bulls ━━━[0m
[96m🕐 01/31 02:00 PM[0m

[93m📊 SPREAD:[0m
  Market: -4.5 | Model: +0.1 | Edge: +4.6
  [91m❌ NO BET[0m
  [96mEdge too small (+4.6)[0m

[93m🎯 TOTAL:[0m
  Market: 155.5 | Model: 137.6 | Edge: -17.9
  [92m✅ BET: UNDER 155.5[0m
  [96mHIGH confidence (EV: +82.4% | Win: 95.6%)[0m

[35m📈 Ohio Bobcats 68.8, Buffalo Bulls 68.9[0m

[1m[96m━━━ GAME 43: East Tennessee St Buccaneers @ Wofford Terriers ━━━[0m
[96m🕐 01/31 02:00 PM[0m

[93m📊 SPREAD:[0m
  Market: +1.5 | Model: +5.6 | Edge: +4.1
  [91m❌ NO BET[0m
  [96mEdge too small (+4.1)[0m

[93m🎯 TOTAL:[0m
  Market: 149.5 | Model: 151.1 | Edge: +1.6
  [91m❌ NO BET[0m
  [96mEdge too small (+1.6)[0m

[35m📈 East Tennessee St Buccaneers 72.7, Wofford Terriers 78.3[0m

[1m[96m━━━ GAME 44: Hofstra Pride @ Monmouth Hawks ━━━[0m
[96m🕐 01/31 02:00 PM[0m

[93m📊 SPREAD:[0m
  Market: +1.0 | Model: +7.8 | Edge: +6.8
  [92m✅ BET: Hofstra Pride -1.0[0m
  [96mHIGH confidence (EV: +41.6% | Win: 74.2%)[0m

[93m🎯 TOTAL:[0m
  Market: 139.5 | Model: 128.8 | Edge: -10.7
  [92m✅ BET: UNDER 139.5[0m
  [96mHIGH confidence (EV: +61.6% | Win: 84.6%)[0m

[35m📈 Hofstra Pride 60.5, Monmouth Hawks 68.3[0m

[1m[96m━━━ GAME 45: SMU Mustangs @ Louisville Cardinals ━━━[0m
[96m🕐 01/31 02:00 PM[0m

[93m📊 SPREAD:[0m
  Market: -8.5 | Model: +5.9 | Edge: +14.4
  [92m✅ BET: SMU Mustangs +8.5[0m
  [96mHIGH confidence (EV: +74.6% | Win: 91.4%)[0m

[93m🎯 TOTAL:[0m
  Market: 161.5 | Model: 148.0 | Edge: -13.5
  [92m✅ BET: UNDER 161.5[0m
  [96mHIGH confidence (EV: +71.8% | Win: 90.0%)[0m

[35m📈 SMU Mustangs 71.1, Louisville Cardinals 77.0[0m

[1m[96m━━━ GAME 46: Texas Longhorns @ Oklahoma Sooners ━━━[0m
[96m🕐 01/31 02:00 PM[0m

[93m📊 SPREAD:[0m
  Market: -1.5 | Model: +3.3 | Edge: +4.8
  [91m❌ NO BET[0m
  [96mEdge too small (+4.8)[0m

[93m🎯 TOTAL:[0m
  Market: 157.5 | Model: 154.3 | Edge: -3.2
  [91m❌ NO BET[0m
  [96mEdge too small (-3.2)[0m

[35m📈 Texas Longhorns 75.5, Oklahoma Sooners 78.8[0m

[1m[96m━━━ GAME 47: North Carolina Tar Heels @ Georgia Tech Yellow Jackets ━━━[0m
[96m🕐 01/31 02:00 PM[0m

[93m📊 SPREAD:[0m
  Market: +9.5 | Model: -1.3 | Edge: -10.8
  [92m✅ BET: Georgia Tech Yellow Jackets +9.5[0m
  [96mHIGH confidence (EV: +61.8% | Win: 84.7%)[0m

[93m🎯 TOTAL:[0m
  Market: 155.5 | Model: 150.6 | Edge: -4.9
  [91m❌ NO BET[0m
  [96mEdge too small (-4.9)[0m

[35m📈 North Carolina Tar Heels 75.9, Georgia Tech Yellow Jackets 74.6[0m

[1m[96m━━━ GAME 48: Ohio State Buckeyes @ Wisconsin Badgers ━━━[0m
[96m🕐 01/31 02:00 PM[0m

[93m📊 SPREAD:[0m
  Market: -3.5 | Model: +4.2 | Edge: +7.7
  [92m✅ BET: Ohio State Buckeyes +3.5[0m
  [96mHIGH confidence (EV: +46.6% | Win: 76.8%)[0m

[93m🎯 TOTAL:[0m
  Market: 157.5 | Model: 157.8 | Edge: +0.3
  [91m❌ NO BET[0m
  [96mEdge too small (+0.3)[0m

[35m📈 Ohio State Buckeyes 76.8, Wisconsin Badgers 81.0[0m

[1m[96m━━━ GAME 49: Mississippi St Bulldogs @ Missouri Tigers ━━━[0m
[96m🕐 01/31 03:30 PM[0m

[93m📊 SPREAD:[0m
  Market: -6.5 | Model: +7.0 | Edge: +13.5
  [92m✅ BET: Mississippi St Bulldogs +6.5[0m
  [96mHIGH confidence (EV: +71.8% | Win: 90.0%)[0m

[93m🎯 TOTAL:[0m
  Market: 148.5 | Model: 157.9 | Edge: +9.4
  [92m✅ BET: OVER 148.5[0m
  [96mHIGH confidence (EV: +55.3% | Win: 81.3%)[0m

[35m📈 Mississippi St Bulldogs 75.4, Missouri Tigers 82.4[0m

[1m[96m━━━ GAME 50: Baylor Bears @ West Virginia Mountaineers ━━━[0m
[96m🕐 01/31 04:00 PM[0m

[93m📊 SPREAD:[0m
  Market: -3.5 | Model: -3.4 | Edge: +0.1
  [91m❌ NO BET[0m
  [96mEdge too small (+0.1)[0m

[93m🎯 TOTAL:[0m
  Market: 140.5 | Model: 151.4 | Edge: +10.9
  [92m✅ BET: OVER 140.5[0m
  [96mHIGH confidence (EV: +62.2% | Win: 84.9%)[0m

[35m📈 Baylor Bears 77.4, West Virginia Mountaineers 74.0[0m

[1m[96m━━━ GAME 51: California Golden Bears @ Miami Hurricanes ━━━[0m
[96m🕐 01/31 04:00 PM[0m

[93m📊 SPREAD:[0m
  Market: -7.5 | Model: +1.0 | Edge: +8.5
  [92m✅ BET: California Golden Bears +7.5[0m
  [96mHIGH confidence (EV: +50.8% | Win: 79.0%)[0m

[93m🎯 TOTAL:[0m
  Market: 148.5 | Model: 141.1 | Edge: -7.4
  [92m✅ BET: UNDER 148.5[0m
  [96mHIGH confidence (EV: +44.9% | Win: 75.9%)[0m

[35m📈 California Golden Bears 70.1, Miami Hurricanes 71.0[0m

[1m[96m━━━ GAME 52: BYU Cougars @ Kansas Jayhawks ━━━[0m
[96m🕐 01/31 04:30 PM[0m

[93m📊 SPREAD:[0m
  Market: -3.5 | Model: +4.1 | Edge: +7.6
  [92m✅ BET: BYU Cougars +3.5[0m
  [96mHIGH confidence (EV: +45.9% | Win: 76.4%)[0m

[93m🎯 TOTAL:[0m
  Market: 158.5 | Model: 148.6 | Edge: -9.9
  [92m✅ BET: UNDER 158.5[0m
  [96mHIGH confidence (EV: +57.7% | Win: 82.6%)[0m

[35m📈 BYU Cougars 72.3, Kansas Jayhawks 76.3[0m

[1m[96m━━━ GAME 53: Indiana Hoosiers @ UCLA Bruins ━━━[0m
[96m🕐 01/31 05:00 PM[0m

[93m📊 SPREAD:[0m
  Market: -3.5 | Model: +4.2 | Edge: +7.7
  [92m✅ BET: Indiana Hoosiers +3.5[0m
  [96mHIGH confidence (EV: +46.7% | Win: 76.9%)[0m

[93m🎯 TOTAL:[0m
  Market: 142.5 | Model: 155.9 | Edge: +13.4
  [92m✅ BET: OVER 142.5[0m
  [96mHIGH confidence (EV: +71.7% | Win: 89.9%)[0m

[35m📈 Indiana Hoosiers 75.9, UCLA Bruins 80.1[0m

[1m[96m━━━ GAME 54: Ole Miss Rebels @ Vanderbilt Commodores ━━━[0m
[96m🕐 01/31 06:00 PM[0m

[93m📊 SPREAD:[0m
  Market: -13.5 | Model: +7.2 | Edge: +20.7
  [92m✅ BET: Ole Miss Rebels +13.5[0m
  [96mHIGH confidence (EV: +86.3% | Win: 97.6%)[0m

[93m🎯 TOTAL:[0m
  Market: 150.5 | Model: 146.5 | Edge: -4.0
  [91m❌ NO BET[0m
  [96mEdge too small (-4.0)[0m

[35m📈 Ole Miss Rebels 69.7, Vanderbilt Commodores 76.9[0m

[1m[96m━━━ GAME 55: Oklahoma St Cowboys @ Utah Utes ━━━[0m
[96m🕐 01/31 06:00 PM[0m

[93m📊 SPREAD:[0m
  Market: +1.5 | Model: +0.5 | Edge: -1.0
  [91m❌ NO BET[0m
  [96mEdge too small (-1.0)[0m

[93m🎯 TOTAL:[0m
  Market: 168.5 | Model: 152.7 | Edge: -15.8
  [92m✅ BET: UNDER 168.5[0m
  [96mHIGH confidence (EV: +78.4% | Win: 93.4%)[0m

[35m📈 Oklahoma St Cowboys 76.1, Utah Utes 76.6[0m

[1m[96m━━━ GAME 56: Notre Dame Fighting Irish @ Syracuse Orange ━━━[0m
[96m🕐 01/31 06:00 PM[0m

[93m📊 SPREAD:[0m
  Market: -4.5 | Model: +3.2 | Edge: +7.7
  [92m✅ BET: Notre Dame Fighting Irish +4.5[0m
  [96mHIGH confidence (EV: +46.6% | Win: 76.8%)[0m

[93m🎯 TOTAL:[0m
  Market: 143.5 | Model: 141.7 | Edge: -1.8
  [91m❌ NO BET[0m
  [96mEdge too small (-1.8)[0m

[35m📈 Notre Dame Fighting Irish 69.2, Syracuse Orange 72.4[0m

[1m[96m━━━ GAME 57: Stanford Cardinal @ Florida St Seminoles ━━━[0m
[96m🕐 01/31 06:00 PM[0m

[93m📊 SPREAD:[0m
  Market: -1.5 | Model: +5.7 | Edge: +7.2
  [92m✅ BET: Stanford Cardinal +1.5[0m
  [96mHIGH confidence (EV: +43.7% | Win: 75.3%)[0m

[93m🎯 TOTAL:[0m
  Market: 154.5 | Model: 155.4 | Edge: +0.9
  [91m❌ NO BET[0m
  [96mEdge too small (+0.9)[0m

[35m📈 Stanford Cardinal 74.9, Florida St Seminoles 80.6[0m

[1m[96m━━━ GAME 58: Kentucky Wildcats @ Arkansas Razorbacks ━━━[0m
[96m🕐 01/31 06:30 PM[0m

[93m📊 SPREAD:[0m
  Market: -6.5 | Model: -2.1 | Edge: +4.4
  [91m❌ NO BET[0m
  [96mEdge too small (+4.4)[0m

[93m🎯 TOTAL:[0m
  Market: 161.5 | Model: 157.2 | Edge: -4.3
  [91m❌ NO BET[0m
  [96mEdge too small (-4.3)[0m

[35m📈 Kentucky Wildcats 79.7, Arkansas Razorbacks 77.5[0m

[1m[96m━━━ GAME 59: Rutgers Scarlet Knights @ USC Trojans ━━━[0m
[96m🕐 01/31 07:00 PM[0m

[93m📊 SPREAD:[0m
  Market: -13.5 | Model: -0.4 | Edge: +13.1
  [92m✅ BET: Rutgers Scarlet Knights +13.5[0m
  [96mHIGH confidence (EV: +70.6% | Win: 89.4%)[0m

[93m🎯 TOTAL:[0m
  Market: 147.5 | Model: 145.3 | Edge: -2.2
  [91m❌ NO BET[0m
  [96mEdge too small (-2.2)[0m

[35m📈 Rutgers Scarlet Knights 72.8, USC Trojans 72.4[0m

[1m[96m━━━ GAME 60: UConn Huskies @ Creighton Bluejays ━━━[0m
[96m🕐 01/31 08:00 PM[0m

[93m📊 SPREAD:[0m
  Market: +6.5 | Model: +6.6 | Edge: +0.1
  [91m❌ NO BET[0m
  [96mEdge too small (+0.1)[0m

[93m🎯 TOTAL:[0m
  Market: 141.5 | Model: 147.4 | Edge: +5.9
  [91m❌ NO BET[0m
  [96mEdge too small (+5.9)[0m

[35m📈 UConn Huskies 70.4, Creighton Bluejays 77.0[0m

[1m[96m━━━ GAME 61: Washington Huskies @ Northwestern Wildcats ━━━[0m
[96m🕐 01/31 08:00 PM[0m

[93m📊 SPREAD:[0m
  Market: -1.5 | Model: +2.7 | Edge: +4.2
  [91m❌ NO BET[0m
  [96mEdge too small (+4.2)[0m

[93m🎯 TOTAL:[0m
  Market: 147.5 | Model: 146.1 | Edge: -1.4
  [91m❌ NO BET[0m
  [96mEdge too small (-1.4)[0m

[35m📈 Washington Huskies 71.7, Northwestern Wildcats 74.4[0m

[1m[96m━━━ GAME 62: Auburn Tigers @ Tennessee Volunteers ━━━[0m
[96m🕐 01/31 08:30 PM[0m

[93m📊 SPREAD:[0m
  Market: -5.5 | Model: -0.8 | Edge: +4.7
  [91m❌ NO BET[0m
  [96mEdge too small (+4.7)[0m

[93m🎯 TOTAL:[0m
  Market: 149.5 | Model: 162.6 | Edge: +13.1
  [92m✅ BET: OVER 149.5[0m
  [96mHIGH confidence (EV: +70.8% | Win: 89.5%)[0m

[35m📈 Auburn Tigers 81.7, Tennessee Volunteers 80.9[0m

[1m[96m━━━ GAME 63: Saint Mary's Gaels @ Gonzaga Bulldogs ━━━[0m
[96m🕐 01/31 10:30 PM[0m

[93m📊 SPREAD:[0m
  Market: -9.5 | Model: +8.2 | Edge: +17.7
  [92m✅ BET: Saint Mary's Gaels +9.5[0m
  [96mHIGH confidence (EV: +82.1% | Win: 95.4%)[0m

[93m🎯 TOTAL:[0m
  Market: 148.5 | Model: 150.8 | Edge: +2.3
  [91m❌ NO BET[0m
  [96mEdge too small (+2.3)[0m

[35m📈 Saint Mary's Gaels 71.3, Gonzaga Bulldogs 79.5[0m

[1m========================================================================================================================[0m

[92m✓ CSV saved: /Users/rico/Dev/sports-models/ncaa/ncaab_model_output.csv[0m
[92m✓ HTML saved: /Users/rico/Dev/sports-models/ncaa/ncaab_model_output.html[0m

[1m[96mSTEP 5: Generating Final Tracking Dashboard[0m
[92m✓ Tracking dashboard saved: /Users/rico/Dev/sports-models/ncaa/ncaab_tracking_dashboard.html[0m

[1m====================================================================================================[0m
[1m[93m📊 TRACKING SUMMARY 📊[0m
[1m====================================================================================================[0m
[92mTotal Tracked Bets: 4054[0m
[92mRecord: 2081-1868-6[0m
[92mWin Rate: 52.7%[0m
[92mProfit: +25.71 units[0m
[92mROI: +0.7%[0m
[1m====================================================================================================[0m

✅ Completed: ncaab_main_model at Fri Jan 30 17:04:24 EST 2026

📊 Generating NCAAB Analysis Report...
HTML Report generated at: /Users/rico/Dev/sports-models/ncaa/ncaab_analysis_report.html
✅ NCAAB Analysis Report generated

📤 Auto-pushing model outputs to GitHub...
📥 Pulling latest changes from remote...
Already up to date.
[main 78077a62] Update model outputs - 2026-01-30 17:04:52
 Committer: Ricardo Hill <rico@MacBookAir.lan>
Your name and email address were configured automatically based
on your username and hostname. Please check that they are accurate.
You can suppress this message by setting them explicitly. Run the
following command and follow the instructions in your editor to edit
your configuration file:

    git config --global --edit

After doing this, you may fix the identity used for this commit with:

    git commit --amend --reset-author

 9 files changed, 3068 insertions(+), 294 deletions(-)
📤 Pushing to GitHub...
To https://github.com/BangLetsGetIt/NBA-NCAA-Betting-Models.git
   201d0b9d..78077a62  main -> main
✅ Successfully pushed to GitHub!
✅ Auto-push succeeded at Fri Jan 30 17:04:54 EST 2026
