==========================================
NCAA Model Run: Thu Jan  1 10:30:01 EST 2026
==========================================
Running NCAA Basketball model (IMPROVED)...

[1m====================================================================================================[0m
[1m[96m🏀 COLLEGE BASKETBALL SHARP MODEL 🏀[0m
[1m[92m⚡ Targeting 56%+ Win Rate with Advanced Analytics ⚡[0m
[1m[93m📅 Filtering games within next 7 days[0m
[1m====================================================================================================[0m

[1m[96mSTEP 1: Checking for Completed Games & Updating Past Picks[0m
[96mChecking 51 pending picks...[0m
[96mFetching completed game scores...[0m
[92m✓ Fetched 117 completed games[0m
[92m✓ Updated: ✅ BET: UNDER 152.5 -> LOSS[0m
[92m✓ Updated: ✅ BET: Georgetown Hoyas +9.5 -> LOSS[0m
[92m✓ Tracking data saved to /Users/rico/sports-models/ncaa/ncaab_picks_tracking.json[0m
[92m  Total picks in file: 2259[0m
[92m✅ Updated 2 picks[0m
[92m✓ Tracking dashboard saved: /Users/rico/sports-models/ncaa/ncaab_tracking_dashboard.html[0m

[1m[96mSTEP 2: Loading Team Statistics[0m
[96mLoading team statistics...[0m
[93m⚠️  Cache expired or missing. Fetching fresh stats from Sports-Reference...[0m
Fetching NCAA basketball stats for 2025 season...
Columns found: [' 0_Rk', ' 1_School', ' 2_Conf', ' 3_ 3', ' 4_W', ' 5_L', ' 6_Pts', ' 7_Opp', ' 8_MOV', ' 9_ 9', ' 10_SOS', ' 11_ 11', 'SRS_OSRS', 'SRS_DSRS', 'SRS_SRS', 'Adjusted_ORtg', 'Adjusted_DRtg', 'Adjusted_NRtg']

Sample data:
   0_Rk  1_School  2_Conf  ...  Adjusted_ORtg Adjusted_DRtg Adjusted_NRtg
0     1      Duke     ACC  ...         131.42         86.60         44.82
1     2    Auburn     SEC  ...         129.16         88.83         40.33
2     3   Houston  Big 12  ...         125.20         82.34         42.86

[3 rows x 18 columns]

✓ Successfully fetched stats for 364 teams
[92m✓ Stats cached to /Users/rico/sports-models/ncaa/ncaab_stats_cache.json[0m

[1m[96mSTEP 3: Fetching Live Odds (Next 7 Days)[0m
[92m✓ Fetched 38 games from The Odds API[0m
[92m✓ 38 games in the next 7 days[0m

[1m[96mSTEP 4: Processing Games & Generating Sharp Picks[0m

[92m✓ Tracking data saved to /Users/rico/sports-models/ncaa/ncaab_picks_tracking.json[0m
[92m  Total picks in file: 2260[0m
[35m📝 LOGGED: SPREAD - ✅ BET: VMI Keydets +6.5 (Edge: -7.7)[0m
[92m✓ Tracking data saved to /Users/rico/sports-models/ncaa/ncaab_picks_tracking.json[0m
[92m  Total picks in file: 2261[0m
[35m📝 LOGGED: TOTAL - ✅ BET: UNDER 147.5 (Edge: -7.7)[0m
[92m✓ Tracking data saved to /Users/rico/sports-models/ncaa/ncaab_picks_tracking.json[0m
[92m  Total picks in file: 2262[0m
[35m📝 LOGGED: SPREAD - ✅ BET: Tarleton State Texans +4.5 (Edge: -6.1)[0m

[1m[92m✅ Analyzed 38 games with complete odds[0m


[1m========================================================================================================================[0m
[1m[93m🏀 COLLEGE BASKETBALL MODEL PREDICTIONS 🏀[0m
[1m========================================================================================================================[0m

[1m[96m━━━ GAME 1: Georgia Southern Eagles @ Coastal Carolina Chanticleers ━━━[0m
[96m🕐 01/01 01:00 PM[0m

[93m📊 SPREAD:[0m
  Market: -1.5 | Model: +4.5 | Edge: +6.0
  [91m❌ NO BET[0m
  [96mEdge too small (+6.0)[0m

[93m🎯 TOTAL:[0m
  Market: 156.5 | Model: 131.7 | Edge: -24.8
  [92m✅ BET: UNDER 156.5[0m
  [96mHIGH confidence (24.8 edge)[0m

[35m📈 Georgia Southern Eagles 63.6, Coastal Carolina Chanticleers 68.1[0m

[1m[96m━━━ GAME 2: Stetson Hatters @ North Alabama Lions ━━━[0m
[96m🕐 01/01 01:00 PM[0m

[93m📊 SPREAD:[0m
  Market: -9.5 | Model: +5.4 | Edge: +14.9
  [92m✅ BET: Stetson Hatters +9.5[0m
  [96mHIGH confidence (+14.9 edge)[0m

[93m🎯 TOTAL:[0m
  Market: 142.5 | Model: 135.0 | Edge: -7.5
  [92m✅ BET: UNDER 142.5[0m
  [96mHIGH confidence (7.5 edge)[0m

[35m📈 Stetson Hatters 64.8, North Alabama Lions 70.2[0m

[1m[96m━━━ GAME 3: Oakland Golden Grizzlies @ Youngstown St Penguins ━━━[0m
[96m🕐 01/01 01:00 PM[0m

[93m📊 SPREAD:[0m
  Market: -2.5 | Model: +1.6 | Edge: +4.1
  [91m❌ NO BET[0m
  [96mEdge too small (+4.1)[0m

[93m🎯 TOTAL:[0m
  Market: 156.5 | Model: 139.4 | Edge: -17.1
  [92m✅ BET: UNDER 156.5[0m
  [96mHIGH confidence (17.1 edge)[0m

[35m📈 Oakland Golden Grizzlies 68.9, Youngstown St Penguins 70.5[0m

[1m[96m━━━ GAME 4: Samford Bulldogs @ VMI Keydets ━━━[0m
[96m🕐 01/01 01:00 PM[0m

[93m📊 SPREAD:[0m
  Market: +6.5 | Model: -1.2 | Edge: -7.7
  [92m✅ BET: VMI Keydets +6.5[0m
  [96mHIGH confidence (-7.7 edge)[0m

[93m🎯 TOTAL:[0m
  Market: 149.5 | Model: 137.2 | Edge: -12.3
  [92m✅ BET: UNDER 149.5[0m
  [96mHIGH confidence (12.3 edge)[0m

[35m📈 Samford Bulldogs 69.2, VMI Keydets 68.0[0m

[1m[96m━━━ GAME 5: Florida Gulf Coast Eagles @ Central Arkansas Bears ━━━[0m
[96m🕐 01/01 02:00 PM[0m

[93m📊 SPREAD:[0m
  Market: +2.5 | Model: +0.3 | Edge: -2.2
  [91m❌ NO BET[0m
  [96mEdge too small (-2.2)[0m

[93m🎯 TOTAL:[0m
  Market: 155.5 | Model: 133.0 | Edge: -22.5
  [92m✅ BET: UNDER 155.5[0m
  [96mHIGH confidence (22.5 edge)[0m

[35m📈 Florida Gulf Coast Eagles 66.3, Central Arkansas Bears 66.6[0m

[1m[96m━━━ GAME 6: Green Bay Phoenix @ Fort Wayne Mastodons ━━━[0m
[96m🕐 01/01 02:00 PM[0m

[93m📊 SPREAD:[0m
  Market: -7.5 | Model: +1.7 | Edge: +9.2
  [92m✅ BET: Green Bay Phoenix +7.5[0m
  [96mHIGH confidence (+9.2 edge)[0m

[93m🎯 TOTAL:[0m
  Market: 146.5 | Model: 134.3 | Edge: -12.2
  [92m✅ BET: UNDER 146.5[0m
  [96mHIGH confidence (12.2 edge)[0m

[35m📈 Green Bay Phoenix 66.3, Fort Wayne Mastodons 68.0[0m

[1m[96m━━━ GAME 7: IUPUI Jaguars @ Northern Kentucky Norse ━━━[0m
[96m🕐 01/01 02:00 PM[0m

[93m📊 SPREAD:[0m
  Market: -13.5 | Model: +2.7 | Edge: +16.2
  [92m✅ BET: IUPUI Jaguars +13.5[0m
  [96mHIGH confidence (+16.2 edge)[0m

[93m🎯 TOTAL:[0m
  Market: 176.5 | Model: 137.9 | Edge: -38.6
  [91m❌ NO BET[0m
  [96m⚠️ SKIPPED: Edge too large (38.6 > 35.0) - likely model error[0m

[35m📈 IUPUI Jaguars 67.6, Northern Kentucky Norse 70.3[0m

[1m[96m━━━ GAME 8: Jacksonville Dolphins @ Lipscomb Bisons ━━━[0m
[96m🕐 01/01 02:00 PM[0m

[93m📊 SPREAD:[0m
  Market: -12.5 | Model: +6.9 | Edge: +19.4
  [92m✅ BET: Jacksonville Dolphins +12.5[0m
  [96mHIGH confidence (+19.4 edge)[0m

[93m🎯 TOTAL:[0m
  Market: 147.5 | Model: 141.9 | Edge: -5.6
  [91m❌ NO BET[0m
  [96mEdge too small (-5.6)[0m

[35m📈 Jacksonville Dolphins 67.5, Lipscomb Bisons 74.4[0m

[1m[96m━━━ GAME 9: Milwaukee Panthers @ Wright St Raiders ━━━[0m
[96m🕐 01/01 02:00 PM[0m

[93m📊 SPREAD:[0m
  Market: -6.5 | Model: +1.7 | Edge: +8.2
  [92m✅ BET: Milwaukee Panthers +6.5[0m
  [96mHIGH confidence (+8.2 edge)[0m

[93m🎯 TOTAL:[0m
  Market: 147.5 | Model: 140.8 | Edge: -6.7
  [92m✅ BET: UNDER 147.5[0m
  [96mMEDIUM confidence (6.7 edge)[0m

[35m📈 Milwaukee Panthers 69.6, Wright St Raiders 71.3[0m

[1m[96m━━━ GAME 10: Oral Roberts Golden Eagles @ North Dakota Fighting Hawks ━━━[0m
[96m🕐 01/01 02:00 PM[0m

[93m📊 SPREAD:[0m
  Market: -1.5 | Model: +4.2 | Edge: +5.7
  [91m❌ NO BET[0m
  [96mEdge too small (+5.7)[0m

[93m🎯 TOTAL:[0m
  Market: 146.5 | Model: 133.3 | Edge: -13.2
  [92m✅ BET: UNDER 146.5[0m
  [96mHIGH confidence (13.2 edge)[0m

[35m📈 Oral Roberts Golden Eagles 64.6, North Dakota Fighting Hawks 68.8[0m

[1m[96m━━━ GAME 11: Cal Baptist Lancers @ UT-Arlington Mavericks ━━━[0m
[96m🕐 01/01 03:00 PM[0m

[93m📊 SPREAD:[0m
  Market: +2.5 | Model: +2.8 | Edge: +0.3
  [91m❌ NO BET[0m
  [96mEdge too small (+0.3)[0m

[93m🎯 TOTAL:[0m
  Market: 135.5 | Model: 139.4 | Edge: +3.9
  [91m❌ NO BET[0m
  [96mEdge too small (+3.9)[0m

[35m📈 Cal Baptist Lancers 68.3, UT-Arlington Mavericks 71.1[0m

[1m[96m━━━ GAME 12: Evansville Purple Aces @ Illinois St Redbirds ━━━[0m
[96m🕐 01/01 03:00 PM[0m

[93m📊 SPREAD:[0m
  Market: -13.5 | Model: +10.8 | Edge: +24.3
  [92m✅ BET: Evansville Purple Aces +13.5[0m
  [96mHIGH confidence (+24.3 edge)[0m

[93m🎯 TOTAL:[0m
  Market: 144.5 | Model: 148.7 | Edge: +4.2
  [91m❌ NO BET[0m
  [96mEdge too small (+4.2)[0m

[35m📈 Evansville Purple Aces 69.0, Illinois St Redbirds 79.8[0m

[1m[96m━━━ GAME 13: Valparaiso Beacons @ Southern Illinois Salukis ━━━[0m
[96m🕐 01/01 03:00 PM[0m

[93m📊 SPREAD:[0m
  Market: -7.5 | Model: +2.0 | Edge: +9.5
  [92m✅ BET: Valparaiso Beacons +7.5[0m
  [96mHIGH confidence (+9.5 edge)[0m

[93m🎯 TOTAL:[0m
  Market: 147.5 | Model: 139.8 | Edge: -7.7
  [92m✅ BET: UNDER 147.5[0m
  [96mHIGH confidence (7.7 edge)[0m

[35m📈 Valparaiso Beacons 68.9, Southern Illinois Salukis 70.9[0m

[1m[96m━━━ GAME 14: Chattanooga Mocs @ UNC Greensboro Spartans ━━━[0m
[96m🕐 01/01 04:00 PM[0m

[93m📊 SPREAD:[0m
  Market: +1.5 | Model: -2.9 | Edge: -4.4
  [91m❌ NO BET[0m
  [96mEdge too small (-4.4)[0m

[93m🎯 TOTAL:[0m
  Market: 146.5 | Model: 143.5 | Edge: -3.0
  [91m❌ NO BET[0m
  [96mEdge too small (-3.0)[0m

[35m📈 Chattanooga Mocs 73.2, UNC Greensboro Spartans 70.3[0m

[1m[96m━━━ GAME 15: Portland St Vikings @ Weber State Wildcats ━━━[0m
[96m🕐 01/01 04:00 PM[0m

[93m📊 SPREAD:[0m
  Market: +1.5 | Model: +1.2 | Edge: -0.3
  [91m❌ NO BET[0m
  [96mEdge too small (-0.3)[0m

[93m🎯 TOTAL:[0m
  Market: 150.5 | Model: 133.6 | Edge: -16.9
  [92m✅ BET: UNDER 150.5[0m
  [96mHIGH confidence (16.9 edge)[0m

[35m📈 Portland St Vikings 66.2, Weber State Wildcats 67.4[0m

[1m[96m━━━ GAME 16: Morehead St Eagles @ Lindenwood Lions ━━━[0m
[96m🕐 01/01 04:30 PM[0m

[93m📊 SPREAD:[0m
  Market: -7.5 | Model: -1.5 | Edge: +6.0
  [91m❌ NO BET[0m
  [96mEdge too small (+6.0)[0m

[93m🎯 TOTAL:[0m
  Market: 149.5 | Model: 133.2 | Edge: -16.3
  [92m✅ BET: UNDER 149.5[0m
  [96mHIGH confidence (16.3 edge)[0m

[35m📈 Morehead St Eagles 67.4, Lindenwood Lions 65.8[0m

[1m[96m━━━ GAME 17: Southern Indiana Screaming Eagles @ SIU-Edwardsville Cougars ━━━[0m
[96m🕐 01/01 04:30 PM[0m

[93m📊 SPREAD:[0m
  Market: -9.5 | Model: +3.5 | Edge: +13.0
  [92m✅ BET: Southern Indiana Screaming Eagles +9.5[0m
  [96mHIGH confidence (+13.0 edge)[0m

[93m🎯 TOTAL:[0m
  Market: 135.5 | Model: 133.6 | Edge: -1.9
  [91m❌ NO BET[0m
  [96mEdge too small (-1.9)[0m

[35m📈 Southern Indiana Screaming Eagles 65.0, SIU-Edwardsville Cougars 68.5[0m

[1m[96m━━━ GAME 18: Western Illinois Leathernecks @ Tenn-Martin Skyhawks ━━━[0m
[96m🕐 01/01 04:30 PM[0m

[93m📊 SPREAD:[0m
  Market: -13.5 | Model: +2.2 | Edge: +15.7
  [92m✅ BET: Western Illinois Leathernecks +13.5[0m
  [96mHIGH confidence (+15.7 edge)[0m

[93m🎯 TOTAL:[0m
  Market: 136.5 | Model: 133.1 | Edge: -3.4
  [91m❌ NO BET[0m
  [96mEdge too small (-3.4)[0m

[35m📈 Western Illinois Leathernecks 65.5, Tenn-Martin Skyhawks 67.6[0m

[1m[96m━━━ GAME 19: UC Irvine Anteaters @ CSU Bakersfield Roadrunners ━━━[0m
[96m🕐 01/01 05:00 PM[0m

[93m📊 SPREAD:[0m
  Market: +9.5 | Model: +5.0 | Edge: -4.5
  [91m❌ NO BET[0m
  [96mEdge too small (-4.5)[0m

[93m🎯 TOTAL:[0m
  Market: 143.5 | Model: 143.5 | Edge: -0.0
  [91m❌ NO BET[0m
  [96mEdge too small (-0.0)[0m

[35m📈 UC Irvine Anteaters 69.3, CSU Bakersfield Roadrunners 74.2[0m

[1m[96m━━━ GAME 20: CSU Northridge Matadors @ UC Davis Aggies ━━━[0m
[96m🕐 01/01 05:00 PM[0m

[93m📊 SPREAD:[0m
  Market: -3.5 | Model: -1.1 | Edge: +2.4
  [91m❌ NO BET[0m
  [96mEdge too small (+2.4)[0m

[93m🎯 TOTAL:[0m
  Market: 160.5 | Model: 136.5 | Edge: -24.0
  [92m✅ BET: UNDER 160.5[0m
  [96mHIGH confidence (24.0 edge)[0m

[35m📈 CSU Northridge Matadors 68.8, UC Davis Aggies 67.7[0m

[1m[96m━━━ GAME 21: Southern Miss Golden Eagles @ UL Monroe Warhawks ━━━[0m
[96m🕐 01/01 05:00 PM[0m

[93m📊 SPREAD:[0m
  Market: +6.5 | Model: +6.3 | Edge: -0.2
  [91m❌ NO BET[0m
  [96mEdge too small (-0.2)[0m

[93m🎯 TOTAL:[0m
  Market: 155.5 | Model: 136.6 | Edge: -18.9
  [92m✅ BET: UNDER 155.5[0m
  [96mHIGH confidence (18.9 edge)[0m

[35m📈 Southern Miss Golden Eagles 65.2, UL Monroe Warhawks 71.5[0m

[1m[96m━━━ GAME 22: Omaha Mavericks @ South Dakota St Jackrabbits ━━━[0m
[96m🕐 01/01 05:15 PM[0m

[93m📊 SPREAD:[0m
  Market: -7.5 | Model: +3.6 | Edge: +11.1
  [92m✅ BET: Omaha Mavericks +7.5[0m
  [96mHIGH confidence (+11.1 edge)[0m

[93m🎯 TOTAL:[0m
  Market: 151.5 | Model: 139.4 | Edge: -12.1
  [92m✅ BET: UNDER 151.5[0m
  [96mHIGH confidence (12.1 edge)[0m

[35m📈 Omaha Mavericks 67.9, South Dakota St Jackrabbits 71.5[0m

[1m[96m━━━ GAME 23: Tennessee Tech Golden Eagles @ Arkansas-Little Rock Trojans ━━━[0m
[96m🕐 01/01 06:00 PM[0m

[93m📊 SPREAD:[0m
  Market: -1.5 | Model: +0.2 | Edge: +1.7
  [91m❌ NO BET[0m
  [96mEdge too small (+1.7)[0m

[93m🎯 TOTAL:[0m
  Market: 144.5 | Model: 132.4 | Edge: -12.1
  [92m✅ BET: UNDER 144.5[0m
  [96mHIGH confidence (12.1 edge)[0m

[35m📈 Tennessee Tech Golden Eagles 66.1, Arkansas-Little Rock Trojans 66.3[0m

[1m[96m━━━ GAME 24: Northern Arizona Lumberjacks @ Montana Grizzlies ━━━[0m
[96m🕐 01/01 06:00 PM[0m

[93m📊 SPREAD:[0m
  Market: -4.5 | Model: +5.2 | Edge: +9.7
  [92m✅ BET: Northern Arizona Lumberjacks +4.5[0m
  [96mHIGH confidence (+9.7 edge)[0m

[93m🎯 TOTAL:[0m
  Market: 148.5 | Model: 138.4 | Edge: -10.1
  [92m✅ BET: UNDER 148.5[0m
  [96mHIGH confidence (10.1 edge)[0m

[35m📈 Northern Arizona Lumberjacks 66.6, Montana Grizzlies 71.8[0m

[1m[96m━━━ GAME 25: Bellarmine Knights @ West Georgia Wolves ━━━[0m
[96m🕐 01/01 07:00 PM[0m

[93m📊 SPREAD:[0m
  Market: +1.5 | Model: -2.5 | Edge: -4.0
  [91m❌ NO BET[0m
  [96mEdge too small (-4.0)[0m

[93m🎯 TOTAL:[0m
  Market: 152.5 | Model: 129.9 | Edge: -22.6
  [92m✅ BET: UNDER 152.5[0m
  [96mHIGH confidence (22.6 edge)[0m

[35m📈 Bellarmine Knights 66.2, West Georgia Wolves 63.7[0m

[1m[96m━━━ GAME 26: Bradley Braves @ Belmont Bruins ━━━[0m
[96m🕐 01/01 07:00 PM[0m

[93m📊 SPREAD:[0m
  Market: -4.5 | Model: +4.4 | Edge: +8.9
  [92m✅ BET: Bradley Braves +4.5[0m
  [96mHIGH confidence (+8.9 edge)[0m

[93m🎯 TOTAL:[0m
  Market: 152.5 | Model: 146.9 | Edge: -5.6
  [91m❌ NO BET[0m
  [96mEdge too small (-5.6)[0m

[35m📈 Bradley Braves 71.3, Belmont Bruins 75.6[0m

[1m[96m━━━ GAME 27: Eastern Kentucky Colonels @ Queens University Royals ━━━[0m
[96m🕐 01/01 07:00 PM[0m

[93m📊 SPREAD:[0m
  Market: -4.5 | Model: -0.4 | Edge: +4.1
  [91m❌ NO BET[0m
  [96mEdge too small (+4.1)[0m

[93m🎯 TOTAL:[0m
  Market: 165.5 | Model: 139.2 | Edge: -26.3
  [92m✅ BET: UNDER 165.5[0m
  [96mHIGH confidence (26.3 edge)[0m

[35m📈 Eastern Kentucky Colonels 69.8, Queens University Royals 69.4[0m

[1m[96m━━━ GAME 28: Utah Tech Trailblazers @ Abilene Christian Wildcats ━━━[0m
[96m🕐 01/01 08:00 PM[0m

[93m📊 SPREAD:[0m
  Market: -5.5 | Model: -1.0 | Edge: +4.5
  [91m❌ NO BET[0m
  [96mEdge too small (+4.5)[0m

[93m🎯 TOTAL:[0m
  Market: 137.5 | Model: 133.1 | Edge: -4.4
  [91m❌ NO BET[0m
  [96mEdge too small (-4.4)[0m

[35m📈 Utah Tech Trailblazers 67.1, Abilene Christian Wildcats 66.0[0m

[1m[96m━━━ GAME 29: North Florida Ospreys @ Austin Peay Governors ━━━[0m
[96m🕐 01/01 08:00 PM[0m

[93m📊 SPREAD:[0m
  Market: -13.5 | Model: -2.0 | Edge: +11.5
  [92m✅ BET: North Florida Ospreys +13.5[0m
  [96mHIGH confidence (+11.5 edge)[0m

[93m🎯 TOTAL:[0m
  Market: 162.5 | Model: 133.9 | Edge: -28.6
  [92m✅ BET: UNDER 162.5[0m
  [96mHIGH confidence (28.6 edge)[0m

[35m📈 North Florida Ospreys 67.9, Austin Peay Governors 65.9[0m

[1m[96m━━━ GAME 30: Hawai'i Rainbow Warriors @ UC Riverside Highlanders ━━━[0m
[96m🕐 01/01 08:00 PM[0m

[93m📊 SPREAD:[0m
  Market: +7.5 | Model: +4.7 | Edge: -2.8
  [91m❌ NO BET[0m
  [96mEdge too small (-2.8)[0m

[93m🎯 TOTAL:[0m
  Market: 150.5 | Model: 140.1 | Edge: -10.4
  [92m✅ BET: UNDER 150.5[0m
  [96mHIGH confidence (10.4 edge)[0m

[35m📈 Hawai'i Rainbow Warriors 67.7, UC Riverside Highlanders 72.4[0m

[1m[96m━━━ GAME 31: Indiana St Sycamores @ Northern Iowa Panthers ━━━[0m
[96m🕐 01/01 08:00 PM[0m

[93m📊 SPREAD:[0m
  Market: -8.5 | Model: +3.6 | Edge: +12.1
  [92m✅ BET: Indiana St Sycamores +8.5[0m
  [96mHIGH confidence (+12.1 edge)[0m

[93m🎯 TOTAL:[0m
  Market: 134.5 | Model: 151.7 | Edge: +17.2
  [92m✅ BET: OVER 134.5[0m
  [96mHIGH confidence (17.2 edge)[0m

[35m📈 Indiana St Sycamores 74.1, Northern Iowa Panthers 77.6[0m

[1m[96m━━━ GAME 32: Utah Valley Wolverines @ Tarleton State Texans ━━━[0m
[96m🕐 01/01 08:00 PM[0m

[93m📊 SPREAD:[0m
  Market: +4.5 | Model: -1.6 | Edge: -6.1
  [92m✅ BET: Tarleton State Texans +4.5[0m
  [96mHIGH confidence (-6.1 edge)[0m

[93m🎯 TOTAL:[0m
  Market: 147.5 | Model: 136.1 | Edge: -11.4
  [92m✅ BET: UNDER 147.5[0m
  [96mHIGH confidence (11.4 edge)[0m

[35m📈 Utah Valley Wolverines 68.9, Tarleton State Texans 67.2[0m

[1m[96m━━━ GAME 33: Eastern Illinois Panthers @ SE Missouri St Redhawks ━━━[0m
[96m🕐 01/01 08:30 PM[0m

[93m📊 SPREAD:[0m
  Market: -11.5 | Model: +14.2 | Edge: +25.7
  [92m✅ BET: Eastern Illinois Panthers +11.5[0m
  [96mHIGH confidence (+25.7 edge)[0m

[93m🎯 TOTAL:[0m
  Market: 146.5 | Model: 145.0 | Edge: -1.5
  [91m❌ NO BET[0m
  [96mEdge too small (-1.5)[0m

[35m📈 Eastern Illinois Panthers 65.4, SE Missouri St Redhawks 79.6[0m

[1m[96m━━━ GAME 34: Sacramento St Hornets @ Idaho State Bengals ━━━[0m
[96m🕐 01/01 09:00 PM[0m

[93m📊 SPREAD:[0m
  Market: -10.5 | Model: +4.3 | Edge: +14.8
  [92m✅ BET: Sacramento St Hornets +10.5[0m
  [96mHIGH confidence (+14.8 edge)[0m

[93m🎯 TOTAL:[0m
  Market: 150.5 | Model: 138.8 | Edge: -11.7
  [92m✅ BET: UNDER 150.5[0m
  [96mHIGH confidence (11.7 edge)[0m

[35m📈 Sacramento St Hornets 67.3, Idaho State Bengals 71.5[0m

[1m[96m━━━ GAME 35: N Colorado Bears @ Montana St Bobcats ━━━[0m
[96m🕐 01/01 09:00 PM[0m

[93m📊 SPREAD:[0m
  Market: -2.5 | Model: +6.3 | Edge: +8.8
  [92m✅ BET: N Colorado Bears +2.5[0m
  [96mHIGH confidence (+8.8 edge)[0m

[93m🎯 TOTAL:[0m
  Market: 149.5 | Model: 146.0 | Edge: -3.5
  [91m❌ NO BET[0m
  [96mEdge too small (-3.5)[0m

[35m📈 N Colorado Bears 69.8, Montana St Bobcats 76.1[0m

[1m[96m━━━ GAME 36: Murray St Racers @ UIC Flames ━━━[0m
[96m🕐 01/01 09:00 PM[0m

[93m📊 SPREAD:[0m
  Market: +5.5 | Model: +2.8 | Edge: -2.7
  [91m❌ NO BET[0m
  [96mEdge too small (-2.7)[0m

[93m🎯 TOTAL:[0m
  Market: 159.5 | Model: 139.4 | Edge: -20.1
  [92m✅ BET: UNDER 159.5[0m
  [96mHIGH confidence (20.1 edge)[0m

[35m📈 Murray St Racers 68.3, UIC Flames 71.1[0m

[1m[96m━━━ GAME 37: UC Santa Barbara Gauchos @ CSU Fullerton Titans ━━━[0m
[96m🕐 01/01 10:00 PM[0m

[93m📊 SPREAD:[0m
  Market: +4.5 | Model: +1.1 | Edge: -3.4
  [91m❌ NO BET[0m
  [96mEdge too small (-3.4)[0m

[93m🎯 TOTAL:[0m
  Market: 159.5 | Model: 140.8 | Edge: -18.7
  [92m✅ BET: UNDER 159.5[0m
  [96mHIGH confidence (18.7 edge)[0m

[35m📈 UC Santa Barbara Gauchos 69.9, CSU Fullerton Titans 71.0[0m

[1m[96m━━━ GAME 38: UC San Diego Tritons @ Cal Poly Mustangs ━━━[0m
[96m🕐 01/01 10:00 PM[0m

[93m📊 SPREAD:[0m
  Market: +8.5 | Model: +4.8 | Edge: -3.7
  [91m❌ NO BET[0m
  [96mEdge too small (-3.7)[0m

[93m🎯 TOTAL:[0m
  Market: 171.5 | Model: 147.3 | Edge: -24.2
  [92m✅ BET: UNDER 171.5[0m
  [96mHIGH confidence (24.2 edge)[0m

[35m📈 UC San Diego Tritons 71.3, Cal Poly Mustangs 76.0[0m

[1m========================================================================================================================[0m

[92m✓ CSV saved: /Users/rico/sports-models/ncaa/ncaab_model_output.csv[0m
[92m✓ HTML saved: /Users/rico/sports-models/ncaa/ncaab_model_output.html[0m

[1m[96mSTEP 5: Generating Final Tracking Dashboard[0m
[92m✓ Tracking dashboard saved: /Users/rico/sports-models/ncaa/ncaab_tracking_dashboard.html[0m

[1m====================================================================================================[0m
[1m[93m📊 TRACKING SUMMARY 📊[0m
[1m====================================================================================================[0m
[92mTotal Tracked Bets: 2262[0m
[92mRecord: 1143-1063-4[0m
[92mWin Rate: 51.8%[0m
[91mProfit: -22.87 units[0m
[91mROI: -1.0%[0m
[1m====================================================================================================[0m


==========================================
✅ NCAA Model completed successfully!
==========================================

📤 Pushing updates to GitHub...
[main a65eb8e] Update model outputs - 2026-01-01 10:30:06
 Committer: Ricardo Hill <rico@Ricos-M1-Mac-2.local>
Your name and email address were configured automatically based
on your username and hostname. Please check that they are accurate.
You can suppress this message by setting them explicitly. Run the
following command and follow the instructions in your editor to edit
your configuration file:

    git config --global --edit

After doing this, you may fix the identity used for this commit with:

    git commit --amend --reset-author

 4 files changed, 669 insertions(+), 348 deletions(-)
To https://github.com/BangLetsGetIt/NBA-NCAA-Betting-Models.git
   07f4824..a65eb8e  main -> main
✅ Successfully pushed to GitHub!
