==========================================
NCAA Model Run: Sat Jan 24 10:30:04 EST 2026
==========================================
Running NCAA Basketball model (IMPROVED)...

[1m====================================================================================================[0m
[1m[96m🏀 COLLEGE BASKETBALL SHARP MODEL 🏀[0m
[1m[92m⚡ Targeting 56%+ Win Rate with Advanced Analytics ⚡[0m
[1m[93m📅 Filtering games within next 7 days[0m
[1m====================================================================================================[0m

[1m[96mSTEP 1: Checking for Completed Games & Updating Past Picks[0m
[96mChecking 220 pending picks...[0m
[96mFetching completed game scores...[0m
[92m✓ Fetched 209 completed games[0m
[93mNo picks were updated (games may not be complete yet)[0m
[92m✓ Tracking dashboard saved: /Users/rico/sports-models/ncaa/ncaab_tracking_dashboard.html[0m

[1m[96mSTEP 2: Loading Team Statistics[0m
[96mLoading team statistics...[0m
[92m✓ Using cached stats (age: 0h)[0m

[1m[96mSTEP 3: Fetching Live Odds (Next 7 Days)[0m
[92m✓ Fetched 135 games from The Odds API[0m
[92m✓ 135 games in the next 7 days[0m

[1m[96mSTEP 4: Processing Games & Generating Sharp Picks[0m


[1m[92m✅ Analyzed 135 games with complete odds[0m


[1m========================================================================================================================[0m
[1m[93m🏀 COLLEGE BASKETBALL MODEL PREDICTIONS 🏀[0m
[1m========================================================================================================================[0m

[1m[96m━━━ GAME 1: Bellarmine Knights @ North Florida Ospreys ━━━[0m
[96m🕐 01/24 11:00 AM[0m

[93m📊 SPREAD:[0m
  Market: +3.5 | Model: +3.2 | Edge: -0.3
  [91m❌ NO BET[0m
  [96mEdge too small (-0.3)[0m

[93m🎯 TOTAL:[0m
  Market: 164.5 | Model: 131.8 | Edge: -32.7
  [92m✅ BET: UNDER 164.5[0m
  [96mHIGH confidence (EV: +90.7% | Win: 99.9%)[0m

[35m📈 Bellarmine Knights 64.3, North Florida Ospreys 67.5[0m

[1m[96m━━━ GAME 2: Ole Miss Rebels @ Kentucky Wildcats ━━━[0m
[96m🕐 01/24 11:00 AM[0m

[93m📊 SPREAD:[0m
  Market: -9.5 | Model: +9.1 | Edge: +18.6
  [92m✅ BET: Ole Miss Rebels +9.5[0m
  [96mHIGH confidence (EV: +83.6% | Win: 96.2%)[0m

[93m🎯 TOTAL:[0m
  Market: 144.5 | Model: 151.5 | Edge: +7.0
  [92m✅ BET: OVER 144.5[0m
  [96mHIGH confidence (EV: +42.6% | Win: 74.7%)[0m

[35m📈 Ole Miss Rebels 71.2, Kentucky Wildcats 80.3[0m

[1m[96m━━━ GAME 3: Mercer Bears @ Wofford Terriers ━━━[0m
[96m🕐 01/24 11:00 AM[0m

[93m📊 SPREAD:[0m
  Market: +2.5 | Model: +9.1 | Edge: +6.6
  [92m✅ BET: Mercer Bears -2.5[0m
  [96mHIGH confidence (EV: +40.3% | Win: 73.5%)[0m

[93m🎯 TOTAL:[0m
  Market: 157.5 | Model: 138.0 | Edge: -19.5
  [92m✅ BET: UNDER 157.5[0m
  [96mHIGH confidence (EV: +84.8% | Win: 96.8%)[0m

[35m📈 Mercer Bears 64.5, Wofford Terriers 73.6[0m

[1m[96m━━━ GAME 4: American Eagles @ Holy Cross Crusaders ━━━[0m
[96m🕐 01/24 12:00 PM[0m

[93m📊 SPREAD:[0m
  Market: +4.5 | Model: +4.0 | Edge: -0.5
  [91m❌ NO BET[0m
  [96mEdge too small (-0.5)[0m

[93m🎯 TOTAL:[0m
  Market: 138.5 | Model: 131.8 | Edge: -6.7
  [92m✅ BET: UNDER 138.5[0m
  [96mHIGH confidence (EV: +40.8% | Win: 73.8%)[0m

[35m📈 American Eagles 63.9, Holy Cross Crusaders 67.9[0m

[1m[96m━━━ GAME 5: Brown Bears @ Princeton Tigers ━━━[0m
[96m🕐 01/24 12:00 PM[0m

[93m📊 SPREAD:[0m
  Market: -4.5 | Model: +4.8 | Edge: +9.3
  [92m✅ BET: Brown Bears +4.5[0m
  [96mHIGH confidence (EV: +55.1% | Win: 81.2%)[0m

[93m🎯 TOTAL:[0m
  Market: 133.5 | Model: 137.3 | Edge: +3.8
  [91m❌ NO BET[0m
  [96mEdge too small (+3.8)[0m

[35m📈 Brown Bears 66.2, Princeton Tigers 71.0[0m

[1m[96m━━━ GAME 6: Monmouth Hawks @ Campbell Fighting Camels ━━━[0m
[96m🕐 01/24 12:00 PM[0m

[93m📊 SPREAD:[0m
  Market: -5.5 | Model: +1.4 | Edge: +6.9
  [92m✅ BET: Monmouth Hawks +5.5[0m
  [96mHIGH confidence (EV: +42.3% | Win: 74.5%)[0m

[93m🎯 TOTAL:[0m
  Market: 147.5 | Model: 135.0 | Edge: -12.5
  [92m✅ BET: UNDER 147.5[0m
  [96mHIGH confidence (EV: +68.7% | Win: 88.4%)[0m

[35m📈 Monmouth Hawks 66.8, Campbell Fighting Camels 68.2[0m

[1m[96m━━━ GAME 7: Elon Phoenix @ Charleston Cougars ━━━[0m
[96m🕐 01/24 12:00 PM[0m

[93m📊 SPREAD:[0m
  Market: -3.5 | Model: +1.0 | Edge: +4.5
  [91m❌ NO BET[0m
  [96mEdge too small (+4.5)[0m

[93m🎯 TOTAL:[0m
  Market: 159.5 | Model: 138.8 | Edge: -20.7
  [92m✅ BET: UNDER 159.5[0m
  [96mHIGH confidence (EV: +86.2% | Win: 97.5%)[0m

[35m📈 Elon Phoenix 68.9, Charleston Cougars 69.9[0m

[1m[96m━━━ GAME 8: Wake Forest Demon Deacons @ Duke Blue Devils ━━━[0m
[96m🕐 01/24 12:00 PM[0m

[93m📊 SPREAD:[0m
  Market: -17.5 | Model: +10.5 | Edge: +28.0
  [92m✅ BET: Wake Forest Demon Deacons +17.5[0m
  [96mHIGH confidence (EV: +90.2% | Win: 99.6%)[0m

[93m🎯 TOTAL:[0m
  Market: 150.5 | Model: 160.3 | Edge: +9.8
  [92m✅ BET: OVER 150.5[0m
  [96mHIGH confidence (EV: +57.4% | Win: 82.4%)[0m

[35m📈 Wake Forest Demon Deacons 74.9, Duke Blue Devils 85.4[0m

[1m[96m━━━ GAME 9: UNC Wilmington Seahawks @ Hampton Pirates ━━━[0m
[96m🕐 01/24 12:00 PM[0m

[93m📊 SPREAD:[0m
  Market: +3.5 | Model: -0.1 | Edge: -3.6
  [91m❌ NO BET[0m
  [96mEdge too small (-3.6)[0m

[93m🎯 TOTAL:[0m
  Market: 137.5 | Model: 140.9 | Edge: +3.4
  [91m❌ NO BET[0m
  [96mEdge too small (+3.4)[0m

[35m📈 UNC Wilmington Seahawks 70.5, Hampton Pirates 70.4[0m

[1m[96m━━━ GAME 10: Hofstra Pride @ William & Mary Tribe ━━━[0m
[96m🕐 01/24 12:00 PM[0m

[93m📊 SPREAD:[0m
  Market: -3.5 | Model: +10.2 | Edge: +13.7
  [92m✅ BET: Hofstra Pride +3.5[0m
  [96mHIGH confidence (EV: +72.4% | Win: 90.3%)[0m

[93m🎯 TOTAL:[0m
  Market: 158.5 | Model: 136.0 | Edge: -22.5
  [92m✅ BET: UNDER 158.5[0m
  [96mHIGH confidence (EV: +87.9% | Win: 98.4%)[0m

[35m📈 Hofstra Pride 62.9, William & Mary Tribe 73.1[0m

[1m[96m━━━ GAME 11: Nebraska Cornhuskers @ Minnesota Golden Gophers ━━━[0m
[96m🕐 01/24 12:00 PM[0m

[93m📊 SPREAD:[0m
  Market: +4.5 | Model: +2.5 | Edge: -2.0
  [91m❌ NO BET[0m
  [96mEdge too small (-2.0)[0m

[93m🎯 TOTAL:[0m
  Market: 139.5 | Model: 152.4 | Edge: +12.9
  [92m✅ BET: OVER 139.5[0m
  [96mHIGH confidence (EV: +70.1% | Win: 89.1%)[0m

[35m📈 Nebraska Cornhuskers 75.0, Minnesota Golden Gophers 77.5[0m

[1m[96m━━━ GAME 12: Vanderbilt Commodores @ Mississippi St Bulldogs ━━━[0m
[96m🕐 01/24 12:00 PM[0m

[93m📊 SPREAD:[0m
  Market: +7.5 | Model: +1.7 | Edge: -5.8
  [91m❌ NO BET[0m
  [96mEdge too small (-5.8)[0m

[93m🎯 TOTAL:[0m
  Market: 160.5 | Model: 158.5 | Edge: -2.0
  [91m❌ NO BET[0m
  [96mEdge too small (-2.0)[0m

[35m📈 Vanderbilt Commodores 78.4, Mississippi St Bulldogs 80.1[0m

[1m[96m━━━ GAME 13: Niagara Purple Eagles @ Sacred Heart Pioneers ━━━[0m
[96m🕐 01/24 12:00 PM[0m

[93m📊 SPREAD:[0m
  Market: -9.5 | Model: +3.4 | Edge: +12.9
  [92m✅ BET: Niagara Purple Eagles +9.5[0m
  [96mHIGH confidence (EV: +69.9% | Win: 89.0%)[0m

[93m🎯 TOTAL:[0m
  Market: 139.5 | Model: 131.1 | Edge: -8.4
  [92m✅ BET: UNDER 139.5[0m
  [96mHIGH confidence (EV: +50.6% | Win: 78.9%)[0m

[35m📈 Niagara Purple Eagles 63.9, Sacred Heart Pioneers 67.2[0m

[1m[96m━━━ GAME 14: Towson Tigers @ North Carolina A&T Aggies ━━━[0m
[96m🕐 01/24 12:00 PM[0m

[93m📊 SPREAD:[0m
  Market: +7.5 | Model: +1.1 | Edge: -6.4
  [92m✅ BET: North Carolina A&T Aggies +7.5[0m
  [96mHIGH confidence (EV: +38.9% | Win: 72.7%)[0m

[93m🎯 TOTAL:[0m
  Market: 139.5 | Model: 134.0 | Edge: -5.5
  [91m❌ NO BET[0m
  [96mEdge too small (-5.5)[0m

[35m📈 Towson Tigers 66.4, North Carolina A&T Aggies 67.6[0m

[1m[96m━━━ GAME 15: North Carolina Tar Heels @ Virginia Cavaliers ━━━[0m
[96m🕐 01/24 12:00 PM[0m

[93m📊 SPREAD:[0m
  Market: -6.5 | Model: +1.0 | Edge: +7.5
  [92m✅ BET: North Carolina Tar Heels +6.5[0m
  [96mHIGH confidence (EV: +45.4% | Win: 76.2%)[0m

[93m🎯 TOTAL:[0m
  Market: 150.5 | Model: 153.6 | Edge: +3.1
  [91m❌ NO BET[0m
  [96mEdge too small (+3.1)[0m

[35m📈 North Carolina Tar Heels 76.3, Virginia Cavaliers 77.3[0m

[1m[96m━━━ GAME 16: Clemson Tigers @ Georgia Tech Yellow Jackets ━━━[0m
[96m🕐 01/24 12:00 PM[0m

[93m📊 SPREAD:[0m
  Market: +7.5 | Model: -0.3 | Edge: -7.8
  [92m✅ BET: Georgia Tech Yellow Jackets +7.5[0m
  [96mHIGH confidence (EV: +47.1% | Win: 77.0%)[0m

[93m🎯 TOTAL:[0m
  Market: 142.5 | Model: 153.8 | Edge: +11.3
  [92m✅ BET: OVER 142.5[0m
  [96mHIGH confidence (EV: +64.0% | Win: 85.9%)[0m

[35m📈 Clemson Tigers 77.0, Georgia Tech Yellow Jackets 76.8[0m

[1m[96m━━━ GAME 17: Maryland Terrapins @ Michigan St Spartans ━━━[0m
[96m🕐 01/24 12:00 PM[0m

[93m📊 SPREAD:[0m
  Market: -18.5 | Model: +2.2 | Edge: +20.7
  [92m✅ BET: Maryland Terrapins +18.5[0m
  [96mHIGH confidence (EV: +86.3% | Win: 97.6%)[0m

[93m🎯 TOTAL:[0m
  Market: 139.5 | Model: 160.6 | Edge: +21.1
  [92m✅ BET: OVER 139.5[0m
  [96mHIGH confidence (EV: +86.7% | Win: 97.8%)[0m

[35m📈 Maryland Terrapins 79.2, Michigan St Spartans 81.4[0m

[1m[96m━━━ GAME 18: NC State Wolfpack @ Pittsburgh Panthers ━━━[0m
[96m🕐 01/24 12:00 PM[0m

[93m📊 SPREAD:[0m
  Market: +6.5 | Model: +5.3 | Edge: -1.2
  [91m❌ NO BET[0m
  [96mEdge too small (-1.2)[0m

[93m🎯 TOTAL:[0m
  Market: 145.5 | Model: 150.9 | Edge: +5.4
  [91m❌ NO BET[0m
  [96mEdge too small (+5.4)[0m

[35m📈 NC State Wolfpack 72.8, Pittsburgh Panthers 78.1[0m

[1m[96m━━━ GAME 19: Eastern Illinois Panthers @ Morehead St Eagles ━━━[0m
[96m🕐 01/24 12:30 PM[0m

[93m📊 SPREAD:[0m
  Market: -3.5 | Model: +7.8 | Edge: +11.3
  [92m✅ BET: Eastern Illinois Panthers +3.5[0m
  [96mHIGH confidence (EV: +63.9% | Win: 85.8%)[0m

[93m🎯 TOTAL:[0m
  Market: 135.5 | Model: 133.4 | Edge: -2.1
  [91m❌ NO BET[0m
  [96mEdge too small (-2.1)[0m

[35m📈 Eastern Illinois Panthers 62.8, Morehead St Eagles 70.6[0m

[1m[96m━━━ GAME 20: Georgetown Hoyas @ Providence Friars ━━━[0m
[96m🕐 01/24 12:30 PM[0m

[93m📊 SPREAD:[0m
  Market: -4.5 | Model: +5.1 | Edge: +9.6
  [92m✅ BET: Georgetown Hoyas +4.5[0m
  [96mHIGH confidence (EV: +56.3% | Win: 81.9%)[0m

[93m🎯 TOTAL:[0m
  Market: 161.5 | Model: 149.1 | Edge: -12.4
  [92m✅ BET: UNDER 161.5[0m
  [96mHIGH confidence (EV: +68.1% | Win: 88.1%)[0m

[35m📈 Georgetown Hoyas 72.0, Providence Friars 77.1[0m

[1m[96m━━━ GAME 21: Villanova Wildcats @ UConn Huskies ━━━[0m
[96m🕐 01/24 12:30 PM[0m

[93m📊 SPREAD:[0m
  Market: -10.5 | Model: -2.3 | Edge: +8.2
  [92m✅ BET: Villanova Wildcats +10.5[0m
  [96mHIGH confidence (EV: +49.2% | Win: 78.2%)[0m

[93m🎯 TOTAL:[0m
  Market: 136.5 | Model: 148.0 | Edge: +11.5
  [92m✅ BET: OVER 136.5[0m
  [96mHIGH confidence (EV: +65.0% | Win: 86.4%)[0m

[35m📈 Villanova Wildcats 75.2, UConn Huskies 72.9[0m

[1m[96m━━━ GAME 22: Vermont Catamounts @ Bryant Bulldogs ━━━[0m
[96m🕐 01/24 01:00 PM[0m

[93m📊 SPREAD:[0m
  Market: +9.5 | Model: +5.8 | Edge: -3.7
  [91m❌ NO BET[0m
  [96mEdge too small (-3.7)[0m

[93m🎯 TOTAL:[0m
  Market: 135.5 | Model: 136.0 | Edge: +0.5
  [91m❌ NO BET[0m
  [96mEdge too small (+0.5)[0m

[35m📈 Vermont Catamounts 65.1, Bryant Bulldogs 70.9[0m

[1m[96m━━━ GAME 23: Southern Miss Golden Eagles @ Coastal Carolina Chanticleers ━━━[0m
[96m🕐 01/24 01:00 PM[0m

[93m📊 SPREAD:[0m
  Market: -2.5 | Model: +7.5 | Edge: +10.0
  [92m✅ BET: Southern Miss Golden Eagles +2.5[0m
  [96mHIGH confidence (EV: +58.3% | Win: 82.9%)[0m

[93m🎯 TOTAL:[0m
  Market: 144.5 | Model: 131.7 | Edge: -12.8
  [92m✅ BET: UNDER 144.5[0m
  [96mHIGH confidence (EV: +69.7% | Win: 88.9%)[0m

[35m📈 Southern Miss Golden Eagles 62.1, Coastal Carolina Chanticleers 69.6[0m

[1m[96m━━━ GAME 24: Delaware Blue Hens @ Liberty Flames ━━━[0m
[96m🕐 01/24 01:00 PM[0m

[93m📊 SPREAD:[0m
  Market: -14.5 | Model: +0.2 | Edge: +14.7
  [92m✅ BET: Delaware Blue Hens +14.5[0m
  [96mHIGH confidence (EV: +75.5% | Win: 91.9%)[0m

[93m🎯 TOTAL:[0m
  Market: 134.5 | Model: 143.2 | Edge: +8.7
  [92m✅ BET: OVER 134.5[0m
  [96mHIGH confidence (EV: +52.1% | Win: 79.7%)[0m

[35m📈 Delaware Blue Hens 71.5, Liberty Flames 71.7[0m

[1m[96m━━━ GAME 25: Drake Bulldogs @ Indiana St Sycamores ━━━[0m
[96m🕐 01/24 01:00 PM[0m

[93m📊 SPREAD:[0m
  Market: -3.5 | Model: +2.2 | Edge: +5.7
  [91m❌ NO BET[0m
  [96mEdge too small (+5.7)[0m

[93m🎯 TOTAL:[0m
  Market: 150.5 | Model: 154.4 | Edge: +3.9
  [91m❌ NO BET[0m
  [96mEdge too small (+3.9)[0m

[35m📈 Drake Bulldogs 76.1, Indiana St Sycamores 78.3[0m

[1m[96m━━━ GAME 26: Green Bay Phoenix @ Robert Morris Colonials ━━━[0m
[96m🕐 01/24 01:00 PM[0m

[93m📊 SPREAD:[0m
  Market: -5.5 | Model: +2.2 | Edge: +7.7
  [92m✅ BET: Green Bay Phoenix +5.5[0m
  [96mHIGH confidence (EV: +46.6% | Win: 76.8%)[0m

[93m🎯 TOTAL:[0m
  Market: 143.5 | Model: 135.5 | Edge: -8.0
  [92m✅ BET: UNDER 143.5[0m
  [96mHIGH confidence (EV: +48.2% | Win: 77.6%)[0m

[35m📈 Green Bay Phoenix 66.7, Robert Morris Colonials 68.9[0m

[1m[96m━━━ GAME 27: Texas State Bobcats @ James Madison Dukes ━━━[0m
[96m🕐 01/24 01:00 PM[0m

[93m📊 SPREAD:[0m
  Market: -5.5 | Model: +3.2 | Edge: +8.7
  [92m✅ BET: Texas State Bobcats +5.5[0m
  [96mHIGH confidence (EV: +51.9% | Win: 79.6%)[0m

[93m🎯 TOTAL:[0m
  Market: 144.5 | Model: 140.3 | Edge: -4.2
  [91m❌ NO BET[0m
  [96mEdge too small (-4.2)[0m

[35m📈 Texas State Bobcats 68.5, James Madison Dukes 71.7[0m

[1m[96m━━━ GAME 28: Quinnipiac Bobcats @ Marist Red Foxes ━━━[0m
[96m🕐 01/24 01:00 PM[0m

[93m📊 SPREAD:[0m
  Market: -3.5 | Model: +0.8 | Edge: +4.3
  [91m❌ NO BET[0m
  [96mEdge too small (+4.3)[0m

[93m🎯 TOTAL:[0m
  Market: 141.5 | Model: 133.3 | Edge: -8.2
  [92m✅ BET: UNDER 141.5[0m
  [96mHIGH confidence (EV: +49.4% | Win: 78.3%)[0m

[35m📈 Quinnipiac Bobcats 66.2, Marist Red Foxes 67.0[0m

[1m[96m━━━ GAME 29: Milwaukee Panthers @ Youngstown St Penguins ━━━[0m
[96m🕐 01/24 01:00 PM[0m

[93m📊 SPREAD:[0m
  Market: -6.5 | Model: +2.0 | Edge: +8.5
  [92m✅ BET: Milwaukee Panthers +6.5[0m
  [96mHIGH confidence (EV: +50.9% | Win: 79.1%)[0m

[93m🎯 TOTAL:[0m
  Market: 151.5 | Model: 140.8 | Edge: -10.7
  [92m✅ BET: UNDER 151.5[0m
  [96mHIGH confidence (EV: +61.4% | Win: 84.6%)[0m

[35m📈 Milwaukee Panthers 69.4, Youngstown St Penguins 71.4[0m

[1m[96m━━━ GAME 30: Northern Kentucky Norse @ Wright St Raiders ━━━[0m
[96m🕐 01/24 01:00 PM[0m

[93m📊 SPREAD:[0m
  Market: -2.5 | Model: +3.2 | Edge: +5.7
  [91m❌ NO BET[0m
  [96mEdge too small (+5.7)[0m

[93m🎯 TOTAL:[0m
  Market: 152.5 | Model: 137.9 | Edge: -14.6
  [92m✅ BET: UNDER 152.5[0m
  [96mHIGH confidence (EV: +75.1% | Win: 91.7%)[0m

[35m📈 Northern Kentucky Norse 67.3, Wright St Raiders 70.6[0m

[1m[96m━━━ GAME 31: South Carolina Gamecocks @ Texas A&M Aggies ━━━[0m
[96m🕐 01/24 01:00 PM[0m

[93m📊 SPREAD:[0m
  Market: -10.5 | Model: +4.1 | Edge: +14.6
  [92m✅ BET: South Carolina Gamecocks +10.5[0m
  [96mHIGH confidence (EV: +75.2% | Win: 91.8%)[0m

[93m🎯 TOTAL:[0m
  Market: 155.5 | Model: 155.9 | Edge: +0.4
  [91m❌ NO BET[0m
  [96mEdge too small (+0.4)[0m

[35m📈 South Carolina Gamecocks 75.9, Texas A&M Aggies 80.0[0m

[1m[96m━━━ GAME 32: Temple Owls @ UTSA Roadrunners ━━━[0m
[96m🕐 01/24 01:00 PM[0m

[93m📊 SPREAD:[0m
  Market: +11.5 | Model: +2.7 | Edge: -8.8
  [92m✅ BET: UTSA Roadrunners +11.5[0m
  [96mHIGH confidence (EV: +52.4% | Win: 79.9%)[0m

[93m🎯 TOTAL:[0m
  Market: 145.5 | Model: 141.2 | Edge: -4.3
  [91m❌ NO BET[0m
  [96mEdge too small (-4.3)[0m

[35m📈 Temple Owls 69.2, UTSA Roadrunners 72.0[0m

[1m[96m━━━ GAME 33: UMass Lowell River Hawks @ UMBC Retrievers ━━━[0m
[96m🕐 01/24 01:00 PM[0m

[93m📊 SPREAD:[0m
  Market: -1.5 | Model: +3.1 | Edge: +4.6
  [91m❌ NO BET[0m
  [96mEdge too small (+4.6)[0m

[93m🎯 TOTAL:[0m
  Market: 149.5 | Model: 139.4 | Edge: -10.1
  [92m✅ BET: UNDER 149.5[0m
  [96mHIGH confidence (EV: +58.9% | Win: 83.2%)[0m

[35m📈 UMass Lowell River Hawks 68.1, UMBC Retrievers 71.2[0m

[1m[96m━━━ GAME 34: Georgia Bulldogs @ Texas Longhorns ━━━[0m
[96m🕐 01/24 01:00 PM[0m

[93m📊 SPREAD:[0m
  Market: -2.5 | Model: +5.4 | Edge: +7.9
  [92m✅ BET: Georgia Bulldogs +2.5[0m
  [96mHIGH confidence (EV: +48.0% | Win: 77.5%)[0m

[93m🎯 TOTAL:[0m
  Market: 167.5 | Model: 157.8 | Edge: -9.7
  [92m✅ BET: UNDER 167.5[0m
  [96mHIGH confidence (EV: +56.8% | Win: 82.1%)[0m

[35m📈 Georgia Bulldogs 76.2, Texas Longhorns 81.6[0m

[1m[96m━━━ GAME 35: Illinois St Redbirds @ Belmont Bruins ━━━[0m
[96m🕐 01/24 01:00 PM[0m

[93m📊 SPREAD:[0m
  Market: -4.5 | Model: +2.6 | Edge: +7.1
  [92m✅ BET: Illinois St Redbirds +4.5[0m
  [96mHIGH confidence (EV: +43.0% | Win: 74.9%)[0m

[93m🎯 TOTAL:[0m
  Market: 149.5 | Model: 154.1 | Edge: +4.6
  [91m❌ NO BET[0m
  [96mEdge too small (+4.6)[0m

[35m📈 Illinois St Redbirds 75.8, Belmont Bruins 78.3[0m

[1m[96m━━━ GAME 36: Army Knights @ Navy Midshipmen ━━━[0m
[96m🕐 01/24 01:30 PM[0m

[93m📊 SPREAD:[0m
  Market: -10.5 | Model: +3.1 | Edge: +13.6
  [92m✅ BET: Army Knights +10.5[0m
  [96mHIGH confidence (EV: +72.4% | Win: 90.3%)[0m

[93m🎯 TOTAL:[0m
  Market: 144.5 | Model: 130.8 | Edge: -13.7
  [92m✅ BET: UNDER 144.5[0m
  [96mHIGH confidence (EV: +72.7% | Win: 90.5%)[0m

[35m📈 Army Knights 63.8, Navy Midshipmen 66.9[0m

[1m[96m━━━ GAME 37: Coppin St Eagles @ Norfolk St Spartans ━━━[0m
[96m🕐 01/24 01:30 PM[0m

[93m📊 SPREAD:[0m
  Market: -13.5 | Model: +3.1 | Edge: +16.6
  [92m✅ BET: Coppin St Eagles +13.5[0m
  [96mHIGH confidence (EV: +80.0% | Win: 94.3%)[0m

[93m🎯 TOTAL:[0m
  Market: 143.5 | Model: 139.4 | Edge: -4.1
  [91m❌ NO BET[0m
  [96mEdge too small (-4.1)[0m

[35m📈 Coppin St Eagles 68.1, Norfolk St Spartans 71.2[0m

[1m[96m━━━ GAME 38: St. John's Red Storm @ Xavier Musketeers ━━━[0m
[96m🕐 01/24 01:30 PM[0m

[93m📊 SPREAD:[0m
  Market: +8.5 | Model: +6.4 | Edge: -2.1
  [91m❌ NO BET[0m
  [96mEdge too small (-2.1)[0m

[93m🎯 TOTAL:[0m
  Market: 162.5 | Model: 148.2 | Edge: -14.3
  [92m✅ BET: UNDER 162.5[0m
  [96mHIGH confidence (EV: +74.3% | Win: 91.3%)[0m

[35m📈 St. John's Red Storm 70.9, Xavier Musketeers 77.3[0m

[1m[96m━━━ GAME 39: VMI Keydets @ Western Carolina Catamounts ━━━[0m
[96m🕐 01/24 01:30 PM[0m

[93m📊 SPREAD:[0m
  Market: -8.5 | Model: +0.2 | Edge: +8.7
  [92m✅ BET: VMI Keydets +8.5[0m
  [96mHIGH confidence (EV: +51.9% | Win: 79.6%)[0m

[93m🎯 TOTAL:[0m
  Market: 152.5 | Model: 129.7 | Edge: -22.8
  [92m✅ BET: UNDER 152.5[0m
  [96mHIGH confidence (EV: +88.0% | Win: 98.5%)[0m

[35m📈 VMI Keydets 64.8, Western Carolina Catamounts 64.9[0m

[1m[96m━━━ GAME 40: Albany Great Danes @ New Hampshire Wildcats ━━━[0m
[96m🕐 01/24 02:00 PM[0m

[93m📊 SPREAD:[0m
  Market: -1.5 | Model: +0.2 | Edge: +1.7
  [91m❌ NO BET[0m
  [96mEdge too small (+1.7)[0m

[93m🎯 TOTAL:[0m
  Market: 136.5 | Model: 130.5 | Edge: -6.0
  [92m✅ BET: UNDER 136.5[0m
  [96mHIGH confidence (EV: +36.9% | Win: 71.7%)[0m

[35m📈 Albany Great Danes 65.1, New Hampshire Wildcats 65.3[0m

[1m[96m━━━ GAME 41: West Virginia Mountaineers @ Arizona Wildcats ━━━[0m
[96m🕐 01/24 02:00 PM[0m

[93m📊 SPREAD:[0m
  Market: -17.5 | Model: +9.1 | Edge: +26.6
  [92m✅ BET: West Virginia Mountaineers +17.5[0m
  [96mHIGH confidence (EV: +89.8% | Win: 99.4%)[0m

[93m🎯 TOTAL:[0m
  Market: 144.5 | Model: 158.6 | Edge: +14.1
  [92m✅ BET: OVER 144.5[0m
  [96mHIGH confidence (EV: +73.9% | Win: 91.1%)[0m

[35m📈 West Virginia Mountaineers 74.8, Arizona Wildcats 83.8[0m

[1m[96m━━━ GAME 42: Arkansas St Red Wolves @ Georgia St Panthers ━━━[0m
[96m🕐 01/24 02:00 PM[0m

[93m📊 SPREAD:[0m
  Market: +4.5 | Model: +4.3 | Edge: -0.2
  [91m❌ NO BET[0m
  [96mEdge too small (-0.2)[0m

[93m🎯 TOTAL:[0m
  Market: 156.5 | Model: 157.6 | Edge: +1.1
  [91m❌ NO BET[0m
  [96mEdge too small (+1.1)[0m

[35m📈 Arkansas St Red Wolves 76.7, Georgia St Panthers 81.0[0m

[1m[96m━━━ GAME 43: Northern Illinois Huskies @ Ball State Cardinals ━━━[0m
[96m🕐 01/24 02:00 PM[0m

[93m📊 SPREAD:[0m
  Market: -5.5 | Model: +7.9 | Edge: +13.4
  [92m✅ BET: Northern Illinois Huskies +5.5[0m
  [96mHIGH confidence (EV: +71.8% | Win: 90.0%)[0m

[93m🎯 TOTAL:[0m
  Market: 141.5 | Model: 131.0 | Edge: -10.5
  [92m✅ BET: UNDER 141.5[0m
  [96mHIGH confidence (EV: +60.5% | Win: 84.1%)[0m

[35m📈 Northern Illinois Huskies 61.5, Ball State Cardinals 69.5[0m

[1m[96m━━━ GAME 44: Binghamton Bearcats @ Maine Black Bears ━━━[0m
[96m🕐 01/24 02:00 PM[0m

[93m📊 SPREAD:[0m
  Market: -4.5 | Model: +1.9 | Edge: +6.4
  [92m✅ BET: Binghamton Bearcats +4.5[0m
  [96mHIGH confidence (EV: +39.2% | Win: 72.9%)[0m

[93m🎯 TOTAL:[0m
  Market: 125.5 | Model: 131.0 | Edge: +5.5
  [91m❌ NO BET[0m
  [96mEdge too small (+5.5)[0m

[35m📈 Binghamton Bearcats 64.6, Maine Black Bears 66.5[0m

[1m[96m━━━ GAME 45: Boston Univ. Terriers @ Colgate Raiders ━━━[0m
[96m🕐 01/24 02:00 PM[0m

[93m📊 SPREAD:[0m
  Market: -6.5 | Model: +4.3 | Edge: +10.8
  [92m✅ BET: Boston Univ. Terriers +6.5[0m
  [96mHIGH confidence (EV: +62.1% | Win: 84.9%)[0m

[93m🎯 TOTAL:[0m
  Market: 146.5 | Model: 136.8 | Edge: -9.7
  [92m✅ BET: UNDER 146.5[0m
  [96mHIGH confidence (EV: +57.1% | Win: 82.3%)[0m

[35m📈 Boston Univ. Terriers 66.2, Colgate Raiders 70.6[0m

[1m[96m━━━ GAME 46: Bucknell Bison @ Loyola (MD) Greyhounds ━━━[0m
[96m🕐 01/24 02:00 PM[0m

[93m📊 SPREAD:[0m
  Market: +1.5 | Model: +3.5 | Edge: +2.0
  [91m❌ NO BET[0m
  [96mEdge too small (+2.0)[0m

[93m🎯 TOTAL:[0m
  Market: 147.5 | Model: 132.9 | Edge: -14.6
  [92m✅ BET: UNDER 147.5[0m
  [96mHIGH confidence (EV: +75.3% | Win: 91.8%)[0m

[35m📈 Bucknell Bison 64.7, Loyola (MD) Greyhounds 68.2[0m

[1m[96m━━━ GAME 47: Chattanooga Mocs @ Samford Bulldogs ━━━[0m
[96m🕐 01/24 02:00 PM[0m

[93m📊 SPREAD:[0m
  Market: -4.5 | Model: +0.9 | Edge: +5.4
  [91m❌ NO BET[0m
  [96mEdge too small (+5.4)[0m

[93m🎯 TOTAL:[0m
  Market: 152.5 | Model: 145.1 | Edge: -7.4
  [92m✅ BET: UNDER 152.5[0m
  [96mHIGH confidence (EV: +45.2% | Win: 76.1%)[0m

[35m📈 Chattanooga Mocs 72.1, Samford Bulldogs 73.0[0m

[1m[96m━━━ GAME 48: Columbia Lions @ Dartmouth Big Green ━━━[0m
[96m🕐 01/24 02:00 PM[0m

[93m📊 SPREAD:[0m
  Market: +1.5 | Model: -2.5 | Edge: -4.0
  [91m❌ NO BET[0m
  [96mEdge too small (-4.0)[0m

[93m🎯 TOTAL:[0m
  Market: 155.5 | Model: 134.8 | Edge: -20.7
  [92m✅ BET: UNDER 155.5[0m
  [96mHIGH confidence (EV: +86.3% | Win: 97.6%)[0m

[35m📈 Columbia Lions 68.7, Dartmouth Big Green 66.1[0m

[1m[96m━━━ GAME 49: Cornell Big Red @ Harvard Crimson ━━━[0m
[96m🕐 01/24 02:00 PM[0m

[93m📊 SPREAD:[0m
  Market: -1.5 | Model: -3.3 | Edge: -1.8
  [91m❌ NO BET[0m
  [96mEdge too small (-1.8)[0m

[93m🎯 TOTAL:[0m
  Market: 162.5 | Model: 138.8 | Edge: -23.7
  [92m✅ BET: UNDER 162.5[0m
  [96mHIGH confidence (EV: +88.6% | Win: 98.8%)[0m

[35m📈 Cornell Big Red 71.1, Harvard Crimson 67.7[0m

[1m[96m━━━ GAME 50: Dayton Flyers @ Saint Joseph's Hawks ━━━[0m
[96m🕐 01/24 02:00 PM[0m

[93m📊 SPREAD:[0m
  Market: +6.5 | Model: -1.0 | Edge: -7.5
  [92m✅ BET: Saint Joseph's Hawks +6.5[0m
  [96mHIGH confidence (EV: +45.4% | Win: 76.1%)[0m

[93m🎯 TOTAL:[0m
  Market: 139.5 | Model: 149.9 | Edge: +10.4
  [92m✅ BET: OVER 139.5[0m
  [96mHIGH confidence (EV: +60.4% | Win: 84.0%)[0m

[35m📈 Dayton Flyers 75.5, Saint Joseph's Hawks 74.5[0m

[1m[96m━━━ GAME 51: Northeastern Huskies @ Drexel Dragons ━━━[0m
[96m🕐 01/24 02:00 PM[0m

[93m📊 SPREAD:[0m
  Market: -5.5 | Model: +3.3 | Edge: +8.8
  [92m✅ BET: Northeastern Huskies +5.5[0m
  [96mHIGH confidence (EV: +52.6% | Win: 79.9%)[0m

[93m🎯 TOTAL:[0m
  Market: 139.5 | Model: 137.2 | Edge: -2.3
  [91m❌ NO BET[0m
  [96mEdge too small (-2.3)[0m

[35m📈 Northeastern Huskies 67.0, Drexel Dragons 70.3[0m

[1m[96m━━━ GAME 52: Duquesne Dukes @ Loyola (Chi) Ramblers ━━━[0m
[96m🕐 01/24 02:00 PM[0m

[93m📊 SPREAD:[0m
  Market: +5.5 | Model: +3.4 | Edge: -2.1
  [91m❌ NO BET[0m
  [96mEdge too small (-2.1)[0m

[93m🎯 TOTAL:[0m
  Market: 151.5 | Model: 141.0 | Edge: -10.5
  [92m✅ BET: UNDER 151.5[0m
  [96mHIGH confidence (EV: +60.6% | Win: 84.1%)[0m

[35m📈 Duquesne Dukes 68.8, Loyola (Chi) Ramblers 72.2[0m

[1m[96m━━━ GAME 53: Florida Int'l Golden Panthers @ New Mexico St Aggies ━━━[0m
[96m🕐 01/24 02:00 PM[0m

[93m📊 SPREAD:[0m
  Market: -7.5 | Model: -2.1 | Edge: +5.4
  [91m❌ NO BET[0m
  [96mEdge too small (+5.4)[0m

[93m🎯 TOTAL:[0m
  Market: 157.5 | Model: 160.9 | Edge: +3.4
  [91m❌ NO BET[0m
  [96mEdge too small (+3.4)[0m

[35m📈 Florida Int'l Golden Panthers 81.5, New Mexico St Aggies 79.4[0m

[1m[96m━━━ GAME 54: George Mason Patriots @ Rhode Island Rams ━━━[0m
[96m🕐 01/24 02:00 PM[0m

[93m📊 SPREAD:[0m
  Market: +1.5 | Model: +6.4 | Edge: +4.9
  [91m❌ NO BET[0m
  [96mEdge too small (+4.9)[0m

[93m🎯 TOTAL:[0m
  Market: 135.5 | Model: 145.5 | Edge: +10.0
  [92m✅ BET: OVER 135.5[0m
  [96mHIGH confidence (EV: +58.4% | Win: 83.0%)[0m

[35m📈 George Mason Patriots 69.6, Rhode Island Rams 76.0[0m

[1m[96m━━━ GAME 55: Houston Cougars @ Texas Tech Red Raiders ━━━[0m
[96m🕐 01/24 02:00 PM[0m

[93m📊 SPREAD:[0m
  Market: +1.5 | Model: +7.1 | Edge: +5.6
  [91m❌ NO BET[0m
  [96mEdge too small (+5.6)[0m

[93m🎯 TOTAL:[0m
  Market: 140.5 | Model: 166.4 | Edge: +25.9
  [92m✅ BET: OVER 140.5[0m
  [96mHIGH confidence (EV: +89.6% | Win: 99.3%)[0m

[35m📈 Houston Cougars 79.7, Texas Tech Red Raiders 86.8[0m

[1m[96m━━━ GAME 56: Morgan St Bears @ Howard Bison ━━━[0m
[96m🕐 01/24 02:00 PM[0m

[93m📊 SPREAD:[0m
  Market: -12.5 | Model: +5.4 | Edge: +17.9
  [92m✅ BET: Morgan St Bears +12.5[0m
  [96mHIGH confidence (EV: +82.5% | Win: 95.6%)[0m

[93m🎯 TOTAL:[0m
  Market: 146.5 | Model: 135.2 | Edge: -11.3
  [92m✅ BET: UNDER 146.5[0m
  [96mHIGH confidence (EV: +63.9% | Win: 85.9%)[0m

[35m📈 Morgan St Bears 64.9, Howard Bison 70.3[0m

[1m[96m━━━ GAME 57: Yale Bulldogs @ Pennsylvania Quakers ━━━[0m
[96m🕐 01/24 02:00 PM[0m

[93m📊 SPREAD:[0m
  Market: +6.5 | Model: +0.4 | Edge: -6.1
  [92m✅ BET: Pennsylvania Quakers +6.5[0m
  [96mHIGH confidence (EV: +37.1% | Win: 71.8%)[0m

[93m🎯 TOTAL:[0m
  Market: 157.5 | Model: 140.3 | Edge: -17.2
  [92m✅ BET: UNDER 157.5[0m
  [96mHIGH confidence (EV: +81.2% | Win: 94.9%)[0m

[35m📈 Yale Bulldogs 69.9, Pennsylvania Quakers 70.4[0m

[1m[96m━━━ GAME 58: Winthrop Eagles @ Presbyterian Blue Hose ━━━[0m
[96m🕐 01/24 02:00 PM[0m

[93m📊 SPREAD:[0m
  Market: +5.5 | Model: +2.9 | Edge: -2.6
  [91m❌ NO BET[0m
  [96mEdge too small (-2.6)[0m

[93m🎯 TOTAL:[0m
  Market: 146.5 | Model: 137.8 | Edge: -8.7
  [92m✅ BET: UNDER 146.5[0m
  [96mHIGH confidence (EV: +52.1% | Win: 79.7%)[0m

[35m📈 Winthrop Eagles 67.5, Presbyterian Blue Hose 70.3[0m

[1m[96m━━━ GAME 59: Western Kentucky Hilltoppers @ Sam Houston St Bearkats ━━━[0m
[96m🕐 01/24 02:00 PM[0m

[93m📊 SPREAD:[0m
  Market: -3.5 | Model: +7.9 | Edge: +11.4
  [92m✅ BET: Western Kentucky Hilltoppers +3.5[0m
  [96mHIGH confidence (EV: +64.3% | Win: 86.1%)[0m

[93m🎯 TOTAL:[0m
  Market: 158.5 | Model: 140.5 | Edge: -18.0
  [92m✅ BET: UNDER 158.5[0m
  [96mHIGH confidence (EV: +82.6% | Win: 95.7%)[0m

[35m📈 Western Kentucky Hilltoppers 66.3, Sam Houston St Bearkats 74.2[0m

[1m[96m━━━ GAME 60: St. Thomas (MN) Tommies @ South Dakota Coyotes ━━━[0m
[96m🕐 01/24 02:00 PM[0m

[93m📊 SPREAD:[0m
  Market: +10.5 | Model: +2.5 | Edge: -8.0
  [92m✅ BET: South Dakota Coyotes +10.5[0m
  [96mHIGH confidence (EV: +48.4% | Win: 77.7%)[0m

[93m🎯 TOTAL:[0m
  Market: 161.5 | Model: 140.9 | Edge: -20.6
  [92m✅ BET: UNDER 161.5[0m
  [96mHIGH confidence (EV: +86.1% | Win: 97.5%)[0m

[35m📈 St. Thomas (MN) Tommies 69.2, South Dakota Coyotes 71.7[0m

[1m[96m━━━ GAME 61: Miami Hurricanes @ Syracuse Orange ━━━[0m
[96m🕐 01/24 02:00 PM[0m

[93m📊 SPREAD:[0m
  Market: +2.5 | Model: +5.5 | Edge: +3.0
  [91m❌ NO BET[0m
  [96mEdge too small (+3.0)[0m

[93m🎯 TOTAL:[0m
  Market: 150.5 | Model: 143.1 | Edge: -7.4
  [92m✅ BET: UNDER 150.5[0m
  [96mHIGH confidence (EV: +45.2% | Win: 76.0%)[0m

[35m📈 Miami Hurricanes 68.8, Syracuse Orange 74.3[0m

[1m[96m━━━ GAME 62: Oklahoma Sooners @ Missouri Tigers ━━━[0m
[96m🕐 01/24 02:00 PM[0m

[93m📊 SPREAD:[0m
  Market: -4.5 | Model: +5.4 | Edge: +9.9
  [92m✅ BET: Oklahoma Sooners +4.5[0m
  [96mHIGH confidence (EV: +57.8% | Win: 82.7%)[0m

[93m🎯 TOTAL:[0m
  Market: 150.5 | Model: 160.0 | Edge: +9.5
  [92m✅ BET: OVER 150.5[0m
  [96mHIGH confidence (EV: +55.9% | Win: 81.7%)[0m

[35m📈 Oklahoma Sooners 77.3, Missouri Tigers 82.7[0m

[1m[96m━━━ GAME 63: Virginia Tech Hokies @ Louisville Cardinals ━━━[0m
[96m🕐 01/24 02:15 PM[0m

[93m📊 SPREAD:[0m
  Market: -13.5 | Model: +4.9 | Edge: +18.4
  [92m✅ BET: Virginia Tech Hokies +13.5[0m
  [96mHIGH confidence (EV: +83.4% | Win: 96.1%)[0m

[93m🎯 TOTAL:[0m
  Market: 160.5 | Model: 152.0 | Edge: -8.5
  [92m✅ BET: UNDER 160.5[0m
  [96mHIGH confidence (EV: +51.0% | Win: 79.1%)[0m

[35m📈 Virginia Tech Hokies 73.5, Louisville Cardinals 78.5[0m

[1m[96m━━━ GAME 64: Nicholls St Colonels @ SE Louisiana Lions ━━━[0m
[96m🕐 01/24 02:30 PM[0m

[93m📊 SPREAD:[0m
  Market: -1.5 | Model: +1.6 | Edge: +3.1
  [91m❌ NO BET[0m
  [96mEdge too small (+3.1)[0m

[93m🎯 TOTAL:[0m
  Market: 141.5 | Model: 134.9 | Edge: -6.6
  [92m✅ BET: UNDER 141.5[0m
  [96mHIGH confidence (EV: +40.3% | Win: 73.5%)[0m

[35m📈 Nicholls St Colonels 66.7, SE Louisiana Lions 68.2[0m

[1m[96m━━━ GAME 65: Queens University Royals @ West Georgia Wolves ━━━[0m
[96m🕐 01/24 02:30 PM[0m

[93m📊 SPREAD:[0m
  Market: +7.5 | Model: +2.2 | Edge: -5.3
  [91m❌ NO BET[0m
  [96mEdge too small (-5.3)[0m

[93m🎯 TOTAL:[0m
  Market: 162.5 | Model: 132.9 | Edge: -29.6
  [92m✅ BET: UNDER 162.5[0m
  [96mHIGH confidence (EV: +90.5% | Win: 99.8%)[0m

[35m📈 Queens University Royals 65.3, West Georgia Wolves 67.5[0m

[1m[96m━━━ GAME 66: Tennessee Tech Golden Eagles @ SIU-Edwardsville Cougars ━━━[0m
[96m🕐 01/24 02:30 PM[0m

[93m📊 SPREAD:[0m
  Market: -7.5 | Model: +3.6 | Edge: +11.1
  [92m✅ BET: Tennessee Tech Golden Eagles +7.5[0m
  [96mHIGH confidence (EV: +63.0% | Win: 85.4%)[0m

[93m🎯 TOTAL:[0m
  Market: 135.5 | Model: 135.0 | Edge: -0.5
  [91m❌ NO BET[0m
  [96mEdge too small (-0.5)[0m

[35m📈 Tennessee Tech Golden Eagles 65.7, SIU-Edwardsville Cougars 69.3[0m

[1m[96m━━━ GAME 67: Oakland Golden Grizzlies @ Detroit Mercy Titans ━━━[0m
[96m🕐 01/24 03:00 PM[0m

[93m📊 SPREAD:[0m
  Market: +6.5 | Model: -1.2 | Edge: -7.7
  [92m✅ BET: Detroit Mercy Titans +6.5[0m
  [96mHIGH confidence (EV: +46.7% | Win: 76.8%)[0m

[93m🎯 TOTAL:[0m
  Market: 167.5 | Model: 133.2 | Edge: -34.3
  [92m✅ BET: UNDER 167.5[0m
  [96mHIGH confidence (EV: +90.8% | Win: 99.9%)[0m

[35m📈 Oakland Golden Grizzlies 67.2, Detroit Mercy Titans 66.0[0m

[1m[96m━━━ GAME 68: Eastern Kentucky Colonels @ Jacksonville Dolphins ━━━[0m
[96m🕐 01/24 03:00 PM[0m

[93m📊 SPREAD:[0m
  Market: -1.5 | Model: -2.1 | Edge: -0.6
  [91m❌ NO BET[0m
  [96mEdge too small (-0.6)[0m

[93m🎯 TOTAL:[0m
  Market: 140.5 | Model: 137.9 | Edge: -2.6
  [91m❌ NO BET[0m
  [96mEdge too small (-2.6)[0m

[35m📈 Eastern Kentucky Colonels 70.0, Jacksonville Dolphins 67.9[0m

[1m[96m━━━ GAME 69: Richmond Spiders @ GW Revolutionaries ━━━[0m
[96m🕐 01/24 03:00 PM[0m

[93m📊 SPREAD:[0m
  Market: -9.5 | Model: +2.7 | Edge: +12.2
  [92m✅ BET: Richmond Spiders +9.5[0m
  [96mHIGH confidence (EV: +67.5% | Win: 87.7%)[0m

[93m🎯 TOTAL:[0m
  Market: 159.5 | Model: 137.7 | Edge: -21.8
  [92m✅ BET: UNDER 159.5[0m
  [96mHIGH confidence (EV: +87.3% | Win: 98.1%)[0m

[35m📈 Richmond Spiders 67.5, GW Revolutionaries 70.2[0m

[1m[96m━━━ GAME 70: Troy Trojans @ Georgia Southern Eagles ━━━[0m
[96m🕐 01/24 03:00 PM[0m

[93m📊 SPREAD:[0m
  Market: +4.5 | Model: +2.9 | Edge: -1.6
  [91m❌ NO BET[0m
  [96mEdge too small (-1.6)[0m

[93m🎯 TOTAL:[0m
  Market: 158.5 | Model: 139.4 | Edge: -19.1
  [92m✅ BET: UNDER 158.5[0m
  [96mHIGH confidence (EV: +84.4% | Win: 96.6%)[0m

[35m📈 Troy Trojans 68.2, Georgia Southern Eagles 71.2[0m

[1m[96m━━━ GAME 71: Illinois Fighting Illini @ Purdue Boilermakers ━━━[0m
[96m🕐 01/24 03:00 PM[0m

[93m📊 SPREAD:[0m
  Market: -5.5 | Model: +5.0 | Edge: +10.5
  [92m✅ BET: Illinois Fighting Illini +5.5[0m
  [96mHIGH confidence (EV: +60.5% | Win: 84.1%)[0m

[93m🎯 TOTAL:[0m
  Market: 153.5 | Model: 161.8 | Edge: +8.3
  [92m✅ BET: OVER 153.5[0m
  [96mHIGH confidence (EV: +50.0% | Win: 78.6%)[0m

[35m📈 Illinois Fighting Illini 78.4, Purdue Boilermakers 83.4[0m

[1m[96m━━━ GAME 72: Iowa State Cyclones @ Oklahoma St Cowboys ━━━[0m
[96m🕐 01/24 03:00 PM[0m

[93m📊 SPREAD:[0m
  Market: +9.5 | Model: +4.9 | Edge: -4.6
  [91m❌ NO BET[0m
  [96mEdge too small (-4.6)[0m

[93m🎯 TOTAL:[0m
  Market: 160.5 | Model: 159.0 | Edge: -1.5
  [91m❌ NO BET[0m
  [96mEdge too small (-1.5)[0m

[35m📈 Iowa State Cyclones 77.0, Oklahoma St Cowboys 81.9[0m

[1m[96m━━━ GAME 73: Saint Peter's Peacocks @ Merrimack Warriors ━━━[0m
[96m🕐 01/24 03:00 PM[0m

[93m📊 SPREAD:[0m
  Market: -2.5 | Model: +3.9 | Edge: +6.4
  [92m✅ BET: Saint Peter's Peacocks +2.5[0m
  [96mHIGH confidence (EV: +39.2% | Win: 72.9%)[0m

[93m🎯 TOTAL:[0m
  Market: 133.5 | Model: 132.3 | Edge: -1.2
  [91m❌ NO BET[0m
  [96mEdge too small (-1.2)[0m

[35m📈 Saint Peter's Peacocks 64.2, Merrimack Warriors 68.1[0m

[1m[96m━━━ GAME 74: North Dakota St Bison @ Oral Roberts Golden Eagles ━━━[0m
[96m🕐 01/24 03:00 PM[0m

[93m📊 SPREAD:[0m
  Market: +8.5 | Model: +1.7 | Edge: -6.8
  [92m✅ BET: Oral Roberts Golden Eagles +8.5[0m
  [96mHIGH confidence (EV: +41.7% | Win: 74.2%)[0m

[93m🎯 TOTAL:[0m
  Market: 141.5 | Model: 133.3 | Edge: -8.2
  [92m✅ BET: UNDER 141.5[0m
  [96mHIGH confidence (EV: +49.1% | Win: 78.1%)[0m

[35m📈 North Dakota St Bison 65.8, Oral Roberts Golden Eagles 67.5[0m

[1m[96m━━━ GAME 75: UCF Knights @ Colorado Buffaloes ━━━[0m
[96m🕐 01/24 03:00 PM[0m

[93m📊 SPREAD:[0m
  Market: -3.5 | Model: -0.5 | Edge: +3.0
  [91m❌ NO BET[0m
  [96mEdge too small (+3.0)[0m

[93m🎯 TOTAL:[0m
  Market: 159.5 | Model: 152.0 | Edge: -7.5
  [92m✅ BET: UNDER 159.5[0m
  [96mHIGH confidence (EV: +45.4% | Win: 76.2%)[0m

[35m📈 UCF Knights 76.3, Colorado Buffaloes 75.7[0m

[1m[96m━━━ GAME 76: Alabama A&M Bulldogs @ Texas Southern Tigers ━━━[0m
[96m🕐 01/24 03:30 PM[0m

[93m📊 SPREAD:[0m
  Market: +1.5 | Model: +2.0 | Edge: +0.5
  [91m❌ NO BET[0m
  [96mEdge too small (+0.5)[0m

[93m🎯 TOTAL:[0m
  Market: 146.5 | Model: 127.5 | Edge: -19.0
  [92m✅ BET: UNDER 146.5[0m
  [96mHIGH confidence (EV: +84.2% | Win: 96.5%)[0m

[35m📈 Alabama A&M Bulldogs 62.7, Texas Southern Tigers 64.8[0m

[1m[96m━━━ GAME 77: Kent State Golden Flashes @ Eastern Michigan Eagles ━━━[0m
[96m🕐 01/24 03:30 PM[0m

[93m📊 SPREAD:[0m
  Market: +4.5 | Model: +5.7 | Edge: +1.2
  [91m❌ NO BET[0m
  [96mEdge too small (+1.2)[0m

[93m🎯 TOTAL:[0m
  Market: 155.5 | Model: 137.9 | Edge: -17.6
  [92m✅ BET: UNDER 155.5[0m
  [96mHIGH confidence (EV: +81.9% | Win: 95.3%)[0m

[35m📈 Kent State Golden Flashes 66.1, Eastern Michigan Eagles 71.8[0m

[1m[96m━━━ GAME 78: Tennessee St Tigers @ Lindenwood Lions ━━━[0m
[96m🕐 01/24 03:30 PM[0m

[93m📊 SPREAD:[0m
  Market: -3.5 | Model: -2.9 | Edge: +0.6
  [91m❌ NO BET[0m
  [96mEdge too small (+0.6)[0m

[93m🎯 TOTAL:[0m
  Market: 160.5 | Model: 146.3 | Edge: -14.2
  [92m✅ BET: UNDER 160.5[0m
  [96mHIGH confidence (EV: +74.0% | Win: 91.1%)[0m

[35m📈 Tennessee St Tigers 74.6, Lindenwood Lions 71.7[0m

[1m[96m━━━ GAME 79: New Orleans Privateers @ McNeese Cowboys ━━━[0m
[96m🕐 01/24 03:30 PM[0m

[93m📊 SPREAD:[0m
  Market: -18.5 | Model: +3.2 | Edge: +21.7
  [92m✅ BET: New Orleans Privateers +18.5[0m
  [96mHIGH confidence (EV: +87.2% | Win: 98.0%)[0m

[93m🎯 TOTAL:[0m
  Market: 156.5 | Model: 133.3 | Edge: -23.2
  [92m✅ BET: UNDER 156.5[0m
  [96mHIGH confidence (EV: +88.3% | Win: 98.6%)[0m

[35m📈 New Orleans Privateers 65.1, McNeese Cowboys 68.2[0m

[1m[96m━━━ GAME 80: Air Force Falcons @ Boise State Broncos ━━━[0m
[96m🕐 01/24 04:00 PM[0m

[93m📊 SPREAD:[0m
  Market: -23.5 | Model: +8.0 | Edge: +31.5
  [92m✅ BET: Air Force Falcons +23.5[0m
  [96mHIGH confidence (EV: +90.7% | Win: 99.9%)[0m

[93m🎯 TOTAL:[0m
  Market: 134.5 | Model: 144.6 | Edge: +10.1
  [92m✅ BET: OVER 134.5[0m
  [96mHIGH confidence (EV: +59.0% | Win: 83.3%)[0m

[35m📈 Air Force Falcons 68.3, Boise State Broncos 76.3[0m

[1m[96m━━━ GAME 81: Jackson St Tigers @ Bethune-Cookman Wildcats ━━━[0m
[96m🕐 01/24 04:00 PM[0m

[93m📊 SPREAD:[0m
  Market: -7.5 | Model: +0.4 | Edge: +7.9
  [92m✅ BET: Jackson St Tigers +7.5[0m
  [96mHIGH confidence (EV: +47.7% | Win: 77.4%)[0m

[93m🎯 TOTAL:[0m
  Market: 157.5 | Model: 135.0 | Edge: -22.5
  [92m✅ BET: UNDER 157.5[0m
  [96mHIGH confidence (EV: +87.8% | Win: 98.4%)[0m

[35m📈 Jackson St Tigers 67.3, Bethune-Cookman Wildcats 67.7[0m

[1m[96m━━━ GAME 82: North Dakota Fighting Hawks @ Denver Pioneers ━━━[0m
[96m🕐 01/24 04:00 PM[0m

[93m📊 SPREAD:[0m
  Market: -4.5 | Model: -1.7 | Edge: +2.8
  [91m❌ NO BET[0m
  [96mEdge too small (+2.8)[0m

[93m🎯 TOTAL:[0m
  Market: 162.5 | Model: 133.4 | Edge: -29.1
  [92m✅ BET: UNDER 162.5[0m
  [96mHIGH confidence (EV: +90.4% | Win: 99.7%)[0m

[35m📈 North Dakota Fighting Hawks 67.5, Denver Pioneers 65.8[0m

[1m[96m━━━ GAME 83: Stephen F. Austin Lumberjacks @ Lamar Cardinals ━━━[0m
[96m🕐 01/24 04:00 PM[0m

[93m📊 SPREAD:[0m
  Market: +4.5 | Model: +5.4 | Edge: +0.9
  [91m❌ NO BET[0m
  [96mEdge too small (+0.9)[0m

[93m🎯 TOTAL:[0m
  Market: 134.5 | Model: 135.2 | Edge: +0.7
  [91m❌ NO BET[0m
  [96mEdge too small (+0.7)[0m

[35m📈 Stephen F. Austin Lumberjacks 64.9, Lamar Cardinals 70.3[0m

[1m[96m━━━ GAME 84: Memphis Tigers @ Wichita St Shockers ━━━[0m
[96m🕐 01/24 04:00 PM[0m

[93m📊 SPREAD:[0m
  Market: -2.5 | Model: +1.4 | Edge: +3.9
  [91m❌ NO BET[0m
  [96mEdge too small (+3.9)[0m

[93m🎯 TOTAL:[0m
  Market: 145.5 | Model: 146.4 | Edge: +0.9
  [91m❌ NO BET[0m
  [96mEdge too small (+0.9)[0m

[35m📈 Memphis Tigers 72.5, Wichita St Shockers 73.9[0m

[1m[96m━━━ GAME 85: Missouri St Bears @ UTEP Miners ━━━[0m
[96m🕐 01/24 04:00 PM[0m

[93m📊 SPREAD:[0m
  Market: +1.5 | Model: -3.6 | Edge: -5.1
  [91m❌ NO BET[0m
  [96mEdge too small (-5.1)[0m

[93m🎯 TOTAL:[0m
  Market: 139.5 | Model: 151.8 | Edge: +12.3
  [92m✅ BET: OVER 139.5[0m
  [96mHIGH confidence (EV: +67.9% | Win: 88.0%)[0m

[35m📈 Missouri St Bears 77.7, UTEP Miners 74.1[0m

[1m[96m━━━ GAME 86: Rider Broncs @ Mt. St. Mary's Mountaineers ━━━[0m
[96m🕐 01/24 04:00 PM[0m

[93m📊 SPREAD:[0m
  Market: -7.5 | Model: +2.3 | Edge: +9.8
  [92m✅ BET: Rider Broncs +7.5[0m
  [96mHIGH confidence (EV: +57.6% | Win: 82.6%)[0m

[93m🎯 TOTAL:[0m
  Market: 139.5 | Model: 134.5 | Edge: -5.0
  [91m❌ NO BET[0m
  [96mEdge too small (-5.0)[0m

[35m📈 Rider Broncs 66.1, Mt. St. Mary's Mountaineers 68.4[0m

[1m[96m━━━ GAME 87: Murray St Racers @ Northern Iowa Panthers ━━━[0m
[96m🕐 01/24 04:00 PM[0m

[93m📊 SPREAD:[0m
  Market: +1.5 | Model: +5.1 | Edge: +3.6
  [91m❌ NO BET[0m
  [96mEdge too small (+3.6)[0m

[93m🎯 TOTAL:[0m
  Market: 146.5 | Model: 143.4 | Edge: -3.1
  [91m❌ NO BET[0m
  [96mEdge too small (-3.1)[0m

[35m📈 Murray St Racers 69.2, Northern Iowa Panthers 74.3[0m

[1m[96m━━━ GAME 88: San Diego St Aztecs @ UNLV Rebels ━━━[0m
[96m🕐 01/24 04:00 PM[0m

[93m📊 SPREAD:[0m
  Market: +5.5 | Model: +4.1 | Edge: -1.4
  [91m❌ NO BET[0m
  [96mEdge too small (-1.4)[0m

[93m🎯 TOTAL:[0m
  Market: 148.5 | Model: 136.4 | Edge: -12.1
  [92m✅ BET: UNDER 148.5[0m
  [96mHIGH confidence (EV: +67.1% | Win: 87.5%)[0m

[35m📈 San Diego St Aztecs 66.2, UNLV Rebels 70.2[0m

[1m[96m━━━ GAME 89: San José St Spartans @ Wyoming Cowboys ━━━[0m
[96m🕐 01/24 04:00 PM[0m

[93m📊 SPREAD:[0m
  Market: -13.5 | Model: +2.5 | Edge: +16.0
  [92m✅ BET: San José St Spartans +13.5[0m
  [96mHIGH confidence (EV: +78.8% | Win: 93.6%)[0m

[93m🎯 TOTAL:[0m
  Market: 143.5 | Model: 139.8 | Edge: -3.7
  [91m❌ NO BET[0m
  [96mEdge too small (-3.7)[0m

[35m📈 San José St Spartans 68.7, Wyoming Cowboys 71.2[0m

[1m[96m━━━ GAME 90: Auburn Tigers @ Florida Gators ━━━[0m
[96m🕐 01/24 04:00 PM[0m

[93m📊 SPREAD:[0m
  Market: -11.5 | Model: +2.9 | Edge: +14.4
  [92m✅ BET: Auburn Tigers +11.5[0m
  [96mHIGH confidence (EV: +74.7% | Win: 91.5%)[0m

[93m🎯 TOTAL:[0m
  Market: 163.5 | Model: 167.8 | Edge: +4.3
  [91m❌ NO BET[0m
  [96mEdge too small (+4.3)[0m

[35m📈 Auburn Tigers 82.4, Florida Gators 85.3[0m

[1m[96m━━━ GAME 91: Florida St Seminoles @ SMU Mustangs ━━━[0m
[96m🕐 01/24 04:00 PM[0m

[93m📊 SPREAD:[0m
  Market: -11.5 | Model: -2.3 | Edge: +9.2
  [92m✅ BET: Florida St Seminoles +11.5[0m
  [96mHIGH confidence (EV: +54.4% | Win: 80.9%)[0m

[93m🎯 TOTAL:[0m
  Market: 164.5 | Model: 154.5 | Edge: -10.0
  [92m✅ BET: UNDER 164.5[0m
  [96mHIGH confidence (EV: +58.3% | Win: 82.9%)[0m

[35m📈 Florida St Seminoles 78.4, SMU Mustangs 76.1[0m

[1m[96m━━━ GAME 92: UT Rio Grande Valley Vaqueros @ Houston Christian Huskies ━━━[0m
[96m🕐 01/24 04:30 PM[0m

[93m📊 SPREAD:[0m
  Market: +2.5 | Model: +2.0 | Edge: -0.5
  [91m❌ NO BET[0m
  [96mEdge too small (-0.5)[0m

[93m🎯 TOTAL:[0m
  Market: 139.5 | Model: 136.1 | Edge: -3.4
  [91m❌ NO BET[0m
  [96mEdge too small (-3.4)[0m

[35m📈 UT Rio Grande Valley Vaqueros 67.0, Houston Christian Huskies 69.1[0m

[1m[96m━━━ GAME 93: Texas A&M-CC Islanders @ Incarnate Word Cardinals ━━━[0m
[96m🕐 01/24 04:30 PM[0m

[93m📊 SPREAD:[0m
  Market: +1.5 | Model: +4.0 | Edge: +2.5
  [91m❌ NO BET[0m
  [96mEdge too small (+2.5)[0m

[93m🎯 TOTAL:[0m
  Market: 134.5 | Model: 148.8 | Edge: +14.3
  [92m✅ BET: OVER 134.5[0m
  [96mHIGH confidence (EV: +74.4% | Win: 91.3%)[0m

[35m📈 Texas A&M-CC Islanders 72.4, Incarnate Word Cardinals 76.4[0m

[1m[96m━━━ GAME 94: Tulsa Golden Hurricane @ Rice Owls ━━━[0m
[96m🕐 01/24 04:30 PM[0m

[93m📊 SPREAD:[0m
  Market: +9.0 | Model: +4.1 | Edge: -4.9
  [91m❌ NO BET[0m
  [96mEdge too small (-4.9)[0m

[93m🎯 TOTAL:[0m
  Market: 154.0 | Model: 137.6 | Edge: -16.4
  [92m✅ BET: UNDER 154.0[0m
  [96mHIGH confidence (EV: +79.7% | Win: 94.1%)[0m

[35m📈 Tulsa Golden Hurricane 66.7, Rice Owls 70.8[0m

[1m[96m━━━ GAME 95: LSU Tigers @ Arkansas Razorbacks ━━━[0m
[96m🕐 01/24 05:00 PM[0m

[93m📊 SPREAD:[0m
  Market: -10.5 | Model: +3.8 | Edge: +14.3
  [92m✅ BET: LSU Tigers +10.5[0m
  [96mHIGH confidence (EV: +74.3% | Win: 91.3%)[0m

[93m🎯 TOTAL:[0m
  Market: 163.5 | Model: 148.4 | Edge: -15.1
  [92m✅ BET: UNDER 163.5[0m
  [96mHIGH confidence (EV: +76.5% | Win: 92.4%)[0m

[35m📈 LSU Tigers 72.3, Arkansas Razorbacks 76.1[0m

[1m[96m━━━ GAME 96: Bowling Green Falcons @ Toledo Rockets ━━━[0m
[96m🕐 01/24 05:00 PM[0m

[93m📊 SPREAD:[0m
  Market: +1.5 | Model: +10.4 | Edge: +8.9
  [92m✅ BET: Bowling Green Falcons -1.5[0m
  [96mHIGH confidence (EV: +53.1% | Win: 80.2%)[0m

[93m🎯 TOTAL:[0m
  Market: 157.5 | Model: 134.8 | Edge: -22.7
  [92m✅ BET: UNDER 157.5[0m
  [96mHIGH confidence (EV: +88.0% | Win: 98.5%)[0m

[35m📈 Bowling Green Falcons 62.2, Toledo Rockets 72.6[0m

[1m[96m━━━ GAME 97: VCU Rams @ Davidson Wildcats ━━━[0m
[96m🕐 01/24 05:00 PM[0m

[93m📊 SPREAD:[0m
  Market: +5.5 | Model: +6.2 | Edge: +0.7
  [91m❌ NO BET[0m
  [96mEdge too small (+0.7)[0m

[93m🎯 TOTAL:[0m
  Market: 148.5 | Model: 141.6 | Edge: -6.9
  [92m✅ BET: UNDER 148.5[0m
  [96mHIGH confidence (EV: +42.0% | Win: 74.4%)[0m

[35m📈 VCU Rams 67.7, Davidson Wildcats 73.9[0m

[1m[96m━━━ GAME 98: Sacramento St Hornets @ Eastern Washington Eagles ━━━[0m
[96m🕐 01/24 05:00 PM[0m

[93m📊 SPREAD:[0m
  Market: -5.5 | Model: +3.4 | Edge: +8.9
  [92m✅ BET: Sacramento St Hornets +5.5[0m
  [96mHIGH confidence (EV: +53.3% | Win: 80.3%)[0m

[93m🎯 TOTAL:[0m
  Market: 163.5 | Model: 136.1 | Edge: -27.4
  [92m✅ BET: UNDER 163.5[0m
  [96mHIGH confidence (EV: +90.0% | Win: 99.5%)[0m

[35m📈 Sacramento St Hornets 66.3, Eastern Washington Eagles 69.8[0m

[1m[96m━━━ GAME 99: Portland St Vikings @ Idaho Vandals ━━━[0m
[96m🕐 01/24 05:00 PM[0m

[93m📊 SPREAD:[0m
  Market: -2.5 | Model: +4.7 | Edge: +7.2
  [92m✅ BET: Portland St Vikings +2.5[0m
  [96mHIGH confidence (EV: +44.0% | Win: 75.4%)[0m

[93m🎯 TOTAL:[0m
  Market: 144.5 | Model: 135.1 | Edge: -9.4
  [92m✅ BET: UNDER 144.5[0m
  [96mHIGH confidence (EV: +55.7% | Win: 81.5%)[0m

[35m📈 Portland St Vikings 65.2, Idaho Vandals 69.9[0m

[1m[96m━━━ GAME 100: UC Riverside Highlanders @ UC Davis Aggies ━━━[0m
[96m🕐 01/24 05:00 PM[0m

[93m📊 SPREAD:[0m
  Market: -8.5 | Model: -2.7 | Edge: +5.8
  [91m❌ NO BET[0m
  [96mEdge too small (+5.8)[0m

[93m🎯 TOTAL:[0m
  Market: 150.5 | Model: 137.2 | Edge: -13.3
  [92m✅ BET: UNDER 150.5[0m
  [96mHIGH confidence (EV: +71.4% | Win: 89.8%)[0m

[35m📈 UC Riverside Highlanders 69.9, UC Davis Aggies 67.2[0m

[1m[96m━━━ GAME 101: Seton Hall Pirates @ DePaul Blue Demons ━━━[0m
[96m🕐 01/24 05:00 PM[0m

[93m📊 SPREAD:[0m
  Market: +2.5 | Model: +7.8 | Edge: +5.3
  [91m❌ NO BET[0m
  [96mEdge too small (+5.3)[0m

[93m🎯 TOTAL:[0m
  Market: 133.5 | Model: 143.4 | Edge: +9.9
  [92m✅ BET: OVER 133.5[0m
  [96mHIGH confidence (EV: +57.8% | Win: 82.7%)[0m

[35m📈 Seton Hall Pirates 67.8, DePaul Blue Demons 75.6[0m

[1m[96m━━━ GAME 102: Alabama St Hornets @ Prairie View Panthers ━━━[0m
[96m🕐 01/24 05:30 PM[0m

[93m📊 SPREAD:[0m
  Market: -2.5 | Model: -2.7 | Edge: -0.2
  [91m❌ NO BET[0m
  [96mEdge too small (-0.2)[0m

[93m🎯 TOTAL:[0m
  Market: 159.5 | Model: 145.5 | Edge: -14.0
  [92m✅ BET: UNDER 159.5[0m
  [96mHIGH confidence (EV: +73.5% | Win: 90.9%)[0m

[35m📈 Alabama St Hornets 74.1, Prairie View Panthers 71.4[0m

[1m[96m━━━ GAME 103: Utah Utes @ BYU Cougars ━━━[0m
[96m🕐 01/24 05:30 PM[0m

[93m📊 SPREAD:[0m
  Market: -18.5 | Model: +1.3 | Edge: +19.8
  [92m✅ BET: Utah Utes +18.5[0m
  [96mHIGH confidence (EV: +85.3% | Win: 97.0%)[0m

[93m🎯 TOTAL:[0m
  Market: 166.5 | Model: 146.0 | Edge: -20.5
  [92m✅ BET: UNDER 166.5[0m
  [96mHIGH confidence (EV: +86.0% | Win: 97.4%)[0m

[35m📈 Utah Utes 72.4, BYU Cougars 73.7[0m

[1m[96m━━━ GAME 104: Alcorn St Braves @ Florida A&M Rattlers ━━━[0m
[96m🕐 01/24 06:00 PM[0m

[93m📊 SPREAD:[0m
  Market: -7.5 | Model: +3.7 | Edge: +11.2
  [92m✅ BET: Alcorn St Braves +7.5[0m
  [96mHIGH confidence (EV: +63.5% | Win: 85.7%)[0m

[93m🎯 TOTAL:[0m
  Market: 144.5 | Model: 134.3 | Edge: -10.2
  [92m✅ BET: UNDER 144.5[0m
  [96mHIGH confidence (EV: +59.4% | Win: 83.5%)[0m

[35m📈 Alcorn St Braves 65.3, Florida A&M Rattlers 69.0[0m

[1m[96m━━━ GAME 105: Arkansas-Pine Bluff Golden Lions @ Southern Jaguars ━━━[0m
[96m🕐 01/24 06:00 PM[0m

[93m📊 SPREAD:[0m
  Market: -7.5 | Model: -0.7 | Edge: +6.8
  [92m✅ BET: Arkansas-Pine Bluff Golden Lions +7.5[0m
  [96mHIGH confidence (EV: +41.8% | Win: 74.3%)[0m

[93m🎯 TOTAL:[0m
  Market: 155.5 | Model: 128.5 | Edge: -27.0
  [92m✅ BET: UNDER 155.5[0m
  [96mHIGH confidence (EV: +89.9% | Win: 99.5%)[0m

[35m📈 Arkansas-Pine Bluff Golden Lions 64.6, Southern Jaguars 63.9[0m

[1m[96m━━━ GAME 106: Central Michigan Chippewas @ Western Michigan Broncos ━━━[0m
[96m🕐 01/24 06:00 PM[0m

[93m📊 SPREAD:[0m
  Market: -4.5 | Model: +3.0 | Edge: +7.5
  [92m✅ BET: Central Michigan Chippewas +4.5[0m
  [96mHIGH confidence (EV: +45.4% | Win: 76.2%)[0m

[93m🎯 TOTAL:[0m
  Market: 149.5 | Model: 134.9 | Edge: -14.6
  [92m✅ BET: UNDER 149.5[0m
  [96mHIGH confidence (EV: +75.1% | Win: 91.7%)[0m

[35m📈 Central Michigan Chippewas 66.0, Western Michigan Broncos 69.0[0m

[1m[96m━━━ GAME 107: Idaho State Bengals @ Montana Grizzlies ━━━[0m
[96m🕐 01/24 06:00 PM[0m

[93m📊 SPREAD:[0m
  Market: -4.5 | Model: +4.9 | Edge: +9.4
  [92m✅ BET: Idaho State Bengals +4.5[0m
  [96mHIGH confidence (EV: +55.5% | Win: 81.5%)[0m

[93m🎯 TOTAL:[0m
  Market: 149.5 | Model: 139.8 | Edge: -9.7
  [92m✅ BET: UNDER 149.5[0m
  [96mHIGH confidence (EV: +57.2% | Win: 82.3%)[0m

[35m📈 Idaho State Bengals 67.4, Montana Grizzlies 72.3[0m

[1m[96m━━━ GAME 108: Pepperdine Waves @ Washington St Cougars ━━━[0m
[96m🕐 01/24 06:00 PM[0m

[93m📊 SPREAD:[0m
  Market: -10.5 | Model: +3.5 | Edge: +14.0
  [92m✅ BET: Pepperdine Waves +10.5[0m
  [96mHIGH confidence (EV: +73.5% | Win: 90.9%)[0m

[93m🎯 TOTAL:[0m
  Market: 146.5 | Model: 143.4 | Edge: -3.1
  [91m❌ NO BET[0m
  [96mEdge too small (-3.1)[0m

[35m📈 Pepperdine Waves 70.0, Washington St Cougars 73.5[0m

[1m[96m━━━ GAME 109: Boston College Eagles @ Notre Dame Fighting Irish ━━━[0m
[96m🕐 01/24 06:00 PM[0m

[93m📊 SPREAD:[0m
  Market: -7.5 | Model: +4.7 | Edge: +12.2
  [92m✅ BET: Boston College Eagles +7.5[0m
  [96mHIGH confidence (EV: +67.6% | Win: 87.8%)[0m

[93m🎯 TOTAL:[0m
  Market: 134.5 | Model: 145.3 | Edge: +10.8
  [92m✅ BET: OVER 134.5[0m
  [96mHIGH confidence (EV: +62.0% | Win: 84.8%)[0m

[35m📈 Boston College Eagles 70.3, Notre Dame Fighting Irish 75.0[0m

[1m[96m━━━ GAME 110: TCU Horned Frogs @ Baylor Bears ━━━[0m
[96m🕐 01/24 06:00 PM[0m

[93m📊 SPREAD:[0m
  Market: -4.5 | Model: +10.3 | Edge: +14.8
  [92m✅ BET: TCU Horned Frogs +4.5[0m
  [96mHIGH confidence (EV: +75.8% | Win: 92.1%)[0m

[93m🎯 TOTAL:[0m
  Market: 148.5 | Model: 156.4 | Edge: +7.9
  [92m✅ BET: OVER 148.5[0m
  [96mHIGH confidence (EV: +47.6% | Win: 77.3%)[0m

[35m📈 TCU Horned Frogs 73.0, Baylor Bears 83.3[0m

[1m[96m━━━ GAME 111: Northwestern Wildcats @ UCLA Bruins ━━━[0m
[96m🕐 01/24 06:00 PM[0m

[93m📊 SPREAD:[0m
  Market: -6.5 | Model: +4.1 | Edge: +10.6
  [92m✅ BET: Northwestern Wildcats +6.5[0m
  [96mHIGH confidence (EV: +60.9% | Win: 84.3%)[0m

[93m🎯 TOTAL:[0m
  Market: 143.5 | Model: 158.6 | Edge: +15.1
  [92m✅ BET: OVER 143.5[0m
  [96mHIGH confidence (EV: +76.6% | Win: 92.5%)[0m

[35m📈 Northwestern Wildcats 77.3, UCLA Bruins 81.3[0m

[1m[96m━━━ GAME 112: CSU Fullerton Titans @ Cal Poly Mustangs ━━━[0m
[96m🕐 01/24 07:00 PM[0m

[93m📊 SPREAD:[0m
  Market: +1.5 | Model: +6.3 | Edge: +4.8
  [91m❌ NO BET[0m
  [96mEdge too small (+4.8)[0m

[93m🎯 TOTAL:[0m
  Market: 171.5 | Model: 139.8 | Edge: -31.7
  [92m✅ BET: UNDER 171.5[0m
  [96mHIGH confidence (EV: +90.7% | Win: 99.9%)[0m

[35m📈 CSU Fullerton Titans 66.8, Cal Poly Mustangs 73.0[0m

[1m[96m━━━ GAME 113: Canisius Golden Griffins @ Fairfield Stags ━━━[0m
[96m🕐 01/24 07:00 PM[0m

[93m📊 SPREAD:[0m
  Market: -10.5 | Model: +0.5 | Edge: +11.0
  [92m✅ BET: Canisius Golden Griffins +10.5[0m
  [96mHIGH confidence (EV: +62.7% | Win: 85.2%)[0m

[93m🎯 TOTAL:[0m
  Market: 141.5 | Model: 127.0 | Edge: -14.5
  [92m✅ BET: UNDER 141.5[0m
  [96mHIGH confidence (EV: +75.0% | Win: 91.7%)[0m

[35m📈 Canisius Golden Griffins 63.2, Fairfield Stags 63.7[0m

[1m[96m━━━ GAME 114: Manhattan Jaspers @ Iona Gaels ━━━[0m
[96m🕐 01/24 07:00 PM[0m

[93m📊 SPREAD:[0m
  Market: -8.5 | Model: -3.2 | Edge: +5.3
  [91m❌ NO BET[0m
  [96mEdge too small (+5.3)[0m

[93m🎯 TOTAL:[0m
  Market: 152.5 | Model: 133.8 | Edge: -18.7
  [92m✅ BET: UNDER 152.5[0m
  [96mHIGH confidence (EV: +83.8% | Win: 96.3%)[0m

[35m📈 Manhattan Jaspers 68.5, Iona Gaels 65.3[0m

[1m[96m━━━ GAME 115: Lafayette Leopards @ Lehigh Mountain Hawks ━━━[0m
[96m🕐 01/24 07:00 PM[0m

[93m📊 SPREAD:[0m
  Market: -3.5 | Model: +4.6 | Edge: +8.1
  [92m✅ BET: Lafayette Leopards +3.5[0m
  [96mHIGH confidence (EV: +48.7% | Win: 77.9%)[0m

[93m🎯 TOTAL:[0m
  Market: 143.5 | Model: 130.7 | Edge: -12.8
  [92m✅ BET: UNDER 143.5[0m
  [96mHIGH confidence (EV: +69.6% | Win: 88.8%)[0m

[35m📈 Lafayette Leopards 63.1, Lehigh Mountain Hawks 67.6[0m

[1m[96m━━━ GAME 116: UC Santa Barbara Gauchos @ Long Beach St 49ers ━━━[0m
[96m🕐 01/24 07:00 PM[0m

[93m📊 SPREAD:[0m
  Market: +4.5 | Model: +1.4 | Edge: -3.1
  [91m❌ NO BET[0m
  [96mEdge too small (-3.1)[0m

[93m🎯 TOTAL:[0m
  Market: 143.5 | Model: 140.8 | Edge: -2.7
  [91m❌ NO BET[0m
  [96mEdge too small (-2.7)[0m

[35m📈 UC Santa Barbara Gauchos 69.7, Long Beach St 49ers 71.1[0m

[1m[96m━━━ GAME 117: Seattle Redhawks @ Pacific Tigers ━━━[0m
[96m🕐 01/24 07:00 PM[0m

[93m📊 SPREAD:[0m
  Market: -2.5 | Model: +4.4 | Edge: +6.9
  [92m✅ BET: Seattle Redhawks +2.5[0m
  [96mHIGH confidence (EV: +42.1% | Win: 74.4%)[0m

[93m🎯 TOTAL:[0m
  Market: 137.5 | Model: 137.7 | Edge: +0.2
  [91m❌ NO BET[0m
  [96mEdge too small (+0.2)[0m

[35m📈 Seattle Redhawks 66.6, Pacific Tigers 71.0[0m

[1m[96m━━━ GAME 118: Grand Canyon Antelopes @ Fresno St Bulldogs ━━━[0m
[96m🕐 01/24 07:30 PM[0m

[93m📊 SPREAD:[0m
  Market: +4.5 | Model: +3.6 | Edge: -0.9
  [91m❌ NO BET[0m
  [96mEdge too small (-0.9)[0m

[93m🎯 TOTAL:[0m
  Market: 141.5 | Model: 142.4 | Edge: +0.9
  [91m❌ NO BET[0m
  [96mEdge too small (+0.9)[0m

[35m📈 Grand Canyon Antelopes 69.4, Fresno St Bulldogs 73.0[0m

[1m[96m━━━ GAME 119: UIC Flames @ Bradley Braves ━━━[0m
[96m🕐 01/24 08:00 PM[0m

[93m📊 SPREAD:[0m
  Market: -5.5 | Model: +5.5 | Edge: +11.0
  [92m✅ BET: UIC Flames +5.5[0m
  [96mHIGH confidence (EV: +62.6% | Win: 85.2%)[0m

[93m🎯 TOTAL:[0m
  Market: 143.5 | Model: 144.1 | Edge: +0.6
  [91m❌ NO BET[0m
  [96mEdge too small (+0.6)[0m

[35m📈 UIC Flames 69.3, Bradley Braves 74.8[0m

[1m[96m━━━ GAME 120: Utah Valley Wolverines @ Cal Baptist Lancers ━━━[0m
[96m🕐 01/24 08:00 PM[0m

[93m📊 SPREAD:[0m
  Market: +1.5 | Model: +3.8 | Edge: +2.3
  [91m❌ NO BET[0m
  [96mEdge too small (+2.3)[0m

[93m🎯 TOTAL:[0m
  Market: 148.5 | Model: 141.1 | Edge: -7.4
  [92m✅ BET: UNDER 148.5[0m
  [96mHIGH confidence (EV: +44.9% | Win: 75.9%)[0m

[35m📈 Utah Valley Wolverines 68.7, Cal Baptist Lancers 72.4[0m

[1m[96m━━━ GAME 121: San Francisco Dons @ Gonzaga Bulldogs ━━━[0m
[96m🕐 01/24 08:00 PM[0m

[93m📊 SPREAD:[0m
  Market: -17.5 | Model: +7.6 | Edge: +25.1
  [92m✅ BET: San Francisco Dons +17.5[0m
  [96mHIGH confidence (EV: +89.3% | Win: 99.2%)[0m

[93m🎯 TOTAL:[0m
  Market: 150.5 | Model: 158.7 | Edge: +8.2
  [92m✅ BET: OVER 150.5[0m
  [96mHIGH confidence (EV: +49.5% | Win: 78.3%)[0m

[35m📈 San Francisco Dons 75.6, Gonzaga Bulldogs 83.2[0m

[1m[96m━━━ GAME 122: Weber State Wildcats @ Montana St Bobcats ━━━[0m
[96m🕐 01/24 08:00 PM[0m

[93m📊 SPREAD:[0m
  Market: -6.5 | Model: +6.2 | Edge: +12.7
  [92m✅ BET: Weber State Wildcats +6.5[0m
  [96mHIGH confidence (EV: +69.3% | Win: 88.7%)[0m

[93m🎯 TOTAL:[0m
  Market: 146.5 | Model: 136.6 | Edge: -9.9
  [92m✅ BET: UNDER 146.5[0m
  [96mHIGH confidence (EV: +57.8% | Win: 82.7%)[0m

[35m📈 Weber State Wildcats 65.2, Montana St Bobcats 71.4[0m

[1m[96m━━━ GAME 123: N Colorado Bears @ Northern Arizona Lumberjacks ━━━[0m
[96m🕐 01/24 08:00 PM[0m

[93m📊 SPREAD:[0m
  Market: +5.5 | Model: +4.2 | Edge: -1.3
  [91m❌ NO BET[0m
  [96mEdge too small (-1.3)[0m

[93m🎯 TOTAL:[0m
  Market: 148.5 | Model: 143.0 | Edge: -5.5
  [91m❌ NO BET[0m
  [96mEdge too small (-5.5)[0m

[35m📈 N Colorado Bears 69.4, Northern Arizona Lumberjacks 73.6[0m

[1m[96m━━━ GAME 124: Nevada Wolf Pack @ New Mexico Lobos ━━━[0m
[96m🕐 01/24 08:00 PM[0m

[93m📊 SPREAD:[0m
  Market: -7.5 | Model: +0.2 | Edge: +7.7
  [92m✅ BET: Nevada Wolf Pack +7.5[0m
  [96mHIGH confidence (EV: +46.6% | Win: 76.8%)[0m

[93m🎯 TOTAL:[0m
  Market: 149.5 | Model: 153.6 | Edge: +4.1
  [91m❌ NO BET[0m
  [96mEdge too small (+4.1)[0m

[35m📈 Nevada Wolf Pack 76.7, New Mexico Lobos 76.9[0m

[1m[96m━━━ GAME 125: Omaha Mavericks @ UMKC Kangaroos ━━━[0m
[96m🕐 01/24 08:00 PM[0m

[93m📊 SPREAD:[0m
  Market: +4.5 | Model: +0.0 | Edge: -4.5
  [91m❌ NO BET[0m
  [96mEdge too small (-4.5)[0m

[93m🎯 TOTAL:[0m
  Market: 149.5 | Model: 140.2 | Edge: -9.3
  [92m✅ BET: UNDER 149.5[0m
  [96mHIGH confidence (EV: +54.8% | Win: 81.1%)[0m

[35m📈 Omaha Mavericks 70.1, UMKC Kangaroos 70.1[0m

[1m[96m━━━ GAME 126: Saint Mary's Gaels @ Portland Pilots ━━━[0m
[96m🕐 01/24 08:00 PM[0m

[93m📊 SPREAD:[0m
  Market: +14.5 | Model: +4.9 | Edge: -9.6
  [92m✅ BET: Portland Pilots +14.5[0m
  [96mHIGH confidence (EV: +56.6% | Win: 82.0%)[0m

[93m🎯 TOTAL:[0m
  Market: 144.5 | Model: 137.4 | Edge: -7.1
  [92m✅ BET: UNDER 144.5[0m
  [96mHIGH confidence (EV: +43.4% | Win: 75.1%)[0m

[35m📈 Saint Mary's Gaels 66.2, Portland Pilots 71.1[0m

[1m[96m━━━ GAME 127: California Golden Bears @ Stanford Cardinal ━━━[0m
[96m🕐 01/24 08:00 PM[0m

[93m📊 SPREAD:[0m
  Market: -4.5 | Model: +3.7 | Edge: +8.2
  [92m✅ BET: California Golden Bears +4.5[0m
  [96mHIGH confidence (EV: +49.6% | Win: 78.4%)[0m

[93m🎯 TOTAL:[0m
  Market: 145.5 | Model: 149.3 | Edge: +3.8
  [91m❌ NO BET[0m
  [96mEdge too small (+3.8)[0m

[35m📈 California Golden Bears 72.8, Stanford Cardinal 76.5[0m

[1m[96m━━━ GAME 128: Kansas Jayhawks @ Kansas St Wildcats ━━━[0m
[96m🕐 01/24 08:00 PM[0m

[93m📊 SPREAD:[0m
  Market: +4.5 | Model: +3.1 | Edge: -1.4
  [91m❌ NO BET[0m
  [96mEdge too small (-1.4)[0m

[93m🎯 TOTAL:[0m
  Market: 159.5 | Model: 159.7 | Edge: +0.2
  [91m❌ NO BET[0m
  [96mEdge too small (+0.2)[0m

[35m📈 Kansas Jayhawks 78.3, Kansas St Wildcats 81.4[0m

[1m[96m━━━ GAME 129: Tennessee Volunteers @ Alabama Crimson Tide ━━━[0m
[96m🕐 01/24 08:30 PM[0m

[93m📊 SPREAD:[0m
  Market: -6.5 | Model: +7.6 | Edge: +14.1
  [92m✅ BET: Tennessee Volunteers +6.5[0m
  [96mHIGH confidence (EV: +73.7% | Win: 91.0%)[0m

[93m🎯 TOTAL:[0m
  Market: 167.5 | Model: 164.4 | Edge: -3.1
  [91m❌ NO BET[0m
  [96mEdge too small (-3.1)[0m

[35m📈 Tennessee Volunteers 78.4, Alabama Crimson Tide 86.0[0m

[1m[96m━━━ GAME 130: Southern Utah Thunderbirds @ Utah Tech Trailblazers ━━━[0m
[96m🕐 01/24 09:00 PM[0m

[93m📊 SPREAD:[0m
  Market: -5.5 | Model: +5.9 | Edge: +11.4
  [92m✅ BET: Southern Utah Thunderbirds +5.5[0m
  [96mHIGH confidence (EV: +64.3% | Win: 86.1%)[0m

[93m🎯 TOTAL:[0m
  Market: 149.5 | Model: 131.3 | Edge: -18.2
  [92m✅ BET: UNDER 149.5[0m
  [96mHIGH confidence (EV: +83.0% | Win: 95.9%)[0m

[35m📈 Southern Utah Thunderbirds 62.7, Utah Tech Trailblazers 68.6[0m

[1m[96m━━━ GAME 131: Santa Clara Broncos @ San Diego Toreros ━━━[0m
[96m🕐 01/24 09:30 PM[0m

[93m📊 SPREAD:[0m
  Market: +13.5 | Model: -1.8 | Edge: -15.3
  [92m✅ BET: San Diego Toreros +13.5[0m
  [96mHIGH confidence (EV: +77.1% | Win: 92.8%)[0m

[93m🎯 TOTAL:[0m
  Market: 162.5 | Model: 144.5 | Edge: -18.0
  [92m✅ BET: UNDER 162.5[0m
  [96mHIGH confidence (EV: +82.7% | Win: 95.7%)[0m

[35m📈 Santa Clara Broncos 73.2, San Diego Toreros 71.3[0m

[1m[96m━━━ GAME 132: UC Irvine Anteaters @ UC San Diego Tritons ━━━[0m
[96m🕐 01/24 10:00 PM[0m

[93m📊 SPREAD:[0m
  Market: -2.5 | Model: +6.5 | Edge: +9.0
  [92m✅ BET: UC Irvine Anteaters +2.5[0m
  [96mHIGH confidence (EV: +53.5% | Win: 80.4%)[0m

[93m🎯 TOTAL:[0m
  Market: 144.5 | Model: 151.0 | Edge: +6.5
  [92m✅ BET: OVER 144.5[0m
  [96mHIGH confidence (EV: +39.8% | Win: 73.2%)[0m

[35m📈 UC Irvine Anteaters 72.3, UC San Diego Tritons 78.8[0m

[1m[96m━━━ GAME 133: Cincinnati Bearcats @ Arizona St Sun Devils ━━━[0m
[96m🕐 01/24 10:00 PM[0m

[93m📊 SPREAD:[0m
  Market: +2.5 | Model: +7.9 | Edge: +5.4
  [91m❌ NO BET[0m
  [96mEdge too small (+5.4)[0m

[93m🎯 TOTAL:[0m
  Market: 147.5 | Model: 158.5 | Edge: +11.0
  [92m✅ BET: OVER 147.5[0m
  [96mHIGH confidence (EV: +62.8% | Win: 85.3%)[0m

[35m📈 Cincinnati Bearcats 75.3, Arizona St Sun Devils 83.2[0m

[1m[96m━━━ GAME 134: CSU Northridge Matadors @ Hawai'i Rainbow Warriors ━━━[0m
[96m🕐 01/24 11:59 PM[0m

[93m📊 SPREAD:[0m
  Market: -9.5 | Model: +3.1 | Edge: +12.6
  [92m✅ BET: CSU Northridge Matadors +9.5[0m
  [96mHIGH confidence (EV: +68.9% | Win: 88.5%)[0m

[93m🎯 TOTAL:[0m
  Market: 157.5 | Model: 139.4 | Edge: -18.1
  [92m✅ BET: UNDER 157.5[0m
  [96mHIGH confidence (EV: +82.9% | Win: 95.8%)[0m

[35m📈 CSU Northridge Matadors 68.1, Hawai'i Rainbow Warriors 71.2[0m

[1m[96m━━━ GAME 135: CSU Northridge Matadors @ Hawai'i Rainbow Warriors ━━━[0m
[96m🕐 01/25 11:59 PM[0m

[93m📊 SPREAD:[0m
  Market: -9.5 | Model: +3.1 | Edge: +12.6
  [92m✅ BET: CSU Northridge Matadors +9.5[0m
  [96mHIGH confidence (EV: +68.9% | Win: 88.5%)[0m

[93m🎯 TOTAL:[0m
  Market: 157.5 | Model: 139.4 | Edge: -18.1
  [92m✅ BET: UNDER 157.5[0m
  [96mHIGH confidence (EV: +82.9% | Win: 95.8%)[0m

[35m📈 CSU Northridge Matadors 68.1, Hawai'i Rainbow Warriors 71.2[0m

[1m========================================================================================================================[0m

[92m✓ CSV saved: /Users/rico/sports-models/ncaa/ncaab_model_output.csv[0m
[92m✓ HTML saved: /Users/rico/sports-models/ncaa/ncaab_model_output.html[0m

[1m[96mSTEP 5: Generating Final Tracking Dashboard[0m
[92m✓ Tracking dashboard saved: /Users/rico/sports-models/ncaa/ncaab_tracking_dashboard.html[0m

[1m====================================================================================================[0m
[1m[93m📊 TRACKING SUMMARY 📊[0m
[1m====================================================================================================[0m
[92mTotal Tracked Bets: 3784[0m
[92mRecord: 1860-1699-5[0m
[92mWin Rate: 52.3%[0m
[91mProfit: -6.40 units[0m
[91mROI: -0.2%[0m
[1m====================================================================================================[0m


==========================================
✅ NCAA Model completed successfully!
==========================================

📊 Updating Analysis Dashboard...
HTML Report generated at: /Users/rico/sports-models/ncaa/ncaab_analysis_report.html

📤 Pushing updates to GitHub...
[main b9171d16] Update model outputs - 2026-01-24 10:30:12
 Committer: Ricardo Hill <rico@MacBookAir.lan>
Your name and email address were configured automatically based
on your username and hostname. Please check that they are accurate.
You can suppress this message by setting them explicitly. Run the
following command and follow the instructions in your editor to edit
your configuration file:

    git config --global --edit

After doing this, you may fix the identity used for this commit with:

    git commit --amend --reset-author

 4 files changed, 57 insertions(+), 59 deletions(-)
To https://github.com/BangLetsGetIt/NBA-NCAA-Betting-Models.git
   1b63137b..b9171d16  main -> main
✅ Successfully pushed to GitHub!
