==========================================
NCAA Model Run: Wed Dec 31 10:30:04 EST 2025
==========================================
Running NCAA Basketball model (IMPROVED)...

[1m====================================================================================================[0m
[1m[96m🏀 COLLEGE BASKETBALL SHARP MODEL 🏀[0m
[1m[92m⚡ Targeting 56%+ Win Rate with Advanced Analytics ⚡[0m
[1m[93m📅 Filtering games within next 7 days[0m
[1m====================================================================================================[0m

[1m[96mSTEP 1: Checking for Completed Games & Updating Past Picks[0m
[96mChecking 72 pending picks...[0m
[96mFetching completed game scores...[0m
[92m✓ Fetched 137 completed games[0m
[93mNo picks were updated (games may not be complete yet)[0m
[92m✓ Tracking dashboard saved: /Users/rico/sports-models/ncaa/ncaab_tracking_dashboard.html[0m

[1m[96mSTEP 2: Loading Team Statistics[0m
[96mLoading team statistics...[0m
[92m✓ Using cached stats (age: 3h)[0m

[1m[96mSTEP 3: Fetching Live Odds (Next 7 Days)[0m
[92m✓ Fetched 47 games from The Odds API[0m
[92m✓ 47 games in the next 7 days[0m

[1m[96mSTEP 4: Processing Games & Generating Sharp Picks[0m

[92m✓ Tracking data saved to /Users/rico/sports-models/ncaa/ncaab_picks_tracking.json[0m
[92m  Total picks in file: 2215[0m
[35m📝 LOGGED: SPREAD - ✅ BET: Army Knights +4.5 (Edge: +6.5)[0m
[92m✓ Tracking data saved to /Users/rico/sports-models/ncaa/ncaab_picks_tracking.json[0m
[92m  Total picks in file: 2216[0m
[35m📝 LOGGED: SPREAD - ✅ BET: Georgetown Hoyas +9.5 (Edge: -6.7)[0m

[1m[92m✅ Analyzed 47 games with complete odds[0m


[1m========================================================================================================================[0m
[1m[93m🏀 COLLEGE BASKETBALL MODEL PREDICTIONS 🏀[0m
[1m========================================================================================================================[0m

[1m[96m━━━ GAME 1: Army Knights @ Lehigh Mountain Hawks ━━━[0m
[96m🕐 12/31 12:00 PM[0m

[93m📊 SPREAD:[0m
  Market: -4.5 | Model: +2.0 | Edge: +6.5
  [92m✅ BET: Army Knights +4.5[0m
  [96mHIGH confidence (+6.5 edge)[0m

[93m🎯 TOTAL:[0m
  Market: 142.5 | Model: 130.2 | Edge: -12.3
  [92m✅ BET: UNDER 142.5[0m
  [96mHIGH confidence (12.3 edge)[0m

[35m📈 Army Knights 64.1, Lehigh Mountain Hawks 66.1[0m

[1m[96m━━━ GAME 2: Tulane Green Wave @ East Carolina Pirates ━━━[0m
[96m🕐 12/31 12:00 PM[0m

[93m📊 SPREAD:[0m
  Market: +1.5 | Model: +3.2 | Edge: +1.7
  [91m❌ NO BET[0m
  [96mEdge too small (+1.7)[0m

[93m🎯 TOTAL:[0m
  Market: 144.5 | Model: 142.4 | Edge: -2.1
  [91m❌ NO BET[0m
  [96mEdge too small (-2.1)[0m

[35m📈 Tulane Green Wave 69.6, East Carolina Pirates 72.8[0m

[1m[96m━━━ GAME 3: Lamar Cardinals @ East Texas A&M Lions ━━━[0m
[96m🕐 12/31 12:00 PM[0m

[93m📊 SPREAD:[0m
  Market: +4.5 | Model: +2.7 | Edge: -1.8
  [91m❌ NO BET[0m
  [96mEdge too small (-1.8)[0m

[93m🎯 TOTAL:[0m
  Market: 142.5 | Model: 133.5 | Edge: -9.0
  [92m✅ BET: UNDER 142.5[0m
  [96mHIGH confidence (9.0 edge)[0m

[35m📈 Lamar Cardinals 65.4, East Texas A&M Lions 68.1[0m

[1m[96m━━━ GAME 4: Mercer Bears @ Furman Paladins ━━━[0m
[96m🕐 12/31 12:00 PM[0m

[93m📊 SPREAD:[0m
  Market: -1.5 | Model: +7.1 | Edge: +8.6
  [92m✅ BET: Mercer Bears +1.5[0m
  [96mHIGH confidence (+8.6 edge)[0m

[93m🎯 TOTAL:[0m
  Market: 154.5 | Model: 137.6 | Edge: -16.9
  [92m✅ BET: UNDER 154.5[0m
  [96mHIGH confidence (16.9 edge)[0m

[35m📈 Mercer Bears 65.2, Furman Paladins 72.3[0m

[1m[96m━━━ GAME 5: Loyola (Chi) Ramblers @ Rhode Island Rams ━━━[0m
[96m🕐 12/31 12:00 PM[0m

[93m📊 SPREAD:[0m
  Market: -8.5 | Model: +4.4 | Edge: +12.9
  [92m✅ BET: Loyola (Chi) Ramblers +8.5[0m
  [96mHIGH confidence (+12.9 edge)[0m

[93m🎯 TOTAL:[0m
  Market: 145.5 | Model: 141.1 | Edge: -4.4
  [91m❌ NO BET[0m
  [96mEdge too small (-4.4)[0m

[35m📈 Loyola (Chi) Ramblers 68.4, Rhode Island Rams 72.8[0m

[1m[96m━━━ GAME 6: Wake Forest Demon Deacons @ NC State Wolfpack ━━━[0m
[96m🕐 12/31 12:00 PM[0m

[93m📊 SPREAD:[0m
  Market: -9.5 | Model: +5.4 | Edge: +14.9
  [92m✅ BET: Wake Forest Demon Deacons +9.5[0m
  [96mHIGH confidence (+14.9 edge)[0m

[93m🎯 TOTAL:[0m
  Market: 157.5 | Model: 148.4 | Edge: -9.1
  [92m✅ BET: UNDER 157.5[0m
  [96mHIGH confidence (9.1 edge)[0m

[35m📈 Wake Forest Demon Deacons 71.5, NC State Wolfpack 76.9[0m

[1m[96m━━━ GAME 7: Loyola (MD) Greyhounds @ American Eagles ━━━[0m
[96m🕐 12/31 01:00 PM[0m

[93m📊 SPREAD:[0m
  Market: -9.5 | Model: +3.6 | Edge: +13.1
  [92m✅ BET: Loyola (MD) Greyhounds +9.5[0m
  [96mHIGH confidence (+13.1 edge)[0m

[93m🎯 TOTAL:[0m
  Market: 153.5 | Model: 131.9 | Edge: -21.6
  [92m✅ BET: UNDER 153.5[0m
  [96mHIGH confidence (21.6 edge)[0m

[35m📈 Loyola (MD) Greyhounds 64.1, American Eagles 67.8[0m

[1m[96m━━━ GAME 8: Boston Univ. Terriers @ Navy Midshipmen ━━━[0m
[96m🕐 12/31 01:00 PM[0m

[93m📊 SPREAD:[0m
  Market: -4.5 | Model: +2.8 | Edge: +7.3
  [92m✅ BET: Boston Univ. Terriers +4.5[0m
  [96mHIGH confidence (+7.3 edge)[0m

[93m🎯 TOTAL:[0m
  Market: 138.5 | Model: 135.6 | Edge: -2.9
  [91m❌ NO BET[0m
  [96mEdge too small (-2.9)[0m

[35m📈 Boston Univ. Terriers 66.4, Navy Midshipmen 69.2[0m

[1m[96m━━━ GAME 9: Buffalo Bulls @ Northern Illinois Huskies ━━━[0m
[96m🕐 12/31 01:00 PM[0m

[93m📊 SPREAD:[0m
  Market: +6.5 | Model: +1.1 | Edge: -5.4
  [91m❌ NO BET[0m
  [96mEdge too small (-5.4)[0m

[93m🎯 TOTAL:[0m
  Market: 152.5 | Model: 128.6 | Edge: -23.9
  [92m✅ BET: UNDER 152.5[0m
  [96mHIGH confidence (23.9 edge)[0m

[35m📈 Buffalo Bulls 63.7, Northern Illinois Huskies 64.8[0m

[1m[96m━━━ GAME 10: UTSA Roadrunners @ Florida Atlantic Owls ━━━[0m
[96m🕐 12/31 01:00 PM[0m

[93m📊 SPREAD:[0m
  Market: -15.5 | Model: +3.5 | Edge: +19.0
  [92m✅ BET: UTSA Roadrunners +15.5[0m
  [96mHIGH confidence (+19.0 edge)[0m

[93m🎯 TOTAL:[0m
  Market: 155.5 | Model: 143.1 | Edge: -12.4
  [92m✅ BET: UNDER 155.5[0m
  [96mHIGH confidence (12.4 edge)[0m

[35m📈 UTSA Roadrunners 69.8, Florida Atlantic Owls 73.3[0m

[1m[96m━━━ GAME 11: South Alabama Jaguars @ Louisiana Ragin' Cajuns ━━━[0m
[96m🕐 12/31 01:00 PM[0m

[93m📊 SPREAD:[0m
  Market: +3.5 | Model: +0.6 | Edge: -2.9
  [91m❌ NO BET[0m
  [96mEdge too small (-2.9)[0m

[93m🎯 TOTAL:[0m
  Market: 124.5 | Model: 137.1 | Edge: +12.6
  [92m✅ BET: OVER 124.5[0m
  [96mHIGH confidence (12.6 edge)[0m

[35m📈 South Alabama Jaguars 68.2, Louisiana Ragin' Cajuns 68.9[0m

[1m[96m━━━ GAME 12: Wofford Terriers @ Western Carolina Catamounts ━━━[0m
[96m🕐 12/31 01:00 PM[0m

[93m📊 SPREAD:[0m
  Market: +1.5 | Model: -4.8 | Edge: -6.3
  [92m✅ BET: Western Carolina Catamounts +1.5[0m
  [96mHIGH confidence (-6.3 edge)[0m

[93m🎯 TOTAL:[0m
  Market: 152.5 | Model: 134.4 | Edge: -18.1
  [92m✅ BET: UNDER 152.5[0m
  [96mHIGH confidence (18.1 edge)[0m

[35m📈 Wofford Terriers 69.6, Western Carolina Catamounts 64.8[0m

[1m[96m━━━ GAME 13: Appalachian St Mountaineers @ Old Dominion Monarchs ━━━[0m
[96m🕐 12/31 02:00 PM[0m

[93m📊 SPREAD:[0m
  Market: -2.5 | Model: +1.6 | Edge: +4.1
  [91m❌ NO BET[0m
  [96mEdge too small (+4.1)[0m

[93m🎯 TOTAL:[0m
  Market: 136.5 | Model: 135.6 | Edge: -0.9
  [91m❌ NO BET[0m
  [96mEdge too small (-0.9)[0m

[35m📈 Appalachian St Mountaineers 67.0, Old Dominion Monarchs 68.6[0m

[1m[96m━━━ GAME 14: Bucknell Bison @ Holy Cross Crusaders ━━━[0m
[96m🕐 12/31 02:00 PM[0m

[93m📊 SPREAD:[0m
  Market: +2.5 | Model: +4.8 | Edge: +2.3
  [91m❌ NO BET[0m
  [96mEdge too small (+2.3)[0m

[93m🎯 TOTAL:[0m
  Market: 134.5 | Model: 132.8 | Edge: -1.7
  [91m❌ NO BET[0m
  [96mEdge too small (-1.7)[0m

[35m📈 Bucknell Bison 64.0, Holy Cross Crusaders 68.8[0m

[1m[96m━━━ GAME 15: Campbell Fighting Camels @ Monmouth Hawks ━━━[0m
[96m🕐 12/31 02:00 PM[0m

[93m📊 SPREAD:[0m
  Market: -1.5 | Model: +4.5 | Edge: +6.0
  [91m❌ NO BET[0m
  [96mEdge too small (+6.0)[0m

[93m🎯 TOTAL:[0m
  Market: 152.5 | Model: 135.0 | Edge: -17.5
  [92m✅ BET: UNDER 152.5[0m
  [96mHIGH confidence (17.5 edge)[0m

[35m📈 Campbell Fighting Camels 65.3, Monmouth Hawks 69.7[0m

[1m[96m━━━ GAME 16: Charleston Cougars @ Elon Phoenix ━━━[0m
[96m🕐 12/31 02:00 PM[0m

[93m📊 SPREAD:[0m
  Market: -3.5 | Model: +4.9 | Edge: +8.4
  [92m✅ BET: Charleston Cougars +3.5[0m
  [96mHIGH confidence (+8.4 edge)[0m

[93m🎯 TOTAL:[0m
  Market: 156.5 | Model: 138.8 | Edge: -17.7
  [92m✅ BET: UNDER 156.5[0m
  [96mHIGH confidence (17.7 edge)[0m

[35m📈 Charleston Cougars 67.0, Elon Phoenix 71.9[0m

[1m[96m━━━ GAME 17: Charleston Southern Buccaneers @ Gardner-Webb Bulldogs ━━━[0m
[96m🕐 12/31 02:00 PM[0m

[93m📊 SPREAD:[0m
  Market: +12.5 | Model: +4.5 | Edge: -8.0
  [92m✅ BET: Gardner-Webb Bulldogs +12.5[0m
  [96mHIGH confidence (-8.0 edge)[0m

[93m🎯 TOTAL:[0m
  Market: 163.5 | Model: 132.1 | Edge: -31.4
  [92m✅ BET: UNDER 163.5[0m
  [96mHIGH confidence (31.4 edge)[0m

[35m📈 Charleston Southern Buccaneers 63.8, Gardner-Webb Bulldogs 68.3[0m

[1m[96m━━━ GAME 18: Fordham Rams @ Dayton Flyers ━━━[0m
[96m🕐 12/31 02:00 PM[0m

[93m📊 SPREAD:[0m
  Market: -16.5 | Model: +5.6 | Edge: +22.1
  [92m✅ BET: Fordham Rams +16.5[0m
  [96mHIGH confidence (+22.1 edge)[0m

[93m🎯 TOTAL:[0m
  Market: 137.5 | Model: 144.5 | Edge: +7.0
  [92m✅ BET: OVER 137.5[0m
  [96mMEDIUM confidence (7.0 edge)[0m

[35m📈 Fordham Rams 69.4, Dayton Flyers 75.0[0m

[1m[96m━━━ GAME 19: George Mason Patriots @ La Salle Explorers ━━━[0m
[96m🕐 12/31 02:00 PM[0m

[93m📊 SPREAD:[0m
  Market: +8.5 | Model: +4.3 | Edge: -4.2
  [91m❌ NO BET[0m
  [96mEdge too small (-4.2)[0m

[93m🎯 TOTAL:[0m
  Market: 136.5 | Model: 143.1 | Edge: +6.6
  [92m✅ BET: OVER 136.5[0m
  [96mMEDIUM confidence (6.6 edge)[0m

[35m📈 George Mason Patriots 69.4, La Salle Explorers 73.7[0m

[1m[96m━━━ GAME 20: High Point Panthers @ UNC Asheville Bulldogs ━━━[0m
[96m🕐 12/31 02:00 PM[0m

[93m📊 SPREAD:[0m
  Market: +11.5 | Model: +0.1 | Edge: -11.4
  [92m✅ BET: UNC Asheville Bulldogs +11.5[0m
  [96mHIGH confidence (-11.4 edge)[0m

[93m🎯 TOTAL:[0m
  Market: 154.5 | Model: 143.4 | Edge: -11.1
  [92m✅ BET: UNDER 154.5[0m
  [96mHIGH confidence (11.1 edge)[0m

[35m📈 High Point Panthers 71.7, UNC Asheville Bulldogs 71.7[0m

[1m[96m━━━ GAME 21: NJIT Highlanders @ Pennsylvania Quakers ━━━[0m
[96m🕐 12/31 02:00 PM[0m

[93m📊 SPREAD:[0m
  Market: -14.5 | Model: +6.9 | Edge: +21.4
  [92m✅ BET: NJIT Highlanders +14.5[0m
  [96mHIGH confidence (+21.4 edge)[0m

[93m🎯 TOTAL:[0m
  Market: 149.5 | Model: 129.7 | Edge: -19.8
  [92m✅ BET: UNDER 149.5[0m
  [96mHIGH confidence (19.8 edge)[0m

[35m📈 NJIT Highlanders 61.4, Pennsylvania Quakers 68.3[0m

[1m[96m━━━ GAME 22: Radford Highlanders @ South Carolina Upstate Spartans ━━━[0m
[96m🕐 12/31 02:00 PM[0m

[93m📊 SPREAD:[0m
  Market: -1.5 | Model: -0.4 | Edge: +1.1
  [91m❌ NO BET[0m
  [96mEdge too small (+1.1)[0m

[93m🎯 TOTAL:[0m
  Market: 158.5 | Model: 133.8 | Edge: -24.7
  [92m✅ BET: UNDER 158.5[0m
  [96mHIGH confidence (24.7 edge)[0m

[35m📈 Radford Highlanders 67.1, South Carolina Upstate Spartans 66.7[0m

[1m[96m━━━ GAME 23: Rice Owls @ Tulsa Golden Hurricane ━━━[0m
[96m🕐 12/31 02:00 PM[0m

[93m📊 SPREAD:[0m
  Market: -13.5 | Model: +1.8 | Edge: +15.3
  [92m✅ BET: Rice Owls +13.5[0m
  [96mHIGH confidence (+15.3 edge)[0m

[93m🎯 TOTAL:[0m
  Market: 152.5 | Model: 137.6 | Edge: -14.9
  [92m✅ BET: UNDER 152.5[0m
  [96mHIGH confidence (14.9 edge)[0m

[35m📈 Rice Owls 67.9, Tulsa Golden Hurricane 69.7[0m

[1m[96m━━━ GAME 24: St. Bonaventure Bonnies @ VCU Rams ━━━[0m
[96m🕐 12/31 02:00 PM[0m

[93m📊 SPREAD:[0m
  Market: -9.5 | Model: +3.5 | Edge: +13.0
  [92m✅ BET: St. Bonaventure Bonnies +9.5[0m
  [96mHIGH confidence (+13.0 edge)[0m

[93m🎯 TOTAL:[0m
  Market: 154.5 | Model: 141.8 | Edge: -12.7
  [92m✅ BET: UNDER 154.5[0m
  [96mHIGH confidence (12.7 edge)[0m

[35m📈 St. Bonaventure Bonnies 69.2, VCU Rams 72.7[0m

[1m[96m━━━ GAME 25: Stony Brook Seawolves @ William & Mary Tribe ━━━[0m
[96m🕐 12/31 02:00 PM[0m

[93m📊 SPREAD:[0m
  Market: -11.5 | Model: +4.3 | Edge: +15.8
  [92m✅ BET: Stony Brook Seawolves +11.5[0m
  [96mHIGH confidence (+15.8 edge)[0m

[93m🎯 TOTAL:[0m
  Market: 156.5 | Model: 132.7 | Edge: -23.8
  [92m✅ BET: UNDER 156.5[0m
  [96mHIGH confidence (23.8 edge)[0m

[35m📈 Stony Brook Seawolves 64.2, William & Mary Tribe 68.5[0m

[1m[96m━━━ GAME 26: Texas State Bobcats @ Troy Trojans ━━━[0m
[96m🕐 12/31 02:00 PM[0m

[93m📊 SPREAD:[0m
  Market: -8.5 | Model: -0.9 | Edge: +7.6
  [92m✅ BET: Texas State Bobcats +8.5[0m
  [96mHIGH confidence (+7.6 edge)[0m

[93m🎯 TOTAL:[0m
  Market: 143.5 | Model: 142.1 | Edge: -1.4
  [91m❌ NO BET[0m
  [96mEdge too small (-1.4)[0m

[35m📈 Texas State Bobcats 71.5, Troy Trojans 70.6[0m

[1m[96m━━━ GAME 27: Virginia Cavaliers @ Virginia Tech Hokies ━━━[0m
[96m🕐 12/31 02:00 PM[0m

[93m📊 SPREAD:[0m
  Market: +5.5 | Model: +1.8 | Edge: -3.7
  [91m❌ NO BET[0m
  [96mEdge too small (-3.7)[0m

[93m🎯 TOTAL:[0m
  Market: 154.5 | Model: 145.8 | Edge: -8.7
  [92m✅ BET: UNDER 154.5[0m
  [96mHIGH confidence (8.7 edge)[0m

[35m📈 Virginia Cavaliers 72.0, Virginia Tech Hokies 73.8[0m

[1m[96m━━━ GAME 28: Clemson Tigers @ Syracuse Orange ━━━[0m
[96m🕐 12/31 02:00 PM[0m

[93m📊 SPREAD:[0m
  Market: +1.5 | Model: +2.2 | Edge: +0.7
  [91m❌ NO BET[0m
  [96mEdge too small (+0.7)[0m

[93m🎯 TOTAL:[0m
  Market: 141.5 | Model: 153.6 | Edge: +12.1
  [92m✅ BET: OVER 141.5[0m
  [96mHIGH confidence (12.1 edge)[0m

[35m📈 Clemson Tigers 75.7, Syracuse Orange 77.9[0m

[1m[96m━━━ GAME 29: Towson Tigers @ Hampton Pirates ━━━[0m
[96m🕐 12/31 02:30 PM[0m

[93m📊 SPREAD:[0m
  Market: +5.5 | Model: +2.2 | Edge: -3.3
  [91m❌ NO BET[0m
  [96mEdge too small (-3.3)[0m

[93m🎯 TOTAL:[0m
  Market: 137.5 | Model: 138.2 | Edge: +0.7
  [91m❌ NO BET[0m
  [96mEdge too small (+0.7)[0m

[35m📈 Towson Tigers 68.0, Hampton Pirates 70.2[0m

[1m[96m━━━ GAME 30: Colgate Raiders @ Lafayette Leopards ━━━[0m
[96m🕐 12/31 03:00 PM[0m

[93m📊 SPREAD:[0m
  Market: +6.5 | Model: -0.7 | Edge: -7.2
  [92m✅ BET: Lafayette Leopards +6.5[0m
  [96mHIGH confidence (-7.2 edge)[0m

[93m🎯 TOTAL:[0m
  Market: 146.5 | Model: 132.4 | Edge: -14.1
  [92m✅ BET: UNDER 146.5[0m
  [96mHIGH confidence (14.1 edge)[0m

[35m📈 Colgate Raiders 66.6, Lafayette Leopards 65.8[0m

[1m[96m━━━ GAME 31: Winthrop Eagles @ Longwood Lancers ━━━[0m
[96m🕐 12/31 03:00 PM[0m

[93m📊 SPREAD:[0m
  Market: +8.5 | Model: +2.9 | Edge: -5.6
  [91m❌ NO BET[0m
  [96mEdge too small (-5.6)[0m

[93m🎯 TOTAL:[0m
  Market: 162.5 | Model: 139.0 | Edge: -23.5
  [92m✅ BET: UNDER 162.5[0m
  [96mHIGH confidence (23.5 edge)[0m

[35m📈 Winthrop Eagles 68.0, Longwood Lancers 70.9[0m

[1m[96m━━━ GAME 32: Northeastern Huskies @ North Carolina A&T Aggies ━━━[0m
[96m🕐 12/31 03:00 PM[0m

[93m📊 SPREAD:[0m
  Market: +2.5 | Model: +2.0 | Edge: -0.5
  [91m❌ NO BET[0m
  [96mEdge too small (-0.5)[0m

[93m🎯 TOTAL:[0m
  Market: 155.5 | Model: 132.3 | Edge: -23.2
  [92m✅ BET: UNDER 155.5[0m
  [96mHIGH confidence (23.2 edge)[0m

[35m📈 Northeastern Huskies 65.1, North Carolina A&T Aggies 67.2[0m

[1m[96m━━━ GAME 33: UMKC Kangaroos @ Denver Pioneers ━━━[0m
[96m🕐 12/31 04:00 PM[0m

[93m📊 SPREAD:[0m
  Market: -10.5 | Model: +1.5 | Edge: +12.0
  [92m✅ BET: UMKC Kangaroos +10.5[0m
  [96mHIGH confidence (+12.0 edge)[0m

[93m🎯 TOTAL:[0m
  Market: 157.5 | Model: 135.2 | Edge: -22.3
  [92m✅ BET: UNDER 157.5[0m
  [96mHIGH confidence (22.3 edge)[0m

[35m📈 UMKC Kangaroos 66.8, Denver Pioneers 68.3[0m

[1m[96m━━━ GAME 34: GW Revolutionaries @ Richmond Spiders ━━━[0m
[96m🕐 12/31 04:00 PM[0m

[93m📊 SPREAD:[0m
  Market: +3.5 | Model: +3.2 | Edge: -0.3
  [91m❌ NO BET[0m
  [96mEdge too small (-0.3)[0m

[93m🎯 TOTAL:[0m
  Market: 161.5 | Model: 137.7 | Edge: -23.8
  [92m✅ BET: UNDER 161.5[0m
  [96mHIGH confidence (23.8 edge)[0m

[35m📈 GW Revolutionaries 67.2, Richmond Spiders 70.5[0m

[1m[96m━━━ GAME 35: Georgia St Panthers @ Marshall Thundering Herd ━━━[0m
[96m🕐 12/31 04:00 PM[0m

[93m📊 SPREAD:[0m
  Market: -13.5 | Model: +0.6 | Edge: +14.1
  [92m✅ BET: Georgia St Panthers +13.5[0m
  [96mHIGH confidence (+14.1 edge)[0m

[93m🎯 TOTAL:[0m
  Market: 152.5 | Model: 148.5 | Edge: -4.0
  [91m❌ NO BET[0m
  [96mEdge too small (-4.0)[0m

[35m📈 Georgia St Panthers 74.0, Marshall Thundering Herd 74.6[0m

[1m[96m━━━ GAME 36: North Texas Mean Green @ Memphis Tigers ━━━[0m
[96m🕐 12/31 04:00 PM[0m

[93m📊 SPREAD:[0m
  Market: -10.5 | Model: +3.6 | Edge: +14.1
  [92m✅ BET: North Texas Mean Green +10.5[0m
  [96mHIGH confidence (+14.1 edge)[0m

[93m🎯 TOTAL:[0m
  Market: 135.5 | Model: 152.0 | Edge: +16.5
  [92m✅ BET: OVER 135.5[0m
  [96mHIGH confidence (16.5 edge)[0m

[35m📈 North Texas Mean Green 74.2, Memphis Tigers 77.8[0m

[1m[96m━━━ GAME 37: Saint Joseph's Hawks @ Saint Louis Billikens ━━━[0m
[96m🕐 12/31 04:00 PM[0m

[93m📊 SPREAD:[0m
  Market: -21.5 | Model: +4.3 | Edge: +25.8
  [92m✅ BET: Saint Joseph's Hawks +21.5[0m
  [96mHIGH confidence (+25.8 edge)[0m

[93m🎯 TOTAL:[0m
  Market: 159.5 | Model: 147.0 | Edge: -12.5
  [92m✅ BET: UNDER 159.5[0m
  [96mHIGH confidence (12.5 edge)[0m

[35m📈 Saint Joseph's Hawks 71.3, Saint Louis Billikens 75.7[0m

[1m[96m━━━ GAME 38: Wichita St Shockers @ UAB Blazers ━━━[0m
[96m🕐 12/31 04:00 PM[0m

[93m📊 SPREAD:[0m
  Market: -3.5 | Model: +7.9 | Edge: +11.4
  [92m✅ BET: Wichita St Shockers +3.5[0m
  [96mHIGH confidence (+11.4 edge)[0m

[93m🎯 TOTAL:[0m
  Market: 149.5 | Model: 143.8 | Edge: -5.7
  [91m❌ NO BET[0m
  [96mEdge too small (-5.7)[0m

[35m📈 Wichita St Shockers 67.9, UAB Blazers 75.8[0m

[1m[96m━━━ GAME 39: Georgia Tech Yellow Jackets @ Duke Blue Devils ━━━[0m
[96m🕐 12/31 04:00 PM[0m

[93m📊 SPREAD:[0m
  Market: -27.5 | Model: +8.9 | Edge: +36.4
  [91m❌ NO BET[0m
  [96m⚠️ SKIPPED: Edge too large (36.4 > 35.0) - likely model error[0m

[93m🎯 TOTAL:[0m
  Market: 154.5 | Model: 158.2 | Edge: +3.7
  [91m❌ NO BET[0m
  [96mEdge too small (+3.7)[0m

[35m📈 Georgia Tech Yellow Jackets 74.6, Duke Blue Devils 83.6[0m

[1m[96m━━━ GAME 40: New Orleans Privateers @ Texas A&M-CC Islanders ━━━[0m
[96m🕐 12/31 04:30 PM[0m

[93m📊 SPREAD:[0m
  Market: -4.5 | Model: +4.1 | Edge: +8.6
  [92m✅ BET: New Orleans Privateers +4.5[0m
  [96mHIGH confidence (+8.6 edge)[0m

[93m🎯 TOTAL:[0m
  Market: 144.5 | Model: 143.9 | Edge: -0.6
  [91m❌ NO BET[0m
  [96mEdge too small (-0.6)[0m

[35m📈 New Orleans Privateers 69.9, Texas A&M-CC Islanders 74.0[0m

[1m[96m━━━ GAME 41: Stephen F. Austin Lumberjacks @ Northwestern St Demons ━━━[0m
[96m🕐 12/31 04:30 PM[0m

[93m📊 SPREAD:[0m
  Market: +8.5 | Model: +9.1 | Edge: +0.6
  [91m❌ NO BET[0m
  [96mEdge too small (+0.6)[0m

[93m🎯 TOTAL:[0m
  Market: 140.5 | Model: 143.8 | Edge: +3.3
  [91m❌ NO BET[0m
  [96mEdge too small (+3.3)[0m

[35m📈 Stephen F. Austin Lumberjacks 67.4, Northwestern St Demons 76.5[0m

[1m[96m━━━ GAME 42: South Dakota Coyotes @ North Dakota St Bison ━━━[0m
[96m🕐 12/31 05:00 PM[0m

[93m📊 SPREAD:[0m
  Market: -11.5 | Model: +2.4 | Edge: +13.9
  [92m✅ BET: South Dakota Coyotes +11.5[0m
  [96mHIGH confidence (+13.9 edge)[0m

[93m🎯 TOTAL:[0m
  Market: 162.5 | Model: 136.7 | Edge: -25.8
  [92m✅ BET: UNDER 162.5[0m
  [96mHIGH confidence (25.8 edge)[0m

[35m📈 South Dakota Coyotes 67.2, North Dakota St Bison 69.6[0m

[1m[96m━━━ GAME 43: UConn Huskies @ Xavier Musketeers ━━━[0m
[96m🕐 12/31 05:00 PM[0m

[93m📊 SPREAD:[0m
  Market: +11.5 | Model: +6.1 | Edge: -5.4
  [91m❌ NO BET[0m
  [96mEdge too small (-5.4)[0m

[93m🎯 TOTAL:[0m
  Market: 144.5 | Model: 148.2 | Edge: +3.7
  [91m❌ NO BET[0m
  [96mEdge too small (+3.7)[0m

[35m📈 UConn Huskies 71.1, Xavier Musketeers 77.2[0m

[1m[96m━━━ GAME 44: Nicholls St Colonels @ UT Rio Grande Valley Vaqueros ━━━[0m
[96m🕐 12/31 05:30 PM[0m

[93m📊 SPREAD:[0m
  Market: -2.5 | Model: +2.8 | Edge: +5.3
  [91m❌ NO BET[0m
  [96mEdge too small (+5.3)[0m

[93m🎯 TOTAL:[0m
  Market: 144.5 | Model: 139.4 | Edge: -5.1
  [91m❌ NO BET[0m
  [96mEdge too small (-5.1)[0m

[35m📈 Nicholls St Colonels 68.3, UT Rio Grande Valley Vaqueros 71.1[0m

[1m[96m━━━ GAME 45: DePaul Blue Demons @ Villanova Wildcats ━━━[0m
[96m🕐 12/31 06:00 PM[0m

[93m📊 SPREAD:[0m
  Market: -12.5 | Model: +6.4 | Edge: +18.9
  [92m✅ BET: DePaul Blue Demons +12.5[0m
  [96mHIGH confidence (+18.9 edge)[0m

[93m🎯 TOTAL:[0m
  Market: 135.5 | Model: 151.9 | Edge: +16.4
  [92m✅ BET: OVER 135.5[0m
  [96mHIGH confidence (16.4 edge)[0m

[35m📈 DePaul Blue Demons 72.7, Villanova Wildcats 79.1[0m

[1m[96m━━━ GAME 46: Drexel Dragons @ UNC Wilmington Seahawks ━━━[0m
[96m🕐 12/31 07:00 PM[0m

[93m📊 SPREAD:[0m
  Market: -12.5 | Model: +6.4 | Edge: +18.9
  [92m✅ BET: Drexel Dragons +12.5[0m
  [96mHIGH confidence (+18.9 edge)[0m

[93m🎯 TOTAL:[0m
  Market: 138.5 | Model: 141.5 | Edge: +3.0
  [91m❌ NO BET[0m
  [96mEdge too small (+3.0)[0m

[35m📈 Drexel Dragons 67.6, UNC Wilmington Seahawks 74.0[0m

[1m[96m━━━ GAME 47: St. John's Red Storm @ Georgetown Hoyas ━━━[0m
[96m🕐 12/31 08:00 PM[0m

[93m📊 SPREAD:[0m
  Market: +9.5 | Model: +2.8 | Edge: -6.7
  [92m✅ BET: Georgetown Hoyas +9.5[0m
  [96mHIGH confidence (-6.7 edge)[0m

[93m🎯 TOTAL:[0m
  Market: 155.5 | Model: 144.2 | Edge: -11.3
  [92m✅ BET: UNDER 155.5[0m
  [96mHIGH confidence (11.3 edge)[0m

[35m📈 St. John's Red Storm 70.7, Georgetown Hoyas 73.5[0m

[1m========================================================================================================================[0m

[92m✓ CSV saved: /Users/rico/sports-models/ncaa/ncaab_model_output.csv[0m
[92m✓ HTML saved: /Users/rico/sports-models/ncaa/ncaab_model_output.html[0m

[1m[96mSTEP 5: Generating Final Tracking Dashboard[0m
[92m✓ Tracking dashboard saved: /Users/rico/sports-models/ncaa/ncaab_tracking_dashboard.html[0m

[1m====================================================================================================[0m
[1m[93m📊 TRACKING SUMMARY 📊[0m
[1m====================================================================================================[0m
[92mTotal Tracked Bets: 2216[0m
[92mRecord: 1110-1028-4[0m
[92mWin Rate: 51.9%[0m
[91mProfit: -17.90 units[0m
[91mROI: -0.8%[0m
[1m====================================================================================================[0m


==========================================
✅ NCAA Model completed successfully!
==========================================

📤 Pushing updates to GitHub...
[main 7e2e2b8] Update model outputs - 2025-12-31 10:30:08
 Committer: Ricardo Hill <rico@Ricos-M1-Mac-2.local>
Your name and email address were configured automatically based
on your username and hostname. Please check that they are accurate.
You can suppress this message by setting them explicitly. Run the
following command and follow the instructions in your editor to edit
your configuration file:

    git config --global --edit

After doing this, you may fix the identity used for this commit with:

    git commit --amend --reset-author

 4 files changed, 211 insertions(+), 189 deletions(-)
To https://github.com/BangLetsGetIt/NBA-NCAA-Betting-Models.git
   527d2e3..7e2e2b8  main -> main
✅ Successfully pushed to GitHub!
