==========================================
NCAA Model Run: Tue Dec 30 10:30:05 EST 2025
==========================================
Running NCAA Basketball model (IMPROVED)...

[1m====================================================================================================[0m
[1m[96m🏀 COLLEGE BASKETBALL SHARP MODEL 🏀[0m
[1m[92m⚡ Targeting 56%+ Win Rate with Advanced Analytics ⚡[0m
[1m[93m📅 Filtering games within next 7 days[0m
[1m====================================================================================================[0m

[1m[96mSTEP 1: Checking for Completed Games & Updating Past Picks[0m
[96mChecking 37 pending picks...[0m
[96mFetching completed game scores...[0m
[92m✓ Fetched 111 completed games[0m
[92m✓ Updated: ✅ BET: Utah Utes +10.5 -> WIN[0m
[92m✓ Updated: ✅ BET: UNDER 160.5 -> WIN[0m
[92m✓ Tracking data saved to /Users/rico/sports-models/ncaa/ncaab_picks_tracking.json[0m
[92m  Total picks in file: 2140[0m
[92m✅ Updated 2 picks[0m
[92m✓ Tracking dashboard saved: /Users/rico/sports-models/ncaa/ncaab_tracking_dashboard.html[0m

[1m[96mSTEP 2: Loading Team Statistics[0m
[96mLoading team statistics...[0m
[93m⚠️  Cache expired or missing. Fetching fresh stats from Sports-Reference...[0m
Fetching NCAA basketball stats for 2025 season...
Columns found: [' 0_Rk', ' 1_School', ' 2_Conf', ' 3_ 3', ' 4_W', ' 5_L', ' 6_Pts', ' 7_Opp', ' 8_MOV', ' 9_ 9', ' 10_SOS', ' 11_ 11', 'SRS_OSRS', 'SRS_DSRS', 'SRS_SRS', 'Adjusted_ORtg', 'Adjusted_DRtg', 'Adjusted_NRtg']

Sample data:
   0_Rk  1_School  2_Conf  ...  Adjusted_ORtg Adjusted_DRtg Adjusted_NRtg
0     1      Duke     ACC  ...         131.42         86.60         44.82
1     2    Auburn     SEC  ...         129.16         88.83         40.33
2     3   Houston  Big 12  ...         125.20         82.34         42.86

[3 rows x 18 columns]

✓ Successfully fetched stats for 364 teams
[92m✓ Stats cached to /Users/rico/sports-models/ncaa/ncaab_stats_cache.json[0m

[1m[96mSTEP 3: Fetching Live Odds (Next 7 Days)[0m
[92m✓ Fetched 33 games from The Odds API[0m
[92m✓ 33 games in the next 7 days[0m

[1m[96mSTEP 4: Processing Games & Generating Sharp Picks[0m

[92m✓ Tracking data saved to /Users/rico/sports-models/ncaa/ncaab_picks_tracking.json[0m
[92m  Total picks in file: 2141[0m
[35m📝 LOGGED: SPREAD - ✅ BET: SE Louisiana Lions +5.5 (Edge: +12.1)[0m
[92m✓ Tracking data saved to /Users/rico/sports-models/ncaa/ncaab_picks_tracking.json[0m
[92m  Total picks in file: 2142[0m
[35m📝 LOGGED: SPREAD - ✅ BET: Howard Bison +19.5 (Edge: +21.3)[0m
[92m✓ Tracking data saved to /Users/rico/sports-models/ncaa/ncaab_picks_tracking.json[0m
[92m  Total picks in file: 2143[0m
[35m📝 LOGGED: SPREAD - ✅ BET: Albany Great Danes +19.5 (Edge: +22.6)[0m
[92m✓ Tracking data saved to /Users/rico/sports-models/ncaa/ncaab_picks_tracking.json[0m
[92m  Total picks in file: 2144[0m
[35m📝 LOGGED: SPREAD - ✅ BET: Seton Hall Pirates -1.5 (Edge: +6.7)[0m
[92m✓ Tracking data saved to /Users/rico/sports-models/ncaa/ncaab_picks_tracking.json[0m
[92m  Total picks in file: 2145[0m
[35m📝 LOGGED: TOTAL - ✅ BET: OVER 147.5 (Edge: +10.8)[0m
[92m✓ Tracking data saved to /Users/rico/sports-models/ncaa/ncaab_picks_tracking.json[0m
[92m  Total picks in file: 2146[0m
[35m📝 LOGGED: SPREAD - ✅ BET: Butler Bulldogs +5.5 (Edge: +6.8)[0m
[92m✓ Tracking data saved to /Users/rico/sports-models/ncaa/ncaab_picks_tracking.json[0m
[92m  Total picks in file: 2147[0m
[35m📝 LOGGED: SPREAD - ✅ BET: California Golden Bears +9.5 (Edge: -7.3)[0m
[92m✓ Tracking data saved to /Users/rico/sports-models/ncaa/ncaab_picks_tracking.json[0m
[92m  Total picks in file: 2148[0m
[35m📝 LOGGED: TOTAL - ✅ BET: OVER 141.5 (Edge: +9.7)[0m
[92m✓ Tracking data saved to /Users/rico/sports-models/ncaa/ncaab_picks_tracking.json[0m
[92m  Total picks in file: 2149[0m
[35m📝 LOGGED: TOTAL - ✅ BET: UNDER 144.5 (Edge: -6.2)[0m
[92m✓ Tracking data saved to /Users/rico/sports-models/ncaa/ncaab_picks_tracking.json[0m
[92m  Total picks in file: 2150[0m
[35m📝 LOGGED: TOTAL - ✅ BET: UNDER 154.5 (Edge: -25.9)[0m

[1m[92m✅ Analyzed 33 games with complete odds[0m


[1m========================================================================================================================[0m
[1m[93m🏀 COLLEGE BASKETBALL MODEL PREDICTIONS 🏀[0m
[1m========================================================================================================================[0m

[1m[96m━━━ GAME 1: Vermont Catamounts @ Princeton Tigers ━━━[0m
[96m🕐 12/30 01:00 PM[0m

[93m📊 SPREAD:[0m
  Market: +3.5 | Model: +6.1 | Edge: +2.6
  [91m❌ NO BET[0m
  [96mEdge too small (+2.6)[0m

[93m🎯 TOTAL:[0m
  Market: 137.5 | Model: 135.7 | Edge: -1.8
  [91m❌ NO BET[0m
  [96mEdge too small (-1.8)[0m

[35m📈 Vermont Catamounts 64.8, Princeton Tigers 70.9[0m

[1m[96m━━━ GAME 2: Ohio Bobcats @ Central Michigan Chippewas ━━━[0m
[96m🕐 12/30 03:00 PM[0m

[93m📊 SPREAD:[0m
  Market: +5.5 | Model: +1.8 | Edge: -3.7
  [91m❌ NO BET[0m
  [96mEdge too small (-3.7)[0m

[93m🎯 TOTAL:[0m
  Market: 149.5 | Model: 138.4 | Edge: -11.1
  [92m✅ BET: UNDER 149.5[0m
  [96mHIGH confidence (11.1 edge)[0m

[35m📈 Ohio Bobcats 68.3, Central Michigan Chippewas 70.1[0m

[1m[96m━━━ GAME 3: SE Louisiana Lions @ Incarnate Word Cardinals ━━━[0m
[96m🕐 12/30 03:00 PM[0m

[93m📊 SPREAD:[0m
  Market: -5.5 | Model: +6.6 | Edge: +12.1
  [92m✅ BET: SE Louisiana Lions +5.5[0m
  [96mHIGH confidence (+12.1 edge)[0m

[93m🎯 TOTAL:[0m
  Market: 134.5 | Model: 133.6 | Edge: -0.9
  [91m❌ NO BET[0m
  [96mEdge too small (-0.9)[0m

[35m📈 SE Louisiana Lions 63.5, Incarnate Word Cardinals 70.1[0m

[1m[96m━━━ GAME 4: Wyoming Cowboys @ Air Force Falcons ━━━[0m
[96m🕐 12/30 04:00 PM[0m

[93m📊 SPREAD:[0m
  Market: +12.5 | Model: +2.5 | Edge: -10.0
  [92m✅ BET: Air Force Falcons +12.5[0m
  [96mHIGH confidence (-10.0 edge)[0m

[93m🎯 TOTAL:[0m
  Market: 144.5 | Model: 136.5 | Edge: -8.0
  [92m✅ BET: UNDER 144.5[0m
  [96mHIGH confidence (8.0 edge)[0m

[35m📈 Wyoming Cowboys 67.0, Air Force Falcons 69.5[0m

[1m[96m━━━ GAME 5: Howard Bison @ Northwestern Wildcats ━━━[0m
[96m🕐 12/30 05:00 PM[0m

[93m📊 SPREAD:[0m
  Market: -19.5 | Model: +1.8 | Edge: +21.3
  [92m✅ BET: Howard Bison +19.5[0m
  [96mHIGH confidence (+21.3 edge)[0m

[93m🎯 TOTAL:[0m
  Market: 147.5 | Model: 143.4 | Edge: -4.1
  [91m❌ NO BET[0m
  [96mEdge too small (-4.1)[0m

[35m📈 Howard Bison 70.8, Northwestern Wildcats 72.6[0m

[1m[96m━━━ GAME 6: Albany Great Danes @ South Carolina Gamecocks ━━━[0m
[96m🕐 12/30 06:00 PM[0m

[93m📊 SPREAD:[0m
  Market: -19.5 | Model: +3.1 | Edge: +22.6
  [92m✅ BET: Albany Great Danes +19.5[0m
  [96mHIGH confidence (+22.6 edge)[0m

[93m🎯 TOTAL:[0m
  Market: 147.5 | Model: 145.1 | Edge: -2.4
  [91m❌ NO BET[0m
  [96mEdge too small (-2.4)[0m

[35m📈 Albany Great Danes 71.0, South Carolina Gamecocks 74.1[0m

[1m[96m━━━ GAME 7: East Tennessee St Buccaneers @ The Citadel Bulldogs ━━━[0m
[96m🕐 12/30 06:00 PM[0m

[93m📊 SPREAD:[0m
  Market: +12.5 | Model: -0.1 | Edge: -12.6
  [92m✅ BET: The Citadel Bulldogs +12.5[0m
  [96mHIGH confidence (-12.6 edge)[0m

[93m🎯 TOTAL:[0m
  Market: 142.5 | Model: 144.2 | Edge: +1.7
  [91m❌ NO BET[0m
  [96mEdge too small (+1.7)[0m

[35m📈 East Tennessee St Buccaneers 72.1, The Citadel Bulldogs 72.1[0m

[1m[96m━━━ GAME 8: Western Michigan Broncos @ Toledo Rockets ━━━[0m
[96m🕐 12/30 06:30 PM[0m

[93m📊 SPREAD:[0m
  Market: -10.5 | Model: +8.3 | Edge: +18.8
  [92m✅ BET: Western Michigan Broncos +10.5[0m
  [96mHIGH confidence (+18.8 edge)[0m

[93m🎯 TOTAL:[0m
  Market: 161.5 | Model: 135.1 | Edge: -26.4
  [92m✅ BET: UNDER 161.5[0m
  [96mHIGH confidence (26.4 edge)[0m

[35m📈 Western Michigan Broncos 63.4, Toledo Rockets 71.7[0m

[1m[96m━━━ GAME 9: Miami (OH) RedHawks @ Bowling Green Falcons ━━━[0m
[96m🕐 12/30 07:00 PM[0m

[93m📊 SPREAD:[0m
  Market: -6.5 | Model: -0.8 | Edge: +5.7
  [91m❌ NO BET[0m
  [96mEdge too small (+5.7)[0m

[93m🎯 TOTAL:[0m
  Market: 153.5 | Model: 136.6 | Edge: -16.9
  [92m✅ BET: UNDER 153.5[0m
  [96mHIGH confidence (16.9 edge)[0m

[35m📈 Miami (OH) RedHawks 68.7, Bowling Green Falcons 67.9[0m

[1m[96m━━━ GAME 10: Temple Owls @ Charlotte 49ers ━━━[0m
[96m🕐 12/30 07:00 PM[0m

[93m📊 SPREAD:[0m
  Market: -1.5 | Model: +2.2 | Edge: +3.7
  [91m❌ NO BET[0m
  [96mEdge too small (+3.7)[0m

[93m🎯 TOTAL:[0m
  Market: 142.5 | Model: 139.6 | Edge: -2.9
  [91m❌ NO BET[0m
  [96mEdge too small (-2.9)[0m

[35m📈 Temple Owls 68.7, Charlotte 49ers 70.9[0m

[1m[96m━━━ GAME 11: Duquesne Dukes @ Davidson Wildcats ━━━[0m
[96m🕐 12/30 07:00 PM[0m

[93m📊 SPREAD:[0m
  Market: -2.5 | Model: +6.2 | Edge: +8.7
  [92m✅ BET: Duquesne Dukes +2.5[0m
  [96mHIGH confidence (+8.7 edge)[0m

[93m🎯 TOTAL:[0m
  Market: 151.5 | Model: 143.3 | Edge: -8.2
  [92m✅ BET: UNDER 151.5[0m
  [96mHIGH confidence (8.2 edge)[0m

[35m📈 Duquesne Dukes 68.6, Davidson Wildcats 74.7[0m

[1m[96m━━━ GAME 12: Florida St Seminoles @ North Carolina Tar Heels ━━━[0m
[96m🕐 12/30 07:00 PM[0m

[93m📊 SPREAD:[0m
  Market: -14.5 | Model: +1.4 | Edge: +15.9
  [92m✅ BET: Florida St Seminoles +14.5[0m
  [96mHIGH confidence (+15.9 edge)[0m

[93m🎯 TOTAL:[0m
  Market: 163.5 | Model: 161.7 | Edge: -1.8
  [91m❌ NO BET[0m
  [96mEdge too small (-1.8)[0m

[35m📈 Florida St Seminoles 80.1, North Carolina Tar Heels 81.6[0m

[1m[96m━━━ GAME 13: Seton Hall Pirates @ Marquette Golden Eagles ━━━[0m
[96m🕐 12/30 07:00 PM[0m

[93m📊 SPREAD:[0m
  Market: +1.5 | Model: +8.2 | Edge: +6.7
  [92m✅ BET: Seton Hall Pirates -1.5[0m
  [96mHIGH confidence (+6.7 edge)[0m

[93m🎯 TOTAL:[0m
  Market: 143.5 | Model: 149.8 | Edge: +6.3
  [92m✅ BET: OVER 143.5[0m
  [96mMEDIUM confidence (6.3 edge)[0m

[35m📈 Seton Hall Pirates 70.8, Marquette Golden Eagles 79.0[0m

[1m[96m━━━ GAME 14: Pittsburgh Panthers @ Miami Hurricanes ━━━[0m
[96m🕐 12/30 07:00 PM[0m

[93m📊 SPREAD:[0m
  Market: -10.5 | Model: -0.4 | Edge: +10.1
  [92m✅ BET: Pittsburgh Panthers +10.5[0m
  [96mHIGH confidence (+10.1 edge)[0m

[93m🎯 TOTAL:[0m
  Market: 145.5 | Model: 147.2 | Edge: +1.7
  [91m❌ NO BET[0m
  [96mEdge too small (+1.7)[0m

[35m📈 Pittsburgh Panthers 73.8, Miami Hurricanes 73.4[0m

[1m[96m━━━ GAME 15: Milwaukee Panthers @ Wisconsin Badgers ━━━[0m
[96m🕐 12/30 07:00 PM[0m

[93m📊 SPREAD:[0m
  Market: -21.5 | Model: +6.3 | Edge: +27.8
  [92m✅ BET: Milwaukee Panthers +21.5[0m
  [96mHIGH confidence (+27.8 edge)[0m

[93m🎯 TOTAL:[0m
  Market: 155.5 | Model: 152.6 | Edge: -2.9
  [91m❌ NO BET[0m
  [96mEdge too small (-2.9)[0m

[35m📈 Milwaukee Panthers 73.2, Wisconsin Badgers 79.5[0m

[1m[96m━━━ GAME 16: Massachusetts Minutemen @ Eastern Michigan Eagles ━━━[0m
[96m🕐 12/30 07:30 PM[0m

[93m📊 SPREAD:[0m
  Market: +1.5 | Model: +5.5 | Edge: +4.0
  [91m❌ NO BET[0m
  [96mEdge too small (+4.0)[0m

[93m🎯 TOTAL:[0m
  Market: 147.5 | Model: 135.6 | Edge: -11.9
  [92m✅ BET: UNDER 147.5[0m
  [96mHIGH confidence (11.9 edge)[0m

[35m📈 Massachusetts Minutemen 65.1, Eastern Michigan Eagles 70.6[0m

[1m[96m━━━ GAME 17: South Carolina St Bulldogs @ Tennessee Volunteers ━━━[0m
[96m🕐 12/30 08:00 PM[0m

[93m📊 SPREAD:[0m
  Market: -45.5 | Model: +4.1 | Edge: +49.6
  [91m❌ NO BET[0m
  [96m⚠️ SKIPPED: Edge too large (49.6 > 35.0) - likely model error[0m

[93m🎯 TOTAL:[0m
  Market: 147.5 | Model: 158.3 | Edge: +10.8
  [92m✅ BET: OVER 147.5[0m
  [96mHIGH confidence (10.8 edge)[0m

[35m📈 South Carolina St Bulldogs 77.1, Tennessee Volunteers 81.2[0m

[1m[96m━━━ GAME 18: Tennessee St Tigers @ Tennessee Tech Golden Eagles ━━━[0m
[96m🕐 12/30 08:30 PM[0m

[93m📊 SPREAD:[0m
  Market: -2.5 | Model: +0.8 | Edge: +3.3
  [91m❌ NO BET[0m
  [96mEdge too small (+3.3)[0m

[93m🎯 TOTAL:[0m
  Market: 152.5 | Model: 148.1 | Edge: -4.4
  [91m❌ NO BET[0m
  [96mEdge too small (-4.4)[0m

[35m📈 Tennessee St Tigers 73.7, Tennessee Tech Golden Eagles 74.5[0m

[1m[96m━━━ GAME 19: Butler Bulldogs @ Creighton Bluejays ━━━[0m
[96m🕐 12/30 09:00 PM[0m

[93m📊 SPREAD:[0m
  Market: -5.5 | Model: +1.3 | Edge: +6.8
  [92m✅ BET: Butler Bulldogs +5.5[0m
  [96mHIGH confidence (+6.8 edge)[0m

[93m🎯 TOTAL:[0m
  Market: 155.5 | Model: 155.9 | Edge: +0.4
  [91m❌ NO BET[0m
  [96mEdge too small (+0.4)[0m

[35m📈 Butler Bulldogs 77.3, Creighton Bluejays 78.6[0m

[1m[96m━━━ GAME 20: Louisville Cardinals @ California Golden Bears ━━━[0m
[96m🕐 12/30 09:00 PM[0m

[93m📊 SPREAD:[0m
  Market: +9.5 | Model: +2.2 | Edge: -7.3
  [92m✅ BET: California Golden Bears +9.5[0m
  [96mHIGH confidence (-7.3 edge)[0m

[93m🎯 TOTAL:[0m
  Market: 159.5 | Model: 153.8 | Edge: -5.7
  [91m❌ NO BET[0m
  [96mEdge too small (-5.7)[0m

[35m📈 Louisville Cardinals 75.8, California Golden Bears 78.0[0m

[1m[96m━━━ GAME 21: Nevada Wolf Pack @ Colorado St Rams ━━━[0m
[96m🕐 12/30 09:00 PM[0m

[93m📊 SPREAD:[0m
  Market: -2.5 | Model: -0.5 | Edge: +2.0
  [91m❌ NO BET[0m
  [96mEdge too small (+2.0)[0m

[93m🎯 TOTAL:[0m
  Market: 141.5 | Model: 151.2 | Edge: +9.7
  [92m✅ BET: OVER 141.5[0m
  [96mHIGH confidence (9.7 edge)[0m

[35m📈 Nevada Wolf Pack 75.8, Colorado St Rams 75.3[0m

[1m[96m━━━ GAME 22: Utah State Aggies @ Fresno St Bulldogs ━━━[0m
[96m🕐 12/30 09:00 PM[0m

[93m📊 SPREAD:[0m
  Market: +13.5 | Model: -3.3 | Edge: -16.8
  [92m✅ BET: Fresno St Bulldogs +13.5[0m
  [96mHIGH confidence (-16.8 edge)[0m

[93m🎯 TOTAL:[0m
  Market: 152.5 | Model: 148.1 | Edge: -4.4
  [91m❌ NO BET[0m
  [96mEdge too small (-4.4)[0m

[35m📈 Utah State Aggies 75.7, Fresno St Bulldogs 72.4[0m

[1m[96m━━━ GAME 23: New Hampshire Wildcats @ Nebraska Cornhuskers ━━━[0m
[96m🕐 12/30 09:00 PM[0m

[93m📊 SPREAD:[0m
  Market: -30.5 | Model: +7.3 | Edge: +37.8
  [91m❌ NO BET[0m
  [96m⚠️ SKIPPED: Edge too large (37.8 > 35.0) - likely model error[0m

[93m🎯 TOTAL:[0m
  Market: 144.5 | Model: 138.3 | Edge: -6.2
  [92m✅ BET: UNDER 144.5[0m
  [96mMEDIUM confidence (6.2 edge)[0m

[35m📈 New Hampshire Wildcats 65.5, Nebraska Cornhuskers 72.8[0m

[1m[96m━━━ GAME 24: Notre Dame Fighting Irish @ Stanford Cardinal ━━━[0m
[96m🕐 12/30 09:00 PM[0m

[93m📊 SPREAD:[0m
  Market: -6.5 | Model: +3.3 | Edge: +9.8
  [92m✅ BET: Notre Dame Fighting Irish +6.5[0m
  [96mHIGH confidence (+9.8 edge)[0m

[93m🎯 TOTAL:[0m
  Market: 144.5 | Model: 150.1 | Edge: +5.6
  [91m❌ NO BET[0m
  [96mEdge too small (+5.6)[0m

[35m📈 Notre Dame Fighting Irish 73.4, Stanford Cardinal 76.7[0m

[1m[96m━━━ GAME 25: Saint Mary's Gaels @ Pepperdine Waves ━━━[0m
[96m🕐 12/30 09:00 PM[0m

[93m📊 SPREAD:[0m
  Market: +18.5 | Model: +4.2 | Edge: -14.3
  [92m✅ BET: Pepperdine Waves +18.5[0m
  [96mHIGH confidence (-14.3 edge)[0m

[93m🎯 TOTAL:[0m
  Market: 141.5 | Model: 139.2 | Edge: -2.3
  [91m❌ NO BET[0m
  [96mEdge too small (-2.3)[0m

[35m📈 Saint Mary's Gaels 67.5, Pepperdine Waves 71.7[0m

[1m[96m━━━ GAME 26: Gonzaga Bulldogs @ San Diego Toreros ━━━[0m
[96m🕐 12/30 09:30 PM[0m

[93m📊 SPREAD:[0m
  Market: +28.5 | Model: -3.3 | Edge: -31.8
  [92m✅ BET: San Diego Toreros +28.5[0m
  [96mHIGH confidence (-31.8 edge)[0m

[93m🎯 TOTAL:[0m
  Market: 160.5 | Model: 149.6 | Edge: -10.9
  [92m✅ BET: UNDER 160.5[0m
  [96mHIGH confidence (10.9 edge)[0m

[35m📈 Gonzaga Bulldogs 76.4, San Diego Toreros 73.1[0m

[1m[96m━━━ GAME 27: Pacific Tigers @ Loyola Marymount Lions ━━━[0m
[96m🕐 12/30 10:00 PM[0m

[93m📊 SPREAD:[0m
  Market: -5.5 | Model: +2.4 | Edge: +7.9
  [92m✅ BET: Pacific Tigers +5.5[0m
  [96mHIGH confidence (+7.9 edge)[0m

[93m🎯 TOTAL:[0m
  Market: 137.5 | Model: 138.4 | Edge: +0.9
  [91m❌ NO BET[0m
  [96mEdge too small (+0.9)[0m

[35m📈 Pacific Tigers 68.0, Loyola Marymount Lions 70.4[0m

[1m[96m━━━ GAME 28: San Francisco Dons @ Oregon St Beavers ━━━[0m
[96m🕐 12/30 10:00 PM[0m

[93m📊 SPREAD:[0m
  Market: +4.5 | Model: +4.5 | Edge: +0.0
  [91m❌ NO BET[0m
  [96mEdge too small (+0.0)[0m

[93m🎯 TOTAL:[0m
  Market: 142.5 | Model: 155.7 | Edge: +13.2
  [92m✅ BET: OVER 142.5[0m
  [96mHIGH confidence (13.2 edge)[0m

[35m📈 San Francisco Dons 75.6, Oregon St Beavers 80.1[0m

[1m[96m━━━ GAME 29: Santa Clara Broncos @ Portland Pilots ━━━[0m
[96m🕐 12/30 10:00 PM[0m

[93m📊 SPREAD:[0m
  Market: +13.5 | Model: +0.7 | Edge: -12.8
  [92m✅ BET: Portland Pilots +13.5[0m
  [96mHIGH confidence (-12.8 edge)[0m

[93m🎯 TOTAL:[0m
  Market: 155.5 | Model: 145.5 | Edge: -10.0
  [92m✅ BET: UNDER 155.5[0m
  [96mHIGH confidence (10.0 edge)[0m

[35m📈 Santa Clara Broncos 72.4, Portland Pilots 73.1[0m

[1m[96m━━━ GAME 30: San Diego St Aztecs @ San José St Spartans ━━━[0m
[96m🕐 12/30 10:00 PM[0m

[93m📊 SPREAD:[0m
  Market: +9.5 | Model: +3.8 | Edge: -5.7
  [91m❌ NO BET[0m
  [96mEdge too small (-5.7)[0m

[93m🎯 TOTAL:[0m
  Market: 141.5 | Model: 136.4 | Edge: -5.1
  [91m❌ NO BET[0m
  [96mEdge too small (-5.1)[0m

[35m📈 San Diego St Aztecs 66.3, San José St Spartans 70.1[0m

[1m[96m━━━ GAME 31: Washington St Cougars @ Seattle Redhawks ━━━[0m
[96m🕐 12/30 10:00 PM[0m

[93m📊 SPREAD:[0m
  Market: -5.5 | Model: -0.5 | Edge: +5.0
  [91m❌ NO BET[0m
  [96mEdge too small (+5.0)[0m

[93m🎯 TOTAL:[0m
  Market: 146.5 | Model: 144.4 | Edge: -2.1
  [91m❌ NO BET[0m
  [96mEdge too small (-2.1)[0m

[35m📈 Washington St Cougars 72.4, Seattle Redhawks 72.0[0m

[1m[96m━━━ GAME 32: New Mexico Lobos @ Boise State Broncos ━━━[0m
[96m🕐 12/30 11:00 PM[0m

[93m📊 SPREAD:[0m
  Market: -5.5 | Model: +6.7 | Edge: +12.2
  [92m✅ BET: New Mexico Lobos +5.5[0m
  [96mHIGH confidence (+12.2 edge)[0m

[93m🎯 TOTAL:[0m
  Market: 147.5 | Model: 156.0 | Edge: +8.5
  [92m✅ BET: OVER 147.5[0m
  [96mHIGH confidence (8.5 edge)[0m

[35m📈 New Mexico Lobos 74.7, Boise State Broncos 81.3[0m

[1m[96m━━━ GAME 33: Buffalo Bulls @ Northern Illinois Huskies ━━━[0m
[96m🕐 12/31 01:00 PM[0m

[93m📊 SPREAD:[0m
  Market: +6.5 | Model: +1.1 | Edge: -5.4
  [91m❌ NO BET[0m
  [96mEdge too small (-5.4)[0m

[93m🎯 TOTAL:[0m
  Market: 154.5 | Model: 128.6 | Edge: -25.9
  [92m✅ BET: UNDER 154.5[0m
  [96mHIGH confidence (25.9 edge)[0m

[35m📈 Buffalo Bulls 63.7, Northern Illinois Huskies 64.8[0m

[1m========================================================================================================================[0m

[92m✓ CSV saved: /Users/rico/sports-models/ncaa/ncaab_model_output.csv[0m
[92m✓ HTML saved: /Users/rico/sports-models/ncaa/ncaab_model_output.html[0m

[1m[96mSTEP 5: Generating Final Tracking Dashboard[0m
[92m✓ Tracking dashboard saved: /Users/rico/sports-models/ncaa/ncaab_tracking_dashboard.html[0m

[1m====================================================================================================[0m
[1m[93m📊 TRACKING SUMMARY 📊[0m
[1m====================================================================================================[0m
[92mTotal Tracked Bets: 2150[0m
[92mRecord: 1094-1007-4[0m
[92mWin Rate: 52.1%[0m
[91mProfit: -11.46 units[0m
[91mROI: -0.5%[0m
[1m====================================================================================================[0m


==========================================
✅ NCAA Model completed successfully!
==========================================

📤 Pushing updates to GitHub...
[main 5e029c1] Update model outputs - 2025-12-30 10:30:09
 Committer: Ricardo Hill <rico@Ricos-M1-Mac-2.local>
Your name and email address were configured automatically based
on your username and hostname. Please check that they are accurate.
You can suppress this message by setting them explicitly. Run the
following command and follow the instructions in your editor to edit
your configuration file:

    git config --global --edit

After doing this, you may fix the identity used for this commit with:

    git commit --amend --reset-author

 4 files changed, 2523 insertions(+), 139 deletions(-)
To https://github.com/BangLetsGetIt/NBA-NCAA-Betting-Models.git
   75dab6c..5e029c1  main -> main
✅ Successfully pushed to GitHub!
