==========================================
NCAA Model Run: Mon Dec 29 10:30:05 EST 2025
==========================================
Running NCAA Basketball model (IMPROVED)...

[1m====================================================================================================[0m
[1m[96m🏀 COLLEGE BASKETBALL SHARP MODEL 🏀[0m
[1m[92m⚡ Targeting 56%+ Win Rate with Advanced Analytics ⚡[0m
[1m[93m📅 Filtering games within next 7 days[0m
[1m====================================================================================================[0m

[1m[96mSTEP 1: Checking for Completed Games & Updating Past Picks[0m
[96mChecking 89 pending picks...[0m
[96mFetching completed game scores...[0m
[92m✓ Fetched 79 completed games[0m
[93mNo picks were updated (games may not be complete yet)[0m
[92m✓ Tracking dashboard saved: /Users/rico/sports-models/ncaa/ncaab_tracking_dashboard.html[0m

[1m[96mSTEP 2: Loading Team Statistics[0m
[96mLoading team statistics...[0m
[93m⚠️  Cache expired or missing. Fetching fresh stats from Sports-Reference...[0m
Fetching NCAA basketball stats for 2025 season...
Columns found: [' 0_Rk', ' 1_School', ' 2_Conf', ' 3_ 3', ' 4_W', ' 5_L', ' 6_Pts', ' 7_Opp', ' 8_MOV', ' 9_ 9', ' 10_SOS', ' 11_ 11', 'SRS_OSRS', 'SRS_DSRS', 'SRS_SRS', 'Adjusted_ORtg', 'Adjusted_DRtg', 'Adjusted_NRtg']

Sample data:
   0_Rk  1_School  2_Conf  ...  Adjusted_ORtg Adjusted_DRtg Adjusted_NRtg
0     1      Duke     ACC  ...         131.42         86.60         44.82
1     2    Auburn     SEC  ...         129.16         88.83         40.33
2     3   Houston  Big 12  ...         125.20         82.34         42.86

[3 rows x 18 columns]

✓ Successfully fetched stats for 364 teams
[92m✓ Stats cached to /Users/rico/sports-models/ncaa/ncaab_stats_cache.json[0m

[1m[96mSTEP 3: Fetching Live Odds (Next 7 Days)[0m
[92m✓ Fetched 58 games from The Odds API[0m
[92m✓ 58 games in the next 7 days[0m

[1m[96mSTEP 4: Processing Games & Generating Sharp Picks[0m

[92m✓ Tracking data saved to /Users/rico/sports-models/ncaa/ncaab_picks_tracking.json[0m
[92m  Total picks in file: 2104[0m
[35m📝 LOGGED: TOTAL - ✅ BET: UNDER 140.5 (Edge: -6.1)[0m
[92m✓ Tracking data saved to /Users/rico/sports-models/ncaa/ncaab_picks_tracking.json[0m
[92m  Total picks in file: 2105[0m
[35m📝 LOGGED: SPREAD - ✅ BET: Towson Tigers +2.5 (Edge: +7.9)[0m
[92m✓ Tracking data saved to /Users/rico/sports-models/ncaa/ncaab_picks_tracking.json[0m
[92m  Total picks in file: 2106[0m
[35m📝 LOGGED: TOTAL - ✅ BET: UNDER 156.5 (Edge: -6.1)[0m

[1m[92m✅ Analyzed 58 games with complete odds[0m


[1m========================================================================================================================[0m
[1m[93m🏀 COLLEGE BASKETBALL MODEL PREDICTIONS 🏀[0m
[1m========================================================================================================================[0m

[1m[96m━━━ GAME 1: North Carolina Central Eagles @ Penn State Nittany Lions ━━━[0m
[96m🕐 12/29 01:00 PM[0m

[93m📊 SPREAD:[0m
  Market: -24.5 | Model: +3.7 | Edge: +28.2
  [92m✅ BET: North Carolina Central Eagles +24.5[0m
  [96mHIGH confidence (+28.2 edge)[0m

[93m🎯 TOTAL:[0m
  Market: 150.5 | Model: 142.3 | Edge: -8.2
  [92m✅ BET: UNDER 150.5[0m
  [96mHIGH confidence (8.2 edge)[0m

[35m📈 North Carolina Central Eagles 69.3, Penn State Nittany Lions 73.0[0m

[1m[96m━━━ GAME 2: Missouri St Bears @ Delaware Blue Hens ━━━[0m
[96m🕐 12/29 02:00 PM[0m

[93m📊 SPREAD:[0m
  Market: -1.5 | Model: +0.1 | Edge: +1.6
  [91m❌ NO BET[0m
  [96mEdge too small (+1.6)[0m

[93m🎯 TOTAL:[0m
  Market: 134.5 | Model: 149.7 | Edge: +15.2
  [92m✅ BET: OVER 134.5[0m
  [96mHIGH confidence (15.2 edge)[0m

[35m📈 Missouri St Bears 74.8, Delaware Blue Hens 74.9[0m

[1m[96m━━━ GAME 3: Merrimack Warriors @ Sacred Heart Pioneers ━━━[0m
[96m🕐 12/29 02:00 PM[0m

[93m📊 SPREAD:[0m
  Market: -1.5 | Model: +7.5 | Edge: +9.0
  [92m✅ BET: Merrimack Warriors +1.5[0m
  [96mHIGH confidence (+9.0 edge)[0m

[93m🎯 TOTAL:[0m
  Market: 140.5 | Model: 134.4 | Edge: -6.1
  [92m✅ BET: UNDER 140.5[0m
  [96mMEDIUM confidence (6.1 edge)[0m

[35m📈 Merrimack Warriors 63.4, Sacred Heart Pioneers 70.9[0m

[1m[96m━━━ GAME 4: Southern Jaguars @ Illinois Fighting Illini ━━━[0m
[96m🕐 12/29 03:00 PM[0m

[93m📊 SPREAD:[0m
  Market: -32.5 | Model: +10.8 | Edge: +43.3
  [91m❌ NO BET[0m
  [96m⚠️ SKIPPED: Edge too large (43.3 > 35.0) - likely model error[0m

[93m🎯 TOTAL:[0m
  Market: 164.5 | Model: 148.5 | Edge: -16.0
  [92m✅ BET: UNDER 164.5[0m
  [96mHIGH confidence (16.0 edge)[0m

[35m📈 Southern Jaguars 68.9, Illinois Fighting Illini 79.7[0m

[1m[96m━━━ GAME 5: Marist Red Foxes @ Quinnipiac Bobcats ━━━[0m
[96m🕐 12/29 04:00 PM[0m

[93m📊 SPREAD:[0m
  Market: -3.5 | Model: +5.1 | Edge: +8.6
  [92m✅ BET: Marist Red Foxes +3.5[0m
  [96mHIGH confidence (+8.6 edge)[0m

[93m🎯 TOTAL:[0m
  Market: 145.5 | Model: 133.3 | Edge: -12.2
  [92m✅ BET: UNDER 145.5[0m
  [96mHIGH confidence (12.2 edge)[0m

[35m📈 Marist Red Foxes 64.1, Quinnipiac Bobcats 69.2[0m

[1m[96m━━━ GAME 6: UMass Lowell River Hawks @ Iowa Hawkeyes ━━━[0m
[96m🕐 12/29 05:00 PM[0m

[93m📊 SPREAD:[0m
  Market: -34.5 | Model: +9.8 | Edge: +44.3
  [91m❌ NO BET[0m
  [96m⚠️ SKIPPED: Edge too large (44.3 > 35.0) - likely model error[0m

[93m🎯 TOTAL:[0m
  Market: 144.5 | Model: 147.6 | Edge: +3.1
  [91m❌ NO BET[0m
  [96mEdge too small (+3.1)[0m

[35m📈 UMass Lowell River Hawks 68.9, Iowa Hawkeyes 78.7[0m

[1m[96m━━━ GAME 7: Towson Tigers @ William & Mary Tribe ━━━[0m
[96m🕐 12/29 05:00 PM[0m

[93m📊 SPREAD:[0m
  Market: -2.5 | Model: +5.4 | Edge: +7.9
  [92m✅ BET: Towson Tigers +2.5[0m
  [96mHIGH confidence (+7.9 edge)[0m

[93m🎯 TOTAL:[0m
  Market: 152.5 | Model: 138.4 | Edge: -14.1
  [92m✅ BET: UNDER 152.5[0m
  [96mHIGH confidence (14.1 edge)[0m

[35m📈 Towson Tigers 66.5, William & Mary Tribe 71.9[0m

[1m[96m━━━ GAME 8: UMBC Retrievers @ Coppin St Eagles ━━━[0m
[96m🕐 12/29 06:00 PM[0m

[93m📊 SPREAD:[0m
  Market: +10.5 | Model: +2.8 | Edge: -7.7
  [92m✅ BET: Coppin St Eagles +10.5[0m
  [96mHIGH confidence (-7.7 edge)[0m

[93m🎯 TOTAL:[0m
  Market: 149.5 | Model: 139.4 | Edge: -10.1
  [92m✅ BET: UNDER 149.5[0m
  [96mHIGH confidence (10.1 edge)[0m

[35m📈 UMBC Retrievers 68.3, Coppin St Eagles 71.1[0m

[1m[96m━━━ GAME 9: Dartmouth Big Green @ Florida Gators ━━━[0m
[96m🕐 12/29 06:00 PM[0m

[93m📊 SPREAD:[0m
  Market: -37.5 | Model: +11.1 | Edge: +48.6
  [91m❌ NO BET[0m
  [96m⚠️ SKIPPED: Edge too large (48.6 > 35.0) - likely model error[0m

[93m🎯 TOTAL:[0m
  Market: 159.5 | Model: 152.8 | Edge: -6.7
  [92m✅ BET: UNDER 159.5[0m
  [96mMEDIUM confidence (6.7 edge)[0m

[35m📈 Dartmouth Big Green 70.8, Florida Gators 81.9[0m

[1m[96m━━━ GAME 10: Detroit Mercy Titans @ Youngstown St Penguins ━━━[0m
[96m🕐 12/29 06:30 PM[0m

[93m📊 SPREAD:[0m
  Market: -11.5 | Model: +5.9 | Edge: +17.4
  [92m✅ BET: Detroit Mercy Titans +11.5[0m
  [96mHIGH confidence (+17.4 edge)[0m

[93m🎯 TOTAL:[0m
  Market: 147.5 | Model: 133.2 | Edge: -14.3
  [92m✅ BET: UNDER 147.5[0m
  [96mHIGH confidence (14.3 edge)[0m

[35m📈 Detroit Mercy Titans 63.7, Youngstown St Penguins 69.6[0m

[1m[96m━━━ GAME 11: Belmont Bruins @ Indiana St Sycamores ━━━[0m
[96m🕐 12/29 07:00 PM[0m

[93m📊 SPREAD:[0m
  Market: +7.5 | Model: +0.1 | Edge: -7.4
  [92m✅ BET: Indiana St Sycamores +7.5[0m
  [96mHIGH confidence (-7.4 edge)[0m

[93m🎯 TOTAL:[0m
  Market: 156.5 | Model: 150.4 | Edge: -6.1
  [92m✅ BET: UNDER 156.5[0m
  [96mMEDIUM confidence (6.1 edge)[0m

[35m📈 Belmont Bruins 75.1, Indiana St Sycamores 75.2[0m

[1m[96m━━━ GAME 12: Campbell Fighting Camels @ Hofstra Pride ━━━[0m
[96m🕐 12/29 07:00 PM[0m

[93m📊 SPREAD:[0m
  Market: -7.5 | Model: -0.4 | Edge: +7.1
  [92m✅ BET: Campbell Fighting Camels +7.5[0m
  [96mHIGH confidence (+7.1 edge)[0m

[93m🎯 TOTAL:[0m
  Market: 148.5 | Model: 135.4 | Edge: -13.1
  [92m✅ BET: UNDER 148.5[0m
  [96mHIGH confidence (13.1 edge)[0m

[35m📈 Campbell Fighting Camels 67.9, Hofstra Pride 67.5[0m

[1m[96m━━━ GAME 13: Drexel Dragons @ Charleston Cougars ━━━[0m
[96m🕐 12/29 07:00 PM[0m

[93m📊 SPREAD:[0m
  Market: -8.5 | Model: +3.4 | Edge: +11.9
  [92m✅ BET: Drexel Dragons +8.5[0m
  [96mHIGH confidence (+11.9 edge)[0m

[93m🎯 TOTAL:[0m
  Market: 146.5 | Model: 138.7 | Edge: -7.8
  [92m✅ BET: UNDER 146.5[0m
  [96mHIGH confidence (7.8 edge)[0m

[35m📈 Drexel Dragons 67.6, Charleston Cougars 71.0[0m

[1m[96m━━━ GAME 14: Lipscomb Bisons @ Cincinnati Bearcats ━━━[0m
[96m🕐 12/29 07:00 PM[0m

[93m📊 SPREAD:[0m
  Market: -13.5 | Model: +0.7 | Edge: +14.2
  [92m✅ BET: Lipscomb Bisons +13.5[0m
  [96mHIGH confidence (+14.2 edge)[0m

[93m🎯 TOTAL:[0m
  Market: 150.5 | Model: 150.9 | Edge: +0.4
  [91m❌ NO BET[0m
  [96mEdge too small (+0.4)[0m

[35m📈 Lipscomb Bisons 75.1, Cincinnati Bearcats 75.8[0m

[1m[96m━━━ GAME 15: IUPUI Jaguars @ Cleveland St Vikings ━━━[0m
[96m🕐 12/29 07:00 PM[0m

[93m📊 SPREAD:[0m
  Market: -1.5 | Model: +2.8 | Edge: +4.3
  [91m❌ NO BET[0m
  [96mEdge too small (+4.3)[0m

[93m🎯 TOTAL:[0m
  Market: 176.5 | Model: 139.4 | Edge: -37.1
  [91m❌ NO BET[0m
  [96m⚠️ SKIPPED: Edge too large (37.1 > 35.0) - likely model error[0m

[35m📈 IUPUI Jaguars 68.3, Cleveland St Vikings 71.1[0m

[1m[96m━━━ GAME 16: Cornell Big Red @ Michigan St Spartans ━━━[0m
[96m🕐 12/29 07:00 PM[0m

[93m📊 SPREAD:[0m
  Market: -26.5 | Model: -1.2 | Edge: +25.3
  [92m✅ BET: Cornell Big Red +26.5[0m
  [96mHIGH confidence (+25.3 edge)[0m

[93m🎯 TOTAL:[0m
  Market: 156.5 | Model: 152.6 | Edge: -3.9
  [91m❌ NO BET[0m
  [96mEdge too small (-3.9)[0m

[35m📈 Cornell Big Red 76.9, Michigan St Spartans 75.7[0m

[1m[96m━━━ GAME 17: Delaware St Hornets @ Rutgers Scarlet Knights ━━━[0m
[96m🕐 12/29 07:00 PM[0m

[93m📊 SPREAD:[0m
  Market: -20.5 | Model: +2.4 | Edge: +22.9
  [92m✅ BET: Delaware St Hornets +20.5[0m
  [96mHIGH confidence (+22.9 edge)[0m

[93m🎯 TOTAL:[0m
  Market: 133.5 | Model: 144.7 | Edge: +11.2
  [92m✅ BET: OVER 133.5[0m
  [96mHIGH confidence (11.2 edge)[0m

[35m📈 Delaware St Hornets 71.2, Rutgers Scarlet Knights 73.5[0m

[1m[96m━━━ GAME 18: Northeastern Huskies @ Elon Phoenix ━━━[0m
[96m🕐 12/29 07:00 PM[0m

[93m📊 SPREAD:[0m
  Market: -5.5 | Model: +5.7 | Edge: +11.2
  [92m✅ BET: Northeastern Huskies +5.5[0m
  [96mHIGH confidence (+11.2 edge)[0m

[93m🎯 TOTAL:[0m
  Market: 153.5 | Model: 137.4 | Edge: -16.1
  [92m✅ BET: UNDER 153.5[0m
  [96mHIGH confidence (16.1 edge)[0m

[35m📈 Northeastern Huskies 65.8, Elon Phoenix 71.6[0m

[1m[96m━━━ GAME 19: Saint Peter's Peacocks @ Fairfield Stags ━━━[0m
[96m🕐 12/29 07:00 PM[0m

[93m📊 SPREAD:[0m
  Market: -2.5 | Model: +6.8 | Edge: +9.3
  [92m✅ BET: Saint Peter's Peacocks +2.5[0m
  [96mHIGH confidence (+9.3 edge)[0m

[93m🎯 TOTAL:[0m
  Market: 138.5 | Model: 130.5 | Edge: -8.0
  [92m✅ BET: UNDER 138.5[0m
  [96mHIGH confidence (8.0 edge)[0m

[35m📈 Saint Peter's Peacocks 61.9, Fairfield Stags 68.7[0m

[1m[96m━━━ GAME 20: LIU Sharks @ Georgia Bulldogs ━━━[0m
[96m🕐 12/29 07:00 PM[0m

[93m📊 SPREAD:[0m
  Market: -31.5 | Model: +4.7 | Edge: +36.2
  [91m❌ NO BET[0m
  [96m⚠️ SKIPPED: Edge too large (36.2 > 35.0) - likely model error[0m

[93m🎯 TOTAL:[0m
  Market: 177.5 | Model: 148.5 | Edge: -29.0
  [92m✅ BET: UNDER 177.5[0m
  [96mHIGH confidence (29.0 edge)[0m

[35m📈 LIU Sharks 71.9, Georgia Bulldogs 76.6[0m

[1m[96m━━━ GAME 21: Stony Brook Seawolves @ Hampton Pirates ━━━[0m
[96m🕐 12/29 07:00 PM[0m

[93m📊 SPREAD:[0m
  Market: -1.5 | Model: +1.1 | Edge: +2.6
  [91m❌ NO BET[0m
  [96mEdge too small (+2.6)[0m

[93m🎯 TOTAL:[0m
  Market: 141.5 | Model: 132.5 | Edge: -9.0
  [92m✅ BET: UNDER 141.5[0m
  [96mHIGH confidence (9.0 edge)[0m

[35m📈 Stony Brook Seawolves 65.7, Hampton Pirates 66.8[0m

[1m[96m━━━ GAME 22: Iona Gaels @ Mt. St. Mary's Mountaineers ━━━[0m
[96m🕐 12/29 07:00 PM[0m

[93m📊 SPREAD:[0m
  Market: +4.5 | Model: +5.8 | Edge: +1.3
  [91m❌ NO BET[0m
  [96mEdge too small (+1.3)[0m

[93m🎯 TOTAL:[0m
  Market: 155.5 | Model: 135.8 | Edge: -19.7
  [92m✅ BET: UNDER 155.5[0m
  [96mHIGH confidence (19.7 edge)[0m

[35m📈 Iona Gaels 65.0, Mt. St. Mary's Mountaineers 70.8[0m

[1m[96m━━━ GAME 23: Western Kentucky Hilltoppers @ Jacksonville St Gamecocks ━━━[0m
[96m🕐 12/29 07:00 PM[0m

[93m📊 SPREAD:[0m
  Market: +3.5 | Model: +2.1 | Edge: -1.4
  [91m❌ NO BET[0m
  [96mEdge too small (-1.4)[0m

[93m🎯 TOTAL:[0m
  Market: 144.5 | Model: 138.8 | Edge: -5.7
  [91m❌ NO BET[0m
  [96mEdge too small (-5.7)[0m

[35m📈 Western Kentucky Hilltoppers 68.3, Jacksonville St Gamecocks 70.4[0m

[1m[96m━━━ GAME 24: Kent State Golden Flashes @ Purdue Boilermakers ━━━[0m
[96m🕐 12/29 07:00 PM[0m

[93m📊 SPREAD:[0m
  Market: -26.5 | Model: +10.3 | Edge: +36.8
  [91m❌ NO BET[0m
  [96m⚠️ SKIPPED: Edge too large (36.8 > 35.0) - likely model error[0m

[93m🎯 TOTAL:[0m
  Market: 161.5 | Model: 153.4 | Edge: -8.1
  [92m✅ BET: UNDER 161.5[0m
  [96mHIGH confidence (8.1 edge)[0m

[35m📈 Kent State Golden Flashes 71.6, Purdue Boilermakers 81.8[0m

[1m[96m━━━ GAME 25: Manhattan Jaspers @ Rider Broncs ━━━[0m
[96m🕐 12/29 07:00 PM[0m

[93m📊 SPREAD:[0m
  Market: +1.5 | Model: +0.2 | Edge: -1.3
  [91m❌ NO BET[0m
  [96mEdge too small (-1.3)[0m

[93m🎯 TOTAL:[0m
  Market: 146.5 | Model: 132.5 | Edge: -14.0
  [92m✅ BET: UNDER 146.5[0m
  [96mHIGH confidence (14.0 edge)[0m

[35m📈 Manhattan Jaspers 66.1, Rider Broncs 66.4[0m

[1m[96m━━━ GAME 26: McNeese Cowboys @ Michigan Wolverines ━━━[0m
[96m🕐 12/29 07:00 PM[0m

[93m📊 SPREAD:[0m
  Market: -23.5 | Model: +4.1 | Edge: +27.6
  [92m✅ BET: McNeese Cowboys +23.5[0m
  [96mHIGH confidence (+27.6 edge)[0m

[93m🎯 TOTAL:[0m
  Market: 160.5 | Model: 150.0 | Edge: -10.5
  [92m✅ BET: UNDER 160.5[0m
  [96mHIGH confidence (10.5 edge)[0m

[35m📈 McNeese Cowboys 73.0, Michigan Wolverines 77.1[0m

[1m[96m━━━ GAME 27: Southern Illinois Salukis @ Murray St Racers ━━━[0m
[96m🕐 12/29 07:00 PM[0m

[93m📊 SPREAD:[0m
  Market: -6.5 | Model: +2.0 | Edge: +8.5
  [92m✅ BET: Southern Illinois Salukis +6.5[0m
  [96mHIGH confidence (+8.5 edge)[0m

[93m🎯 TOTAL:[0m
  Market: 167.5 | Model: 139.7 | Edge: -27.8
  [92m✅ BET: UNDER 167.5[0m
  [96mHIGH confidence (27.8 edge)[0m

[35m📈 Southern Illinois Salukis 68.9, Murray St Racers 70.8[0m

[1m[96m━━━ GAME 28: New Haven Chargers @ Vanderbilt Commodores ━━━[0m
[96m🕐 12/29 07:00 PM[0m

[93m📊 SPREAD:[0m
  Market: -39.5 | Model: +6.9 | Edge: +46.4
  [91m❌ NO BET[0m
  [96m⚠️ SKIPPED: Edge too large (46.4 > 35.0) - likely model error[0m

[93m🎯 TOTAL:[0m
  Market: 143.5 | Model: 148.1 | Edge: +4.6
  [91m❌ NO BET[0m
  [96mEdge too small (+4.6)[0m

[35m📈 New Haven Chargers 70.6, Vanderbilt Commodores 77.5[0m

[1m[96m━━━ GAME 29: UNC Wilmington Seahawks @ North Carolina A&T Aggies ━━━[0m
[96m🕐 12/29 07:00 PM[0m

[93m📊 SPREAD:[0m
  Market: +10.5 | Model: -1.8 | Edge: -12.3
  [92m✅ BET: North Carolina A&T Aggies +10.5[0m
  [96mHIGH confidence (-12.3 edge)[0m

[93m🎯 TOTAL:[0m
  Market: 143.5 | Model: 136.6 | Edge: -6.9
  [92m✅ BET: UNDER 143.5[0m
  [96mMEDIUM confidence (6.9 edge)[0m

[35m📈 UNC Wilmington Seahawks 69.2, North Carolina A&T Aggies 67.4[0m

[1m[96m━━━ GAME 30: Northern Kentucky Norse @ Robert Morris Colonials ━━━[0m
[96m🕐 12/29 07:00 PM[0m

[93m📊 SPREAD:[0m
  Market: -2.5 | Model: +3.1 | Edge: +5.6
  [91m❌ NO BET[0m
  [96mEdge too small (+5.6)[0m

[93m🎯 TOTAL:[0m
  Market: 147.5 | Model: 139.2 | Edge: -8.3
  [92m✅ BET: UNDER 147.5[0m
  [96mHIGH confidence (8.3 edge)[0m

[35m📈 Northern Kentucky Norse 68.1, Robert Morris Colonials 71.1[0m

[1m[96m━━━ GAME 31: Oakland Golden Grizzlies @ Wright St Raiders ━━━[0m
[96m🕐 12/29 07:00 PM[0m

[93m📊 SPREAD:[0m
  Market: -3.5 | Model: +1.6 | Edge: +5.1
  [91m❌ NO BET[0m
  [96mEdge too small (+5.1)[0m

[93m🎯 TOTAL:[0m
  Market: 159.5 | Model: 139.4 | Edge: -20.1
  [92m✅ BET: UNDER 159.5[0m
  [96mHIGH confidence (20.1 edge)[0m

[35m📈 Oakland Golden Grizzlies 68.9, Wright St Raiders 70.5[0m

[1m[96m━━━ GAME 32: Alabama St Hornets @ Mississippi St Bulldogs ━━━[0m
[96m🕐 12/29 07:30 PM[0m

[93m📊 SPREAD:[0m
  Market: -20.5 | Model: -0.6 | Edge: +19.9
  [92m✅ BET: Alabama St Hornets +20.5[0m
  [96mHIGH confidence (+19.9 edge)[0m

[93m🎯 TOTAL:[0m
  Market: 153.5 | Model: 160.9 | Edge: +7.4
  [92m✅ BET: OVER 153.5[0m
  [96mHIGH confidence (7.4 edge)[0m

[35m📈 Alabama St Hornets 80.7, Mississippi St Bulldogs 80.2[0m

[1m[96m━━━ GAME 33: Stephen F. Austin Lumberjacks @ East Texas A&M Lions ━━━[0m
[96m🕐 12/29 07:30 PM[0m

[93m📊 SPREAD:[0m
  Market: +5.5 | Model: +5.0 | Edge: -0.5
  [91m❌ NO BET[0m
  [96mEdge too small (-0.5)[0m

[93m🎯 TOTAL:[0m
  Market: 145.5 | Model: 130.1 | Edge: -15.4
  [92m✅ BET: UNDER 145.5[0m
  [96mHIGH confidence (15.4 edge)[0m

[35m📈 Stephen F. Austin Lumberjacks 62.6, East Texas A&M Lions 67.6[0m

[1m[96m━━━ GAME 34: Lamar Cardinals @ Northwestern St Demons ━━━[0m
[96m🕐 12/29 07:30 PM[0m

[93m📊 SPREAD:[0m
  Market: +2.5 | Model: +6.8 | Edge: +4.3
  [91m❌ NO BET[0m
  [96mEdge too small (+4.3)[0m

[93m🎯 TOTAL:[0m
  Market: 138.5 | Model: 147.2 | Edge: +8.7
  [92m✅ BET: OVER 138.5[0m
  [96mHIGH confidence (8.7 edge)[0m

[35m📈 Lamar Cardinals 70.2, Northwestern St Demons 77.0[0m

[1m[96m━━━ GAME 35: UTEP Miners @ Louisiana Tech Bulldogs ━━━[0m
[96m🕐 12/29 07:30 PM[0m

[93m📊 SPREAD:[0m
  Market: -2.5 | Model: +4.0 | Edge: +6.5
  [92m✅ BET: UTEP Miners +2.5[0m
  [96mHIGH confidence (+6.5 edge)[0m

[93m🎯 TOTAL:[0m
  Market: 129.5 | Model: 142.1 | Edge: +12.6
  [92m✅ BET: OVER 129.5[0m
  [96mHIGH confidence (12.6 edge)[0m

[35m📈 UTEP Miners 69.0, Louisiana Tech Bulldogs 73.0[0m

[1m[96m━━━ GAME 36: New Orleans Privateers @ UT Rio Grande Valley Vaqueros ━━━[0m
[96m🕐 12/29 07:30 PM[0m

[93m📊 SPREAD:[0m
  Market: -4.5 | Model: +2.9 | Edge: +7.4
  [92m✅ BET: New Orleans Privateers +4.5[0m
  [96mHIGH confidence (+7.4 edge)[0m

[93m🎯 TOTAL:[0m
  Market: 153.5 | Model: 133.3 | Edge: -20.2
  [92m✅ BET: UNDER 153.5[0m
  [96mHIGH confidence (20.2 edge)[0m

[35m📈 New Orleans Privateers 65.2, UT Rio Grande Valley Vaqueros 68.1[0m

[1m[96m━━━ GAME 37: Yale Bulldogs @ Alabama Crimson Tide ━━━[0m
[96m🕐 12/29 08:00 PM[0m

[93m📊 SPREAD:[0m
  Market: -16.5 | Model: +5.5 | Edge: +22.0
  [92m✅ BET: Yale Bulldogs +16.5[0m
  [96mHIGH confidence (+22.0 edge)[0m

[93m🎯 TOTAL:[0m
  Market: 175.5 | Model: 158.3 | Edge: -17.2
  [92m✅ BET: UNDER 175.5[0m
  [96mHIGH confidence (17.2 edge)[0m

[35m📈 Yale Bulldogs 76.4, Alabama Crimson Tide 81.9[0m

[1m[96m━━━ GAME 38: Alcorn St Braves @ Ole Miss Rebels ━━━[0m
[96m🕐 12/29 08:00 PM[0m

[93m📊 SPREAD:[0m
  Market: -27.5 | Model: +2.8 | Edge: +30.3
  [92m✅ BET: Alcorn St Braves +27.5[0m
  [96mHIGH confidence (+30.3 edge)[0m

[93m🎯 TOTAL:[0m
  Market: 146.5 | Model: 139.4 | Edge: -7.1
  [92m✅ BET: UNDER 146.5[0m
  [96mHIGH confidence (7.1 edge)[0m

[35m📈 Alcorn St Braves 68.3, Ole Miss Rebels 71.1[0m

[1m[96m━━━ GAME 39: James Madison Dukes @ Arkansas Razorbacks ━━━[0m
[96m🕐 12/29 08:00 PM[0m

[93m📊 SPREAD:[0m
  Market: -24.5 | Model: +0.4 | Edge: +24.9
  [92m✅ BET: James Madison Dukes +24.5[0m
  [96mHIGH confidence (+24.9 edge)[0m

[93m🎯 TOTAL:[0m
  Market: 161.5 | Model: 149.4 | Edge: -12.1
  [92m✅ BET: UNDER 161.5[0m
  [96mHIGH confidence (12.1 edge)[0m

[35m📈 James Madison Dukes 74.5, Arkansas Razorbacks 74.9[0m

[1m[96m━━━ GAME 40: Bethune-Cookman Wildcats @ Oklahoma St Cowboys ━━━[0m
[96m🕐 12/29 08:00 PM[0m

[93m📊 SPREAD:[0m
  Market: -20.5 | Model: +10.0 | Edge: +30.5
  [92m✅ BET: Bethune-Cookman Wildcats +20.5[0m
  [96mHIGH confidence (+30.5 edge)[0m

[93m🎯 TOTAL:[0m
  Market: 164.5 | Model: 144.0 | Edge: -20.5
  [92m✅ BET: UNDER 164.5[0m
  [96mHIGH confidence (20.5 edge)[0m

[35m📈 Bethune-Cookman Wildcats 67.0, Oklahoma St Cowboys 77.0[0m

[1m[96m━━━ GAME 41: Evansville Purple Aces @ Bradley Braves ━━━[0m
[96m🕐 12/29 08:00 PM[0m

[93m📊 SPREAD:[0m
  Market: -11.5 | Model: +8.7 | Edge: +20.2
  [92m✅ BET: Evansville Purple Aces +11.5[0m
  [96mHIGH confidence (+20.2 edge)[0m

[93m🎯 TOTAL:[0m
  Market: 139.5 | Model: 141.5 | Edge: +2.0
  [91m❌ NO BET[0m
  [96mEdge too small (+2.0)[0m

[35m📈 Evansville Purple Aces 66.4, Bradley Braves 75.1[0m

[1m[96m━━━ GAME 42: Cal Baptist Lancers @ Utah Valley Wolverines ━━━[0m
[96m🕐 12/29 08:00 PM[0m

[93m📊 SPREAD:[0m
  Market: -6.5 | Model: +2.1 | Edge: +8.6
  [92m✅ BET: Cal Baptist Lancers +6.5[0m
  [96mHIGH confidence (+8.6 edge)[0m

[93m🎯 TOTAL:[0m
  Market: 144.5 | Model: 141.1 | Edge: -3.4
  [91m❌ NO BET[0m
  [96mEdge too small (-3.4)[0m

[35m📈 Cal Baptist Lancers 69.5, Utah Valley Wolverines 71.6[0m

[1m[96m━━━ GAME 43: Fort Wayne Mastodons @ Milwaukee Panthers ━━━[0m
[96m🕐 12/29 08:00 PM[0m

[93m📊 SPREAD:[0m
  Market: -1.5 | Model: +3.9 | Edge: +5.4
  [91m❌ NO BET[0m
  [96mEdge too small (+5.4)[0m

[93m🎯 TOTAL:[0m
  Market: 156.5 | Model: 140.8 | Edge: -15.7
  [92m✅ BET: UNDER 156.5[0m
  [96mHIGH confidence (15.7 edge)[0m

[35m📈 Fort Wayne Mastodons 68.5, Milwaukee Panthers 72.4[0m

[1m[96m━━━ GAME 44: Houston Christian Huskies @ Iowa State Cyclones ━━━[0m
[96m🕐 12/29 08:00 PM[0m

[93m📊 SPREAD:[0m
  Market: -35.5 | Model: +6.4 | Edge: +41.9
  [91m❌ NO BET[0m
  [96m⚠️ SKIPPED: Edge too large (41.9 > 35.0) - likely model error[0m

[93m🎯 TOTAL:[0m
  Market: 145.5 | Model: 148.2 | Edge: +2.7
  [91m❌ NO BET[0m
  [96mEdge too small (+2.7)[0m

[35m📈 Houston Christian Huskies 70.9, Iowa State Cyclones 77.3[0m

[1m[96m━━━ GAME 45: Middle Tennessee Blue Raiders @ Houston Cougars ━━━[0m
[96m🕐 12/29 08:00 PM[0m

[93m📊 SPREAD:[0m
  Market: -28.5 | Model: +4.0 | Edge: +32.5
  [92m✅ BET: Middle Tennessee Blue Raiders +28.5[0m
  [96mHIGH confidence (+32.5 edge)[0m

[93m🎯 TOTAL:[0m
  Market: 134.5 | Model: 157.7 | Edge: +23.2
  [92m✅ BET: OVER 134.5[0m
  [96mHIGH confidence (23.2 edge)[0m

[35m📈 Middle Tennessee Blue Raiders 76.8, Houston Cougars 80.8[0m

[1m[96m━━━ GAME 46: Jackson St Tigers @ TCU Horned Frogs ━━━[0m
[96m🕐 12/29 08:00 PM[0m

[93m📊 SPREAD:[0m
  Market: -32.5 | Model: +1.4 | Edge: +33.9
  [92m✅ BET: Jackson St Tigers +32.5[0m
  [96mHIGH confidence (+33.9 edge)[0m

[93m🎯 TOTAL:[0m
  Market: 143.5 | Model: 145.1 | Edge: +1.6
  [91m❌ NO BET[0m
  [96mEdge too small (+1.6)[0m

[35m📈 Jackson St Tigers 71.9, TCU Horned Frogs 73.2[0m

[1m[96m━━━ GAME 47: Southern Miss Golden Eagles @ LSU Tigers ━━━[0m
[96m🕐 12/29 08:00 PM[0m

[93m📊 SPREAD:[0m
  Market: -20.5 | Model: +6.3 | Edge: +26.8
  [92m✅ BET: Southern Miss Golden Eagles +20.5[0m
  [96mHIGH confidence (+26.8 edge)[0m

[93m🎯 TOTAL:[0m
  Market: 157.5 | Model: 136.6 | Edge: -20.9
  [92m✅ BET: UNDER 157.5[0m
  [96mHIGH confidence (20.9 edge)[0m

[35m📈 Southern Miss Golden Eagles 65.2, LSU Tigers 71.5[0m

[1m[96m━━━ GAME 48: Miss Valley St Delta Devils @ Oklahoma Sooners ━━━[0m
[96m🕐 12/29 08:00 PM[0m

[93m📊 SPREAD:[0m
  Market: -44.5 | Model: +7.2 | Edge: +51.7
  [91m❌ NO BET[0m
  [96m⚠️ SKIPPED: Edge too large (51.7 > 35.0) - likely model error[0m

[93m🎯 TOTAL:[0m
  Market: 152.5 | Model: 148.3 | Edge: -4.2
  [91m❌ NO BET[0m
  [96mEdge too small (-4.2)[0m

[35m📈 Miss Valley St Delta Devils 70.6, Oklahoma Sooners 77.8[0m

[1m[96m━━━ GAME 49: Valparaiso Beacons @ Northern Iowa Panthers ━━━[0m
[96m🕐 12/29 08:00 PM[0m

[93m📊 SPREAD:[0m
  Market: -10.5 | Model: +3.1 | Edge: +13.6
  [92m✅ BET: Valparaiso Beacons +10.5[0m
  [96mHIGH confidence (+13.6 edge)[0m

[93m🎯 TOTAL:[0m
  Market: 127.5 | Model: 143.6 | Edge: +16.1
  [92m✅ BET: OVER 127.5[0m
  [96mHIGH confidence (16.1 edge)[0m

[35m📈 Valparaiso Beacons 70.2, Northern Iowa Panthers 73.3[0m

[1m[96m━━━ GAME 50: Prairie View Panthers @ Texas A&M Aggies ━━━[0m
[96m🕐 12/29 08:00 PM[0m

[93m📊 SPREAD:[0m
  Market: -30.5 | Model: +3.8 | Edge: +34.3
  [92m✅ BET: Prairie View Panthers +30.5[0m
  [96mHIGH confidence (+34.3 edge)[0m

[93m🎯 TOTAL:[0m
  Market: 173.5 | Model: 142.2 | Edge: -31.3
  [92m✅ BET: UNDER 173.5[0m
  [96mHIGH confidence (31.3 edge)[0m

[35m📈 Prairie View Panthers 69.2, Texas A&M Aggies 73.0[0m

[1m[96m━━━ GAME 51: Tarleton State Texans @ UT-Arlington Mavericks ━━━[0m
[96m🕐 12/29 08:00 PM[0m

[93m📊 SPREAD:[0m
  Market: -2.5 | Model: +7.9 | Edge: +10.4
  [92m✅ BET: Tarleton State Texans +2.5[0m
  [96mHIGH confidence (+10.4 edge)[0m

[93m🎯 TOTAL:[0m
  Market: 139.5 | Model: 134.4 | Edge: -5.1
  [91m❌ NO BET[0m
  [96mEdge too small (-5.1)[0m

[35m📈 Tarleton State Texans 63.3, UT-Arlington Mavericks 71.1[0m

[1m[96m━━━ GAME 52: Nicholls St Colonels @ Texas A&M-CC Islanders ━━━[0m
[96m🕐 12/29 08:30 PM[0m

[93m📊 SPREAD:[0m
  Market: -5.5 | Model: +4.1 | Edge: +9.6
  [92m✅ BET: Nicholls St Colonels +5.5[0m
  [96mHIGH confidence (+9.6 edge)[0m

[93m🎯 TOTAL:[0m
  Market: 136.5 | Model: 150.0 | Edge: +13.5
  [92m✅ BET: OVER 136.5[0m
  [96mHIGH confidence (13.5 edge)[0m

[35m📈 Nicholls St Colonels 73.0, Texas A&M-CC Islanders 77.0[0m

[1m[96m━━━ GAME 53: South Dakota St Jackrabbits @ Arizona Wildcats ━━━[0m
[96m🕐 12/29 09:00 PM[0m

[93m📊 SPREAD:[0m
  Market: -33.5 | Model: +3.8 | Edge: +37.3
  [91m❌ NO BET[0m
  [96m⚠️ SKIPPED: Edge too large (37.3 > 35.0) - likely model error[0m

[93m🎯 TOTAL:[0m
  Market: 159.5 | Model: 151.4 | Edge: -8.1
  [92m✅ BET: UNDER 159.5[0m
  [96mHIGH confidence (8.1 edge)[0m

[35m📈 South Dakota St Jackrabbits 73.8, Arizona Wildcats 77.6[0m

[1m[96m━━━ GAME 54: Illinois St Redbirds @ Drake Bulldogs ━━━[0m
[96m🕐 12/29 09:00 PM[0m

[93m📊 SPREAD:[0m
  Market: +2.5 | Model: +0.4 | Edge: -2.1
  [91m❌ NO BET[0m
  [96mEdge too small (-2.1)[0m

[93m🎯 TOTAL:[0m
  Market: 147.5 | Model: 158.2 | Edge: +10.7
  [92m✅ BET: OVER 147.5[0m
  [96mHIGH confidence (10.7 edge)[0m

[35m📈 Illinois St Redbirds 78.9, Drake Bulldogs 79.3[0m

[1m[96m━━━ GAME 55: Fairleigh Dickinson Knights @ Minnesota Golden Gophers ━━━[0m
[96m🕐 12/29 09:00 PM[0m

[93m📊 SPREAD:[0m
  Market: -25.5 | Model: +3.8 | Edge: +29.3
  [92m✅ BET: Fairleigh Dickinson Knights +25.5[0m
  [96mHIGH confidence (+29.3 edge)[0m

[93m🎯 TOTAL:[0m
  Market: 138.5 | Model: 144.5 | Edge: +6.0
  [92m✅ BET: OVER 138.5[0m
  [96mMEDIUM confidence (6.0 edge)[0m

[35m📈 Fairleigh Dickinson Knights 70.4, Minnesota Golden Gophers 74.1[0m

[1m[96m━━━ GAME 56: Southern Utah Thunderbirds @ Utah Tech Trailblazers ━━━[0m
[96m🕐 12/29 09:00 PM[0m

[93m📊 SPREAD:[0m
  Market: -7.5 | Model: +5.6 | Edge: +13.1
  [92m✅ BET: Southern Utah Thunderbirds +7.5[0m
  [96mHIGH confidence (+13.1 edge)[0m

[93m🎯 TOTAL:[0m
  Market: 147.5 | Model: 131.3 | Edge: -16.2
  [92m✅ BET: UNDER 147.5[0m
  [96mHIGH confidence (16.2 edge)[0m

[35m📈 Southern Utah Thunderbirds 62.8, Utah Tech Trailblazers 68.4[0m

[1m[96m━━━ GAME 57: Queens University Royals @ Auburn Tigers ━━━[0m
[96m🕐 12/29 10:00 PM[0m

[93m📊 SPREAD:[0m
  Market: -24.5 | Model: +8.4 | Edge: +32.9
  [92m✅ BET: Queens University Royals +24.5[0m
  [96mHIGH confidence (+32.9 edge)[0m

[93m🎯 TOTAL:[0m
  Market: 171.5 | Model: 155.0 | Edge: -16.5
  [92m✅ BET: UNDER 171.5[0m
  [96mHIGH confidence (16.5 edge)[0m

[35m📈 Queens University Royals 73.3, Auburn Tigers 81.7[0m

[1m[96m━━━ GAME 58: Utah Utes @ Washington Huskies ━━━[0m
[96m🕐 12/29 11:00 PM[0m

[93m📊 SPREAD:[0m
  Market: -11.5 | Model: +2.8 | Edge: +14.3
  [92m✅ BET: Utah Utes +11.5[0m
  [96mHIGH confidence (+14.3 edge)[0m

[93m🎯 TOTAL:[0m
  Market: 156.5 | Model: 150.4 | Edge: -6.1
  [92m✅ BET: UNDER 156.5[0m
  [96mMEDIUM confidence (6.1 edge)[0m

[35m📈 Utah Utes 73.8, Washington Huskies 76.6[0m

[1m========================================================================================================================[0m

[92m✓ CSV saved: /Users/rico/sports-models/ncaa/ncaab_model_output.csv[0m
[92m✓ HTML saved: /Users/rico/sports-models/ncaa/ncaab_model_output.html[0m

[1m[96mSTEP 5: Generating Final Tracking Dashboard[0m
[92m✓ Tracking dashboard saved: /Users/rico/sports-models/ncaa/ncaab_tracking_dashboard.html[0m

[1m====================================================================================================[0m
[1m[93m📊 TRACKING SUMMARY 📊[0m
[1m====================================================================================================[0m
[92mTotal Tracked Bets: 2106[0m
[92mRecord: 1051-960-3[0m
[92mWin Rate: 52.3%[0m
[91mProfit: -3.59 units[0m
[91mROI: -0.2%[0m
[1m====================================================================================================[0m


==========================================
✅ NCAA Model completed successfully!
==========================================

📤 Pushing updates to GitHub...
[main a458961] Update model outputs - 2025-12-29 10:30:11
 Committer: Ricardo Hill <rico@Ricos-M1-Mac-2.local>
Your name and email address were configured automatically based
on your username and hostname. Please check that they are accurate.
You can suppress this message by setting them explicitly. Run the
following command and follow the instructions in your editor to edit
your configuration file:

    git config --global --edit

After doing this, you may fix the identity used for this commit with:

    git commit --amend --reset-author

 4 files changed, 323 insertions(+), 276 deletions(-)
To https://github.com/BangLetsGetIt/NBA-NCAA-Betting-Models.git
   02228cf..a458961  main -> main
✅ Successfully pushed to GitHub!
