==========================================
NCAA Model Run: Wed Jan  7 10:30:04 EST 2026
==========================================
Running NCAA Basketball model (IMPROVED)...

[1m====================================================================================================[0m
[1m[96m🏀 COLLEGE BASKETBALL SHARP MODEL 🏀[0m
[1m[92m⚡ Targeting 56%+ Win Rate with Advanced Analytics ⚡[0m
[1m[93m📅 Filtering games within next 7 days[0m
[1m====================================================================================================[0m

[1m[96mSTEP 1: Checking for Completed Games & Updating Past Picks[0m
[96mChecking 71 pending picks...[0m
[96mFetching completed game scores...[0m
[92m✓ Fetched 102 completed games[0m
[92m✓ Updated: ✅ BET: UNLV Rebels +4.5 -> LOSS[0m
[92m✓ Updated: ✅ BET: UNDER 154.5 -> LOSS[0m
[92m✓ Updated: ✅ BET: San Diego St Aztecs +1.5 -> WIN[0m
[92m✓ Tracking data saved to /Users/rico/sports-models/ncaa/ncaab_picks_tracking.json[0m
[92m  Total picks in file: 2632[0m
[92m✅ Updated 3 picks[0m
[92m✓ Tracking dashboard saved: /Users/rico/sports-models/ncaa/ncaab_tracking_dashboard.html[0m

[1m[96mSTEP 2: Loading Team Statistics[0m
[96mLoading team statistics...[0m
[93m⚠️  Cache expired or missing. Fetching fresh stats from Sports-Reference...[0m
Fetching NCAA basketball stats for 2025 season...
Columns found: [' 0_Rk', ' 1_School', ' 2_Conf', ' 3_ 3', ' 4_W', ' 5_L', ' 6_Pts', ' 7_Opp', ' 8_MOV', ' 9_ 9', ' 10_SOS', ' 11_ 11', 'SRS_OSRS', 'SRS_DSRS', 'SRS_SRS', 'Adjusted_ORtg', 'Adjusted_DRtg', 'Adjusted_NRtg']

Sample data:
   0_Rk  1_School  2_Conf  ...  Adjusted_ORtg Adjusted_DRtg Adjusted_NRtg
0     1      Duke     ACC  ...         131.42         86.60         44.82
1     2    Auburn     SEC  ...         129.16         88.83         40.33
2     3   Houston  Big 12  ...         125.20         82.34         42.86

[3 rows x 18 columns]

✓ Successfully fetched stats for 364 teams
[92m✓ Stats cached to /Users/rico/sports-models/ncaa/ncaab_stats_cache.json[0m

[1m[96mSTEP 3: Fetching Live Odds (Next 7 Days)[0m
[92m✓ Fetched 54 games from The Odds API[0m
[92m✓ 54 games in the next 7 days[0m

[1m[96mSTEP 4: Processing Games & Generating Sharp Picks[0m

[92m✓ Tracking data saved to /Users/rico/sports-models/ncaa/ncaab_picks_tracking.json[0m
[92m  Total picks in file: 2633[0m
[35m📝 LOGGED: SPREAD - ✅ BET: American Eagles +4.5 (Edge: +8.2)[0m
[92m✓ Tracking data saved to /Users/rico/sports-models/ncaa/ncaab_picks_tracking.json[0m
[92m  Total picks in file: 2634[0m
[35m📝 LOGGED: TOTAL - ✅ BET: UNDER 149.5 (Edge: -15.4)[0m
[92m✓ Tracking data saved to /Users/rico/sports-models/ncaa/ncaab_picks_tracking.json[0m
[92m  Total picks in file: 2635[0m
[35m📝 LOGGED: TOTAL - ✅ BET: UNDER 142.5 (Edge: -7.4)[0m
[92m✓ Tracking data saved to /Users/rico/sports-models/ncaa/ncaab_picks_tracking.json[0m
[92m  Total picks in file: 2636[0m
[35m📝 LOGGED: SPREAD - ✅ BET: Bucknell Bison +7.5 (Edge: +11.2)[0m
[92m✓ Tracking data saved to /Users/rico/sports-models/ncaa/ncaab_picks_tracking.json[0m
[92m  Total picks in file: 2637[0m
[35m📝 LOGGED: TOTAL - ✅ BET: UNDER 163.5 (Edge: -22.1)[0m
[92m✓ Tracking data saved to /Users/rico/sports-models/ncaa/ncaab_picks_tracking.json[0m
[92m  Total picks in file: 2638[0m
[35m📝 LOGGED: SPREAD - ✅ BET: Presbyterian Blue Hose +6.5 (Edge: +11.3)[0m
[92m✓ Tracking data saved to /Users/rico/sports-models/ncaa/ncaab_picks_tracking.json[0m
[92m  Total picks in file: 2639[0m
[35m📝 LOGGED: TOTAL - ✅ BET: UNDER 147.5 (Edge: -9.6)[0m

[1m[92m✅ Analyzed 54 games with complete odds[0m


[1m========================================================================================================================[0m
[1m[93m🏀 COLLEGE BASKETBALL MODEL PREDICTIONS 🏀[0m
[1m========================================================================================================================[0m

[1m[96m━━━ GAME 1: Furman Paladins @ Chattanooga Mocs ━━━[0m
[96m🕐 01/07 05:00 PM[0m

[93m📊 SPREAD:[0m
  Market: +1.5 | Model: +6.0 | Edge: +4.5
  [91m❌ NO BET[0m
  [96mEdge too small (+4.5)[0m

[93m🎯 TOTAL:[0m
  Market: 146.5 | Model: 144.2 | Edge: -2.3
  [91m❌ NO BET[0m
  [96mEdge too small (-2.3)[0m

[35m📈 Furman Paladins 69.1, Chattanooga Mocs 75.1[0m

[1m[96m━━━ GAME 2: Loyola (MD) Greyhounds @ Army Knights ━━━[0m
[96m🕐 01/07 06:00 PM[0m

[93m📊 SPREAD:[0m
  Market: -3.5 | Model: +3.3 | Edge: +6.8
  [92m✅ BET: Loyola (MD) Greyhounds +3.5[0m
  [96mHIGH confidence (+6.8 edge)[0m

[93m🎯 TOTAL:[0m
  Market: 148.5 | Model: 132.0 | Edge: -16.5
  [92m✅ BET: UNDER 148.5[0m
  [96mHIGH confidence (16.5 edge)[0m

[35m📈 Loyola (MD) Greyhounds 64.3, Army Knights 67.7[0m

[1m[96m━━━ GAME 3: Holy Cross Crusaders @ Lehigh Mountain Hawks ━━━[0m
[96m🕐 01/07 06:00 PM[0m

[93m📊 SPREAD:[0m
  Market: -2.5 | Model: +0.8 | Edge: +3.3
  [91m❌ NO BET[0m
  [96mEdge too small (+3.3)[0m

[93m🎯 TOTAL:[0m
  Market: 136.5 | Model: 130.1 | Edge: -6.4
  [92m✅ BET: UNDER 136.5[0m
  [96mMEDIUM confidence (6.4 edge)[0m

[35m📈 Holy Cross Crusaders 64.7, Lehigh Mountain Hawks 65.4[0m

[1m[96m━━━ GAME 4: UNC Greensboro Spartans @ Wofford Terriers ━━━[0m
[96m🕐 01/07 06:00 PM[0m

[93m📊 SPREAD:[0m
  Market: -6.5 | Model: +7.0 | Edge: +13.5
  [92m✅ BET: UNC Greensboro Spartans +6.5[0m
  [96mHIGH confidence (+13.5 edge)[0m

[93m🎯 TOTAL:[0m
  Market: 151.5 | Model: 141.9 | Edge: -9.6
  [92m✅ BET: UNDER 151.5[0m
  [96mHIGH confidence (9.6 edge)[0m

[35m📈 UNC Greensboro Spartans 67.5, Wofford Terriers 74.5[0m

[1m[96m━━━ GAME 5: Charleston Southern Buccaneers @ Winthrop Eagles ━━━[0m
[96m🕐 01/07 06:30 PM[0m

[93m📊 SPREAD:[0m
  Market: -6.5 | Model: +5.5 | Edge: +12.0
  [92m✅ BET: Charleston Southern Buccaneers +6.5[0m
  [96mHIGH confidence (+12.0 edge)[0m

[93m🎯 TOTAL:[0m
  Market: 165.5 | Model: 135.4 | Edge: -30.1
  [92m✅ BET: UNDER 165.5[0m
  [96mHIGH confidence (30.1 edge)[0m

[35m📈 Charleston Southern Buccaneers 64.9, Winthrop Eagles 70.4[0m

[1m[96m━━━ GAME 6: Indiana Hoosiers @ Maryland Terrapins ━━━[0m
[96m🕐 01/07 06:30 PM[0m

[93m📊 SPREAD:[0m
  Market: +7.5 | Model: +3.7 | Edge: -3.8
  [91m❌ NO BET[0m
  [96mEdge too small (-3.8)[0m

[93m🎯 TOTAL:[0m
  Market: 146.5 | Model: 159.9 | Edge: +13.4
  [92m✅ BET: OVER 146.5[0m
  [96mHIGH confidence (13.4 edge)[0m

[35m📈 Indiana Hoosiers 78.1, Maryland Terrapins 81.8[0m

[1m[96m━━━ GAME 7: Longwood Lancers @ UNC Asheville Bulldogs ━━━[0m
[96m🕐 01/07 06:30 PM[0m

[93m📊 SPREAD:[0m
  Market: -3.5 | Model: +4.7 | Edge: +8.2
  [92m✅ BET: Longwood Lancers +3.5[0m
  [96mHIGH confidence (+8.2 edge)[0m

[93m🎯 TOTAL:[0m
  Market: 148.5 | Model: 137.7 | Edge: -10.8
  [92m✅ BET: UNDER 148.5[0m
  [96mHIGH confidence (10.8 edge)[0m

[35m📈 Longwood Lancers 66.5, UNC Asheville Bulldogs 71.2[0m

[1m[96m━━━ GAME 8: American Eagles @ Colgate Raiders ━━━[0m
[96m🕐 01/07 07:00 PM[0m

[93m📊 SPREAD:[0m
  Market: -4.5 | Model: +3.7 | Edge: +8.2
  [92m✅ BET: American Eagles +4.5[0m
  [96mHIGH confidence (+8.2 edge)[0m

[93m🎯 TOTAL:[0m
  Market: 149.5 | Model: 134.1 | Edge: -15.4
  [92m✅ BET: UNDER 149.5[0m
  [96mHIGH confidence (15.4 edge)[0m

[35m📈 American Eagles 65.2, Colgate Raiders 68.9[0m

[1m[96m━━━ GAME 9: Belmont Bruins @ Northern Iowa Panthers ━━━[0m
[96m🕐 01/07 07:00 PM[0m

[93m📊 SPREAD:[0m
  Market: -2.5 | Model: +0.9 | Edge: +3.4
  [91m❌ NO BET[0m
  [96mEdge too small (+3.4)[0m

[93m🎯 TOTAL:[0m
  Market: 136.5 | Model: 146.3 | Edge: +9.8
  [92m✅ BET: OVER 136.5[0m
  [96mHIGH confidence (9.8 edge)[0m

[35m📈 Belmont Bruins 72.7, Northern Iowa Panthers 73.6[0m

[1m[96m━━━ GAME 10: Boston Univ. Terriers @ Lafayette Leopards ━━━[0m
[96m🕐 01/07 07:00 PM[0m

[93m📊 SPREAD:[0m
  Market: -1.5 | Model: +0.5 | Edge: +2.0
  [91m❌ NO BET[0m
  [96mEdge too small (+2.0)[0m

[93m🎯 TOTAL:[0m
  Market: 142.5 | Model: 135.1 | Edge: -7.4
  [92m✅ BET: UNDER 142.5[0m
  [96mHIGH confidence (7.4 edge)[0m

[35m📈 Boston Univ. Terriers 67.3, Lafayette Leopards 67.8[0m

[1m[96m━━━ GAME 11: Bucknell Bison @ Navy Midshipmen ━━━[0m
[96m🕐 01/07 07:00 PM[0m

[93m📊 SPREAD:[0m
  Market: -7.5 | Model: +3.7 | Edge: +11.2
  [92m✅ BET: Bucknell Bison +7.5[0m
  [96mHIGH confidence (+11.2 edge)[0m

[93m🎯 TOTAL:[0m
  Market: 136.5 | Model: 134.0 | Edge: -2.5
  [91m❌ NO BET[0m
  [96mEdge too small (-2.5)[0m

[35m📈 Bucknell Bison 65.2, Navy Midshipmen 68.8[0m

[1m[96m━━━ GAME 12: Duquesne Dukes @ Saint Joseph's Hawks ━━━[0m
[96m🕐 01/07 07:00 PM[0m

[93m📊 SPREAD:[0m
  Market: +2.5 | Model: +3.4 | Edge: +0.9
  [91m❌ NO BET[0m
  [96mEdge too small (+0.9)[0m

[93m🎯 TOTAL:[0m
  Market: 150.5 | Model: 145.7 | Edge: -4.8
  [91m❌ NO BET[0m
  [96mEdge too small (-4.8)[0m

[35m📈 Duquesne Dukes 71.1, Saint Joseph's Hawks 74.6[0m

[1m[96m━━━ GAME 13: East Carolina Pirates @ Temple Owls ━━━[0m
[96m🕐 01/07 07:00 PM[0m

[93m📊 SPREAD:[0m
  Market: -8.5 | Model: +3.9 | Edge: +12.4
  [92m✅ BET: East Carolina Pirates +8.5[0m
  [96mHIGH confidence (+12.4 edge)[0m

[93m🎯 TOTAL:[0m
  Market: 146.5 | Model: 142.0 | Edge: -4.5
  [91m❌ NO BET[0m
  [96mEdge too small (-4.5)[0m

[35m📈 East Carolina Pirates 69.0, Temple Owls 72.9[0m

[1m[96m━━━ GAME 14: VMI Keydets @ East Tennessee St Buccaneers ━━━[0m
[96m🕐 01/07 07:00 PM[0m

[93m📊 SPREAD:[0m
  Market: -16.5 | Model: +4.9 | Edge: +21.4
  [92m✅ BET: VMI Keydets +16.5[0m
  [96mHIGH confidence (+21.4 edge)[0m

[93m🎯 TOTAL:[0m
  Market: 146.5 | Model: 148.0 | Edge: +1.5
  [91m❌ NO BET[0m
  [96mEdge too small (+1.5)[0m

[35m📈 VMI Keydets 71.6, East Tennessee St Buccaneers 76.5[0m

[1m[96m━━━ GAME 15: Florida Int'l Golden Panthers @ Jacksonville St Gamecocks ━━━[0m
[96m🕐 01/07 07:00 PM[0m

[93m📊 SPREAD:[0m
  Market: -1.5 | Model: -4.6 | Edge: -3.1
  [91m❌ NO BET[0m
  [96mEdge too small (-3.1)[0m

[93m🎯 TOTAL:[0m
  Market: 147.5 | Model: 153.3 | Edge: +5.8
  [91m❌ NO BET[0m
  [96mEdge too small (+5.8)[0m

[35m📈 Florida Int'l Golden Panthers 79.0, Jacksonville St Gamecocks 74.3[0m

[1m[96m━━━ GAME 16: George Mason Patriots @ Fordham Rams ━━━[0m
[96m🕐 01/07 07:00 PM[0m

[93m📊 SPREAD:[0m
  Market: +4.5 | Model: +6.1 | Edge: +1.6
  [91m❌ NO BET[0m
  [96mEdge too small (+1.6)[0m

[93m🎯 TOTAL:[0m
  Market: 132.5 | Model: 142.9 | Edge: +10.4
  [92m✅ BET: OVER 132.5[0m
  [96mHIGH confidence (10.4 edge)[0m

[35m📈 George Mason Patriots 68.4, Fordham Rams 74.5[0m

[1m[96m━━━ GAME 17: Gardner-Webb Bulldogs @ High Point Panthers ━━━[0m
[96m🕐 01/07 07:00 PM[0m

[93m📊 SPREAD:[0m
  Market: -26.5 | Model: +8.6 | Edge: +35.1
  [91m❌ NO BET[0m
  [96m⚠️ SKIPPED: Edge too large (35.1 > 35.0) - likely model error[0m

[93m🎯 TOTAL:[0m
  Market: 163.5 | Model: 141.4 | Edge: -22.1
  [92m✅ BET: UNDER 163.5[0m
  [96mHIGH confidence (22.1 edge)[0m

[35m📈 Gardner-Webb Bulldogs 66.4, High Point Panthers 75.0[0m

[1m[96m━━━ GAME 18: Marshall Thundering Herd @ James Madison Dukes ━━━[0m
[96m🕐 01/07 07:00 PM[0m

[93m📊 SPREAD:[0m
  Market: -2.5 | Model: +6.3 | Edge: +8.8
  [92m✅ BET: Marshall Thundering Herd +2.5[0m
  [96mHIGH confidence (+8.8 edge)[0m

[93m🎯 TOTAL:[0m
  Market: 156.5 | Model: 140.3 | Edge: -16.2
  [92m✅ BET: UNDER 156.5[0m
  [96mHIGH confidence (16.2 edge)[0m

[35m📈 Marshall Thundering Herd 67.0, James Madison Dukes 73.3[0m

[1m[96m━━━ GAME 19: Missouri St Bears @ Kennesaw St Owls ━━━[0m
[96m🕐 01/07 07:00 PM[0m

[93m📊 SPREAD:[0m
  Market: -5.5 | Model: -3.9 | Edge: +1.6
  [91m❌ NO BET[0m
  [96mEdge too small (+1.6)[0m

[93m🎯 TOTAL:[0m
  Market: 149.5 | Model: 150.9 | Edge: +1.4
  [91m❌ NO BET[0m
  [96mEdge too small (+1.4)[0m

[35m📈 Missouri St Bears 77.4, Kennesaw St Owls 73.5[0m

[1m[96m━━━ GAME 20: Missouri Tigers @ Kentucky Wildcats ━━━[0m
[96m🕐 01/07 07:00 PM[0m

[93m📊 SPREAD:[0m
  Market: -13.5 | Model: +2.1 | Edge: +15.6
  [92m✅ BET: Missouri Tigers +13.5[0m
  [96mHIGH confidence (+15.6 edge)[0m

[93m🎯 TOTAL:[0m
  Market: 150.5 | Model: 160.4 | Edge: +9.9
  [92m✅ BET: OVER 150.5[0m
  [96mHIGH confidence (9.9 edge)[0m

[35m📈 Missouri Tigers 79.2, Kentucky Wildcats 81.3[0m

[1m[96m━━━ GAME 21: La Salle Explorers @ Rhode Island Rams ━━━[0m
[96m🕐 01/07 07:00 PM[0m

[93m📊 SPREAD:[0m
  Market: -10.5 | Model: +4.6 | Edge: +15.1
  [92m✅ BET: La Salle Explorers +10.5[0m
  [96mHIGH confidence (+15.1 edge)[0m

[93m🎯 TOTAL:[0m
  Market: 130.5 | Model: 140.5 | Edge: +10.0
  [92m✅ BET: OVER 130.5[0m
  [96mHIGH confidence (10.0 edge)[0m

[35m📈 La Salle Explorers 68.0, Rhode Island Rams 72.5[0m

[1m[96m━━━ GAME 22: Xavier Musketeers @ Marquette Golden Eagles ━━━[0m
[96m🕐 01/07 07:00 PM[0m

[93m📊 SPREAD:[0m
  Market: -4.5 | Model: +2.1 | Edge: +6.6
  [92m✅ BET: Xavier Musketeers +4.5[0m
  [96mHIGH confidence (+6.6 edge)[0m

[93m🎯 TOTAL:[0m
  Market: 158.5 | Model: 158.5 | Edge: +0.0
  [91m❌ NO BET[0m
  [96mEdge too small (+0.0)[0m

[35m📈 Xavier Musketeers 78.2, Marquette Golden Eagles 80.3[0m

[1m[96m━━━ GAME 23: The Citadel Bulldogs @ Mercer Bears ━━━[0m
[96m🕐 01/07 07:00 PM[0m

[93m📊 SPREAD:[0m
  Market: -15.5 | Model: +2.2 | Edge: +17.7
  [92m✅ BET: The Citadel Bulldogs +15.5[0m
  [96mHIGH confidence (+17.7 edge)[0m

[93m🎯 TOTAL:[0m
  Market: 147.5 | Model: 130.4 | Edge: -17.1
  [92m✅ BET: UNDER 147.5[0m
  [96mHIGH confidence (17.1 edge)[0m

[35m📈 The Citadel Bulldogs 64.1, Mercer Bears 66.3[0m

[1m[96m━━━ GAME 24: Miami Hurricanes @ Wake Forest Demon Deacons ━━━[0m
[96m🕐 01/07 07:00 PM[0m

[93m📊 SPREAD:[0m
  Market: -1.5 | Model: +1.3 | Edge: +2.8
  [91m❌ NO BET[0m
  [96mEdge too small (+2.8)[0m

[93m🎯 TOTAL:[0m
  Market: 152.5 | Model: 144.7 | Edge: -7.8
  [92m✅ BET: UNDER 152.5[0m
  [96mHIGH confidence (7.8 edge)[0m

[35m📈 Miami Hurricanes 71.7, Wake Forest Demon Deacons 73.0[0m

[1m[96m━━━ GAME 25: Oklahoma Sooners @ Mississippi St Bulldogs ━━━[0m
[96m🕐 01/07 07:00 PM[0m

[93m📊 SPREAD:[0m
  Market: -1.5 | Model: +1.1 | Edge: +2.6
  [91m❌ NO BET[0m
  [96mEdge too small (+2.6)[0m

[93m🎯 TOTAL:[0m
  Market: 158.5 | Model: 158.7 | Edge: +0.2
  [91m❌ NO BET[0m
  [96mEdge too small (+0.2)[0m

[35m📈 Oklahoma Sooners 78.8, Mississippi St Bulldogs 79.9[0m

[1m[96m━━━ GAME 26: Presbyterian Blue Hose @ Radford Highlanders ━━━[0m
[96m🕐 01/07 07:00 PM[0m

[93m📊 SPREAD:[0m
  Market: -6.5 | Model: +4.8 | Edge: +11.3
  [92m✅ BET: Presbyterian Blue Hose +6.5[0m
  [96mHIGH confidence (+11.3 edge)[0m

[93m🎯 TOTAL:[0m
  Market: 147.5 | Model: 137.9 | Edge: -9.6
  [92m✅ BET: UNDER 147.5[0m
  [96mHIGH confidence (9.6 edge)[0m

[35m📈 Presbyterian Blue Hose 66.5, Radford Highlanders 71.4[0m

[1m[96m━━━ GAME 27: UConn Huskies @ Providence Friars ━━━[0m
[96m🕐 01/07 07:00 PM[0m

[93m📊 SPREAD:[0m
  Market: +10.5 | Model: +4.7 | Edge: -5.8
  [91m❌ NO BET[0m
  [96mEdge too small (-5.8)[0m

[93m🎯 TOTAL:[0m
  Market: 152.5 | Model: 144.3 | Edge: -8.2
  [92m✅ BET: UNDER 152.5[0m
  [96mHIGH confidence (8.2 edge)[0m

[35m📈 UConn Huskies 69.8, Providence Friars 74.5[0m

[1m[96m━━━ GAME 28: Richmond Spiders @ St. Bonaventure Bonnies ━━━[0m
[96m🕐 01/07 07:00 PM[0m

[93m📊 SPREAD:[0m
  Market: -6.5 | Model: +1.6 | Edge: +8.1
  [92m✅ BET: Richmond Spiders +6.5[0m
  [96mHIGH confidence (+8.1 edge)[0m

[93m🎯 TOTAL:[0m
  Market: 150.5 | Model: 140.2 | Edge: -10.3
  [92m✅ BET: UNDER 150.5[0m
  [96mHIGH confidence (10.3 edge)[0m

[35m📈 Richmond Spiders 69.3, St. Bonaventure Bonnies 70.9[0m

[1m[96m━━━ GAME 29: Saint Louis Billikens @ VCU Rams ━━━[0m
[96m🕐 01/07 07:00 PM[0m

[93m📊 SPREAD:[0m
  Market: -2.5 | Model: +0.9 | Edge: +3.4
  [91m❌ NO BET[0m
  [96mEdge too small (+3.4)[0m

[93m🎯 TOTAL:[0m
  Market: 170.5 | Model: 142.3 | Edge: -28.2
  [92m✅ BET: UNDER 170.5[0m
  [96mHIGH confidence (28.2 edge)[0m

[35m📈 Saint Louis Billikens 70.7, VCU Rams 71.6[0m

[1m[96m━━━ GAME 30: Western Carolina Catamounts @ Samford Bulldogs ━━━[0m
[96m🕐 01/07 07:00 PM[0m

[93m📊 SPREAD:[0m
  Market: -6.5 | Model: +9.7 | Edge: +16.2
  [92m✅ BET: Western Carolina Catamounts +6.5[0m
  [96mHIGH confidence (+16.2 edge)[0m

[93m🎯 TOTAL:[0m
  Market: 151.5 | Model: 134.8 | Edge: -16.7
  [92m✅ BET: UNDER 151.5[0m
  [96mHIGH confidence (16.7 edge)[0m

[35m📈 Western Carolina Catamounts 62.5, Samford Bulldogs 72.2[0m

[1m[96m━━━ GAME 31: Stanford Cardinal @ Virginia Tech Hokies ━━━[0m
[96m🕐 01/07 07:00 PM[0m

[93m📊 SPREAD:[0m
  Market: -4.5 | Model: +0.9 | Edge: +5.4
  [91m❌ NO BET[0m
  [96mEdge too small (+5.4)[0m

[93m🎯 TOTAL:[0m
  Market: 147.5 | Model: 147.5 | Edge: +0.0
  [91m❌ NO BET[0m
  [96mEdge too small (+0.0)[0m

[35m📈 Stanford Cardinal 73.3, Virginia Tech Hokies 74.2[0m

[1m[96m━━━ GAME 32: Fort Wayne Mastodons @ Youngstown St Penguins ━━━[0m
[96m🕐 01/07 07:15 PM[0m

[93m📊 SPREAD:[0m
  Market: -4.5 | Model: +2.8 | Edge: +7.3
  [92m✅ BET: Fort Wayne Mastodons +4.5[0m
  [96mHIGH confidence (+7.3 edge)[0m

[93m🎯 TOTAL:[0m
  Market: 144.5 | Model: 139.4 | Edge: -5.1
  [91m❌ NO BET[0m
  [96mEdge too small (-5.1)[0m

[35m📈 Fort Wayne Mastodons 68.3, Youngstown St Penguins 71.1[0m

[1m[96m━━━ GAME 33: Creighton Bluejays @ Villanova Wildcats ━━━[0m
[96m🕐 01/07 07:30 PM[0m

[93m📊 SPREAD:[0m
  Market: -6.5 | Model: +4.7 | Edge: +11.2
  [92m✅ BET: Creighton Bluejays +6.5[0m
  [96mHIGH confidence (+11.2 edge)[0m

[93m🎯 TOTAL:[0m
  Market: 142.5 | Model: 157.8 | Edge: +15.3
  [92m✅ BET: OVER 142.5[0m
  [96mHIGH confidence (15.3 edge)[0m

[35m📈 Creighton Bluejays 76.5, Villanova Wildcats 81.3[0m

[1m[96m━━━ GAME 34: Florida Atlantic Owls @ UAB Blazers ━━━[0m
[96m🕐 01/07 07:30 PM[0m

[93m📊 SPREAD:[0m
  Market: -3.5 | Model: +4.9 | Edge: +8.4
  [92m✅ BET: Florida Atlantic Owls +3.5[0m
  [96mHIGH confidence (+8.4 edge)[0m

[93m🎯 TOTAL:[0m
  Market: 161.5 | Model: 147.1 | Edge: -14.4
  [92m✅ BET: UNDER 161.5[0m
  [96mHIGH confidence (14.4 edge)[0m

[35m📈 Florida Atlantic Owls 71.1, UAB Blazers 76.0[0m

[1m[96m━━━ GAME 35: Rice Owls @ Wichita St Shockers ━━━[0m
[96m🕐 01/07 07:30 PM[0m

[93m📊 SPREAD:[0m
  Market: -12.5 | Model: +2.5 | Edge: +15.0
  [92m✅ BET: Rice Owls +12.5[0m
  [96mHIGH confidence (+15.0 edge)[0m

[93m🎯 TOTAL:[0m
  Market: 139.5 | Model: 139.5 | Edge: +0.0
  [91m❌ NO BET[0m
  [96mEdge too small (+0.0)[0m

[35m📈 Rice Owls 68.5, Wichita St Shockers 71.0[0m

[1m[96m━━━ GAME 36: Troy Trojans @ Arkansas St Red Wolves ━━━[0m
[96m🕐 01/07 08:00 PM[0m

[93m📊 SPREAD:[0m
  Market: -3.5 | Model: +4.2 | Edge: +7.7
  [92m✅ BET: Troy Trojans +3.5[0m
  [96mHIGH confidence (+7.7 edge)[0m

[93m🎯 TOTAL:[0m
  Market: 159.5 | Model: 151.2 | Edge: -8.3
  [92m✅ BET: UNDER 159.5[0m
  [96mHIGH confidence (8.3 edge)[0m

[35m📈 Troy Trojans 73.5, Arkansas St Red Wolves 77.7[0m

[1m[96m━━━ GAME 37: Iowa State Cyclones @ Baylor Bears ━━━[0m
[96m🕐 01/07 08:00 PM[0m

[93m📊 SPREAD:[0m
  Market: +4.5 | Model: +5.9 | Edge: +1.4
  [91m❌ NO BET[0m
  [96mEdge too small (+1.4)[0m

[93m🎯 TOTAL:[0m
  Market: 155.5 | Model: 160.1 | Edge: +4.6
  [91m❌ NO BET[0m
  [96mEdge too small (+4.6)[0m

[35m📈 Iowa State Cyclones 77.1, Baylor Bears 83.0[0m

[1m[96m━━━ GAME 38: Charlotte 49ers @ UTSA Roadrunners ━━━[0m
[96m🕐 01/07 08:00 PM[0m

[93m📊 SPREAD:[0m
  Market: +4.5 | Model: +3.0 | Edge: -1.5
  [91m❌ NO BET[0m
  [96mEdge too small (-1.5)[0m

[93m🎯 TOTAL:[0m
  Market: 142.5 | Model: 138.5 | Edge: -4.0
  [91m❌ NO BET[0m
  [96mEdge too small (-4.0)[0m

[35m📈 Charlotte 49ers 67.7, UTSA Roadrunners 70.8[0m

[1m[96m━━━ GAME 39: Murray St Racers @ Evansville Purple Aces ━━━[0m
[96m🕐 01/07 08:00 PM[0m

[93m📊 SPREAD:[0m
  Market: +8.5 | Model: -0.7 | Edge: -9.2
  [92m✅ BET: Evansville Purple Aces +8.5[0m
  [96mHIGH confidence (-9.2 edge)[0m

[93m🎯 TOTAL:[0m
  Market: 153.5 | Model: 136.8 | Edge: -16.7
  [92m✅ BET: UNDER 153.5[0m
  [96mHIGH confidence (16.7 edge)[0m

[35m📈 Murray St Racers 68.7, Evansville Purple Aces 68.1[0m

[1m[96m━━━ GAME 40: Illinois St Redbirds @ Valparaiso Beacons ━━━[0m
[96m🕐 01/07 08:00 PM[0m

[93m📊 SPREAD:[0m
  Market: +7.5 | Model: +0.0 | Edge: -7.5
  [92m✅ BET: Valparaiso Beacons +7.5[0m
  [96mHIGH confidence (-7.5 edge)[0m

[93m🎯 TOTAL:[0m
  Market: 137.5 | Model: 151.4 | Edge: +13.9
  [92m✅ BET: OVER 137.5[0m
  [96mHIGH confidence (13.9 edge)[0m

[35m📈 Illinois St Redbirds 75.7, Valparaiso Beacons 75.7[0m

[1m[96m━━━ GAME 41: South Florida Bulls @ North Texas Mean Green ━━━[0m
[96m🕐 01/07 08:00 PM[0m

[93m📊 SPREAD:[0m
  Market: +4.5 | Model: +4.4 | Edge: -0.1
  [91m❌ NO BET[0m
  [96mEdge too small (-0.1)[0m

[93m🎯 TOTAL:[0m
  Market: 144.5 | Model: 144.8 | Edge: +0.3
  [91m❌ NO BET[0m
  [96mEdge too small (+0.3)[0m

[35m📈 South Florida Bulls 70.2, North Texas Mean Green 74.6[0m

[1m[96m━━━ GAME 42: Southern Illinois Salukis @ UIC Flames ━━━[0m
[96m🕐 01/07 08:00 PM[0m

[93m📊 SPREAD:[0m
  Market: +2.5 | Model: +2.0 | Edge: -0.5
  [91m❌ NO BET[0m
  [96mEdge too small (-0.5)[0m

[93m🎯 TOTAL:[0m
  Market: 147.5 | Model: 139.7 | Edge: -7.8
  [92m✅ BET: UNDER 147.5[0m
  [96mHIGH confidence (7.8 edge)[0m

[35m📈 Southern Illinois Salukis 68.9, UIC Flames 70.8[0m

[1m[96m━━━ GAME 43: Washington Huskies @ Purdue Boilermakers ━━━[0m
[96m🕐 01/07 08:30 PM[0m

[93m📊 SPREAD:[0m
  Market: -17.5 | Model: +7.4 | Edge: +24.9
  [92m✅ BET: Washington Huskies +17.5[0m
  [96mHIGH confidence (+24.9 edge)[0m

[93m🎯 TOTAL:[0m
  Market: 151.5 | Model: 156.0 | Edge: +4.5
  [91m❌ NO BET[0m
  [96mEdge too small (+4.5)[0m

[35m📈 Washington Huskies 74.3, Purdue Boilermakers 81.7[0m

[1m[96m━━━ GAME 44: Alabama Crimson Tide @ Vanderbilt Commodores ━━━[0m
[96m🕐 01/07 09:00 PM[0m

[93m📊 SPREAD:[0m
  Market: -4.5 | Model: +0.8 | Edge: +5.3
  [91m❌ NO BET[0m
  [96mEdge too small (+5.3)[0m

[93m🎯 TOTAL:[0m
  Market: 180.5 | Model: 159.6 | Edge: -20.9
  [92m✅ BET: UNDER 180.5[0m
  [96mHIGH confidence (20.9 edge)[0m

[35m📈 Alabama Crimson Tide 79.4, Vanderbilt Commodores 80.2[0m

[1m[96m━━━ GAME 45: Arizona St Sun Devils @ BYU Cougars ━━━[0m
[96m🕐 01/07 09:00 PM[0m

[93m📊 SPREAD:[0m
  Market: -16.5 | Model: -2.1 | Edge: +14.4
  [92m✅ BET: Arizona St Sun Devils +16.5[0m
  [96mHIGH confidence (+14.4 edge)[0m

[93m🎯 TOTAL:[0m
  Market: 165.5 | Model: 152.2 | Edge: -13.3
  [92m✅ BET: UNDER 165.5[0m
  [96mHIGH confidence (13.3 edge)[0m

[35m📈 Arizona St Sun Devils 77.1, BYU Cougars 75.0[0m

[1m[96m━━━ GAME 46: Kansas St Wildcats @ Arizona Wildcats ━━━[0m
[96m🕐 01/07 09:00 PM[0m

[93m📊 SPREAD:[0m
  Market: -17.5 | Model: +6.7 | Edge: +24.2
  [92m✅ BET: Kansas St Wildcats +17.5[0m
  [96mHIGH confidence (+24.2 edge)[0m

[93m🎯 TOTAL:[0m
  Market: 169.5 | Model: 160.5 | Edge: -9.0
  [92m✅ BET: UNDER 169.5[0m
  [96mHIGH confidence (9.0 edge)[0m

[35m📈 Kansas St Wildcats 76.9, Arizona Wildcats 83.6[0m

[1m[96m━━━ GAME 47: Arkansas Razorbacks @ Ole Miss Rebels ━━━[0m
[96m🕐 01/07 09:00 PM[0m

[93m📊 SPREAD:[0m
  Market: +4.5 | Model: +2.1 | Edge: -2.4
  [91m❌ NO BET[0m
  [96mEdge too small (-2.4)[0m

[93m🎯 TOTAL:[0m
  Market: 152.5 | Model: 148.4 | Edge: -4.1
  [91m❌ NO BET[0m
  [96mEdge too small (-4.1)[0m

[35m📈 Arkansas Razorbacks 73.2, Ole Miss Rebels 75.3[0m

[1m[96m━━━ GAME 48: Drake Bulldogs @ Bradley Braves ━━━[0m
[96m🕐 01/07 09:00 PM[0m

[93m📊 SPREAD:[0m
  Market: -6.5 | Model: +3.1 | Edge: +9.6
  [92m✅ BET: Drake Bulldogs +6.5[0m
  [96mHIGH confidence (+9.6 edge)[0m

[93m🎯 TOTAL:[0m
  Market: 144.5 | Model: 151.0 | Edge: +6.5
  [92m✅ BET: OVER 144.5[0m
  [96mMEDIUM confidence (6.5 edge)[0m

[35m📈 Drake Bulldogs 73.9, Bradley Braves 77.0[0m

[1m[96m━━━ GAME 49: California Golden Bears @ Virginia Cavaliers ━━━[0m
[96m🕐 01/07 09:00 PM[0m

[93m📊 SPREAD:[0m
  Market: -12.5 | Model: +2.6 | Edge: +15.1
  [92m✅ BET: California Golden Bears +12.5[0m
  [96mHIGH confidence (+15.1 edge)[0m

[93m🎯 TOTAL:[0m
  Market: 147.5 | Model: 147.6 | Edge: +0.1
  [91m❌ NO BET[0m
  [96mEdge too small (+0.1)[0m

[35m📈 California Golden Bears 72.5, Virginia Cavaliers 75.1[0m

[1m[96m━━━ GAME 50: SMU Mustangs @ Clemson Tigers ━━━[0m
[96m🕐 01/07 09:00 PM[0m

[93m📊 SPREAD:[0m
  Market: -4.5 | Model: +5.8 | Edge: +10.3
  [92m✅ BET: SMU Mustangs +4.5[0m
  [96mHIGH confidence (+10.3 edge)[0m

[93m🎯 TOTAL:[0m
  Market: 149.5 | Model: 149.9 | Edge: +0.4
  [91m❌ NO BET[0m
  [96mEdge too small (+0.4)[0m

[35m📈 SMU Mustangs 72.0, Clemson Tigers 77.8[0m

[1m[96m━━━ GAME 51: Utah Utes @ Colorado Buffaloes ━━━[0m
[96m🕐 01/07 09:00 PM[0m

[93m📊 SPREAD:[0m
  Market: -9.5 | Model: +0.8 | Edge: +10.3
  [92m✅ BET: Utah Utes +9.5[0m
  [96mHIGH confidence (+10.3 edge)[0m

[93m🎯 TOTAL:[0m
  Market: 163.5 | Model: 151.7 | Edge: -11.8
  [92m✅ BET: UNDER 163.5[0m
  [96mHIGH confidence (11.8 edge)[0m

[35m📈 Utah Utes 75.4, Colorado Buffaloes 76.2[0m

[1m[96m━━━ GAME 52: Davidson Wildcats @ Loyola (Chi) Ramblers ━━━[0m
[96m🕐 01/07 09:00 PM[0m

[93m📊 SPREAD:[0m
  Market: +1.5 | Model: -0.3 | Edge: -1.8
  [91m❌ NO BET[0m
  [96mEdge too small (-1.8)[0m

[93m🎯 TOTAL:[0m
  Market: 136.5 | Model: 141.6 | Edge: +5.1
  [91m❌ NO BET[0m
  [96mEdge too small (+5.1)[0m

[35m📈 Davidson Wildcats 70.9, Loyola (Chi) Ramblers 70.7[0m

[1m[96m━━━ GAME 53: South Dakota Coyotes @ St. Thomas (MN) Tommies ━━━[0m
[96m🕐 01/07 09:00 PM[0m

[93m📊 SPREAD:[0m
  Market: -14.5 | Model: +3.4 | Edge: +17.9
  [92m✅ BET: South Dakota Coyotes +14.5[0m
  [96mHIGH confidence (+17.9 edge)[0m

[93m🎯 TOTAL:[0m
  Market: 161.5 | Model: 140.9 | Edge: -20.6
  [92m✅ BET: UNDER 161.5[0m
  [96mHIGH confidence (20.6 edge)[0m

[35m📈 South Dakota Coyotes 68.8, St. Thomas (MN) Tommies 72.2[0m

[1m[96m━━━ GAME 54: Grand Canyon Antelopes @ Boise State Broncos ━━━[0m
[96m🕐 01/07 11:00 PM[0m

[93m📊 SPREAD:[0m
  Market: -8.5 | Model: +7.3 | Edge: +15.8
  [92m✅ BET: Grand Canyon Antelopes +8.5[0m
  [96mHIGH confidence (+15.8 edge)[0m

[93m🎯 TOTAL:[0m
  Market: 137.5 | Model: 151.0 | Edge: +13.5
  [92m✅ BET: OVER 137.5[0m
  [96mHIGH confidence (13.5 edge)[0m

[35m📈 Grand Canyon Antelopes 71.8, Boise State Broncos 79.2[0m

[1m========================================================================================================================[0m

[92m✓ CSV saved: /Users/rico/sports-models/ncaa/ncaab_model_output.csv[0m
[92m✓ HTML saved: /Users/rico/sports-models/ncaa/ncaab_model_output.html[0m

[1m[96mSTEP 5: Generating Final Tracking Dashboard[0m
[92m✓ Tracking dashboard saved: /Users/rico/sports-models/ncaa/ncaab_tracking_dashboard.html[0m

[1m====================================================================================================[0m
[1m[93m📊 TRACKING SUMMARY 📊[0m
[1m====================================================================================================[0m
[92mTotal Tracked Bets: 2639[0m
[92mRecord: 1333-1227-4[0m
[92mWin Rate: 52.1%[0m
[91mProfit: -13.97 units[0m
[91mROI: -0.5%[0m
[1m====================================================================================================[0m


==========================================
✅ NCAA Model completed successfully!
==========================================

📤 Pushing updates to GitHub...
[main 9036e9c] Update model outputs - 2026-01-07 10:30:09
 Committer: Ricardo Hill <rico@Ricos-M1-Mac-2.local>
Your name and email address were configured automatically based
on your username and hostname. Please check that they are accurate.
You can suppress this message by setting them explicitly. Run the
following command and follow the instructions in your editor to edit
your configuration file:

    git config --global --edit

After doing this, you may fix the identity used for this commit with:

    git commit --amend --reset-author

 4 files changed, 708 insertions(+), 251 deletions(-)
To https://github.com/BangLetsGetIt/NBA-NCAA-Betting-Models.git
   10c16de..9036e9c  main -> main
✅ Successfully pushed to GitHub!
