==========================================
NCAA Model Run: Tue Dec 23 10:30:05 EST 2025
==========================================
Running NCAA Basketball model (IMPROVED)...

[1m====================================================================================================[0m
[1m[96m🏀 COLLEGE BASKETBALL SHARP MODEL 🏀[0m
[1m[92m⚡ Targeting 56%+ Win Rate with Advanced Analytics ⚡[0m
[1m[93m📅 Filtering games within next 7 days[0m
[1m====================================================================================================[0m

[1m[96mSTEP 1: Checking for Completed Games & Updating Past Picks[0m
[96mChecking 18 pending picks...[0m
[96mFetching completed game scores...[0m
[92m✓ Fetched 105 completed games[0m
[93mNo picks were updated (games may not be complete yet)[0m
[92m✓ Tracking dashboard saved: /Users/rico/sports-models/ncaa/ncaab_tracking_dashboard.html[0m

[1m[96mSTEP 2: Loading Team Statistics[0m
[96mLoading team statistics...[0m
[93m⚠️  Cache expired or missing. Fetching fresh stats from Sports-Reference...[0m
Fetching NCAA basketball stats for 2025 season...
Columns found: [' 0_Rk', ' 1_School', ' 2_Conf', ' 3_ 3', ' 4_W', ' 5_L', ' 6_Pts', ' 7_Opp', ' 8_MOV', ' 9_ 9', ' 10_SOS', ' 11_ 11', 'SRS_OSRS', 'SRS_DSRS', 'SRS_SRS', 'Adjusted_ORtg', 'Adjusted_DRtg', 'Adjusted_NRtg']

Sample data:
   0_Rk  1_School  2_Conf  ...  Adjusted_ORtg Adjusted_DRtg Adjusted_NRtg
0     1      Duke     ACC  ...         131.42         86.60         44.82
1     2    Auburn     SEC  ...         129.16         88.83         40.33
2     3   Houston  Big 12  ...         125.20         82.34         42.86

[3 rows x 18 columns]

✓ Successfully fetched stats for 364 teams
[92m✓ Stats cached to /Users/rico/sports-models/ncaa/ncaab_stats_cache.json[0m

[1m[96mSTEP 3: Fetching Live Odds (Next 7 Days)[0m
[92m✓ Fetched 11 games from The Odds API[0m
[92m✓ 11 games in the next 7 days[0m

[1m[96mSTEP 4: Processing Games & Generating Sharp Picks[0m

[92m✓ Tracking data saved to /Users/rico/sports-models/ncaa/ncaab_picks_tracking.json[0m
[92m  Total picks in file: 1994[0m
[35m📝 LOGGED: TOTAL - ✅ BET: UNDER 156.5 (Edge: -10.5)[0m
[92m✓ Tracking data saved to /Users/rico/sports-models/ncaa/ncaab_picks_tracking.json[0m
[92m  Total picks in file: 1995[0m
[35m📝 LOGGED: TOTAL - ✅ BET: UNDER 147.5 (Edge: -11.2)[0m

[1m[92m✅ Analyzed 11 games with complete odds[0m


[1m========================================================================================================================[0m
[1m[93m🏀 COLLEGE BASKETBALL MODEL PREDICTIONS 🏀[0m
[1m========================================================================================================================[0m

[1m[96m━━━ GAME 1: Binghamton Bearcats @ Army Knights ━━━[0m
[96m🕐 12/23 12:00 PM[0m

[93m📊 SPREAD:[0m
  Market: -11.5 | Model: +4.5 | Edge: +16.0
  [92m✅ BET: Binghamton Bearcats +11.5[0m
  [96mHIGH confidence (+16.0 edge)[0m

[93m🎯 TOTAL:[0m
  Market: 140.5 | Model: 131.1 | Edge: -9.4
  [92m✅ BET: UNDER 140.5[0m
  [96mHIGH confidence (9.4 edge)[0m

[35m📈 Binghamton Bearcats 63.3, Army Knights 67.8[0m

[1m[96m━━━ GAME 2: Green Bay Phoenix @ Campbell Fighting Camels ━━━[0m
[96m🕐 12/23 12:00 PM[0m

[93m📊 SPREAD:[0m
  Market: -4.5 | Model: +1.3 | Edge: +5.8
  [91m❌ NO BET[0m
  [96mEdge too small (+5.8)[0m

[93m🎯 TOTAL:[0m
  Market: 146.5 | Model: 132.5 | Edge: -14.0
  [92m✅ BET: UNDER 146.5[0m
  [96mHIGH confidence (14.0 edge)[0m

[35m📈 Green Bay Phoenix 65.6, Campbell Fighting Camels 66.9[0m

[1m[96m━━━ GAME 3: Bellarmine Knights @ Kentucky Wildcats ━━━[0m
[96m🕐 12/23 01:00 PM[0m

[93m📊 SPREAD:[0m
  Market: -35.5 | Model: +5.0 | Edge: +40.5
  [91m❌ NO BET[0m
  [96m⚠️ SKIPPED: Edge too large (40.5 > 35.0) - likely model error[0m

[93m🎯 TOTAL:[0m
  Market: 156.5 | Model: 146.0 | Edge: -10.5
  [92m✅ BET: UNDER 156.5[0m
  [96mHIGH confidence (10.5 edge)[0m

[35m📈 Bellarmine Knights 70.5, Kentucky Wildcats 75.5[0m

[1m[96m━━━ GAME 4: Florida Atlantic Owls @ UCF Knights ━━━[0m
[96m🕐 12/23 02:00 PM[0m

[93m📊 SPREAD:[0m
  Market: -7.5 | Model: +3.6 | Edge: +11.1
  [92m✅ BET: Florida Atlantic Owls +7.5[0m
  [96mHIGH confidence (+11.1 edge)[0m

[93m🎯 TOTAL:[0m
  Market: 159.5 | Model: 149.8 | Edge: -9.7
  [92m✅ BET: UNDER 159.5[0m
  [96mHIGH confidence (9.7 edge)[0m

[35m📈 Florida Atlantic Owls 73.1, UCF Knights 76.7[0m

[1m[96m━━━ GAME 5: Grambling St Tigers @ Ohio State Buckeyes ━━━[0m
[96m🕐 12/23 02:00 PM[0m

[93m📊 SPREAD:[0m
  Market: -29.5 | Model: +9.7 | Edge: +39.2
  [91m❌ NO BET[0m
  [96m⚠️ SKIPPED: Edge too large (39.2 > 35.0) - likely model error[0m

[93m🎯 TOTAL:[0m
  Market: 152.5 | Model: 144.0 | Edge: -8.5
  [92m✅ BET: UNDER 152.5[0m
  [96mHIGH confidence (8.5 edge)[0m

[35m📈 Grambling St Tigers 67.2, Ohio State Buckeyes 76.8[0m

[1m[96m━━━ GAME 6: Lindenwood Lions @ Missouri St Bears ━━━[0m
[96m🕐 12/23 03:00 PM[0m

[93m📊 SPREAD:[0m
  Market: -2.5 | Model: +14.3 | Edge: +16.8
  [92m✅ BET: Lindenwood Lions +2.5[0m
  [96mHIGH confidence (+16.8 edge)[0m

[93m🎯 TOTAL:[0m
  Market: 142.5 | Model: 144.8 | Edge: +2.3
  [91m❌ NO BET[0m
  [96mEdge too small (+2.3)[0m

[35m📈 Lindenwood Lions 65.2, Missouri St Bears 79.5[0m

[1m[96m━━━ GAME 7: UC Riverside Highlanders @ UCLA Bruins ━━━[0m
[96m🕐 12/23 04:00 PM[0m

[93m📊 SPREAD:[0m
  Market: -23.5 | Model: +3.7 | Edge: +27.2
  [92m✅ BET: UC Riverside Highlanders +23.5[0m
  [96mHIGH confidence (+27.2 edge)[0m

[93m🎯 TOTAL:[0m
  Market: 149.5 | Model: 151.1 | Edge: +1.6
  [91m❌ NO BET[0m
  [96mEdge too small (+1.6)[0m

[35m📈 UC Riverside Highlanders 73.7, UCLA Bruins 77.4[0m

[1m[96m━━━ GAME 8: Idaho Vandals @ CSU Bakersfield Roadrunners ━━━[0m
[96m🕐 12/23 05:00 PM[0m

[93m📊 SPREAD:[0m
  Market: +5.5 | Model: -0.2 | Edge: -5.7
  [91m❌ NO BET[0m
  [96mEdge too small (-5.7)[0m

[93m🎯 TOTAL:[0m
  Market: 150.5 | Model: 137.1 | Edge: -13.4
  [92m✅ BET: UNDER 150.5[0m
  [96mHIGH confidence (13.4 edge)[0m

[35m📈 Idaho Vandals 68.7, CSU Bakersfield Roadrunners 68.5[0m

[1m[96m━━━ GAME 9: Harvard Crimson @ St. John's Red Storm ━━━[0m
[96m🕐 12/23 06:00 PM[0m

[93m📊 SPREAD:[0m
  Market: -26.5 | Model: +4.3 | Edge: +30.8
  [92m✅ BET: Harvard Crimson +26.5[0m
  [96mHIGH confidence (+30.8 edge)[0m

[93m🎯 TOTAL:[0m
  Market: 147.5 | Model: 136.3 | Edge: -11.2
  [92m✅ BET: UNDER 147.5[0m
  [96mHIGH confidence (11.2 edge)[0m

[35m📈 Harvard Crimson 66.0, St. John's Red Storm 70.3[0m

[1m[96m━━━ GAME 10: Morgan St Bears @ Loyola Marymount Lions ━━━[0m
[96m🕐 12/23 06:00 PM[0m

[93m📊 SPREAD:[0m
  Market: -25.5 | Model: +2.6 | Edge: +28.1
  [92m✅ BET: Morgan St Bears +25.5[0m
  [96mHIGH confidence (+28.1 edge)[0m

[93m🎯 TOTAL:[0m
  Market: 150.5 | Model: 140.8 | Edge: -9.7
  [92m✅ BET: UNDER 150.5[0m
  [96mHIGH confidence (9.7 edge)[0m

[35m📈 Morgan St Bears 69.1, Loyola Marymount Lions 71.7[0m

[1m[96m━━━ GAME 11: Villanova Wildcats @ Seton Hall Pirates ━━━[0m
[96m🕐 12/23 07:00 PM[0m

[93m📊 SPREAD:[0m
  Market: -1.5 | Model: -5.1 | Edge: -3.6
  [91m❌ NO BET[0m
  [96mEdge too small (-3.6)[0m

[93m🎯 TOTAL:[0m
  Market: 132.5 | Model: 148.3 | Edge: +15.8
  [92m✅ BET: OVER 132.5[0m
  [96mHIGH confidence (15.8 edge)[0m

[35m📈 Villanova Wildcats 76.7, Seton Hall Pirates 71.6[0m

[1m========================================================================================================================[0m

[92m✓ CSV saved: /Users/rico/sports-models/ncaa/ncaab_model_output.csv[0m
[92m✓ HTML saved: /Users/rico/sports-models/ncaa/ncaab_model_output.html[0m

[1m[96mSTEP 5: Generating Final Tracking Dashboard[0m
[92m✓ Tracking dashboard saved: /Users/rico/sports-models/ncaa/ncaab_tracking_dashboard.html[0m

[1m====================================================================================================[0m
[1m[93m📊 TRACKING SUMMARY 📊[0m
[1m====================================================================================================[0m
[92mTotal Tracked Bets: 1995[0m
[92mRecord: 1032-940-3[0m
[92mWin Rate: 52.3%[0m
[91mProfit: -0.88 units[0m
[91mROI: -0.0%[0m
[1m====================================================================================================[0m


==========================================
✅ NCAA Model completed successfully!
==========================================

📤 Pushing updates to GitHub...
[main f4c6e8c] Update model outputs - 2025-12-23 10:30:08
 Committer: Ricardo Hill <rico@Ricos-M1-Mac-2.local>
Your name and email address were configured automatically based
on your username and hostname. Please check that they are accurate.
You can suppress this message by setting them explicitly. Run the
following command and follow the instructions in your editor to edit
your configuration file:

    git config --global --edit

After doing this, you may fix the identity used for this commit with:

    git commit --amend --reset-author

 4 files changed, 95 insertions(+), 65 deletions(-)
To https://github.com/BangLetsGetIt/NBA-NCAA-Betting-Models.git
   ce9ff52..f4c6e8c  main -> main
✅ Successfully pushed to GitHub!
