==========================================
NCAA Model Run: Sat Jan 24 00:31:26 EST 2026
==========================================
Running NCAA Basketball model (IMPROVED)...

[1m====================================================================================================[0m
[1m[96m🏀 COLLEGE BASKETBALL SHARP MODEL 🏀[0m
[1m[92m⚡ Targeting 56%+ Win Rate with Advanced Analytics ⚡[0m
[1m[93m📅 Filtering games within next 7 days[0m
[1m====================================================================================================[0m

[1m[96mSTEP 1: Checking for Completed Games & Updating Past Picks[0m
[96mChecking 213 pending picks...[0m
[96mFetching completed game scores...[0m
[92m✓ Fetched 206 completed games[0m
[93mNo picks were updated (games may not be complete yet)[0m
[92m✓ Tracking dashboard saved: /Users/rico/sports-models/ncaa/ncaab_tracking_dashboard.html[0m

[1m[96mSTEP 2: Loading Team Statistics[0m
[96mLoading team statistics...[0m
[92m✓ Using cached stats (age: 0h)[0m

[1m[96mSTEP 3: Fetching Live Odds (Next 7 Days)[0m
[92m✓ Fetched 132 games from The Odds API[0m
[92m✓ 132 games in the next 7 days[0m

[1m[96mSTEP 4: Processing Games & Generating Sharp Picks[0m


[1m[92m✅ Analyzed 132 games with complete odds[0m


[1m========================================================================================================================[0m
[1m[93m🏀 COLLEGE BASKETBALL MODEL PREDICTIONS 🏀[0m
[1m========================================================================================================================[0m

[1m[96m━━━ GAME 1: Bellarmine Knights @ North Florida Ospreys ━━━[0m
[96m🕐 01/24 11:00 AM[0m

[93m📊 SPREAD:[0m
  Market: +5.5 | Model: +3.2 | Edge: -2.3
  [91m❌ NO BET[0m
  [96mEdge too small (-2.3)[0m

[93m🎯 TOTAL:[0m
  Market: 165.5 | Model: 132.6 | Edge: -32.9
  [92m✅ BET: UNDER 165.5[0m
  [96mHIGH confidence (EV: +90.7% | Win: 99.9%)[0m

[35m📈 Bellarmine Knights 64.7, North Florida Ospreys 67.9[0m

[1m[96m━━━ GAME 2: Ole Miss Rebels @ Kentucky Wildcats ━━━[0m
[96m🕐 01/24 11:00 AM[0m

[93m📊 SPREAD:[0m
  Market: -10.5 | Model: +9.0 | Edge: +19.5
  [92m✅ BET: Ole Miss Rebels +10.5[0m
  [96mHIGH confidence (EV: +84.9% | Win: 96.9%)[0m

[93m🎯 TOTAL:[0m
  Market: 144.5 | Model: 149.9 | Edge: +5.4
  [91m❌ NO BET[0m
  [96mEdge too small (+5.4)[0m

[35m📈 Ole Miss Rebels 70.4, Kentucky Wildcats 79.4[0m

[1m[96m━━━ GAME 3: Mercer Bears @ Wofford Terriers ━━━[0m
[96m🕐 01/24 11:00 AM[0m

[93m📊 SPREAD:[0m
  Market: +1.5 | Model: +9.1 | Edge: +7.6
  [92m✅ BET: Mercer Bears -1.5[0m
  [96mHIGH confidence (EV: +46.3% | Win: 76.6%)[0m

[93m🎯 TOTAL:[0m
  Market: 160.5 | Model: 138.9 | Edge: -21.6
  [92m✅ BET: UNDER 160.5[0m
  [96mHIGH confidence (EV: +87.1% | Win: 98.0%)[0m

[35m📈 Mercer Bears 64.9, Wofford Terriers 74.0[0m

[1m[96m━━━ GAME 4: American Eagles @ Holy Cross Crusaders ━━━[0m
[96m🕐 01/24 12:00 PM[0m

[93m📊 SPREAD:[0m
  Market: -1.5 | Model: +4.0 | Edge: +5.5
  [91m❌ NO BET[0m
  [96mEdge too small (+5.5)[0m

[93m🎯 TOTAL:[0m
  Market: 138.5 | Model: 128.6 | Edge: -9.9
  [92m✅ BET: UNDER 138.5[0m
  [96mHIGH confidence (EV: +57.7% | Win: 82.6%)[0m

[35m📈 American Eagles 62.3, Holy Cross Crusaders 66.3[0m

[1m[96m━━━ GAME 5: Brown Bears @ Princeton Tigers ━━━[0m
[96m🕐 01/24 12:00 PM[0m

[93m📊 SPREAD:[0m
  Market: -4.5 | Model: +4.8 | Edge: +9.3
  [92m✅ BET: Brown Bears +4.5[0m
  [96mHIGH confidence (EV: +54.8% | Win: 81.1%)[0m

[93m🎯 TOTAL:[0m
  Market: 134.5 | Model: 133.4 | Edge: -1.1
  [91m❌ NO BET[0m
  [96mEdge too small (-1.1)[0m

[35m📈 Brown Bears 64.3, Princeton Tigers 69.1[0m

[1m[96m━━━ GAME 6: Monmouth Hawks @ Campbell Fighting Camels ━━━[0m
[96m🕐 01/24 12:00 PM[0m

[93m📊 SPREAD:[0m
  Market: -5.5 | Model: +1.5 | Edge: +7.0
  [92m✅ BET: Monmouth Hawks +5.5[0m
  [96mHIGH confidence (EV: +42.8% | Win: 74.8%)[0m

[93m🎯 TOTAL:[0m
  Market: 149.5 | Model: 130.6 | Edge: -18.9
  [92m✅ BET: UNDER 149.5[0m
  [96mHIGH confidence (EV: +84.1% | Win: 96.4%)[0m

[35m📈 Monmouth Hawks 64.5, Campbell Fighting Camels 66.1[0m

[1m[96m━━━ GAME 7: Elon Phoenix @ Charleston Cougars ━━━[0m
[96m🕐 01/24 12:00 PM[0m

[93m📊 SPREAD:[0m
  Market: -3.5 | Model: +1.0 | Edge: +4.5
  [91m❌ NO BET[0m
  [96mEdge too small (+4.5)[0m

[93m🎯 TOTAL:[0m
  Market: 159.5 | Model: 135.0 | Edge: -24.5
  [92m✅ BET: UNDER 159.5[0m
  [96mHIGH confidence (EV: +89.0% | Win: 99.0%)[0m

[35m📈 Elon Phoenix 67.0, Charleston Cougars 68.0[0m

[1m[96m━━━ GAME 8: Wake Forest Demon Deacons @ Duke Blue Devils ━━━[0m
[96m🕐 01/24 12:00 PM[0m

[93m📊 SPREAD:[0m
  Market: -18.5 | Model: +10.4 | Edge: +28.9
  [92m✅ BET: Wake Forest Demon Deacons +18.5[0m
  [96mHIGH confidence (EV: +90.3% | Win: 99.7%)[0m

[93m🎯 TOTAL:[0m
  Market: 150.5 | Model: 157.8 | Edge: +7.3
  [92m✅ BET: OVER 150.5[0m
  [96mHIGH confidence (EV: +44.6% | Win: 75.7%)[0m

[35m📈 Wake Forest Demon Deacons 73.7, Duke Blue Devils 84.1[0m

[1m[96m━━━ GAME 9: UNC Wilmington Seahawks @ Hampton Pirates ━━━[0m
[96m🕐 01/24 12:00 PM[0m

[93m📊 SPREAD:[0m
  Market: +3.5 | Model: -0.0 | Edge: -3.5
  [91m❌ NO BET[0m
  [96mEdge too small (-3.5)[0m

[93m🎯 TOTAL:[0m
  Market: 136.5 | Model: 136.4 | Edge: -0.1
  [91m❌ NO BET[0m
  [96mEdge too small (-0.1)[0m

[35m📈 UNC Wilmington Seahawks 68.2, Hampton Pirates 68.2[0m

[1m[96m━━━ GAME 10: Hofstra Pride @ William & Mary Tribe ━━━[0m
[96m🕐 01/24 12:00 PM[0m

[93m📊 SPREAD:[0m
  Market: -2.5 | Model: +10.0 | Edge: +12.5
  [92m✅ BET: Hofstra Pride +2.5[0m
  [96mHIGH confidence (EV: +68.4% | Win: 88.2%)[0m

[93m🎯 TOTAL:[0m
  Market: 159.5 | Model: 132.2 | Edge: -27.3
  [92m✅ BET: UNDER 159.5[0m
  [96mHIGH confidence (EV: +90.0% | Win: 99.5%)[0m

[35m📈 Hofstra Pride 61.1, William & Mary Tribe 71.1[0m

[1m[96m━━━ GAME 11: Nebraska Cornhuskers @ Minnesota Golden Gophers ━━━[0m
[96m🕐 01/24 12:00 PM[0m

[93m📊 SPREAD:[0m
  Market: +5.5 | Model: +2.5 | Edge: -3.0
  [91m❌ NO BET[0m
  [96mEdge too small (-3.0)[0m

[93m🎯 TOTAL:[0m
  Market: 138.5 | Model: 144.6 | Edge: +6.1
  [92m✅ BET: OVER 138.5[0m
  [96mHIGH confidence (EV: +37.3% | Win: 71.9%)[0m

[35m📈 Nebraska Cornhuskers 71.0, Minnesota Golden Gophers 73.6[0m

[1m[96m━━━ GAME 12: Vanderbilt Commodores @ Mississippi St Bulldogs ━━━[0m
[96m🕐 01/24 12:00 PM[0m

[93m📊 SPREAD:[0m
  Market: +7.5 | Model: +1.7 | Edge: -5.8
  [91m❌ NO BET[0m
  [96mEdge too small (-5.8)[0m

[93m🎯 TOTAL:[0m
  Market: 160.5 | Model: 155.1 | Edge: -5.4
  [91m❌ NO BET[0m
  [96mEdge too small (-5.4)[0m

[35m📈 Vanderbilt Commodores 76.7, Mississippi St Bulldogs 78.4[0m

[1m[96m━━━ GAME 13: Niagara Purple Eagles @ Sacred Heart Pioneers ━━━[0m
[96m🕐 01/24 12:00 PM[0m

[93m📊 SPREAD:[0m
  Market: -9.5 | Model: +3.4 | Edge: +12.9
  [92m✅ BET: Niagara Purple Eagles +9.5[0m
  [96mHIGH confidence (EV: +70.0% | Win: 89.1%)[0m

[93m🎯 TOTAL:[0m
  Market: 139.5 | Model: 128.4 | Edge: -11.1
  [92m✅ BET: UNDER 139.5[0m
  [96mHIGH confidence (EV: +63.1% | Win: 85.4%)[0m

[35m📈 Niagara Purple Eagles 62.5, Sacred Heart Pioneers 65.9[0m

[1m[96m━━━ GAME 14: Towson Tigers @ North Carolina A&T Aggies ━━━[0m
[96m🕐 01/24 12:00 PM[0m

[93m📊 SPREAD:[0m
  Market: +6.5 | Model: +1.3 | Edge: -5.2
  [91m❌ NO BET[0m
  [96mEdge too small (-5.2)[0m

[93m🎯 TOTAL:[0m
  Market: 140.5 | Model: 129.6 | Edge: -10.9
  [92m✅ BET: UNDER 140.5[0m
  [96mHIGH confidence (EV: +62.6% | Win: 85.1%)[0m

[35m📈 Towson Tigers 64.1, North Carolina A&T Aggies 65.4[0m

[1m[96m━━━ GAME 15: North Carolina Tar Heels @ Virginia Cavaliers ━━━[0m
[96m🕐 01/24 12:00 PM[0m

[93m📊 SPREAD:[0m
  Market: -7.5 | Model: +1.1 | Edge: +8.6
  [92m✅ BET: North Carolina Tar Heels +7.5[0m
  [96mHIGH confidence (EV: +51.6% | Win: 79.4%)[0m

[93m🎯 TOTAL:[0m
  Market: 150.5 | Model: 142.7 | Edge: -7.8
  [92m✅ BET: UNDER 150.5[0m
  [96mHIGH confidence (EV: +47.1% | Win: 77.1%)[0m

[35m📈 North Carolina Tar Heels 70.8, Virginia Cavaliers 71.9[0m

[1m[96m━━━ GAME 16: Clemson Tigers @ Georgia Tech Yellow Jackets ━━━[0m
[96m🕐 01/24 12:00 PM[0m

[93m📊 SPREAD:[0m
  Market: +7.5 | Model: -0.2 | Edge: -7.7
  [92m✅ BET: Georgia Tech Yellow Jackets +7.5[0m
  [96mHIGH confidence (EV: +46.7% | Win: 76.9%)[0m

[93m🎯 TOTAL:[0m
  Market: 142.5 | Model: 151.0 | Edge: +8.5
  [92m✅ BET: OVER 142.5[0m
  [96mHIGH confidence (EV: +51.2% | Win: 79.2%)[0m

[35m📈 Clemson Tigers 75.6, Georgia Tech Yellow Jackets 75.4[0m

[1m[96m━━━ GAME 17: Maryland Terrapins @ Michigan St Spartans ━━━[0m
[96m🕐 01/24 12:00 PM[0m

[93m📊 SPREAD:[0m
  Market: -19.5 | Model: +2.3 | Edge: +21.8
  [92m✅ BET: Maryland Terrapins +19.5[0m
  [96mHIGH confidence (EV: +87.3% | Win: 98.1%)[0m

[93m🎯 TOTAL:[0m
  Market: 140.5 | Model: 158.9 | Edge: +18.4
  [92m✅ BET: OVER 140.5[0m
  [96mHIGH confidence (EV: +83.3% | Win: 96.0%)[0m

[35m📈 Maryland Terrapins 78.3, Michigan St Spartans 80.6[0m

[1m[96m━━━ GAME 18: NC State Wolfpack @ Pittsburgh Panthers ━━━[0m
[96m🕐 01/24 12:00 PM[0m

[93m📊 SPREAD:[0m
  Market: +6.5 | Model: +5.2 | Edge: -1.3
  [91m❌ NO BET[0m
  [96mEdge too small (-1.3)[0m

[93m🎯 TOTAL:[0m
  Market: 145.5 | Model: 143.0 | Edge: -2.5
  [91m❌ NO BET[0m
  [96mEdge too small (-2.5)[0m

[35m📈 NC State Wolfpack 68.9, Pittsburgh Panthers 74.1[0m

[1m[96m━━━ GAME 19: Eastern Illinois Panthers @ Morehead St Eagles ━━━[0m
[96m🕐 01/24 12:30 PM[0m

[93m📊 SPREAD:[0m
  Market: -3.5 | Model: +7.7 | Edge: +11.2
  [92m✅ BET: Eastern Illinois Panthers +3.5[0m
  [96mHIGH confidence (EV: +63.6% | Win: 85.7%)[0m

[93m🎯 TOTAL:[0m
  Market: 136.5 | Model: 131.4 | Edge: -5.1
  [91m❌ NO BET[0m
  [96mEdge too small (-5.1)[0m

[35m📈 Eastern Illinois Panthers 61.9, Morehead St Eagles 69.6[0m

[1m[96m━━━ GAME 20: Georgetown Hoyas @ Providence Friars ━━━[0m
[96m🕐 01/24 12:30 PM[0m

[93m📊 SPREAD:[0m
  Market: -5.5 | Model: +5.0 | Edge: +10.5
  [92m✅ BET: Georgetown Hoyas +5.5[0m
  [96mHIGH confidence (EV: +60.6% | Win: 84.1%)[0m

[93m🎯 TOTAL:[0m
  Market: 161.5 | Model: 143.8 | Edge: -17.7
  [92m✅ BET: UNDER 161.5[0m
  [96mHIGH confidence (EV: +82.1% | Win: 95.4%)[0m

[35m📈 Georgetown Hoyas 69.4, Providence Friars 74.4[0m

[1m[96m━━━ GAME 21: Villanova Wildcats @ UConn Huskies ━━━[0m
[96m🕐 01/24 12:30 PM[0m

[93m📊 SPREAD:[0m
  Market: -10.5 | Model: -2.1 | Edge: +8.4
  [92m✅ BET: Villanova Wildcats +10.5[0m
  [96mHIGH confidence (EV: +50.5% | Win: 78.8%)[0m

[93m🎯 TOTAL:[0m
  Market: 135.5 | Model: 141.4 | Edge: +5.9
  [91m❌ NO BET[0m
  [96mEdge too small (+5.9)[0m

[35m📈 Villanova Wildcats 71.8, UConn Huskies 69.7[0m

[1m[96m━━━ GAME 22: Vermont Catamounts @ Bryant Bulldogs ━━━[0m
[96m🕐 01/24 01:00 PM[0m

[93m📊 SPREAD:[0m
  Market: +7.0 | Model: +5.7 | Edge: -1.3
  [91m❌ NO BET[0m
  [96mEdge too small (-1.3)[0m

[93m🎯 TOTAL:[0m
  Market: 133.5 | Model: 130.7 | Edge: -2.8
  [91m❌ NO BET[0m
  [96mEdge too small (-2.8)[0m

[35m📈 Vermont Catamounts 62.5, Bryant Bulldogs 68.2[0m

[1m[96m━━━ GAME 23: Southern Miss Golden Eagles @ Coastal Carolina Chanticleers ━━━[0m
[96m🕐 01/24 01:00 PM[0m

[93m📊 SPREAD:[0m
  Market: -2.5 | Model: +7.4 | Edge: +9.9
  [92m✅ BET: Southern Miss Golden Eagles +2.5[0m
  [96mHIGH confidence (EV: +58.1% | Win: 82.8%)[0m

[93m🎯 TOTAL:[0m
  Market: 144.5 | Model: 128.8 | Edge: -15.7
  [92m✅ BET: UNDER 144.5[0m
  [96mHIGH confidence (EV: +78.1% | Win: 93.3%)[0m

[35m📈 Southern Miss Golden Eagles 60.7, Coastal Carolina Chanticleers 68.1[0m

[1m[96m━━━ GAME 24: Delaware Blue Hens @ Liberty Flames ━━━[0m
[96m🕐 01/24 01:00 PM[0m

[93m📊 SPREAD:[0m
  Market: -14.5 | Model: +0.2 | Edge: +14.7
  [92m✅ BET: Delaware Blue Hens +14.5[0m
  [96mHIGH confidence (EV: +75.5% | Win: 91.9%)[0m

[93m🎯 TOTAL:[0m
  Market: 135.5 | Model: 142.1 | Edge: +6.6
  [92m✅ BET: OVER 135.5[0m
  [96mHIGH confidence (EV: +40.3% | Win: 73.5%)[0m

[35m📈 Delaware Blue Hens 70.9, Liberty Flames 71.2[0m

[1m[96m━━━ GAME 25: Drake Bulldogs @ Indiana St Sycamores ━━━[0m
[96m🕐 01/24 01:00 PM[0m

[93m📊 SPREAD:[0m
  Market: -2.5 | Model: +2.3 | Edge: +4.8
  [91m❌ NO BET[0m
  [96mEdge too small (+4.8)[0m

[93m🎯 TOTAL:[0m
  Market: 149.5 | Model: 151.8 | Edge: +2.3
  [91m❌ NO BET[0m
  [96mEdge too small (+2.3)[0m

[35m📈 Drake Bulldogs 74.8, Indiana St Sycamores 77.0[0m

[1m[96m━━━ GAME 26: Green Bay Phoenix @ Robert Morris Colonials ━━━[0m
[96m🕐 01/24 01:00 PM[0m

[93m📊 SPREAD:[0m
  Market: -6.5 | Model: +2.2 | Edge: +8.7
  [92m✅ BET: Green Bay Phoenix +6.5[0m
  [96mHIGH confidence (EV: +52.0% | Win: 79.6%)[0m

[93m🎯 TOTAL:[0m
  Market: 143.5 | Model: 133.1 | Edge: -10.4
  [92m✅ BET: UNDER 143.5[0m
  [96mHIGH confidence (EV: +60.2% | Win: 83.9%)[0m

[35m📈 Green Bay Phoenix 65.5, Robert Morris Colonials 67.7[0m

[1m[96m━━━ GAME 27: Texas State Bobcats @ James Madison Dukes ━━━[0m
[96m🕐 01/24 01:00 PM[0m

[93m📊 SPREAD:[0m
  Market: -4.5 | Model: +3.2 | Edge: +7.7
  [92m✅ BET: Texas State Bobcats +4.5[0m
  [96mHIGH confidence (EV: +46.6% | Win: 76.8%)[0m

[93m🎯 TOTAL:[0m
  Market: 144.5 | Model: 133.4 | Edge: -11.1
  [92m✅ BET: UNDER 144.5[0m
  [96mHIGH confidence (EV: +63.4% | Win: 85.6%)[0m

[35m📈 Texas State Bobcats 65.1, James Madison Dukes 68.3[0m

[1m[96m━━━ GAME 28: Quinnipiac Bobcats @ Marist Red Foxes ━━━[0m
[96m🕐 01/24 01:00 PM[0m

[93m📊 SPREAD:[0m
  Market: -2.5 | Model: +0.9 | Edge: +3.4
  [91m❌ NO BET[0m
  [96mEdge too small (+3.4)[0m

[93m🎯 TOTAL:[0m
  Market: 140.5 | Model: 130.9 | Edge: -9.6
  [92m✅ BET: UNDER 140.5[0m
  [96mHIGH confidence (EV: +56.6% | Win: 82.1%)[0m

[35m📈 Quinnipiac Bobcats 65.0, Marist Red Foxes 65.9[0m

[1m[96m━━━ GAME 29: Milwaukee Panthers @ Youngstown St Penguins ━━━[0m
[96m🕐 01/24 01:00 PM[0m

[93m📊 SPREAD:[0m
  Market: -6.5 | Model: +2.0 | Edge: +8.5
  [92m✅ BET: Milwaukee Panthers +6.5[0m
  [96mHIGH confidence (EV: +50.9% | Win: 79.1%)[0m

[93m🎯 TOTAL:[0m
  Market: 152.5 | Model: 140.7 | Edge: -11.8
  [92m✅ BET: UNDER 152.5[0m
  [96mHIGH confidence (EV: +65.9% | Win: 86.9%)[0m

[35m📈 Milwaukee Panthers 69.4, Youngstown St Penguins 71.4[0m

[1m[96m━━━ GAME 30: Northern Kentucky Norse @ Wright St Raiders ━━━[0m
[96m🕐 01/24 01:00 PM[0m

[93m📊 SPREAD:[0m
  Market: -2.5 | Model: +3.2 | Edge: +5.7
  [91m❌ NO BET[0m
  [96mEdge too small (+5.7)[0m

[93m🎯 TOTAL:[0m
  Market: 152.5 | Model: 135.4 | Edge: -17.1
  [92m✅ BET: UNDER 152.5[0m
  [96mHIGH confidence (EV: +81.1% | Win: 94.9%)[0m

[35m📈 Northern Kentucky Norse 66.1, Wright St Raiders 69.3[0m

[1m[96m━━━ GAME 31: South Carolina Gamecocks @ Texas A&M Aggies ━━━[0m
[96m🕐 01/24 01:00 PM[0m

[93m📊 SPREAD:[0m
  Market: -9.5 | Model: +4.1 | Edge: +13.6
  [92m✅ BET: South Carolina Gamecocks +9.5[0m
  [96mHIGH confidence (EV: +72.2% | Win: 90.2%)[0m

[93m🎯 TOTAL:[0m
  Market: 155.5 | Model: 150.6 | Edge: -4.9
  [91m❌ NO BET[0m
  [96mEdge too small (-4.9)[0m

[35m📈 South Carolina Gamecocks 73.3, Texas A&M Aggies 77.3[0m

[1m[96m━━━ GAME 32: Temple Owls @ UTSA Roadrunners ━━━[0m
[96m🕐 01/24 01:00 PM[0m

[93m📊 SPREAD:[0m
  Market: +11.5 | Model: +2.7 | Edge: -8.8
  [92m✅ BET: UTSA Roadrunners +11.5[0m
  [96mHIGH confidence (EV: +52.4% | Win: 79.9%)[0m

[93m🎯 TOTAL:[0m
  Market: 145.5 | Model: 141.0 | Edge: -4.5
  [91m❌ NO BET[0m
  [96mEdge too small (-4.5)[0m

[35m📈 Temple Owls 69.1, UTSA Roadrunners 71.8[0m

[1m[96m━━━ GAME 33: UMass Lowell River Hawks @ UMBC Retrievers ━━━[0m
[96m🕐 01/24 01:00 PM[0m

[93m📊 SPREAD:[0m
  Market: -4.5 | Model: +3.1 | Edge: +7.6
  [92m✅ BET: UMass Lowell River Hawks +4.5[0m
  [96mHIGH confidence (EV: +46.1% | Win: 76.5%)[0m

[93m🎯 TOTAL:[0m
  Market: 149.0 | Model: 139.4 | Edge: -9.6
  [92m✅ BET: UNDER 149.0[0m
  [96mHIGH confidence (EV: +56.6% | Win: 82.0%)[0m

[35m📈 UMass Lowell River Hawks 68.1, UMBC Retrievers 71.2[0m

[1m[96m━━━ GAME 34: Georgia Bulldogs @ Texas Longhorns ━━━[0m
[96m🕐 01/24 01:00 PM[0m

[93m📊 SPREAD:[0m
  Market: -2.5 | Model: +5.4 | Edge: +7.9
  [92m✅ BET: Georgia Bulldogs +2.5[0m
  [96mHIGH confidence (EV: +47.8% | Win: 77.4%)[0m

[93m🎯 TOTAL:[0m
  Market: 168.5 | Model: 154.5 | Edge: -14.0
  [92m✅ BET: UNDER 168.5[0m
  [96mHIGH confidence (EV: +73.6% | Win: 91.0%)[0m

[35m📈 Georgia Bulldogs 74.5, Texas Longhorns 79.9[0m

[1m[96m━━━ GAME 35: Army Knights @ Navy Midshipmen ━━━[0m
[96m🕐 01/24 01:30 PM[0m

[93m📊 SPREAD:[0m
  Market: -10.5 | Model: +3.2 | Edge: +13.7
  [92m✅ BET: Army Knights +10.5[0m
  [96mHIGH confidence (EV: +72.5% | Win: 90.4%)[0m

[93m🎯 TOTAL:[0m
  Market: 142.5 | Model: 127.6 | Edge: -14.9
  [92m✅ BET: UNDER 142.5[0m
  [96mHIGH confidence (EV: +76.2% | Win: 92.3%)[0m

[35m📈 Army Knights 62.2, Navy Midshipmen 65.4[0m

[1m[96m━━━ GAME 36: Coppin St Eagles @ Norfolk St Spartans ━━━[0m
[96m🕐 01/24 01:30 PM[0m

[93m📊 SPREAD:[0m
  Market: -13.5 | Model: +3.1 | Edge: +16.6
  [92m✅ BET: Coppin St Eagles +13.5[0m
  [96mHIGH confidence (EV: +80.0% | Win: 94.3%)[0m

[93m🎯 TOTAL:[0m
  Market: 144.5 | Model: 139.4 | Edge: -5.1
  [91m❌ NO BET[0m
  [96mEdge too small (-5.1)[0m

[35m📈 Coppin St Eagles 68.1, Norfolk St Spartans 71.2[0m

[1m[96m━━━ GAME 37: St. John's Red Storm @ Xavier Musketeers ━━━[0m
[96m🕐 01/24 01:30 PM[0m

[93m📊 SPREAD:[0m
  Market: +7.5 | Model: +6.3 | Edge: -1.2
  [91m❌ NO BET[0m
  [96mEdge too small (-1.2)[0m

[93m🎯 TOTAL:[0m
  Market: 162.5 | Model: 146.6 | Edge: -15.9
  [92m✅ BET: UNDER 162.5[0m
  [96mHIGH confidence (EV: +78.4% | Win: 93.5%)[0m

[35m📈 St. John's Red Storm 70.1, Xavier Musketeers 76.5[0m

[1m[96m━━━ GAME 38: VMI Keydets @ Western Carolina Catamounts ━━━[0m
[96m🕐 01/24 01:30 PM[0m

[93m📊 SPREAD:[0m
  Market: -8.5 | Model: +0.2 | Edge: +8.7
  [92m✅ BET: VMI Keydets +8.5[0m
  [96mHIGH confidence (EV: +51.9% | Win: 79.6%)[0m

[93m🎯 TOTAL:[0m
  Market: 152.5 | Model: 130.0 | Edge: -22.5
  [92m✅ BET: UNDER 152.5[0m
  [96mHIGH confidence (EV: +87.8% | Win: 98.4%)[0m

[35m📈 VMI Keydets 64.9, Western Carolina Catamounts 65.1[0m

[1m[96m━━━ GAME 39: Albany Great Danes @ New Hampshire Wildcats ━━━[0m
[96m🕐 01/24 02:00 PM[0m

[93m📊 SPREAD:[0m
  Market: +5.5 | Model: +0.2 | Edge: -5.3
  [91m❌ NO BET[0m
  [96mEdge too small (-5.3)[0m

[93m🎯 TOTAL:[0m
  Market: 134.5 | Model: 131.1 | Edge: -3.4
  [91m❌ NO BET[0m
  [96mEdge too small (-3.4)[0m

[35m📈 Albany Great Danes 65.4, New Hampshire Wildcats 65.7[0m

[1m[96m━━━ GAME 40: West Virginia Mountaineers @ Arizona Wildcats ━━━[0m
[96m🕐 01/24 02:00 PM[0m

[93m📊 SPREAD:[0m
  Market: -17.5 | Model: +8.9 | Edge: +26.4
  [92m✅ BET: West Virginia Mountaineers +17.5[0m
  [96mHIGH confidence (EV: +89.8% | Win: 99.4%)[0m

[93m🎯 TOTAL:[0m
  Market: 144.5 | Model: 153.0 | Edge: +8.5
  [92m✅ BET: OVER 144.5[0m
  [96mHIGH confidence (EV: +50.8% | Win: 79.0%)[0m

[35m📈 West Virginia Mountaineers 72.0, Arizona Wildcats 80.9[0m

[1m[96m━━━ GAME 41: Arkansas St Red Wolves @ Georgia St Panthers ━━━[0m
[96m🕐 01/24 02:00 PM[0m

[93m📊 SPREAD:[0m
  Market: +5.5 | Model: +4.3 | Edge: -1.2
  [91m❌ NO BET[0m
  [96mEdge too small (-1.2)[0m

[93m🎯 TOTAL:[0m
  Market: 156.5 | Model: 154.3 | Edge: -2.2
  [91m❌ NO BET[0m
  [96mEdge too small (-2.2)[0m

[35m📈 Arkansas St Red Wolves 75.0, Georgia St Panthers 79.3[0m

[1m[96m━━━ GAME 42: Northern Illinois Huskies @ Ball State Cardinals ━━━[0m
[96m🕐 01/24 02:00 PM[0m

[93m📊 SPREAD:[0m
  Market: -6.5 | Model: +7.9 | Edge: +14.4
  [92m✅ BET: Northern Illinois Huskies +6.5[0m
  [96mHIGH confidence (EV: +74.8% | Win: 91.6%)[0m

[93m🎯 TOTAL:[0m
  Market: 142.5 | Model: 130.9 | Edge: -11.6
  [92m✅ BET: UNDER 142.5[0m
  [96mHIGH confidence (EV: +65.0% | Win: 86.5%)[0m

[35m📈 Northern Illinois Huskies 61.5, Ball State Cardinals 69.4[0m

[1m[96m━━━ GAME 43: Binghamton Bearcats @ Maine Black Bears ━━━[0m
[96m🕐 01/24 02:00 PM[0m

[93m📊 SPREAD:[0m
  Market: -3.5 | Model: +2.0 | Edge: +5.5
  [91m❌ NO BET[0m
  [96mEdge too small (+5.5)[0m

[93m🎯 TOTAL:[0m
  Market: 124.5 | Model: 127.3 | Edge: +2.8
  [91m❌ NO BET[0m
  [96mEdge too small (+2.8)[0m

[35m📈 Binghamton Bearcats 62.6, Maine Black Bears 64.6[0m

[1m[96m━━━ GAME 44: Boston Univ. Terriers @ Colgate Raiders ━━━[0m
[96m🕐 01/24 02:00 PM[0m

[93m📊 SPREAD:[0m
  Market: -7.0 | Model: +4.3 | Edge: +11.3
  [92m✅ BET: Boston Univ. Terriers +7.0[0m
  [96mHIGH confidence (EV: +64.1% | Win: 85.9%)[0m

[93m🎯 TOTAL:[0m
  Market: 146.5 | Model: 133.7 | Edge: -12.8
  [92m✅ BET: UNDER 146.5[0m
  [96mHIGH confidence (EV: +69.6% | Win: 88.8%)[0m

[35m📈 Boston Univ. Terriers 64.7, Colgate Raiders 69.0[0m

[1m[96m━━━ GAME 45: Bucknell Bison @ Loyola (MD) Greyhounds ━━━[0m
[96m🕐 01/24 02:00 PM[0m

[93m📊 SPREAD:[0m
  Market: +5.5 | Model: +3.5 | Edge: -2.0
  [91m❌ NO BET[0m
  [96mEdge too small (-2.0)[0m

[93m🎯 TOTAL:[0m
  Market: 147.5 | Model: 129.3 | Edge: -18.2
  [92m✅ BET: UNDER 147.5[0m
  [96mHIGH confidence (EV: +83.0% | Win: 95.8%)[0m

[35m📈 Bucknell Bison 62.9, Loyola (MD) Greyhounds 66.4[0m

[1m[96m━━━ GAME 46: Chattanooga Mocs @ Samford Bulldogs ━━━[0m
[96m🕐 01/24 02:00 PM[0m

[93m📊 SPREAD:[0m
  Market: -4.5 | Model: +0.9 | Edge: +5.4
  [91m❌ NO BET[0m
  [96mEdge too small (+5.4)[0m

[93m🎯 TOTAL:[0m
  Market: 151.5 | Model: 144.2 | Edge: -7.3
  [92m✅ BET: UNDER 151.5[0m
  [96mHIGH confidence (EV: +44.2% | Win: 75.6%)[0m

[35m📈 Chattanooga Mocs 71.7, Samford Bulldogs 72.6[0m

[1m[96m━━━ GAME 47: Columbia Lions @ Dartmouth Big Green ━━━[0m
[96m🕐 01/24 02:00 PM[0m

[93m📊 SPREAD:[0m
  Market: +1.5 | Model: -2.6 | Edge: -4.1
  [91m❌ NO BET[0m
  [96mEdge too small (-4.1)[0m

[93m🎯 TOTAL:[0m
  Market: 156.5 | Model: 137.8 | Edge: -18.7
  [92m✅ BET: UNDER 156.5[0m
  [96mHIGH confidence (EV: +83.8% | Win: 96.3%)[0m

[35m📈 Columbia Lions 70.2, Dartmouth Big Green 67.6[0m

[1m[96m━━━ GAME 48: Cornell Big Red @ Harvard Crimson ━━━[0m
[96m🕐 01/24 02:00 PM[0m

[93m📊 SPREAD:[0m
  Market: -2.5 | Model: -3.3 | Edge: -0.8
  [91m❌ NO BET[0m
  [96mEdge too small (-0.8)[0m

[93m🎯 TOTAL:[0m
  Market: 163.5 | Model: 137.7 | Edge: -25.8
  [92m✅ BET: UNDER 163.5[0m
  [96mHIGH confidence (EV: +89.6% | Win: 99.3%)[0m

[35m📈 Cornell Big Red 70.5, Harvard Crimson 67.2[0m

[1m[96m━━━ GAME 49: Dayton Flyers @ Saint Joseph's Hawks ━━━[0m
[96m🕐 01/24 02:00 PM[0m

[93m📊 SPREAD:[0m
  Market: +5.5 | Model: -0.8 | Edge: -6.3
  [92m✅ BET: Saint Joseph's Hawks +5.5[0m
  [96mHIGH confidence (EV: +38.6% | Win: 72.6%)[0m

[93m🎯 TOTAL:[0m
  Market: 138.5 | Model: 144.1 | Edge: +5.6
  [91m❌ NO BET[0m
  [96mEdge too small (+5.6)[0m

[35m📈 Dayton Flyers 72.4, Saint Joseph's Hawks 71.6[0m

[1m[96m━━━ GAME 50: Northeastern Huskies @ Drexel Dragons ━━━[0m
[96m🕐 01/24 02:00 PM[0m

[93m📊 SPREAD:[0m
  Market: -5.5 | Model: +3.3 | Edge: +8.8
  [92m✅ BET: Northeastern Huskies +5.5[0m
  [96mHIGH confidence (EV: +52.8% | Win: 80.0%)[0m

[93m🎯 TOTAL:[0m
  Market: 140.5 | Model: 130.3 | Edge: -10.2
  [92m✅ BET: UNDER 140.5[0m
  [96mHIGH confidence (EV: +59.1% | Win: 83.4%)[0m

[35m📈 Northeastern Huskies 63.5, Drexel Dragons 66.8[0m

[1m[96m━━━ GAME 51: Duquesne Dukes @ Loyola (Chi) Ramblers ━━━[0m
[96m🕐 01/24 02:00 PM[0m

[93m📊 SPREAD:[0m
  Market: +4.5 | Model: +3.4 | Edge: -1.1
  [91m❌ NO BET[0m
  [96mEdge too small (-1.1)[0m

[93m🎯 TOTAL:[0m
  Market: 151.5 | Model: 136.3 | Edge: -15.2
  [92m✅ BET: UNDER 151.5[0m
  [96mHIGH confidence (EV: +76.7% | Win: 92.5%)[0m

[35m📈 Duquesne Dukes 66.5, Loyola (Chi) Ramblers 69.9[0m

[1m[96m━━━ GAME 52: Florida Int'l Golden Panthers @ New Mexico St Aggies ━━━[0m
[96m🕐 01/24 02:00 PM[0m

[93m📊 SPREAD:[0m
  Market: -7.5 | Model: -2.0 | Edge: +5.5
  [91m❌ NO BET[0m
  [96mEdge too small (+5.5)[0m

[93m🎯 TOTAL:[0m
  Market: 157.5 | Model: 159.2 | Edge: +1.7
  [91m❌ NO BET[0m
  [96mEdge too small (+1.7)[0m

[35m📈 Florida Int'l Golden Panthers 80.6, New Mexico St Aggies 78.6[0m

[1m[96m━━━ GAME 53: George Mason Patriots @ Rhode Island Rams ━━━[0m
[96m🕐 01/24 02:00 PM[0m

[93m📊 SPREAD:[0m
  Market: +2.5 | Model: +6.3 | Edge: +3.8
  [91m❌ NO BET[0m
  [96mEdge too small (+3.8)[0m

[93m🎯 TOTAL:[0m
  Market: 135.5 | Model: 141.9 | Edge: +6.4
  [92m✅ BET: OVER 135.5[0m
  [96mHIGH confidence (EV: +39.0% | Win: 72.8%)[0m

[35m📈 George Mason Patriots 67.8, Rhode Island Rams 74.1[0m

[1m[96m━━━ GAME 54: Houston Cougars @ Texas Tech Red Raiders ━━━[0m
[96m🕐 01/24 02:00 PM[0m

[93m📊 SPREAD:[0m
  Market: +1.5 | Model: +7.0 | Edge: +5.5
  [91m❌ NO BET[0m
  [96mEdge too small (+5.5)[0m

[93m🎯 TOTAL:[0m
  Market: 140.5 | Model: 163.2 | Edge: +22.7
  [92m✅ BET: OVER 140.5[0m
  [96mHIGH confidence (EV: +88.0% | Win: 98.5%)[0m

[35m📈 Houston Cougars 78.1, Texas Tech Red Raiders 85.1[0m

[1m[96m━━━ GAME 55: Morgan St Bears @ Howard Bison ━━━[0m
[96m🕐 01/24 02:00 PM[0m

[93m📊 SPREAD:[0m
  Market: -13.0 | Model: +5.4 | Edge: +18.4
  [92m✅ BET: Morgan St Bears +13.0[0m
  [96mHIGH confidence (EV: +83.4% | Win: 96.0%)[0m

[93m🎯 TOTAL:[0m
  Market: 147.0 | Model: 136.7 | Edge: -10.3
  [92m✅ BET: UNDER 147.0[0m
  [96mHIGH confidence (EV: +59.8% | Win: 83.7%)[0m

[35m📈 Morgan St Bears 65.6, Howard Bison 71.1[0m

[1m[96m━━━ GAME 56: Yale Bulldogs @ Pennsylvania Quakers ━━━[0m
[96m🕐 01/24 02:00 PM[0m

[93m📊 SPREAD:[0m
  Market: +7.5 | Model: +0.5 | Edge: -7.0
  [92m✅ BET: Pennsylvania Quakers +7.5[0m
  [96mHIGH confidence (EV: +42.6% | Win: 74.7%)[0m

[93m🎯 TOTAL:[0m
  Market: 157.5 | Model: 136.3 | Edge: -21.2
  [92m✅ BET: UNDER 157.5[0m
  [96mHIGH confidence (EV: +86.7% | Win: 97.8%)[0m

[35m📈 Yale Bulldogs 67.9, Pennsylvania Quakers 68.4[0m

[1m[96m━━━ GAME 57: Winthrop Eagles @ Presbyterian Blue Hose ━━━[0m
[96m🕐 01/24 02:00 PM[0m

[93m📊 SPREAD:[0m
  Market: +6.5 | Model: +2.9 | Edge: -3.6
  [91m❌ NO BET[0m
  [96mEdge too small (-3.6)[0m

[93m🎯 TOTAL:[0m
  Market: 145.0 | Model: 138.4 | Edge: -6.6
  [92m✅ BET: UNDER 145.0[0m
  [96mHIGH confidence (EV: +40.5% | Win: 73.6%)[0m

[35m📈 Winthrop Eagles 67.7, Presbyterian Blue Hose 70.6[0m

[1m[96m━━━ GAME 58: Western Kentucky Hilltoppers @ Sam Houston St Bearkats ━━━[0m
[96m🕐 01/24 02:00 PM[0m

[93m📊 SPREAD:[0m
  Market: -4.5 | Model: +7.9 | Edge: +12.4
  [92m✅ BET: Western Kentucky Hilltoppers +4.5[0m
  [96mHIGH confidence (EV: +68.4% | Win: 88.2%)[0m

[93m🎯 TOTAL:[0m
  Market: 160.5 | Model: 142.5 | Edge: -18.0
  [92m✅ BET: UNDER 160.5[0m
  [96mHIGH confidence (EV: +82.6% | Win: 95.7%)[0m

[35m📈 Western Kentucky Hilltoppers 67.3, Sam Houston St Bearkats 75.2[0m

[1m[96m━━━ GAME 59: St. Thomas (MN) Tommies @ South Dakota Coyotes ━━━[0m
[96m🕐 01/24 02:00 PM[0m

[93m📊 SPREAD:[0m
  Market: +9.5 | Model: +2.5 | Edge: -7.0
  [92m✅ BET: South Dakota Coyotes +9.5[0m
  [96mHIGH confidence (EV: +42.9% | Win: 74.8%)[0m

[93m🎯 TOTAL:[0m
  Market: 161.5 | Model: 145.4 | Edge: -16.1
  [92m✅ BET: UNDER 161.5[0m
  [96mHIGH confidence (EV: +78.8% | Win: 93.7%)[0m

[35m📈 St. Thomas (MN) Tommies 71.5, South Dakota Coyotes 74.0[0m

[1m[96m━━━ GAME 60: Miami Hurricanes @ Syracuse Orange ━━━[0m
[96m🕐 01/24 02:00 PM[0m

[93m📊 SPREAD:[0m
  Market: +1.5 | Model: +5.5 | Edge: +4.0
  [91m❌ NO BET[0m
  [96mEdge too small (+4.0)[0m

[93m🎯 TOTAL:[0m
  Market: 150.5 | Model: 141.7 | Edge: -8.8
  [92m✅ BET: UNDER 150.5[0m
  [96mHIGH confidence (EV: +52.4% | Win: 79.8%)[0m

[35m📈 Miami Hurricanes 68.1, Syracuse Orange 73.6[0m

[1m[96m━━━ GAME 61: Oklahoma Sooners @ Missouri Tigers ━━━[0m
[96m🕐 01/24 02:00 PM[0m

[93m📊 SPREAD:[0m
  Market: -4.5 | Model: +5.3 | Edge: +9.8
  [92m✅ BET: Oklahoma Sooners +4.5[0m
  [96mHIGH confidence (EV: +57.6% | Win: 82.5%)[0m

[93m🎯 TOTAL:[0m
  Market: 150.5 | Model: 156.6 | Edge: +6.1
  [92m✅ BET: OVER 150.5[0m
  [96mHIGH confidence (EV: +37.1% | Win: 71.8%)[0m

[35m📈 Oklahoma Sooners 75.6, Missouri Tigers 80.9[0m

[1m[96m━━━ GAME 62: Virginia Tech Hokies @ Louisville Cardinals ━━━[0m
[96m🕐 01/24 02:15 PM[0m

[93m📊 SPREAD:[0m
  Market: -11.5 | Model: +4.9 | Edge: +16.4
  [92m✅ BET: Virginia Tech Hokies +11.5[0m
  [96mHIGH confidence (EV: +79.6% | Win: 94.1%)[0m

[93m🎯 TOTAL:[0m
  Market: 159.5 | Model: 146.1 | Edge: -13.4
  [92m✅ BET: UNDER 159.5[0m
  [96mHIGH confidence (EV: +71.5% | Win: 89.8%)[0m

[35m📈 Virginia Tech Hokies 70.6, Louisville Cardinals 75.5[0m

[1m[96m━━━ GAME 63: Nicholls St Colonels @ SE Louisiana Lions ━━━[0m
[96m🕐 01/24 02:30 PM[0m

[93m📊 SPREAD:[0m
  Market: -1.0 | Model: +1.6 | Edge: +2.6
  [91m❌ NO BET[0m
  [96mEdge too small (+2.6)[0m

[93m🎯 TOTAL:[0m
  Market: 141.5 | Model: 131.7 | Edge: -9.8
  [92m✅ BET: UNDER 141.5[0m
  [96mHIGH confidence (EV: +57.4% | Win: 82.4%)[0m

[35m📈 Nicholls St Colonels 65.1, SE Louisiana Lions 66.7[0m

[1m[96m━━━ GAME 64: Queens University Royals @ West Georgia Wolves ━━━[0m
[96m🕐 01/24 02:30 PM[0m

[93m📊 SPREAD:[0m
  Market: +8.5 | Model: +2.2 | Edge: -6.3
  [92m✅ BET: West Georgia Wolves +8.5[0m
  [96mHIGH confidence (EV: +38.7% | Win: 72.6%)[0m

[93m🎯 TOTAL:[0m
  Market: 163.5 | Model: 132.2 | Edge: -31.3
  [92m✅ BET: UNDER 163.5[0m
  [96mHIGH confidence (EV: +90.6% | Win: 99.9%)[0m

[35m📈 Queens University Royals 65.0, West Georgia Wolves 67.2[0m

[1m[96m━━━ GAME 65: Tennessee Tech Golden Eagles @ SIU-Edwardsville Cougars ━━━[0m
[96m🕐 01/24 02:30 PM[0m

[93m📊 SPREAD:[0m
  Market: -7.5 | Model: +3.5 | Edge: +11.0
  [92m✅ BET: Tennessee Tech Golden Eagles +7.5[0m
  [96mHIGH confidence (EV: +63.0% | Win: 85.4%)[0m

[93m🎯 TOTAL:[0m
  Market: 135.5 | Model: 134.1 | Edge: -1.4
  [91m❌ NO BET[0m
  [96mEdge too small (-1.4)[0m

[35m📈 Tennessee Tech Golden Eagles 65.3, SIU-Edwardsville Cougars 68.8[0m

[1m[96m━━━ GAME 66: Oakland Golden Grizzlies @ Detroit Mercy Titans ━━━[0m
[96m🕐 01/24 03:00 PM[0m

[93m📊 SPREAD:[0m
  Market: +6.5 | Model: -1.0 | Edge: -7.5
  [92m✅ BET: Detroit Mercy Titans +6.5[0m
  [96mHIGH confidence (EV: +45.4% | Win: 76.2%)[0m

[93m🎯 TOTAL:[0m
  Market: 168.5 | Model: 127.8 | Edge: -40.7
  [91m❌ NO BET[0m
  [96m⚠️ SKIPPED: Edge too large (40.7 > 35.0) - likely model error[0m

[35m📈 Oakland Golden Grizzlies 64.4, Detroit Mercy Titans 63.4[0m

[1m[96m━━━ GAME 67: Eastern Kentucky Colonels @ Jacksonville Dolphins ━━━[0m
[96m🕐 01/24 03:00 PM[0m

[93m📊 SPREAD:[0m
  Market: +0.0 | Model: -2.0 | Edge: -2.0
  [91m❌ NO BET[0m
  [96mEdge too small (-2.0)[0m

[93m🎯 TOTAL:[0m
  Market: 139.5 | Model: 135.4 | Edge: -4.1
  [91m❌ NO BET[0m
  [96mEdge too small (-4.1)[0m

[35m📈 Eastern Kentucky Colonels 68.7, Jacksonville Dolphins 66.7[0m

[1m[96m━━━ GAME 68: Richmond Spiders @ GW Revolutionaries ━━━[0m
[96m🕐 01/24 03:00 PM[0m

[93m📊 SPREAD:[0m
  Market: -7.5 | Model: +2.7 | Edge: +10.2
  [92m✅ BET: Richmond Spiders +7.5[0m
  [96mHIGH confidence (EV: +59.3% | Win: 83.5%)[0m

[93m🎯 TOTAL:[0m
  Market: 159.5 | Model: 132.6 | Edge: -26.9
  [92m✅ BET: UNDER 159.5[0m
  [96mHIGH confidence (EV: +89.9% | Win: 99.5%)[0m

[35m📈 Richmond Spiders 64.9, GW Revolutionaries 67.6[0m

[1m[96m━━━ GAME 69: Troy Trojans @ Georgia Southern Eagles ━━━[0m
[96m🕐 01/24 03:00 PM[0m

[93m📊 SPREAD:[0m
  Market: +4.5 | Model: +3.0 | Edge: -1.5
  [91m❌ NO BET[0m
  [96mEdge too small (-1.5)[0m

[93m🎯 TOTAL:[0m
  Market: 159.5 | Model: 137.9 | Edge: -21.6
  [92m✅ BET: UNDER 159.5[0m
  [96mHIGH confidence (EV: +87.1% | Win: 98.0%)[0m

[35m📈 Troy Trojans 67.5, Georgia Southern Eagles 70.4[0m

[1m[96m━━━ GAME 70: Illinois Fighting Illini @ Purdue Boilermakers ━━━[0m
[96m🕐 01/24 03:00 PM[0m

[93m📊 SPREAD:[0m
  Market: -5.5 | Model: +4.9 | Edge: +10.4
  [92m✅ BET: Illinois Fighting Illini +5.5[0m
  [96mHIGH confidence (EV: +60.4% | Win: 84.0%)[0m

[93m🎯 TOTAL:[0m
  Market: 152.5 | Model: 158.7 | Edge: +6.2
  [92m✅ BET: OVER 152.5[0m
  [96mHIGH confidence (EV: +37.7% | Win: 72.1%)[0m

[35m📈 Illinois Fighting Illini 76.9, Purdue Boilermakers 81.8[0m

[1m[96m━━━ GAME 71: Iowa State Cyclones @ Oklahoma St Cowboys ━━━[0m
[96m🕐 01/24 03:00 PM[0m

[93m📊 SPREAD:[0m
  Market: +9.5 | Model: +4.9 | Edge: -4.6
  [91m❌ NO BET[0m
  [96mEdge too small (-4.6)[0m

[93m🎯 TOTAL:[0m
  Market: 162.5 | Model: 157.1 | Edge: -5.4
  [91m❌ NO BET[0m
  [96mEdge too small (-5.4)[0m

[35m📈 Iowa State Cyclones 76.1, Oklahoma St Cowboys 81.0[0m

[1m[96m━━━ GAME 72: Saint Peter's Peacocks @ Merrimack Warriors ━━━[0m
[96m🕐 01/24 03:00 PM[0m

[93m📊 SPREAD:[0m
  Market: -2.5 | Model: +3.9 | Edge: +6.4
  [92m✅ BET: Saint Peter's Peacocks +2.5[0m
  [96mHIGH confidence (EV: +39.3% | Win: 72.9%)[0m

[93m🎯 TOTAL:[0m
  Market: 134.5 | Model: 124.8 | Edge: -9.7
  [92m✅ BET: UNDER 134.5[0m
  [96mHIGH confidence (EV: +56.7% | Win: 82.1%)[0m

[35m📈 Saint Peter's Peacocks 60.5, Merrimack Warriors 64.4[0m

[1m[96m━━━ GAME 73: North Dakota St Bison @ Oral Roberts Golden Eagles ━━━[0m
[96m🕐 01/24 03:00 PM[0m

[93m📊 SPREAD:[0m
  Market: +8.5 | Model: +1.7 | Edge: -6.8
  [92m✅ BET: Oral Roberts Golden Eagles +8.5[0m
  [96mHIGH confidence (EV: +41.6% | Win: 74.2%)[0m

[93m🎯 TOTAL:[0m
  Market: 140.5 | Model: 132.1 | Edge: -8.4
  [92m✅ BET: UNDER 140.5[0m
  [96mHIGH confidence (EV: +50.4% | Win: 78.8%)[0m

[35m📈 North Dakota St Bison 65.2, Oral Roberts Golden Eagles 66.9[0m

[1m[96m━━━ GAME 74: UCF Knights @ Colorado Buffaloes ━━━[0m
[96m🕐 01/24 03:00 PM[0m

[93m📊 SPREAD:[0m
  Market: -2.5 | Model: -0.6 | Edge: +1.9
  [91m❌ NO BET[0m
  [96mEdge too small (+1.9)[0m

[93m🎯 TOTAL:[0m
  Market: 158.5 | Model: 152.8 | Edge: -5.7
  [91m❌ NO BET[0m
  [96mEdge too small (-5.7)[0m

[35m📈 UCF Knights 76.7, Colorado Buffaloes 76.1[0m

[1m[96m━━━ GAME 75: Alabama A&M Bulldogs @ Texas Southern Tigers ━━━[0m
[96m🕐 01/24 03:30 PM[0m

[93m📊 SPREAD:[0m
  Market: +1.5 | Model: +2.0 | Edge: +0.5
  [91m❌ NO BET[0m
  [96mEdge too small (+0.5)[0m

[93m🎯 TOTAL:[0m
  Market: 146.5 | Model: 131.2 | Edge: -15.3
  [92m✅ BET: UNDER 146.5[0m
  [96mHIGH confidence (EV: +77.0% | Win: 92.7%)[0m

[35m📈 Alabama A&M Bulldogs 64.6, Texas Southern Tigers 66.6[0m

[1m[96m━━━ GAME 76: Kent State Golden Flashes @ Eastern Michigan Eagles ━━━[0m
[96m🕐 01/24 03:30 PM[0m

[93m📊 SPREAD:[0m
  Market: +4.5 | Model: +5.6 | Edge: +1.1
  [91m❌ NO BET[0m
  [96mEdge too small (+1.1)[0m

[93m🎯 TOTAL:[0m
  Market: 155.5 | Model: 134.0 | Edge: -21.5
  [92m✅ BET: UNDER 155.5[0m
  [96mHIGH confidence (EV: +87.0% | Win: 98.0%)[0m

[35m📈 Kent State Golden Flashes 64.2, Eastern Michigan Eagles 69.8[0m

[1m[96m━━━ GAME 77: Tennessee St Tigers @ Lindenwood Lions ━━━[0m
[96m🕐 01/24 03:30 PM[0m

[93m📊 SPREAD:[0m
  Market: -3.5 | Model: -2.8 | Edge: +0.7
  [91m❌ NO BET[0m
  [96mEdge too small (+0.7)[0m

[93m🎯 TOTAL:[0m
  Market: 160.5 | Model: 145.4 | Edge: -15.1
  [92m✅ BET: UNDER 160.5[0m
  [96mHIGH confidence (EV: +76.6% | Win: 92.5%)[0m

[35m📈 Tennessee St Tigers 74.1, Lindenwood Lions 71.3[0m

[1m[96m━━━ GAME 78: New Orleans Privateers @ McNeese Cowboys ━━━[0m
[96m🕐 01/24 03:30 PM[0m

[93m📊 SPREAD:[0m
  Market: -18.5 | Model: +3.2 | Edge: +21.7
  [92m✅ BET: New Orleans Privateers +18.5[0m
  [96mHIGH confidence (EV: +87.2% | Win: 98.0%)[0m

[93m🎯 TOTAL:[0m
  Market: 156.5 | Model: 132.8 | Edge: -23.7
  [92m✅ BET: UNDER 156.5[0m
  [96mHIGH confidence (EV: +88.6% | Win: 98.8%)[0m

[35m📈 New Orleans Privateers 64.8, McNeese Cowboys 68.0[0m

[1m[96m━━━ GAME 79: Air Force Falcons @ Boise State Broncos ━━━[0m
[96m🕐 01/24 04:00 PM[0m

[93m📊 SPREAD:[0m
  Market: -23.5 | Model: +7.7 | Edge: +31.2
  [92m✅ BET: Air Force Falcons +23.5[0m
  [96mHIGH confidence (EV: +90.6% | Win: 99.9%)[0m

[93m🎯 TOTAL:[0m
  Market: 134.5 | Model: 135.3 | Edge: +0.8
  [91m❌ NO BET[0m
  [96mEdge too small (+0.8)[0m

[35m📈 Air Force Falcons 63.8, Boise State Broncos 71.5[0m

[1m[96m━━━ GAME 80: Jackson St Tigers @ Bethune-Cookman Wildcats ━━━[0m
[96m🕐 01/24 04:00 PM[0m

[93m📊 SPREAD:[0m
  Market: -9.0 | Model: +0.4 | Edge: +9.4
  [92m✅ BET: Jackson St Tigers +9.0[0m
  [96mHIGH confidence (EV: +55.5% | Win: 81.5%)[0m

[93m🎯 TOTAL:[0m
  Market: 158.5 | Model: 134.6 | Edge: -23.9
  [92m✅ BET: UNDER 158.5[0m
  [96mHIGH confidence (EV: +88.7% | Win: 98.9%)[0m

[35m📈 Jackson St Tigers 67.1, Bethune-Cookman Wildcats 67.5[0m

[1m[96m━━━ GAME 81: North Dakota Fighting Hawks @ Denver Pioneers ━━━[0m
[96m🕐 01/24 04:00 PM[0m

[93m📊 SPREAD:[0m
  Market: -4.5 | Model: -1.7 | Edge: +2.8
  [91m❌ NO BET[0m
  [96mEdge too small (+2.8)[0m

[93m🎯 TOTAL:[0m
  Market: 162.5 | Model: 132.5 | Edge: -30.0
  [92m✅ BET: UNDER 162.5[0m
  [96mHIGH confidence (EV: +90.5% | Win: 99.8%)[0m

[35m📈 North Dakota Fighting Hawks 67.1, Denver Pioneers 65.4[0m

[1m[96m━━━ GAME 82: Stephen F. Austin Lumberjacks @ Lamar Cardinals ━━━[0m
[96m🕐 01/24 04:00 PM[0m

[93m📊 SPREAD:[0m
  Market: +3.5 | Model: +5.3 | Edge: +1.8
  [91m❌ NO BET[0m
  [96mEdge too small (+1.8)[0m

[93m🎯 TOTAL:[0m
  Market: 134.5 | Model: 130.4 | Edge: -4.1
  [91m❌ NO BET[0m
  [96mEdge too small (-4.1)[0m

[35m📈 Stephen F. Austin Lumberjacks 62.6, Lamar Cardinals 67.8[0m

[1m[96m━━━ GAME 83: Memphis Tigers @ Wichita St Shockers ━━━[0m
[96m🕐 01/24 04:00 PM[0m

[93m📊 SPREAD:[0m
  Market: -3.5 | Model: +1.4 | Edge: +4.9
  [91m❌ NO BET[0m
  [96mEdge too small (+4.9)[0m

[93m🎯 TOTAL:[0m
  Market: 145.5 | Model: 144.9 | Edge: -0.6
  [91m❌ NO BET[0m
  [96mEdge too small (-0.6)[0m

[35m📈 Memphis Tigers 71.7, Wichita St Shockers 73.1[0m

[1m[96m━━━ GAME 84: Missouri St Bears @ UTEP Miners ━━━[0m
[96m🕐 01/24 04:00 PM[0m

[93m📊 SPREAD:[0m
  Market: +1.5 | Model: -3.5 | Edge: -5.0
  [91m❌ NO BET[0m
  [96mEdge too small (-5.0)[0m

[93m🎯 TOTAL:[0m
  Market: 140.5 | Model: 149.6 | Edge: +9.1
  [92m✅ BET: OVER 140.5[0m
  [96mHIGH confidence (EV: +54.3% | Win: 80.8%)[0m

[35m📈 Missouri St Bears 76.6, UTEP Miners 73.1[0m

[1m[96m━━━ GAME 85: Rider Broncs @ Mt. St. Mary's Mountaineers ━━━[0m
[96m🕐 01/24 04:00 PM[0m

[93m📊 SPREAD:[0m
  Market: -7.5 | Model: +2.4 | Edge: +9.9
  [92m✅ BET: Rider Broncs +7.5[0m
  [96mHIGH confidence (EV: +57.9% | Win: 82.7%)[0m

[93m🎯 TOTAL:[0m
  Market: 139.5 | Model: 131.5 | Edge: -8.0
  [92m✅ BET: UNDER 139.5[0m
  [96mHIGH confidence (EV: +48.5% | Win: 77.8%)[0m

[35m📈 Rider Broncs 64.5, Mt. St. Mary's Mountaineers 66.9[0m

[1m[96m━━━ GAME 86: Murray St Racers @ Northern Iowa Panthers ━━━[0m
[96m🕐 01/24 04:00 PM[0m

[93m📊 SPREAD:[0m
  Market: +1.5 | Model: +5.0 | Edge: +3.5
  [91m❌ NO BET[0m
  [96mEdge too small (+3.5)[0m

[93m🎯 TOTAL:[0m
  Market: 146.5 | Model: 139.0 | Edge: -7.5
  [92m✅ BET: UNDER 146.5[0m
  [96mHIGH confidence (EV: +45.5% | Win: 76.2%)[0m

[35m📈 Murray St Racers 67.0, Northern Iowa Panthers 72.0[0m

[1m[96m━━━ GAME 87: San Diego St Aztecs @ UNLV Rebels ━━━[0m
[96m🕐 01/24 04:00 PM[0m

[93m📊 SPREAD:[0m
  Market: +5.5 | Model: +4.1 | Edge: -1.4
  [91m❌ NO BET[0m
  [96mEdge too small (-1.4)[0m

[93m🎯 TOTAL:[0m
  Market: 148.5 | Model: 138.0 | Edge: -10.5
  [92m✅ BET: UNDER 148.5[0m
  [96mHIGH confidence (EV: +60.7% | Win: 84.2%)[0m

[35m📈 San Diego St Aztecs 67.0, UNLV Rebels 71.0[0m

[1m[96m━━━ GAME 88: San José St Spartans @ Wyoming Cowboys ━━━[0m
[96m🕐 01/24 04:00 PM[0m

[93m📊 SPREAD:[0m
  Market: -13.5 | Model: +2.5 | Edge: +16.0
  [92m✅ BET: San José St Spartans +13.5[0m
  [96mHIGH confidence (EV: +78.8% | Win: 93.7%)[0m

[93m🎯 TOTAL:[0m
  Market: 142.5 | Model: 135.5 | Edge: -7.0
  [92m✅ BET: UNDER 142.5[0m
  [96mHIGH confidence (EV: +42.8% | Win: 74.8%)[0m

[35m📈 San José St Spartans 66.5, Wyoming Cowboys 69.0[0m

[1m[96m━━━ GAME 89: Auburn Tigers @ Florida Gators ━━━[0m
[96m🕐 01/24 04:00 PM[0m

[93m📊 SPREAD:[0m
  Market: -11.5 | Model: +2.9 | Edge: +14.4
  [92m✅ BET: Auburn Tigers +11.5[0m
  [96mHIGH confidence (EV: +74.7% | Win: 91.5%)[0m

[93m🎯 TOTAL:[0m
  Market: 163.5 | Model: 164.5 | Edge: +1.0
  [91m❌ NO BET[0m
  [96mEdge too small (+1.0)[0m

[35m📈 Auburn Tigers 80.8, Florida Gators 83.7[0m

[1m[96m━━━ GAME 90: Florida St Seminoles @ SMU Mustangs ━━━[0m
[96m🕐 01/24 04:00 PM[0m

[93m📊 SPREAD:[0m
  Market: -12.5 | Model: -2.3 | Edge: +10.2
  [92m✅ BET: Florida St Seminoles +12.5[0m
  [96mHIGH confidence (EV: +59.4% | Win: 83.5%)[0m

[93m🎯 TOTAL:[0m
  Market: 166.5 | Model: 152.9 | Edge: -13.6
  [92m✅ BET: UNDER 166.5[0m
  [96mHIGH confidence (EV: +72.4% | Win: 90.3%)[0m

[35m📈 Florida St Seminoles 77.6, SMU Mustangs 75.3[0m

[1m[96m━━━ GAME 91: UT Rio Grande Valley Vaqueros @ Houston Christian Huskies ━━━[0m
[96m🕐 01/24 04:30 PM[0m

[93m📊 SPREAD:[0m
  Market: +2.5 | Model: +2.1 | Edge: -0.4
  [91m❌ NO BET[0m
  [96mEdge too small (-0.4)[0m

[93m🎯 TOTAL:[0m
  Market: 139.5 | Model: 131.5 | Edge: -8.0
  [92m✅ BET: UNDER 139.5[0m
  [96mHIGH confidence (EV: +48.4% | Win: 77.8%)[0m

[35m📈 UT Rio Grande Valley Vaqueros 64.7, Houston Christian Huskies 66.8[0m

[1m[96m━━━ GAME 92: Texas A&M-CC Islanders @ Incarnate Word Cardinals ━━━[0m
[96m🕐 01/24 04:30 PM[0m

[93m📊 SPREAD:[0m
  Market: +6.5 | Model: +4.0 | Edge: -2.5
  [91m❌ NO BET[0m
  [96mEdge too small (-2.5)[0m

[93m🎯 TOTAL:[0m
  Market: 134.0 | Model: 142.3 | Edge: +8.3
  [92m✅ BET: OVER 134.0[0m
  [96mHIGH confidence (EV: +50.0% | Win: 78.6%)[0m

[35m📈 Texas A&M-CC Islanders 69.2, Incarnate Word Cardinals 73.2[0m

[1m[96m━━━ GAME 93: LSU Tigers @ Arkansas Razorbacks ━━━[0m
[96m🕐 01/24 05:00 PM[0m

[93m📊 SPREAD:[0m
  Market: -10.5 | Model: +3.8 | Edge: +14.3
  [92m✅ BET: LSU Tigers +10.5[0m
  [96mHIGH confidence (EV: +74.3% | Win: 91.3%)[0m

[93m🎯 TOTAL:[0m
  Market: 163.5 | Model: 146.8 | Edge: -16.7
  [92m✅ BET: UNDER 163.5[0m
  [96mHIGH confidence (EV: +80.2% | Win: 94.4%)[0m

[35m📈 LSU Tigers 71.5, Arkansas Razorbacks 75.3[0m

[1m[96m━━━ GAME 94: Bowling Green Falcons @ Toledo Rockets ━━━[0m
[96m🕐 01/24 05:00 PM[0m

[93m📊 SPREAD:[0m
  Market: +1.5 | Model: +10.4 | Edge: +8.9
  [92m✅ BET: Bowling Green Falcons -1.5[0m
  [96mHIGH confidence (EV: +53.0% | Win: 80.1%)[0m

[93m🎯 TOTAL:[0m
  Market: 158.5 | Model: 134.5 | Edge: -24.0
  [92m✅ BET: UNDER 158.5[0m
  [96mHIGH confidence (EV: +88.8% | Win: 98.9%)[0m

[35m📈 Bowling Green Falcons 62.1, Toledo Rockets 72.5[0m

[1m[96m━━━ GAME 95: VCU Rams @ Davidson Wildcats ━━━[0m
[96m🕐 01/24 05:00 PM[0m

[93m📊 SPREAD:[0m
  Market: +5.5 | Model: +6.1 | Edge: +0.6
  [91m❌ NO BET[0m
  [96mEdge too small (+0.6)[0m

[93m🎯 TOTAL:[0m
  Market: 148.5 | Model: 138.2 | Edge: -10.3
  [92m✅ BET: UNDER 148.5[0m
  [96mHIGH confidence (EV: +59.9% | Win: 83.8%)[0m

[35m📈 VCU Rams 66.0, Davidson Wildcats 72.1[0m

[1m[96m━━━ GAME 96: Sacramento St Hornets @ Eastern Washington Eagles ━━━[0m
[96m🕐 01/24 05:00 PM[0m

[93m📊 SPREAD:[0m
  Market: -5.5 | Model: +3.4 | Edge: +8.9
  [92m✅ BET: Sacramento St Hornets +5.5[0m
  [96mHIGH confidence (EV: +53.3% | Win: 80.3%)[0m

[93m🎯 TOTAL:[0m
  Market: 164.5 | Model: 134.5 | Edge: -30.0
  [92m✅ BET: UNDER 164.5[0m
  [96mHIGH confidence (EV: +90.5% | Win: 99.8%)[0m

[35m📈 Sacramento St Hornets 65.5, Eastern Washington Eagles 69.0[0m

[1m[96m━━━ GAME 97: Portland St Vikings @ Idaho Vandals ━━━[0m
[96m🕐 01/24 05:00 PM[0m

[93m📊 SPREAD:[0m
  Market: -2.5 | Model: +4.7 | Edge: +7.2
  [92m✅ BET: Portland St Vikings +2.5[0m
  [96mHIGH confidence (EV: +43.8% | Win: 75.3%)[0m

[93m🎯 TOTAL:[0m
  Market: 144.5 | Model: 131.8 | Edge: -12.7
  [92m✅ BET: UNDER 144.5[0m
  [96mHIGH confidence (EV: +69.3% | Win: 88.7%)[0m

[35m📈 Portland St Vikings 63.6, Idaho Vandals 68.2[0m

[1m[96m━━━ GAME 98: UC Riverside Highlanders @ UC Davis Aggies ━━━[0m
[96m🕐 01/24 05:00 PM[0m

[93m📊 SPREAD:[0m
  Market: -8.5 | Model: -2.6 | Edge: +5.9
  [91m❌ NO BET[0m
  [96mEdge too small (+5.9)[0m

[93m🎯 TOTAL:[0m
  Market: 150.5 | Model: 133.8 | Edge: -16.7
  [92m✅ BET: UNDER 150.5[0m
  [96mHIGH confidence (EV: +80.2% | Win: 94.4%)[0m

[35m📈 UC Riverside Highlanders 68.2, UC Davis Aggies 65.6[0m

[1m[96m━━━ GAME 99: Seton Hall Pirates @ DePaul Blue Demons ━━━[0m
[96m🕐 01/24 05:00 PM[0m

[93m📊 SPREAD:[0m
  Market: +2.5 | Model: +7.5 | Edge: +5.0
  [91m❌ NO BET[0m
  [96mEdge too small (+5.0)[0m

[93m🎯 TOTAL:[0m
  Market: 133.5 | Model: 135.6 | Edge: +2.1
  [91m❌ NO BET[0m
  [96mEdge too small (+2.1)[0m

[35m📈 Seton Hall Pirates 64.0, DePaul Blue Demons 71.6[0m

[1m[96m━━━ GAME 100: Alabama St Hornets @ Prairie View Panthers ━━━[0m
[96m🕐 01/24 05:30 PM[0m

[93m📊 SPREAD:[0m
  Market: -4.5 | Model: -2.7 | Edge: +1.8
  [91m❌ NO BET[0m
  [96mEdge too small (+1.8)[0m

[93m🎯 TOTAL:[0m
  Market: 157.5 | Model: 145.7 | Edge: -11.8
  [92m✅ BET: UNDER 157.5[0m
  [96mHIGH confidence (EV: +65.9% | Win: 86.9%)[0m

[35m📈 Alabama St Hornets 74.2, Prairie View Panthers 71.5[0m

[1m[96m━━━ GAME 101: Utah Utes @ BYU Cougars ━━━[0m
[96m🕐 01/24 05:30 PM[0m

[93m📊 SPREAD:[0m
  Market: -19.5 | Model: +1.3 | Edge: +20.8
  [92m✅ BET: Utah Utes +19.5[0m
  [96mHIGH confidence (EV: +86.4% | Win: 97.6%)[0m

[93m🎯 TOTAL:[0m
  Market: 166.5 | Model: 145.3 | Edge: -21.2
  [92m✅ BET: UNDER 166.5[0m
  [96mHIGH confidence (EV: +86.7% | Win: 97.8%)[0m

[35m📈 Utah Utes 72.0, BYU Cougars 73.3[0m

[1m[96m━━━ GAME 102: Alcorn St Braves @ Florida A&M Rattlers ━━━[0m
[96m🕐 01/24 06:00 PM[0m

[93m📊 SPREAD:[0m
  Market: -7.0 | Model: +3.7 | Edge: +10.7
  [92m✅ BET: Alcorn St Braves +7.0[0m
  [96mHIGH confidence (EV: +61.4% | Win: 84.5%)[0m

[93m🎯 TOTAL:[0m
  Market: 143.5 | Model: 133.6 | Edge: -9.9
  [92m✅ BET: UNDER 143.5[0m
  [96mHIGH confidence (EV: +57.9% | Win: 82.7%)[0m

[35m📈 Alcorn St Braves 65.0, Florida A&M Rattlers 68.6[0m

[1m[96m━━━ GAME 103: Arkansas-Pine Bluff Golden Lions @ Southern Jaguars ━━━[0m
[96m🕐 01/24 06:00 PM[0m

[93m📊 SPREAD:[0m
  Market: -8.0 | Model: -0.7 | Edge: +7.3
  [92m✅ BET: Arkansas-Pine Bluff Golden Lions +8.0[0m
  [96mHIGH confidence (EV: +44.2% | Win: 75.5%)[0m

[93m🎯 TOTAL:[0m
  Market: 154.0 | Model: 130.0 | Edge: -24.0
  [92m✅ BET: UNDER 154.0[0m
  [96mHIGH confidence (EV: +88.8% | Win: 98.9%)[0m

[35m📈 Arkansas-Pine Bluff Golden Lions 65.4, Southern Jaguars 64.6[0m

[1m[96m━━━ GAME 104: Central Michigan Chippewas @ Western Michigan Broncos ━━━[0m
[96m🕐 01/24 06:00 PM[0m

[93m📊 SPREAD:[0m
  Market: -4.5 | Model: +3.0 | Edge: +7.5
  [92m✅ BET: Central Michigan Chippewas +4.5[0m
  [96mHIGH confidence (EV: +45.4% | Win: 76.2%)[0m

[93m🎯 TOTAL:[0m
  Market: 150.5 | Model: 134.0 | Edge: -16.5
  [92m✅ BET: UNDER 150.5[0m
  [96mHIGH confidence (EV: +79.9% | Win: 94.2%)[0m

[35m📈 Central Michigan Chippewas 65.5, Western Michigan Broncos 68.5[0m

[1m[96m━━━ GAME 105: Idaho State Bengals @ Montana Grizzlies ━━━[0m
[96m🕐 01/24 06:00 PM[0m

[93m📊 SPREAD:[0m
  Market: -4.5 | Model: +4.8 | Edge: +9.3
  [92m✅ BET: Idaho State Bengals +4.5[0m
  [96mHIGH confidence (EV: +55.2% | Win: 81.3%)[0m

[93m🎯 TOTAL:[0m
  Market: 152.5 | Model: 135.0 | Edge: -17.5
  [92m✅ BET: UNDER 152.5[0m
  [96mHIGH confidence (EV: +81.8% | Win: 95.3%)[0m

[35m📈 Idaho State Bengals 65.1, Montana Grizzlies 69.9[0m

[1m[96m━━━ GAME 106: Pepperdine Waves @ Washington St Cougars ━━━[0m
[96m🕐 01/24 06:00 PM[0m

[93m📊 SPREAD:[0m
  Market: -10.5 | Model: +3.5 | Edge: +14.0
  [92m✅ BET: Pepperdine Waves +10.5[0m
  [96mHIGH confidence (EV: +73.5% | Win: 90.9%)[0m

[93m🎯 TOTAL:[0m
  Market: 146.5 | Model: 141.5 | Edge: -5.0
  [91m❌ NO BET[0m
  [96mEdge too small (-5.0)[0m

[35m📈 Pepperdine Waves 69.0, Washington St Cougars 72.5[0m

[1m[96m━━━ GAME 107: Boston College Eagles @ Notre Dame Fighting Irish ━━━[0m
[96m🕐 01/24 06:00 PM[0m

[93m📊 SPREAD:[0m
  Market: -7.5 | Model: +4.6 | Edge: +12.1
  [92m✅ BET: Boston College Eagles +7.5[0m
  [96mHIGH confidence (EV: +67.2% | Win: 87.6%)[0m

[93m🎯 TOTAL:[0m
  Market: 134.5 | Model: 137.2 | Edge: +2.7
  [91m❌ NO BET[0m
  [96mEdge too small (+2.7)[0m

[35m📈 Boston College Eagles 66.3, Notre Dame Fighting Irish 70.9[0m

[1m[96m━━━ GAME 108: TCU Horned Frogs @ Baylor Bears ━━━[0m
[96m🕐 01/24 06:00 PM[0m

[93m📊 SPREAD:[0m
  Market: -3.5 | Model: +10.1 | Edge: +13.6
  [92m✅ BET: TCU Horned Frogs +3.5[0m
  [96mHIGH confidence (EV: +72.2% | Win: 90.2%)[0m

[93m🎯 TOTAL:[0m
  Market: 148.5 | Model: 151.4 | Edge: +2.9
  [91m❌ NO BET[0m
  [96mEdge too small (+2.9)[0m

[35m📈 TCU Horned Frogs 70.7, Baylor Bears 80.8[0m

[1m[96m━━━ GAME 109: Northwestern Wildcats @ UCLA Bruins ━━━[0m
[96m🕐 01/24 06:00 PM[0m

[93m📊 SPREAD:[0m
  Market: -7.5 | Model: +4.0 | Edge: +11.5
  [92m✅ BET: Northwestern Wildcats +7.5[0m
  [96mHIGH confidence (EV: +65.0% | Win: 86.4%)[0m

[93m🎯 TOTAL:[0m
  Market: 143.5 | Model: 152.5 | Edge: +9.0
  [92m✅ BET: OVER 143.5[0m
  [96mHIGH confidence (EV: +53.6% | Win: 80.4%)[0m

[35m📈 Northwestern Wildcats 74.2, UCLA Bruins 78.3[0m

[1m[96m━━━ GAME 110: CSU Fullerton Titans @ Cal Poly Mustangs ━━━[0m
[96m🕐 01/24 07:00 PM[0m

[93m📊 SPREAD:[0m
  Market: +1.5 | Model: +6.4 | Edge: +4.9
  [91m❌ NO BET[0m
  [96mEdge too small (+4.9)[0m

[93m🎯 TOTAL:[0m
  Market: 171.5 | Model: 144.8 | Edge: -26.7
  [92m✅ BET: UNDER 171.5[0m
  [96mHIGH confidence (EV: +89.9% | Win: 99.4%)[0m

[35m📈 CSU Fullerton Titans 69.2, Cal Poly Mustangs 75.6[0m

[1m[96m━━━ GAME 111: Canisius Golden Griffins @ Fairfield Stags ━━━[0m
[96m🕐 01/24 07:00 PM[0m

[93m📊 SPREAD:[0m
  Market: -10.5 | Model: +0.6 | Edge: +11.1
  [92m✅ BET: Canisius Golden Griffins +10.5[0m
  [96mHIGH confidence (EV: +63.2% | Win: 85.5%)[0m

[93m🎯 TOTAL:[0m
  Market: 141.5 | Model: 121.3 | Edge: -20.2
  [92m✅ BET: UNDER 141.5[0m
  [96mHIGH confidence (EV: +85.8% | Win: 97.3%)[0m

[35m📈 Canisius Golden Griffins 60.3, Fairfield Stags 60.9[0m

[1m[96m━━━ GAME 112: Manhattan Jaspers @ Iona Gaels ━━━[0m
[96m🕐 01/24 07:00 PM[0m

[93m📊 SPREAD:[0m
  Market: -8.5 | Model: -3.0 | Edge: +5.5
  [91m❌ NO BET[0m
  [96mEdge too small (+5.5)[0m

[93m🎯 TOTAL:[0m
  Market: 152.5 | Model: 130.0 | Edge: -22.5
  [92m✅ BET: UNDER 152.5[0m
  [96mHIGH confidence (EV: +87.8% | Win: 98.4%)[0m

[35m📈 Manhattan Jaspers 66.5, Iona Gaels 63.5[0m

[1m[96m━━━ GAME 113: Lafayette Leopards @ Lehigh Mountain Hawks ━━━[0m
[96m🕐 01/24 07:00 PM[0m

[93m📊 SPREAD:[0m
  Market: -4.0 | Model: +4.6 | Edge: +8.6
  [92m✅ BET: Lafayette Leopards +4.0[0m
  [96mHIGH confidence (EV: +51.4% | Win: 79.3%)[0m

[93m🎯 TOTAL:[0m
  Market: 142.0 | Model: 126.4 | Edge: -15.6
  [92m✅ BET: UNDER 142.0[0m
  [96mHIGH confidence (EV: +77.7% | Win: 93.1%)[0m

[35m📈 Lafayette Leopards 60.9, Lehigh Mountain Hawks 65.5[0m

[1m[96m━━━ GAME 114: UC Santa Barbara Gauchos @ Long Beach St 49ers ━━━[0m
[96m🕐 01/24 07:00 PM[0m

[93m📊 SPREAD:[0m
  Market: +4.5 | Model: +1.4 | Edge: -3.1
  [91m❌ NO BET[0m
  [96mEdge too small (-3.1)[0m

[93m🎯 TOTAL:[0m
  Market: 143.5 | Model: 137.7 | Edge: -5.8
  [91m❌ NO BET[0m
  [96mEdge too small (-5.8)[0m

[35m📈 UC Santa Barbara Gauchos 68.1, Long Beach St 49ers 69.6[0m

[1m[96m━━━ GAME 115: Seattle Redhawks @ Pacific Tigers ━━━[0m
[96m🕐 01/24 07:00 PM[0m

[93m📊 SPREAD:[0m
  Market: -2.5 | Model: +4.4 | Edge: +6.9
  [92m✅ BET: Seattle Redhawks +2.5[0m
  [96mHIGH confidence (EV: +41.8% | Win: 74.3%)[0m

[93m🎯 TOTAL:[0m
  Market: 137.5 | Model: 133.8 | Edge: -3.7
  [91m❌ NO BET[0m
  [96mEdge too small (-3.7)[0m

[35m📈 Seattle Redhawks 64.7, Pacific Tigers 69.1[0m

[1m[96m━━━ GAME 116: Grand Canyon Antelopes @ Fresno St Bulldogs ━━━[0m
[96m🕐 01/24 07:30 PM[0m

[93m📊 SPREAD:[0m
  Market: +3.5 | Model: +3.6 | Edge: +0.1
  [91m❌ NO BET[0m
  [96mEdge too small (+0.1)[0m

[93m🎯 TOTAL:[0m
  Market: 141.5 | Model: 140.8 | Edge: -0.7
  [91m❌ NO BET[0m
  [96mEdge too small (-0.7)[0m

[35m📈 Grand Canyon Antelopes 68.6, Fresno St Bulldogs 72.2[0m

[1m[96m━━━ GAME 117: UIC Flames @ Bradley Braves ━━━[0m
[96m🕐 01/24 08:00 PM[0m

[93m📊 SPREAD:[0m
  Market: -6.5 | Model: +5.4 | Edge: +11.9
  [92m✅ BET: UIC Flames +6.5[0m
  [96mHIGH confidence (EV: +66.4% | Win: 87.1%)[0m

[93m🎯 TOTAL:[0m
  Market: 143.5 | Model: 140.4 | Edge: -3.1
  [91m❌ NO BET[0m
  [96mEdge too small (-3.1)[0m

[35m📈 UIC Flames 67.5, Bradley Braves 72.9[0m

[1m[96m━━━ GAME 118: Utah Valley Wolverines @ Cal Baptist Lancers ━━━[0m
[96m🕐 01/24 08:00 PM[0m

[93m📊 SPREAD:[0m
  Market: +1.5 | Model: +3.7 | Edge: +2.2
  [91m❌ NO BET[0m
  [96mEdge too small (+2.2)[0m

[93m🎯 TOTAL:[0m
  Market: 148.5 | Model: 140.5 | Edge: -8.0
  [92m✅ BET: UNDER 148.5[0m
  [96mHIGH confidence (EV: +48.3% | Win: 77.7%)[0m

[35m📈 Utah Valley Wolverines 68.4, Cal Baptist Lancers 72.1[0m

[1m[96m━━━ GAME 119: San Francisco Dons @ Gonzaga Bulldogs ━━━[0m
[96m🕐 01/24 08:00 PM[0m

[93m📊 SPREAD:[0m
  Market: -17.5 | Model: +7.5 | Edge: +25.0
  [92m✅ BET: San Francisco Dons +17.5[0m
  [96mHIGH confidence (EV: +89.3% | Win: 99.1%)[0m

[93m🎯 TOTAL:[0m
  Market: 151.5 | Model: 155.9 | Edge: +4.4
  [91m❌ NO BET[0m
  [96mEdge too small (+4.4)[0m

[35m📈 San Francisco Dons 74.2, Gonzaga Bulldogs 81.7[0m

[1m[96m━━━ GAME 120: Weber State Wildcats @ Montana St Bobcats ━━━[0m
[96m🕐 01/24 08:00 PM[0m

[93m📊 SPREAD:[0m
  Market: -8.5 | Model: +6.1 | Edge: +14.6
  [92m✅ BET: Weber State Wildcats +8.5[0m
  [96mHIGH confidence (EV: +75.2% | Win: 91.8%)[0m

[93m🎯 TOTAL:[0m
  Market: 148.5 | Model: 132.1 | Edge: -16.4
  [92m✅ BET: UNDER 148.5[0m
  [96mHIGH confidence (EV: +79.5% | Win: 94.0%)[0m

[35m📈 Weber State Wildcats 63.0, Montana St Bobcats 69.1[0m

[1m[96m━━━ GAME 121: N Colorado Bears @ Northern Arizona Lumberjacks ━━━[0m
[96m🕐 01/24 08:00 PM[0m

[93m📊 SPREAD:[0m
  Market: +5.5 | Model: +4.2 | Edge: -1.3
  [91m❌ NO BET[0m
  [96mEdge too small (-1.3)[0m

[93m🎯 TOTAL:[0m
  Market: 147.5 | Model: 139.1 | Edge: -8.4
  [92m✅ BET: UNDER 147.5[0m
  [96mHIGH confidence (EV: +50.6% | Win: 78.9%)[0m

[35m📈 N Colorado Bears 67.4, Northern Arizona Lumberjacks 71.6[0m

[1m[96m━━━ GAME 122: Nevada Wolf Pack @ New Mexico Lobos ━━━[0m
[96m🕐 01/24 08:00 PM[0m

[93m📊 SPREAD:[0m
  Market: -7.5 | Model: +0.3 | Edge: +7.8
  [92m✅ BET: Nevada Wolf Pack +7.5[0m
  [96mHIGH confidence (EV: +47.4% | Win: 77.2%)[0m

[93m🎯 TOTAL:[0m
  Market: 149.5 | Model: 146.3 | Edge: -3.2
  [91m❌ NO BET[0m
  [96mEdge too small (-3.2)[0m

[35m📈 Nevada Wolf Pack 73.0, New Mexico Lobos 73.3[0m

[1m[96m━━━ GAME 123: Omaha Mavericks @ UMKC Kangaroos ━━━[0m
[96m🕐 01/24 08:00 PM[0m

[93m📊 SPREAD:[0m
  Market: +3.5 | Model: +0.0 | Edge: -3.5
  [91m❌ NO BET[0m
  [96mEdge too small (-3.5)[0m

[93m🎯 TOTAL:[0m
  Market: 149.5 | Model: 138.7 | Edge: -10.8
  [92m✅ BET: UNDER 149.5[0m
  [96mHIGH confidence (EV: +61.8% | Win: 84.8%)[0m

[35m📈 Omaha Mavericks 69.3, UMKC Kangaroos 69.4[0m

[1m[96m━━━ GAME 124: Saint Mary's Gaels @ Portland Pilots ━━━[0m
[96m🕐 01/24 08:00 PM[0m

[93m📊 SPREAD:[0m
  Market: +13.5 | Model: +4.9 | Edge: -8.6
  [92m✅ BET: Portland Pilots +13.5[0m
  [96mHIGH confidence (EV: +51.6% | Win: 79.4%)[0m

[93m🎯 TOTAL:[0m
  Market: 145.5 | Model: 136.9 | Edge: -8.6
  [92m✅ BET: UNDER 145.5[0m
  [96mHIGH confidence (EV: +51.6% | Win: 79.4%)[0m

[35m📈 Saint Mary's Gaels 66.0, Portland Pilots 70.9[0m

[1m[96m━━━ GAME 125: California Golden Bears @ Stanford Cardinal ━━━[0m
[96m🕐 01/24 08:00 PM[0m

[93m📊 SPREAD:[0m
  Market: -4.5 | Model: +3.7 | Edge: +8.2
  [92m✅ BET: California Golden Bears +4.5[0m
  [96mHIGH confidence (EV: +49.5% | Win: 78.3%)[0m

[93m🎯 TOTAL:[0m
  Market: 144.5 | Model: 143.8 | Edge: -0.7
  [91m❌ NO BET[0m
  [96mEdge too small (-0.7)[0m

[35m📈 California Golden Bears 70.1, Stanford Cardinal 73.8[0m

[1m[96m━━━ GAME 126: Kansas Jayhawks @ Kansas St Wildcats ━━━[0m
[96m🕐 01/24 08:00 PM[0m

[93m📊 SPREAD:[0m
  Market: +4.5 | Model: +3.1 | Edge: -1.4
  [91m❌ NO BET[0m
  [96mEdge too small (-1.4)[0m

[93m🎯 TOTAL:[0m
  Market: 160.5 | Model: 157.8 | Edge: -2.7
  [91m❌ NO BET[0m
  [96mEdge too small (-2.7)[0m

[35m📈 Kansas Jayhawks 77.4, Kansas St Wildcats 80.5[0m

[1m[96m━━━ GAME 127: Tennessee Volunteers @ Alabama Crimson Tide ━━━[0m
[96m🕐 01/24 08:30 PM[0m

[93m📊 SPREAD:[0m
  Market: -5.5 | Model: +7.5 | Edge: +13.0
  [92m✅ BET: Tennessee Volunteers +5.5[0m
  [96mHIGH confidence (EV: +70.3% | Win: 89.2%)[0m

[93m🎯 TOTAL:[0m
  Market: 167.5 | Model: 161.2 | Edge: -6.3
  [92m✅ BET: UNDER 167.5[0m
  [96mHIGH confidence (EV: +38.8% | Win: 72.7%)[0m

[35m📈 Tennessee Volunteers 76.8, Alabama Crimson Tide 84.3[0m

[1m[96m━━━ GAME 128: Southern Utah Thunderbirds @ Utah Tech Trailblazers ━━━[0m
[96m🕐 01/24 09:00 PM[0m

[93m📊 SPREAD:[0m
  Market: -6.5 | Model: +5.9 | Edge: +12.4
  [92m✅ BET: Southern Utah Thunderbirds +6.5[0m
  [96mHIGH confidence (EV: +68.2% | Win: 88.1%)[0m

[93m🎯 TOTAL:[0m
  Market: 149.5 | Model: 131.4 | Edge: -18.1
  [92m✅ BET: UNDER 149.5[0m
  [96mHIGH confidence (EV: +82.9% | Win: 95.8%)[0m

[35m📈 Southern Utah Thunderbirds 62.7, Utah Tech Trailblazers 68.6[0m

[1m[96m━━━ GAME 129: Santa Clara Broncos @ San Diego Toreros ━━━[0m
[96m🕐 01/24 09:30 PM[0m

[93m📊 SPREAD:[0m
  Market: +13.5 | Model: -1.9 | Edge: -15.4
  [92m✅ BET: San Diego Toreros +13.5[0m
  [96mHIGH confidence (EV: +77.3% | Win: 92.8%)[0m

[93m🎯 TOTAL:[0m
  Market: 163.5 | Model: 146.2 | Edge: -17.3
  [92m✅ BET: UNDER 163.5[0m
  [96mHIGH confidence (EV: +81.3% | Win: 95.0%)[0m

[35m📈 Santa Clara Broncos 74.1, San Diego Toreros 72.2[0m

[1m[96m━━━ GAME 130: UC Irvine Anteaters @ UC San Diego Tritons ━━━[0m
[96m🕐 01/24 10:00 PM[0m

[93m📊 SPREAD:[0m
  Market: -2.5 | Model: +6.4 | Edge: +8.9
  [92m✅ BET: UC Irvine Anteaters +2.5[0m
  [96mHIGH confidence (EV: +53.3% | Win: 80.3%)[0m

[93m🎯 TOTAL:[0m
  Market: 144.5 | Model: 149.1 | Edge: +4.6
  [91m❌ NO BET[0m
  [96mEdge too small (+4.6)[0m

[35m📈 UC Irvine Anteaters 71.3, UC San Diego Tritons 77.8[0m

[1m[96m━━━ GAME 131: Cincinnati Bearcats @ Arizona St Sun Devils ━━━[0m
[96m🕐 01/24 10:00 PM[0m

[93m📊 SPREAD:[0m
  Market: +2.5 | Model: +7.8 | Edge: +5.3
  [91m❌ NO BET[0m
  [96mEdge too small (+5.3)[0m

[93m🎯 TOTAL:[0m
  Market: 146.5 | Model: 154.4 | Edge: +7.9
  [92m✅ BET: OVER 146.5[0m
  [96mHIGH confidence (EV: +47.9% | Win: 77.5%)[0m

[35m📈 Cincinnati Bearcats 73.3, Arizona St Sun Devils 81.1[0m

[1m[96m━━━ GAME 132: CSU Northridge Matadors @ Hawai'i Rainbow Warriors ━━━[0m
[96m🕐 01/24 11:59 PM[0m

[93m📊 SPREAD:[0m
  Market: -9.5 | Model: +3.1 | Edge: +12.6
  [92m✅ BET: CSU Northridge Matadors +9.5[0m
  [96mHIGH confidence (EV: +68.9% | Win: 88.5%)[0m

[93m🎯 TOTAL:[0m
  Market: 157.5 | Model: 139.4 | Edge: -18.1
  [92m✅ BET: UNDER 157.5[0m
  [96mHIGH confidence (EV: +82.9% | Win: 95.8%)[0m

[35m📈 CSU Northridge Matadors 68.1, Hawai'i Rainbow Warriors 71.2[0m

[1m========================================================================================================================[0m

[92m✓ CSV saved: /Users/rico/sports-models/ncaa/ncaab_model_output.csv[0m
[92m✓ HTML saved: /Users/rico/sports-models/ncaa/ncaab_model_output.html[0m

[1m[96mSTEP 5: Generating Final Tracking Dashboard[0m
[92m✓ Tracking dashboard saved: /Users/rico/sports-models/ncaa/ncaab_tracking_dashboard.html[0m

[1m====================================================================================================[0m
[1m[93m📊 TRACKING SUMMARY 📊[0m
[1m====================================================================================================[0m
[92mTotal Tracked Bets: 3777[0m
[92mRecord: 1860-1699-5[0m
[92mWin Rate: 52.3%[0m
[91mProfit: -6.40 units[0m
[91mROI: -0.2%[0m
[1m====================================================================================================[0m


==========================================
✅ NCAA Model completed successfully!
==========================================

📊 Updating Analysis Dashboard...
HTML Report generated at: /Users/rico/sports-models/ncaa/ncaab_analysis_report.html

📤 Pushing updates to GitHub...
[main 3be78703] Update model outputs - 2026-01-24 00:31:30
 Committer: Ricardo Hill <rico@MacBookAir.lan>
Your name and email address were configured automatically based
on your username and hostname. Please check that they are accurate.
You can suppress this message by setting them explicitly. Run the
following command and follow the instructions in your editor to edit
your configuration file:

    git config --global --edit

After doing this, you may fix the identity used for this commit with:

    git commit --amend --reset-author

 4 files changed, 305 insertions(+), 305 deletions(-)
To https://github.com/BangLetsGetIt/NBA-NCAA-Betting-Models.git
   e71ab6d3..3be78703  main -> main
✅ Successfully pushed to GitHub!
