==========================================
NCAA Model Run: Tue Jan  6 10:30:00 EST 2026
==========================================
Running NCAA Basketball model (IMPROVED)...

[1m====================================================================================================[0m
[1m[96m🏀 COLLEGE BASKETBALL SHARP MODEL 🏀[0m
[1m[92m⚡ Targeting 56%+ Win Rate with Advanced Analytics ⚡[0m
[1m[93m📅 Filtering games within next 7 days[0m
[1m====================================================================================================[0m

[1m[96mSTEP 1: Checking for Completed Games & Updating Past Picks[0m
[96mChecking 30 pending picks...[0m
[96mFetching completed game scores...[0m
[92m✓ Fetched 88 completed games[0m
[92m✓ Updated: ✅ BET: Columbia Lions +1.5 -> WIN[0m
[92m✓ Updated: ✅ BET: UNDER 169.5 -> LOSS[0m
[92m✓ Updated: ✅ BET: UNDER 161.5 -> LOSS[0m
[92m✓ Updated: ✅ BET: Nebraska Cornhuskers +2.5 -> WIN[0m
[92m✓ Updated: ✅ BET: Brown Bears +9.5 -> LOSS[0m
[92m✓ Updated: ✅ BET: UNDER 164.5 -> LOSS[0m
[92m✓ Updated: ✅ BET: Dartmouth Big Green +7.5 -> WIN[0m
[92m✓ Updated: ✅ BET: UNDER 144.5 -> WIN[0m
[92m✓ Updated: ✅ BET: UNDER 144.5 -> LOSS[0m
[92m✓ Updated: ✅ BET: OVER 142.5 -> WIN[0m
[92m✓ Updated: ✅ BET: UNDER 144.5 -> LOSS[0m
[92m✓ Updated: ✅ BET: Prairie View Panthers +7.5 -> WIN[0m
[92m✓ Updated: ✅ BET: UNDER 163.5 -> LOSS[0m
[92m✓ Updated: ✅ BET: Texas Southern Tigers +4.5 -> LOSS[0m
[92m✓ Updated: ✅ BET: UNDER 145.5 -> LOSS[0m
[92m✓ Updated: ✅ BET: UNDER 145.5 -> LOSS[0m
[92m✓ Updated: ✅ BET: Stephen F. Austin Lumberjacks +10.5 -> WIN[0m
[92m✓ Updated: ✅ BET: UNDER 142.5 -> WIN[0m
[92m✓ Updated: ✅ BET: Northwestern St Demons +8.5 -> WIN[0m
[92m✓ Updated: ✅ BET: UNDER 136.5 -> WIN[0m
[92m✓ Updated: ✅ BET: East Texas A&M Lions +8.5 -> LOSS[0m
[92m✓ Updated: ✅ BET: UNDER 150.5 -> LOSS[0m
[92m✓ Updated: ✅ BET: OVER 132.5 -> WIN[0m
[92m✓ Updated: ✅ BET: USC Trojans +10.5 -> LOSS[0m
[92m✓ Tracking data saved to /Users/rico/sports-models/ncaa/ncaab_picks_tracking.json[0m
[92m  Total picks in file: 2530[0m
[92m✅ Updated 24 picks[0m
[92m✓ Tracking dashboard saved: /Users/rico/sports-models/ncaa/ncaab_tracking_dashboard.html[0m

[1m[96mSTEP 2: Loading Team Statistics[0m
[96mLoading team statistics...[0m
[93m⚠️  Cache expired or missing. Fetching fresh stats from Sports-Reference...[0m
Fetching NCAA basketball stats for 2025 season...
Columns found: [' 0_Rk', ' 1_School', ' 2_Conf', ' 3_ 3', ' 4_W', ' 5_L', ' 6_Pts', ' 7_Opp', ' 8_MOV', ' 9_ 9', ' 10_SOS', ' 11_ 11', 'SRS_OSRS', 'SRS_DSRS', 'SRS_SRS', 'Adjusted_ORtg', 'Adjusted_DRtg', 'Adjusted_NRtg']

Sample data:
   0_Rk  1_School  2_Conf  ...  Adjusted_ORtg Adjusted_DRtg Adjusted_NRtg
0     1      Duke     ACC  ...         131.42         86.60         44.82
1     2    Auburn     SEC  ...         129.16         88.83         40.33
2     3   Houston  Big 12  ...         125.20         82.34         42.86

[3 rows x 18 columns]

✓ Successfully fetched stats for 364 teams
[92m✓ Stats cached to /Users/rico/sports-models/ncaa/ncaab_stats_cache.json[0m

[1m[96mSTEP 3: Fetching Live Odds (Next 7 Days)[0m
[92m✓ Fetched 29 games from The Odds API[0m
[92m✓ 29 games in the next 7 days[0m

[1m[96mSTEP 4: Processing Games & Generating Sharp Picks[0m

[92m✓ Tracking data saved to /Users/rico/sports-models/ncaa/ncaab_picks_tracking.json[0m
[92m  Total picks in file: 2531[0m
[35m📝 LOGGED: SPREAD - ✅ BET: Massachusetts Minutemen +4.5 (Edge: +9.7)[0m
[92m✓ Tracking data saved to /Users/rico/sports-models/ncaa/ncaab_picks_tracking.json[0m
[92m  Total picks in file: 2532[0m
[35m📝 LOGGED: TOTAL - ✅ BET: UNDER 158.5 (Edge: -19.9)[0m
[92m✓ Tracking data saved to /Users/rico/sports-models/ncaa/ncaab_picks_tracking.json[0m
[92m  Total picks in file: 2533[0m
[35m📝 LOGGED: SPREAD - ✅ BET: Central Michigan Chippewas +23.5 (Edge: +29.2)[0m
[92m✓ Tracking data saved to /Users/rico/sports-models/ncaa/ncaab_picks_tracking.json[0m
[92m  Total picks in file: 2534[0m
[35m📝 LOGGED: TOTAL - ✅ BET: UNDER 164.5 (Edge: -23.0)[0m
[92m✓ Tracking data saved to /Users/rico/sports-models/ncaa/ncaab_picks_tracking.json[0m
[92m  Total picks in file: 2535[0m
[35m📝 LOGGED: TOTAL - ✅ BET: UNDER 157.5 (Edge: -20.2)[0m
[92m✓ Tracking data saved to /Users/rico/sports-models/ncaa/ncaab_picks_tracking.json[0m
[92m  Total picks in file: 2536[0m
[35m📝 LOGGED: TOTAL - ✅ BET: UNDER 163.5 (Edge: -17.4)[0m
[92m✓ Tracking data saved to /Users/rico/sports-models/ncaa/ncaab_picks_tracking.json[0m
[92m  Total picks in file: 2537[0m
[35m📝 LOGGED: TOTAL - ✅ BET: OVER 133.5 (Edge: +21.6)[0m
[92m✓ Tracking data saved to /Users/rico/sports-models/ncaa/ncaab_picks_tracking.json[0m
[92m  Total picks in file: 2538[0m
[35m📝 LOGGED: SPREAD - ✅ BET: Georgia Bulldogs +9.5 (Edge: +15.8)[0m
[92m✓ Tracking data saved to /Users/rico/sports-models/ncaa/ncaab_picks_tracking.json[0m
[92m  Total picks in file: 2539[0m
[35m📝 LOGGED: TOTAL - ✅ BET: UNDER 174.5 (Edge: -13.5)[0m
[92m✓ Tracking data saved to /Users/rico/sports-models/ncaa/ncaab_picks_tracking.json[0m
[92m  Total picks in file: 2540[0m
[35m📝 LOGGED: SPREAD - ✅ BET: South Carolina Gamecocks +7.5 (Edge: +10.0)[0m
[92m✓ Tracking data saved to /Users/rico/sports-models/ncaa/ncaab_picks_tracking.json[0m
[92m  Total picks in file: 2541[0m
[35m📝 LOGGED: SPREAD - ✅ BET: Western Michigan Broncos +13.5 (Edge: +18.1)[0m
[92m✓ Tracking data saved to /Users/rico/sports-models/ncaa/ncaab_picks_tracking.json[0m
[92m  Total picks in file: 2542[0m
[35m📝 LOGGED: TOTAL - ✅ BET: UNDER 160.5 (Edge: -23.6)[0m
[92m✓ Tracking data saved to /Users/rico/sports-models/ncaa/ncaab_picks_tracking.json[0m
[92m  Total picks in file: 2543[0m
[35m📝 LOGGED: SPREAD - ✅ BET: Penn State Nittany Lions +20.5 (Edge: -16.3)[0m
[92m✓ Tracking data saved to /Users/rico/sports-models/ncaa/ncaab_picks_tracking.json[0m
[92m  Total picks in file: 2544[0m
[35m📝 LOGGED: TOTAL - ✅ BET: UNDER 164.5 (Edge: -6.7)[0m
[92m✓ Tracking data saved to /Users/rico/sports-models/ncaa/ncaab_picks_tracking.json[0m
[92m  Total picks in file: 2545[0m
[35m📝 LOGGED: SPREAD - ✅ BET: GW Revolutionaries +2.5 (Edge: +9.7)[0m
[92m✓ Tracking data saved to /Users/rico/sports-models/ncaa/ncaab_picks_tracking.json[0m
[92m  Total picks in file: 2546[0m
[35m📝 LOGGED: TOTAL - ✅ BET: UNDER 152.5 (Edge: -7.3)[0m
[92m✓ Tracking data saved to /Users/rico/sports-models/ncaa/ncaab_picks_tracking.json[0m
[92m  Total picks in file: 2547[0m
[35m📝 LOGGED: SPREAD - ✅ BET: Georgetown Hoyas +2.5 (Edge: +7.2)[0m
[92m✓ Tracking data saved to /Users/rico/sports-models/ncaa/ncaab_picks_tracking.json[0m
[92m  Total picks in file: 2548[0m
[35m📝 LOGGED: SPREAD - ✅ BET: Minnesota Golden Gophers +5.5 (Edge: -8.8)[0m
[92m✓ Tracking data saved to /Users/rico/sports-models/ncaa/ncaab_picks_tracking.json[0m
[92m  Total picks in file: 2549[0m
[35m📝 LOGGED: TOTAL - ✅ BET: OVER 129.5 (Edge: +23.3)[0m
[92m✓ Tracking data saved to /Users/rico/sports-models/ncaa/ncaab_picks_tracking.json[0m
[92m  Total picks in file: 2550[0m
[35m📝 LOGGED: SPREAD - ✅ BET: Northern Illinois Huskies +6.5 (Edge: -12.7)[0m
[92m✓ Tracking data saved to /Users/rico/sports-models/ncaa/ncaab_picks_tracking.json[0m
[92m  Total picks in file: 2551[0m
[35m📝 LOGGED: TOTAL - ✅ BET: UNDER 158.5 (Edge: -27.3)[0m
[92m✓ Tracking data saved to /Users/rico/sports-models/ncaa/ncaab_picks_tracking.json[0m
[92m  Total picks in file: 2552[0m
[35m📝 LOGGED: SPREAD - ✅ BET: UCF Knights +3.5 (Edge: +7.3)[0m
[92m✓ Tracking data saved to /Users/rico/sports-models/ncaa/ncaab_picks_tracking.json[0m
[92m  Total picks in file: 2553[0m
[35m📝 LOGGED: TOTAL - ✅ BET: UNDER 173.5 (Edge: -18.1)[0m
[92m✓ Tracking data saved to /Users/rico/sports-models/ncaa/ncaab_picks_tracking.json[0m
[92m  Total picks in file: 2554[0m
[35m📝 LOGGED: SPREAD - ✅ BET: Lindenwood Lions +1.5 (Edge: +8.6)[0m
[92m✓ Tracking data saved to /Users/rico/sports-models/ncaa/ncaab_picks_tracking.json[0m
[92m  Total picks in file: 2555[0m
[35m📝 LOGGED: TOTAL - ✅ BET: UNDER 142.5 (Edge: -9.3)[0m
[92m✓ Tracking data saved to /Users/rico/sports-models/ncaa/ncaab_picks_tracking.json[0m
[92m  Total picks in file: 2556[0m
[35m📝 LOGGED: SPREAD - ✅ BET: Air Force Falcons +21.5 (Edge: -25.7)[0m
[92m✓ Tracking data saved to /Users/rico/sports-models/ncaa/ncaab_picks_tracking.json[0m
[92m  Total picks in file: 2557[0m
[35m📝 LOGGED: TOTAL - ✅ BET: OVER 137.5 (Edge: +7.3)[0m
[92m✓ Tracking data saved to /Users/rico/sports-models/ncaa/ncaab_picks_tracking.json[0m
[92m  Total picks in file: 2558[0m
[35m📝 LOGGED: SPREAD - ✅ BET: Texas A&M Aggies +7.5 (Edge: +14.5)[0m
[92m✓ Tracking data saved to /Users/rico/sports-models/ncaa/ncaab_picks_tracking.json[0m
[92m  Total picks in file: 2559[0m
[35m📝 LOGGED: SPREAD - ✅ BET: Boston College Eagles +12.5 (Edge: -10.0)[0m
[92m✓ Tracking data saved to /Users/rico/sports-models/ncaa/ncaab_picks_tracking.json[0m
[92m  Total picks in file: 2560[0m
[35m📝 LOGGED: TOTAL - ✅ BET: OVER 142.5 (Edge: +10.5)[0m
[92m✓ Tracking data saved to /Users/rico/sports-models/ncaa/ncaab_picks_tracking.json[0m
[92m  Total picks in file: 2561[0m
[35m📝 LOGGED: TOTAL - ✅ BET: OVER 142.5 (Edge: +22.8)[0m
[92m✓ Tracking data saved to /Users/rico/sports-models/ncaa/ncaab_picks_tracking.json[0m
[92m  Total picks in file: 2562[0m
[35m📝 LOGGED: SPREAD - ✅ BET: TCU Horned Frogs +7.5 (Edge: +12.7)[0m
[92m✓ Tracking data saved to /Users/rico/sports-models/ncaa/ncaab_picks_tracking.json[0m
[92m  Total picks in file: 2563[0m
[35m📝 LOGGED: TOTAL - ✅ BET: OVER 142.5 (Edge: +13.6)[0m
[92m✓ Tracking data saved to /Users/rico/sports-models/ncaa/ncaab_picks_tracking.json[0m
[92m  Total picks in file: 2564[0m
[35m📝 LOGGED: SPREAD - ✅ BET: Texas Longhorns +10.5 (Edge: +10.7)[0m
[92m✓ Tracking data saved to /Users/rico/sports-models/ncaa/ncaab_picks_tracking.json[0m
[92m  Total picks in file: 2565[0m
[35m📝 LOGGED: SPREAD - ✅ BET: UCLA Bruins +3.5 (Edge: +8.5)[0m
[92m✓ Tracking data saved to /Users/rico/sports-models/ncaa/ncaab_picks_tracking.json[0m
[92m  Total picks in file: 2566[0m
[35m📝 LOGGED: TOTAL - ✅ BET: OVER 153.5 (Edge: +6.2)[0m
[92m✓ Tracking data saved to /Users/rico/sports-models/ncaa/ncaab_picks_tracking.json[0m
[92m  Total picks in file: 2567[0m
[35m📝 LOGGED: TOTAL - ✅ BET: UNDER 146.5 (Edge: -7.1)[0m
[92m✓ Tracking data saved to /Users/rico/sports-models/ncaa/ncaab_picks_tracking.json[0m
[92m  Total picks in file: 2568[0m
[35m📝 LOGGED: SPREAD - ✅ BET: UNLV Rebels +4.5 (Edge: +6.7)[0m
[92m✓ Tracking data saved to /Users/rico/sports-models/ncaa/ncaab_picks_tracking.json[0m
[92m  Total picks in file: 2569[0m
[35m📝 LOGGED: TOTAL - ✅ BET: UNDER 154.5 (Edge: -14.7)[0m
[92m✓ Tracking data saved to /Users/rico/sports-models/ncaa/ncaab_picks_tracking.json[0m
[92m  Total picks in file: 2570[0m
[35m📝 LOGGED: SPREAD - ✅ BET: San Diego St Aztecs +1.5 (Edge: +8.4)[0m

[1m[92m✅ Analyzed 29 games with complete odds[0m


[1m========================================================================================================================[0m
[1m[93m🏀 COLLEGE BASKETBALL MODEL PREDICTIONS 🏀[0m
[1m========================================================================================================================[0m

[1m[96m━━━ GAME 1: Massachusetts Minutemen @ Ohio Bobcats ━━━[0m
[96m🕐 01/06 06:00 PM[0m

[93m📊 SPREAD:[0m
  Market: -4.5 | Model: +5.2 | Edge: +9.7
  [92m✅ BET: Massachusetts Minutemen +4.5[0m
  [96mHIGH confidence (+9.7 edge)[0m

[93m🎯 TOTAL:[0m
  Market: 158.5 | Model: 138.6 | Edge: -19.9
  [92m✅ BET: UNDER 158.5[0m
  [96mHIGH confidence (19.9 edge)[0m

[35m📈 Massachusetts Minutemen 66.7, Ohio Bobcats 71.9[0m

[1m[96m━━━ GAME 2: Central Michigan Chippewas @ Akron Zips ━━━[0m
[96m🕐 01/06 07:00 PM[0m

[93m📊 SPREAD:[0m
  Market: -23.5 | Model: +5.7 | Edge: +29.2
  [92m✅ BET: Central Michigan Chippewas +23.5[0m
  [96mHIGH confidence (+29.2 edge)[0m

[93m🎯 TOTAL:[0m
  Market: 164.5 | Model: 141.5 | Edge: -23.0
  [92m✅ BET: UNDER 164.5[0m
  [96mHIGH confidence (23.0 edge)[0m

[35m📈 Central Michigan Chippewas 67.9, Akron Zips 73.6[0m

[1m[96m━━━ GAME 3: Eastern Michigan Eagles @ Ball State Cardinals ━━━[0m
[96m🕐 01/06 07:00 PM[0m

[93m📊 SPREAD:[0m
  Market: -1.5 | Model: +2.7 | Edge: +4.2
  [91m❌ NO BET[0m
  [96mEdge too small (+4.2)[0m

[93m🎯 TOTAL:[0m
  Market: 134.5 | Model: 133.8 | Edge: -0.7
  [91m❌ NO BET[0m
  [96mEdge too small (-0.7)[0m

[35m📈 Eastern Michigan Eagles 65.6, Ball State Cardinals 68.2[0m

[1m[96m━━━ GAME 4: Bowling Green Falcons @ Kent State Golden Flashes ━━━[0m
[96m🕐 01/06 07:00 PM[0m

[93m📊 SPREAD:[0m
  Market: -1.5 | Model: +3.4 | Edge: +4.9
  [91m❌ NO BET[0m
  [96mEdge too small (+4.9)[0m

[93m🎯 TOTAL:[0m
  Market: 157.5 | Model: 137.3 | Edge: -20.2
  [92m✅ BET: UNDER 157.5[0m
  [96mHIGH confidence (20.2 edge)[0m

[35m📈 Bowling Green Falcons 66.9, Kent State Golden Flashes 70.4[0m

[1m[96m━━━ GAME 5: St. John's Red Storm @ Butler Bulldogs ━━━[0m
[96m🕐 01/06 07:00 PM[0m

[93m📊 SPREAD:[0m
  Market: +4.5 | Model: +7.8 | Edge: +3.3
  [91m❌ NO BET[0m
  [96mEdge too small (+3.3)[0m

[93m🎯 TOTAL:[0m
  Market: 163.5 | Model: 146.1 | Edge: -17.4
  [92m✅ BET: UNDER 163.5[0m
  [96mHIGH confidence (17.4 edge)[0m

[35m📈 St. John's Red Storm 69.2, Butler Bulldogs 76.9[0m

[1m[96m━━━ GAME 6: Cincinnati Bearcats @ West Virginia Mountaineers ━━━[0m
[96m🕐 01/06 07:00 PM[0m

[93m📊 SPREAD:[0m
  Market: -2.5 | Model: +1.6 | Edge: +4.1
  [91m❌ NO BET[0m
  [96mEdge too small (+4.1)[0m

[93m🎯 TOTAL:[0m
  Market: 133.5 | Model: 155.1 | Edge: +21.6
  [92m✅ BET: OVER 133.5[0m
  [96mHIGH confidence (21.6 edge)[0m

[35m📈 Cincinnati Bearcats 76.7, West Virginia Mountaineers 78.4[0m

[1m[96m━━━ GAME 7: Duke Blue Devils @ Louisville Cardinals ━━━[0m
[96m🕐 01/06 07:00 PM[0m

[93m📊 SPREAD:[0m
  Market: +1.5 | Model: -0.3 | Edge: -1.8
  [91m❌ NO BET[0m
  [96mEdge too small (-1.8)[0m

[93m🎯 TOTAL:[0m
  Market: 161.5 | Model: 163.7 | Edge: +2.2
  [91m❌ NO BET[0m
  [96mEdge too small (+2.2)[0m

[35m📈 Duke Blue Devils 82.0, Louisville Cardinals 81.7[0m

[1m[96m━━━ GAME 8: Georgia Bulldogs @ Florida Gators ━━━[0m
[96m🕐 01/06 07:00 PM[0m

[93m📊 SPREAD:[0m
  Market: -9.5 | Model: +6.3 | Edge: +15.8
  [92m✅ BET: Georgia Bulldogs +9.5[0m
  [96mHIGH confidence (+15.8 edge)[0m

[93m🎯 TOTAL:[0m
  Market: 174.5 | Model: 161.0 | Edge: -13.5
  [92m✅ BET: UNDER 174.5[0m
  [96mHIGH confidence (13.5 edge)[0m

[35m📈 Georgia Bulldogs 77.3, Florida Gators 83.6[0m

[1m[96m━━━ GAME 9: Syracuse Orange @ Georgia Tech Yellow Jackets ━━━[0m
[96m🕐 01/06 07:00 PM[0m

[93m📊 SPREAD:[0m
  Market: +3.5 | Model: +0.1 | Edge: -3.4
  [91m❌ NO BET[0m
  [96mEdge too small (-3.4)[0m

[93m🎯 TOTAL:[0m
  Market: 147.5 | Model: 147.0 | Edge: -0.5
  [91m❌ NO BET[0m
  [96mEdge too small (-0.5)[0m

[35m📈 Syracuse Orange 73.4, Georgia Tech Yellow Jackets 73.5[0m

[1m[96m━━━ GAME 10: South Carolina Gamecocks @ LSU Tigers ━━━[0m
[96m🕐 01/06 07:00 PM[0m

[93m📊 SPREAD:[0m
  Market: -7.5 | Model: +2.5 | Edge: +10.0
  [92m✅ BET: South Carolina Gamecocks +7.5[0m
  [96mHIGH confidence (+10.0 edge)[0m

[93m🎯 TOTAL:[0m
  Market: 147.5 | Model: 145.1 | Edge: -2.4
  [91m❌ NO BET[0m
  [96mEdge too small (-2.4)[0m

[35m📈 South Carolina Gamecocks 71.3, LSU Tigers 73.8[0m

[1m[96m━━━ GAME 11: Western Michigan Broncos @ Miami (OH) RedHawks ━━━[0m
[96m🕐 01/06 07:00 PM[0m

[93m📊 SPREAD:[0m
  Market: -13.5 | Model: +4.6 | Edge: +18.1
  [92m✅ BET: Western Michigan Broncos +13.5[0m
  [96mHIGH confidence (+18.1 edge)[0m

[93m🎯 TOTAL:[0m
  Market: 160.5 | Model: 136.9 | Edge: -23.6
  [92m✅ BET: UNDER 160.5[0m
  [96mHIGH confidence (23.6 edge)[0m

[35m📈 Western Michigan Broncos 66.2, Miami (OH) RedHawks 70.7[0m

[1m[96m━━━ GAME 12: Michigan Wolverines @ Penn State Nittany Lions ━━━[0m
[96m🕐 01/06 07:00 PM[0m

[93m📊 SPREAD:[0m
  Market: +20.5 | Model: +4.2 | Edge: -16.3
  [92m✅ BET: Penn State Nittany Lions +20.5[0m
  [96mHIGH confidence (-16.3 edge)[0m

[93m🎯 TOTAL:[0m
  Market: 164.5 | Model: 157.8 | Edge: -6.7
  [92m✅ BET: UNDER 164.5[0m
  [96mMEDIUM confidence (6.7 edge)[0m

[35m📈 Michigan Wolverines 76.8, Penn State Nittany Lions 81.0[0m

[1m[96m━━━ GAME 13: GW Revolutionaries @ Dayton Flyers ━━━[0m
[96m🕐 01/06 08:00 PM[0m

[93m📊 SPREAD:[0m
  Market: -2.5 | Model: +7.2 | Edge: +9.7
  [92m✅ BET: GW Revolutionaries +2.5[0m
  [96mHIGH confidence (+9.7 edge)[0m

[93m🎯 TOTAL:[0m
  Market: 152.5 | Model: 145.2 | Edge: -7.3
  [92m✅ BET: UNDER 152.5[0m
  [96mHIGH confidence (7.3 edge)[0m

[35m📈 GW Revolutionaries 69.0, Dayton Flyers 76.2[0m

[1m[96m━━━ GAME 14: Georgetown Hoyas @ DePaul Blue Demons ━━━[0m
[96m🕐 01/06 08:00 PM[0m

[93m📊 SPREAD:[0m
  Market: -2.5 | Model: +4.7 | Edge: +7.2
  [92m✅ BET: Georgetown Hoyas +2.5[0m
  [96mHIGH confidence (+7.2 edge)[0m

[93m🎯 TOTAL:[0m
  Market: 146.5 | Model: 148.0 | Edge: +1.5
  [91m❌ NO BET[0m
  [96mEdge too small (+1.5)[0m

[35m📈 Georgetown Hoyas 71.6, DePaul Blue Demons 76.4[0m

[1m[96m━━━ GAME 15: Iowa Hawkeyes @ Minnesota Golden Gophers ━━━[0m
[96m🕐 01/06 08:00 PM[0m

[93m📊 SPREAD:[0m
  Market: +5.5 | Model: -3.3 | Edge: -8.8
  [92m✅ BET: Minnesota Golden Gophers +5.5[0m
  [96mHIGH confidence (-8.8 edge)[0m

[93m🎯 TOTAL:[0m
  Market: 129.5 | Model: 152.8 | Edge: +23.3
  [92m✅ BET: OVER 129.5[0m
  [96mHIGH confidence (23.3 edge)[0m

[35m📈 Iowa Hawkeyes 78.1, Minnesota Golden Gophers 74.7[0m

[1m[96m━━━ GAME 16: Toledo Rockets @ Northern Illinois Huskies ━━━[0m
[96m🕐 01/06 08:00 PM[0m

[93m📊 SPREAD:[0m
  Market: +6.5 | Model: -6.2 | Edge: -12.7
  [92m✅ BET: Northern Illinois Huskies +6.5[0m
  [96mHIGH confidence (-12.7 edge)[0m

[93m🎯 TOTAL:[0m
  Market: 158.5 | Model: 131.2 | Edge: -27.3
  [92m✅ BET: UNDER 158.5[0m
  [96mHIGH confidence (27.3 edge)[0m

[35m📈 Toledo Rockets 68.7, Northern Illinois Huskies 62.5[0m

[1m[96m━━━ GAME 17: UCF Knights @ Oklahoma St Cowboys ━━━[0m
[96m🕐 01/06 08:00 PM[0m

[93m📊 SPREAD:[0m
  Market: -3.5 | Model: +3.8 | Edge: +7.3
  [92m✅ BET: UCF Knights +3.5[0m
  [96mHIGH confidence (+7.3 edge)[0m

[93m🎯 TOTAL:[0m
  Market: 173.5 | Model: 155.4 | Edge: -18.1
  [92m✅ BET: UNDER 173.5[0m
  [96mHIGH confidence (18.1 edge)[0m

[35m📈 UCF Knights 75.8, Oklahoma St Cowboys 79.6[0m

[1m[96m━━━ GAME 18: Lindenwood Lions @ SIU-Edwardsville Cougars ━━━[0m
[96m🕐 01/06 08:30 PM[0m

[93m📊 SPREAD:[0m
  Market: -1.5 | Model: +7.1 | Edge: +8.6
  [92m✅ BET: Lindenwood Lions +1.5[0m
  [96mHIGH confidence (+8.6 edge)[0m

[93m🎯 TOTAL:[0m
  Market: 142.5 | Model: 133.2 | Edge: -9.3
  [92m✅ BET: UNDER 142.5[0m
  [96mHIGH confidence (9.3 edge)[0m

[35m📈 Lindenwood Lions 63.0, SIU-Edwardsville Cougars 70.2[0m

[1m[96m━━━ GAME 19: Utah State Aggies @ Air Force Falcons ━━━[0m
[96m🕐 01/06 09:00 PM[0m

[93m📊 SPREAD:[0m
  Market: +21.5 | Model: -4.2 | Edge: -25.7
  [92m✅ BET: Air Force Falcons +21.5[0m
  [96mHIGH confidence (-25.7 edge)[0m

[93m🎯 TOTAL:[0m
  Market: 137.5 | Model: 144.8 | Edge: +7.3
  [92m✅ BET: OVER 137.5[0m
  [96mHIGH confidence (7.3 edge)[0m

[35m📈 Utah State Aggies 74.5, Air Force Falcons 70.3[0m

[1m[96m━━━ GAME 20: Texas A&M Aggies @ Auburn Tigers ━━━[0m
[96m🕐 01/06 09:00 PM[0m

[93m📊 SPREAD:[0m
  Market: -7.5 | Model: +7.0 | Edge: +14.5
  [92m✅ BET: Texas A&M Aggies +7.5[0m
  [96mHIGH confidence (+14.5 edge)[0m

[93m🎯 TOTAL:[0m
  Market: 167.5 | Model: 162.6 | Edge: -4.9
  [91m❌ NO BET[0m
  [96mEdge too small (-4.9)[0m

[35m📈 Texas A&M Aggies 77.8, Auburn Tigers 84.8[0m

[1m[96m━━━ GAME 21: NC State Wolfpack @ Boston College Eagles ━━━[0m
[96m🕐 01/06 09:00 PM[0m

[93m📊 SPREAD:[0m
  Market: +12.5 | Model: +2.5 | Edge: -10.0
  [92m✅ BET: Boston College Eagles +12.5[0m
  [96mHIGH confidence (-10.0 edge)[0m

[93m🎯 TOTAL:[0m
  Market: 144.5 | Model: 144.2 | Edge: -0.3
  [91m❌ NO BET[0m
  [96mEdge too small (-0.3)[0m

[35m📈 NC State Wolfpack 70.8, Boston College Eagles 73.3[0m

[1m[96m━━━ GAME 22: New Mexico Lobos @ Colorado St Rams ━━━[0m
[96m🕐 01/06 09:00 PM[0m

[93m📊 SPREAD:[0m
  Market: +1.5 | Model: +2.4 | Edge: +0.9
  [91m❌ NO BET[0m
  [96mEdge too small (+0.9)[0m

[93m🎯 TOTAL:[0m
  Market: 142.5 | Model: 153.0 | Edge: +10.5
  [92m✅ BET: OVER 142.5[0m
  [96mHIGH confidence (10.5 edge)[0m

[35m📈 New Mexico Lobos 75.3, Colorado St Rams 77.7[0m

[1m[96m━━━ GAME 23: Texas Tech Red Raiders @ Houston Cougars ━━━[0m
[96m🕐 01/06 09:00 PM[0m

[93m📊 SPREAD:[0m
  Market: -6.5 | Model: -1.3 | Edge: +5.2
  [91m❌ NO BET[0m
  [96mEdge too small (+5.2)[0m

[93m🎯 TOTAL:[0m
  Market: 142.5 | Model: 165.3 | Edge: +22.8
  [92m✅ BET: OVER 142.5[0m
  [96mHIGH confidence (22.8 edge)[0m

[35m📈 Texas Tech Red Raiders 83.3, Houston Cougars 82.0[0m

[1m[96m━━━ GAME 24: TCU Horned Frogs @ Kansas Jayhawks ━━━[0m
[96m🕐 01/06 09:00 PM[0m

[93m📊 SPREAD:[0m
  Market: -7.5 | Model: +5.2 | Edge: +12.7
  [92m✅ BET: TCU Horned Frogs +7.5[0m
  [96mHIGH confidence (+12.7 edge)[0m

[93m🎯 TOTAL:[0m
  Market: 142.5 | Model: 156.1 | Edge: +13.6
  [92m✅ BET: OVER 142.5[0m
  [96mHIGH confidence (13.6 edge)[0m

[35m📈 TCU Horned Frogs 75.4, Kansas Jayhawks 80.7[0m

[1m[96m━━━ GAME 25: Texas Longhorns @ Tennessee Volunteers ━━━[0m
[96m🕐 01/06 09:00 PM[0m

[93m📊 SPREAD:[0m
  Market: -10.5 | Model: +0.2 | Edge: +10.7
  [92m✅ BET: Texas Longhorns +10.5[0m
  [96mHIGH confidence (+10.7 edge)[0m

[93m🎯 TOTAL:[0m
  Market: 154.5 | Model: 159.3 | Edge: +4.8
  [91m❌ NO BET[0m
  [96mEdge too small (+4.8)[0m

[35m📈 Texas Longhorns 79.6, Tennessee Volunteers 79.7[0m

[1m[96m━━━ GAME 26: UCLA Bruins @ Wisconsin Badgers ━━━[0m
[96m🕐 01/06 09:00 PM[0m

[93m📊 SPREAD:[0m
  Market: -3.5 | Model: +5.0 | Edge: +8.5
  [92m✅ BET: UCLA Bruins +3.5[0m
  [96mHIGH confidence (+8.5 edge)[0m

[93m🎯 TOTAL:[0m
  Market: 153.5 | Model: 159.7 | Edge: +6.2
  [92m✅ BET: OVER 153.5[0m
  [96mMEDIUM confidence (6.2 edge)[0m

[35m📈 UCLA Bruins 77.3, Wisconsin Badgers 82.3[0m

[1m[96m━━━ GAME 27: Fresno St Bulldogs @ San José St Spartans ━━━[0m
[96m🕐 01/06 10:00 PM[0m

[93m📊 SPREAD:[0m
  Market: -1.5 | Model: +2.8 | Edge: +4.3
  [91m❌ NO BET[0m
  [96mEdge too small (+4.3)[0m

[93m🎯 TOTAL:[0m
  Market: 146.5 | Model: 139.4 | Edge: -7.1
  [92m✅ BET: UNDER 146.5[0m
  [96mHIGH confidence (7.1 edge)[0m

[35m📈 Fresno St Bulldogs 68.3, San José St Spartans 71.1[0m

[1m[96m━━━ GAME 28: UNLV Rebels @ Wyoming Cowboys ━━━[0m
[96m🕐 01/06 10:00 PM[0m

[93m📊 SPREAD:[0m
  Market: -4.5 | Model: +2.2 | Edge: +6.7
  [92m✅ BET: UNLV Rebels +4.5[0m
  [96mHIGH confidence (+6.7 edge)[0m

[93m🎯 TOTAL:[0m
  Market: 154.5 | Model: 139.8 | Edge: -14.7
  [92m✅ BET: UNDER 154.5[0m
  [96mHIGH confidence (14.7 edge)[0m

[35m📈 UNLV Rebels 68.8, Wyoming Cowboys 71.0[0m

[1m[96m━━━ GAME 29: San Diego St Aztecs @ Nevada Wolf Pack ━━━[0m
[96m🕐 01/06 11:00 PM[0m

[93m📊 SPREAD:[0m
  Market: -1.5 | Model: +6.9 | Edge: +8.4
  [92m✅ BET: San Diego St Aztecs +1.5[0m
  [96mHIGH confidence (+8.4 edge)[0m

[93m🎯 TOTAL:[0m
  Market: 141.5 | Model: 142.6 | Edge: +1.1
  [91m❌ NO BET[0m
  [96mEdge too small (+1.1)[0m

[35m📈 San Diego St Aztecs 67.8, Nevada Wolf Pack 74.7[0m

[1m========================================================================================================================[0m

[92m✓ CSV saved: /Users/rico/sports-models/ncaa/ncaab_model_output.csv[0m
[92m✓ HTML saved: /Users/rico/sports-models/ncaa/ncaab_model_output.html[0m

[1m[96mSTEP 5: Generating Final Tracking Dashboard[0m
[92m✓ Tracking dashboard saved: /Users/rico/sports-models/ncaa/ncaab_tracking_dashboard.html[0m

[1m====================================================================================================[0m
[1m[93m📊 TRACKING SUMMARY 📊[0m
[1m====================================================================================================[0m
[92mTotal Tracked Bets: 2570[0m
[92mRecord: 1310-1210-4[0m
[92mWin Rate: 52.0%[0m
[91mProfit: -17.90 units[0m
[91mROI: -0.7%[0m
[1m====================================================================================================[0m


==========================================
✅ NCAA Model completed successfully!
==========================================

📤 Pushing updates to GitHub...
[main bc8118f] Update model outputs - 2026-01-06 10:30:05
 Committer: Ricardo Hill <rico@Ricos-M1-Mac-2.local>
Your name and email address were configured automatically based
on your username and hostname. Please check that they are accurate.
You can suppress this message by setting them explicitly. Run the
following command and follow the instructions in your editor to edit
your configuration file:

    git config --global --edit

After doing this, you may fix the identity used for this commit with:

    git commit --amend --reset-author

 4 files changed, 1734 insertions(+), 408 deletions(-)
To https://github.com/BangLetsGetIt/NBA-NCAA-Betting-Models.git
   ae2173e..bc8118f  main -> main
✅ Successfully pushed to GitHub!
