==========================================
NCAA Model Run: Sun Jan 11 10:30:05 EST 2026
==========================================
Running NCAA Basketball model (IMPROVED)...

[1m====================================================================================================[0m
[1m[96m🏀 COLLEGE BASKETBALL SHARP MODEL 🏀[0m
[1m[92m⚡ Targeting 56%+ Win Rate with Advanced Analytics ⚡[0m
[1m[93m📅 Filtering games within next 7 days[0m
[1m====================================================================================================[0m

[1m[96mSTEP 1: Checking for Completed Games & Updating Past Picks[0m
[96mChecking 32 pending picks...[0m
[96mFetching completed game scores...[0m
[92m✓ Fetched 183 completed games[0m
[92m✓ Updated: ✅ BET: Fresno St Bulldogs +14.5 -> LOSS[0m
[92m✓ Updated: ✅ BET: UNDER 144.5 -> WIN[0m
[92m✓ Updated: ✅ BET: UC Irvine Anteaters +5.5 -> WIN[0m
[92m✓ Updated: ✅ BET: OVER 134.5 -> LOSS[0m
[92m✓ Tracking data saved to /Users/rico/sports-models/ncaa/ncaab_picks_tracking.json[0m
[92m  Total picks in file: 2875[0m
[92m✅ Updated 4 picks[0m
[92m✓ Tracking dashboard saved: /Users/rico/sports-models/ncaa/ncaab_tracking_dashboard.html[0m

[1m[96mSTEP 2: Loading Team Statistics[0m
[96mLoading team statistics...[0m
[93m⚠️  Cache expired or missing. Fetching fresh stats from Sports-Reference...[0m
Fetching NCAA basketball stats for 2025 season...
Columns found: [' 0_Rk', ' 1_School', ' 2_Conf', ' 3_ 3', ' 4_W', ' 5_L', ' 6_Pts', ' 7_Opp', ' 8_MOV', ' 9_ 9', ' 10_SOS', ' 11_ 11', 'SRS_OSRS', 'SRS_DSRS', 'SRS_SRS', 'Adjusted_ORtg', 'Adjusted_DRtg', 'Adjusted_NRtg']

Sample data:
   0_Rk  1_School  2_Conf  ...  Adjusted_ORtg Adjusted_DRtg Adjusted_NRtg
0     1      Duke     ACC  ...         131.42         86.60         44.82
1     2    Auburn     SEC  ...         129.16         88.83         40.33
2     3   Houston  Big 12  ...         125.20         82.34         42.86

[3 rows x 18 columns]

✓ Successfully fetched stats for 364 teams
[92m✓ Stats cached to /Users/rico/sports-models/ncaa/ncaab_stats_cache.json[0m

[1m[96mSTEP 3: Fetching Live Odds (Next 7 Days)[0m
[92m✓ Fetched 20 games from The Odds API[0m
[92m✓ 20 games in the next 7 days[0m

[1m[96mSTEP 4: Processing Games & Generating Sharp Picks[0m


[1m[92m✅ Analyzed 20 games with complete odds[0m


[1m========================================================================================================================[0m
[1m[93m🏀 COLLEGE BASKETBALL MODEL PREDICTIONS 🏀[0m
[1m========================================================================================================================[0m

[1m[96m━━━ GAME 1: Saint Joseph's Hawks @ Richmond Spiders ━━━[0m
[96m🕐 01/11 12:00 PM[0m

[93m📊 SPREAD:[0m
  Market: -7.5 | Model: +2.9 | Edge: +10.4
  [92m✅ BET: Saint Joseph's Hawks +7.5[0m
  [96mHIGH confidence (+10.4 edge)[0m

[93m🎯 TOTAL:[0m
  Market: 150.5 | Model: 142.4 | Edge: -8.1
  [92m✅ BET: UNDER 150.5[0m
  [96mHIGH confidence (8.1 edge)[0m

[35m📈 Saint Joseph's Hawks 69.8, Richmond Spiders 72.6[0m

[1m[96m━━━ GAME 2: Illinois Fighting Illini @ Iowa Hawkeyes ━━━[0m
[96m🕐 01/11 12:00 PM[0m

[93m📊 SPREAD:[0m
  Market: +1.5 | Model: +5.4 | Edge: +3.9
  [91m❌ NO BET[0m
  [96mEdge too small (+3.9)[0m

[93m🎯 TOTAL:[0m
  Market: 143.5 | Model: 159.6 | Edge: +16.1
  [92m✅ BET: OVER 143.5[0m
  [96mHIGH confidence (16.1 edge)[0m

[35m📈 Illinois Fighting Illini 77.1, Iowa Hawkeyes 82.5[0m

[1m[96m━━━ GAME 3: Canisius Golden Griffins @ Iona Gaels ━━━[0m
[96m🕐 01/11 01:00 PM[0m

[93m📊 SPREAD:[0m
  Market: -11.5 | Model: -2.2 | Edge: +9.3
  [92m✅ BET: Canisius Golden Griffins +11.5[0m
  [96mHIGH confidence (+9.3 edge)[0m

[93m🎯 TOTAL:[0m
  Market: 143.5 | Model: 130.2 | Edge: -13.3
  [92m✅ BET: UNDER 143.5[0m
  [96mHIGH confidence (13.3 edge)[0m

[35m📈 Canisius Golden Griffins 66.2, Iona Gaels 64.0[0m

[1m[96m━━━ GAME 4: Cleveland St Vikings @ Detroit Mercy Titans ━━━[0m
[96m🕐 01/11 01:00 PM[0m

[93m📊 SPREAD:[0m
  Market: -6.5 | Model: -0.3 | Edge: +6.2
  [92m✅ BET: Cleveland St Vikings +6.5[0m
  [96mHIGH confidence (+6.2 edge)[0m

[93m🎯 TOTAL:[0m
  Market: 160.5 | Model: 133.2 | Edge: -27.3
  [92m✅ BET: UNDER 160.5[0m
  [96mHIGH confidence (27.3 edge)[0m

[35m📈 Cleveland St Vikings 66.8, Detroit Mercy Titans 66.5[0m

[1m[96m━━━ GAME 5: Memphis Tigers @ Florida Atlantic Owls ━━━[0m
[96m🕐 01/11 01:00 PM[0m

[93m📊 SPREAD:[0m
  Market: -1.5 | Model: +4.1 | Edge: +5.6
  [91m❌ NO BET[0m
  [96mEdge too small (+5.6)[0m

[93m🎯 TOTAL:[0m
  Market: 151.5 | Model: 149.8 | Edge: -1.7
  [91m❌ NO BET[0m
  [96mEdge too small (-1.7)[0m

[35m📈 Memphis Tigers 72.9, Florida Atlantic Owls 77.0[0m

[1m[96m━━━ GAME 6: Charlotte 49ers @ Rice Owls ━━━[0m
[96m🕐 01/11 02:00 PM[0m

[93m📊 SPREAD:[0m
  Market: +1.5 | Model: +0.9 | Edge: -0.6
  [91m❌ NO BET[0m
  [96mEdge too small (-0.6)[0m

[93m🎯 TOTAL:[0m
  Market: 139.5 | Model: 138.3 | Edge: -1.2
  [91m❌ NO BET[0m
  [96mEdge too small (-1.2)[0m

[35m📈 Charlotte 49ers 68.7, Rice Owls 69.6[0m

[1m[96m━━━ GAME 7: UAB Blazers @ East Carolina Pirates ━━━[0m
[96m🕐 01/11 02:00 PM[0m

[93m📊 SPREAD:[0m
  Market: +8.5 | Model: -0.8 | Edge: -9.3
  [92m✅ BET: East Carolina Pirates +8.5[0m
  [96mHIGH confidence (-9.3 edge)[0m

[93m🎯 TOTAL:[0m
  Market: 147.5 | Model: 144.9 | Edge: -2.6
  [91m❌ NO BET[0m
  [96mEdge too small (-2.6)[0m

[35m📈 UAB Blazers 72.8, East Carolina Pirates 72.1[0m

[1m[96m━━━ GAME 8: Fort Wayne Mastodons @ Robert Morris Colonials ━━━[0m
[96m🕐 01/11 02:00 PM[0m

[93m📊 SPREAD:[0m
  Market: -4.5 | Model: +2.9 | Edge: +7.4
  [92m✅ BET: Fort Wayne Mastodons +4.5[0m
  [96mHIGH confidence (+7.4 edge)[0m

[93m🎯 TOTAL:[0m
  Market: 144.5 | Model: 140.7 | Edge: -3.8
  [91m❌ NO BET[0m
  [96mEdge too small (-3.8)[0m

[35m📈 Fort Wayne Mastodons 68.9, Robert Morris Colonials 71.8[0m

[1m[96m━━━ GAME 9: Northern Kentucky Norse @ Green Bay Phoenix ━━━[0m
[96m🕐 01/11 02:00 PM[0m

[93m📊 SPREAD:[0m
  Market: +3.5 | Model: +4.0 | Edge: +0.5
  [91m❌ NO BET[0m
  [96mEdge too small (+0.5)[0m

[93m🎯 TOTAL:[0m
  Market: 144.5 | Model: 132.8 | Edge: -11.7
  [92m✅ BET: UNDER 144.5[0m
  [96mHIGH confidence (11.7 edge)[0m

[35m📈 Northern Kentucky Norse 64.4, Green Bay Phoenix 68.4[0m

[1m[96m━━━ GAME 10: Niagara Purple Eagles @ Manhattan Jaspers ━━━[0m
[96m🕐 01/11 02:00 PM[0m

[93m📊 SPREAD:[0m
  Market: -5.5 | Model: +5.4 | Edge: +10.9
  [92m✅ BET: Niagara Purple Eagles +5.5[0m
  [96mHIGH confidence (+10.9 edge)[0m

[93m🎯 TOTAL:[0m
  Market: 141.5 | Model: 132.2 | Edge: -9.3
  [92m✅ BET: UNDER 141.5[0m
  [96mHIGH confidence (9.3 edge)[0m

[35m📈 Niagara Purple Eagles 63.4, Manhattan Jaspers 68.8[0m

[1m[96m━━━ GAME 11: Marist Red Foxes @ Rider Broncs ━━━[0m
[96m🕐 01/11 02:00 PM[0m

[93m📊 SPREAD:[0m
  Market: +10.5 | Model: +7.0 | Edge: -3.5
  [91m❌ NO BET[0m
  [96mEdge too small (-3.5)[0m

[93m🎯 TOTAL:[0m
  Market: 131.5 | Model: 130.4 | Edge: -1.1
  [91m❌ NO BET[0m
  [96mEdge too small (-1.1)[0m

[35m📈 Marist Red Foxes 61.7, Rider Broncs 68.7[0m

[1m[96m━━━ GAME 12: Merrimack Warriors @ Saint Peter's Peacocks ━━━[0m
[96m🕐 01/11 02:00 PM[0m

[93m📊 SPREAD:[0m
  Market: -1.5 | Model: +2.0 | Edge: +3.5
  [91m❌ NO BET[0m
  [96mEdge too small (+3.5)[0m

[93m🎯 TOTAL:[0m
  Market: 130.5 | Model: 132.3 | Edge: +1.8
  [91m❌ NO BET[0m
  [96mEdge too small (+1.8)[0m

[35m📈 Merrimack Warriors 65.2, Saint Peter's Peacocks 67.2[0m

[1m[96m━━━ GAME 13: Siena Saints @ Mt. St. Mary's Mountaineers ━━━[0m
[96m🕐 01/11 02:00 PM[0m

[93m📊 SPREAD:[0m
  Market: +2.5 | Model: +2.8 | Edge: +0.3
  [91m❌ NO BET[0m
  [96mEdge too small (+0.3)[0m

[93m🎯 TOTAL:[0m
  Market: 138.5 | Model: 136.7 | Edge: -1.8
  [91m❌ NO BET[0m
  [96mEdge too small (-1.8)[0m

[35m📈 Siena Saints 67.0, Mt. St. Mary's Mountaineers 69.8[0m

[1m[96m━━━ GAME 14: Quinnipiac Bobcats @ Sacred Heart Pioneers ━━━[0m
[96m🕐 01/11 02:00 PM[0m

[93m📊 SPREAD:[0m
  Market: +5.5 | Model: +4.9 | Edge: -0.6
  [91m❌ NO BET[0m
  [96mEdge too small (-0.6)[0m

[93m🎯 TOTAL:[0m
  Market: 152.5 | Model: 134.3 | Edge: -18.2
  [92m✅ BET: UNDER 152.5[0m
  [96mHIGH confidence (18.2 edge)[0m

[35m📈 Quinnipiac Bobcats 64.7, Sacred Heart Pioneers 69.6[0m

[1m[96m━━━ GAME 15: IUPUI Jaguars @ Milwaukee Panthers ━━━[0m
[96m🕐 01/11 03:00 PM[0m

[93m📊 SPREAD:[0m
  Market: -9.5 | Model: +3.9 | Edge: +13.4
  [92m✅ BET: IUPUI Jaguars +9.5[0m
  [96mHIGH confidence (+13.4 edge)[0m

[93m🎯 TOTAL:[0m
  Market: 165.5 | Model: 140.8 | Edge: -24.7
  [92m✅ BET: UNDER 165.5[0m
  [96mHIGH confidence (24.7 edge)[0m

[35m📈 IUPUI Jaguars 68.5, Milwaukee Panthers 72.4[0m

[1m[96m━━━ GAME 16: North Texas Mean Green @ Wichita St Shockers ━━━[0m
[96m🕐 01/11 03:00 PM[0m

[93m📊 SPREAD:[0m
  Market: -6.5 | Model: +1.9 | Edge: +8.4
  [92m✅ BET: North Texas Mean Green +6.5[0m
  [96mHIGH confidence (+8.4 edge)[0m

[93m🎯 TOTAL:[0m
  Market: 130.5 | Model: 144.8 | Edge: +14.3
  [92m✅ BET: OVER 130.5[0m
  [96mHIGH confidence (14.3 edge)[0m

[35m📈 North Texas Mean Green 71.5, Wichita St Shockers 73.4[0m

[1m[96m━━━ GAME 17: Wright St Raiders @ Oakland Golden Grizzlies ━━━[0m
[96m🕐 01/11 03:00 PM[0m

[93m📊 SPREAD:[0m
  Market: -4.5 | Model: +4.0 | Edge: +8.5
  [92m✅ BET: Wright St Raiders +4.5[0m
  [96mHIGH confidence (+8.5 edge)[0m

[93m🎯 TOTAL:[0m
  Market: 159.5 | Model: 139.4 | Edge: -20.1
  [92m✅ BET: UNDER 159.5[0m
  [96mHIGH confidence (20.1 edge)[0m

[35m📈 Wright St Raiders 67.7, Oakland Golden Grizzlies 71.7[0m

[1m[96m━━━ GAME 18: Cincinnati Bearcats @ UCF Knights ━━━[0m
[96m🕐 01/11 05:00 PM[0m

[93m📊 SPREAD:[0m
  Market: -3.5 | Model: +6.2 | Edge: +9.7
  [92m✅ BET: Cincinnati Bearcats +3.5[0m
  [96mHIGH confidence (+9.7 edge)[0m

[93m🎯 TOTAL:[0m
  Market: 150.5 | Model: 154.2 | Edge: +3.7
  [91m❌ NO BET[0m
  [96mEdge too small (+3.7)[0m

[35m📈 Cincinnati Bearcats 74.0, UCF Knights 80.2[0m

[1m[96m━━━ GAME 19: Northwestern Wildcats @ Rutgers Scarlet Knights ━━━[0m
[96m🕐 01/11 05:00 PM[0m

[93m📊 SPREAD:[0m
  Market: +4.5 | Model: +5.0 | Edge: +0.5
  [91m❌ NO BET[0m
  [96mEdge too small (+0.5)[0m

[93m🎯 TOTAL:[0m
  Market: 143.5 | Model: 154.2 | Edge: +10.7
  [92m✅ BET: OVER 143.5[0m
  [96mHIGH confidence (10.7 edge)[0m

[35m📈 Northwestern Wildcats 74.6, Rutgers Scarlet Knights 79.6[0m

[1m[96m━━━ GAME 20: Ohio State Buckeyes @ Washington Huskies ━━━[0m
[96m🕐 01/11 06:00 PM[0m

[93m📊 SPREAD:[0m
  Market: -1.5 | Model: +1.1 | Edge: +2.6
  [91m❌ NO BET[0m
  [96mEdge too small (+2.6)[0m

[93m🎯 TOTAL:[0m
  Market: 153.5 | Model: 153.7 | Edge: +0.2
  [91m❌ NO BET[0m
  [96mEdge too small (+0.2)[0m

[35m📈 Ohio State Buckeyes 76.3, Washington Huskies 77.4[0m

[1m========================================================================================================================[0m

[92m✓ CSV saved: /Users/rico/sports-models/ncaa/ncaab_model_output.csv[0m
[92m✓ HTML saved: /Users/rico/sports-models/ncaa/ncaab_model_output.html[0m

[1m[96mSTEP 5: Generating Final Tracking Dashboard[0m
[92m✓ Tracking dashboard saved: /Users/rico/sports-models/ncaa/ncaab_tracking_dashboard.html[0m

[1m====================================================================================================[0m
[1m[93m📊 TRACKING SUMMARY 📊[0m
[1m====================================================================================================[0m
[92mTotal Tracked Bets: 2875[0m
[92mRecord: 1489-1353-5[0m
[92mWin Rate: 52.4%[0m
[92mProfit: +1.99 units[0m
[92mROI: +0.1%[0m
[1m====================================================================================================[0m


==========================================
✅ NCAA Model completed successfully!
==========================================

📤 Pushing updates to GitHub...
[main 1162be2] Update model outputs - 2026-01-11 10:30:11
 Committer: Ricardo Hill <rico@MacBookAir.lan>
Your name and email address were configured automatically based
on your username and hostname. Please check that they are accurate.
You can suppress this message by setting them explicitly. Run the
following command and follow the instructions in your editor to edit
your configuration file:

    git config --global --edit

After doing this, you may fix the identity used for this commit with:

    git commit --amend --reset-author

 4 files changed, 149 insertions(+), 145 deletions(-)
To https://github.com/BangLetsGetIt/NBA-NCAA-Betting-Models.git
   b801588..1162be2  main -> main
✅ Successfully pushed to GitHub!
