==========================================
NCAA Model Run: Tue Jan 20 10:30:02 EST 2026
==========================================
Running NCAA Basketball model (IMPROVED)...

[1m====================================================================================================[0m
[1m[96m🏀 COLLEGE BASKETBALL SHARP MODEL 🏀[0m
[1m[92m⚡ Targeting 56%+ Win Rate with Advanced Analytics ⚡[0m
[1m[93m📅 Filtering games within next 7 days[0m
[1m====================================================================================================[0m

[1m[96mSTEP 1: Checking for Completed Games & Updating Past Picks[0m
[96mChecking 52 pending picks...[0m
[96mFetching completed game scores...[0m
[92m✓ Fetched 85 completed games[0m
[93mNo picks were updated (games may not be complete yet)[0m
[92m✓ Tracking dashboard saved: /Users/rico/sports-models/ncaa/ncaab_tracking_dashboard.html[0m

[1m[96mSTEP 2: Loading Team Statistics[0m
[96mLoading team statistics...[0m
[93m⚠️  Cache expired or missing. Fetching fresh stats from Sports-Reference...[0m
Fetching NCAA basketball stats for 2025 season...
Columns found: [' 0_Rk', ' 1_School', ' 2_Conf', ' 3_ 3', ' 4_W', ' 5_L', ' 6_Pts', ' 7_Opp', ' 8_MOV', ' 9_ 9', ' 10_SOS', ' 11_ 11', 'SRS_OSRS', 'SRS_DSRS', 'SRS_SRS', 'Adjusted_ORtg', 'Adjusted_DRtg', 'Adjusted_NRtg']

Sample data:
   0_Rk  1_School  2_Conf  ...  Adjusted_ORtg Adjusted_DRtg Adjusted_NRtg
0     1      Duke     ACC  ...         131.42         86.60         44.82
1     2    Auburn     SEC  ...         129.16         88.83         40.33
2     3   Houston  Big 12  ...         125.20         82.34         42.86

[3 rows x 18 columns]

✓ Successfully fetched stats for 364 teams
[92m✓ Stats cached to /Users/rico/sports-models/ncaa/ncaab_stats_cache.json[0m

[1m[96mSTEP 3: Fetching Live Odds (Next 7 Days)[0m
[92m✓ Fetched 34 games from The Odds API[0m
[92m✓ 34 games in the next 7 days[0m

[1m[96mSTEP 4: Processing Games & Generating Sharp Picks[0m

[92m✓ Tracking data saved to /Users/rico/sports-models/ncaa/ncaab_picks_tracking.json[0m
[92m  Total picks in file: 3381[0m
[35m📝 LOGGED: SPREAD - ✅ BET: Oregon Ducks +10.5 (Edge: -6.7)[0m
[92m✓ Tracking data saved to /Users/rico/sports-models/ncaa/ncaab_picks_tracking.json[0m
[92m  Total picks in file: 3382[0m
[35m📝 LOGGED: TOTAL - ✅ BET: OVER 137.5 (Edge: +20.4)[0m

[1m[92m✅ Analyzed 34 games with complete odds[0m


[1m========================================================================================================================[0m
[1m[93m🏀 COLLEGE BASKETBALL MODEL PREDICTIONS 🏀[0m
[1m========================================================================================================================[0m

[1m[96m━━━ GAME 1: Toledo Rockets @ Massachusetts Minutemen ━━━[0m
[96m🕐 01/20 06:00 PM[0m

[93m📊 SPREAD:[0m
  Market: -1.5 | Model: -4.0 | Edge: -2.5
  [91m❌ NO BET[0m
  [96mEdge too small (-2.5)[0m

[93m🎯 TOTAL:[0m
  Market: 164.5 | Model: 137.9 | Edge: -26.6
  [92m✅ BET: UNDER 164.5[0m
  [96mHIGH confidence (26.6 edge)[0m

[35m📈 Toledo Rockets 70.9, Massachusetts Minutemen 66.9[0m

[1m[96m━━━ GAME 2: Akron Zips @ Buffalo Bulls ━━━[0m
[96m🕐 01/20 06:30 PM[0m

[93m📊 SPREAD:[0m
  Market: +7.5 | Model: -2.1 | Edge: -9.6
  [92m✅ BET: Buffalo Bulls +7.5[0m
  [96mHIGH confidence (-9.6 edge)[0m

[93m🎯 TOTAL:[0m
  Market: 168.5 | Model: 136.1 | Edge: -32.4
  [92m✅ BET: UNDER 168.5[0m
  [96mHIGH confidence (32.4 edge)[0m

[35m📈 Akron Zips 69.1, Buffalo Bulls 67.0[0m

[1m[96m━━━ GAME 3: Minnesota Golden Gophers @ Ohio State Buckeyes ━━━[0m
[96m🕐 01/20 06:30 PM[0m

[93m📊 SPREAD:[0m
  Market: -7.5 | Model: +5.4 | Edge: +12.9
  [92m✅ BET: Minnesota Golden Gophers +7.5[0m
  [96mHIGH confidence (+12.9 edge)[0m

[93m🎯 TOTAL:[0m
  Market: 144.5 | Model: 154.6 | Edge: +10.1
  [92m✅ BET: OVER 144.5[0m
  [96mHIGH confidence (10.1 edge)[0m

[35m📈 Minnesota Golden Gophers 74.6, Ohio State Buckeyes 80.0[0m

[1m[96m━━━ GAME 4: Ball State Cardinals @ Central Michigan Chippewas ━━━[0m
[96m🕐 01/20 07:00 PM[0m

[93m📊 SPREAD:[0m
  Market: -1.5 | Model: +1.7 | Edge: +3.2
  [91m❌ NO BET[0m
  [96mEdge too small (+3.2)[0m

[93m🎯 TOTAL:[0m
  Market: 142.5 | Model: 135.9 | Edge: -6.6
  [92m✅ BET: UNDER 142.5[0m
  [96mMEDIUM confidence (6.6 edge)[0m

[35m📈 Ball State Cardinals 67.1, Central Michigan Chippewas 68.8[0m

[1m[96m━━━ GAME 5: Bowling Green Falcons @ Western Michigan Broncos ━━━[0m
[96m🕐 01/20 07:00 PM[0m

[93m📊 SPREAD:[0m
  Market: +6.5 | Model: +4.6 | Edge: -1.9
  [91m❌ NO BET[0m
  [96mEdge too small (-1.9)[0m

[93m🎯 TOTAL:[0m
  Market: 151.5 | Model: 132.2 | Edge: -19.3
  [92m✅ BET: UNDER 151.5[0m
  [96mHIGH confidence (19.3 edge)[0m

[35m📈 Bowling Green Falcons 63.8, Western Michigan Broncos 68.4[0m

[1m[96m━━━ GAME 6: NC State Wolfpack @ Clemson Tigers ━━━[0m
[96m🕐 01/20 07:00 PM[0m

[93m📊 SPREAD:[0m
  Market: -3.5 | Model: +4.8 | Edge: +8.3
  [92m✅ BET: NC State Wolfpack +3.5[0m
  [96mHIGH confidence (+8.3 edge)[0m

[93m🎯 TOTAL:[0m
  Market: 142.5 | Model: 153.6 | Edge: +11.1
  [92m✅ BET: OVER 142.5[0m
  [96mHIGH confidence (11.1 edge)[0m

[35m📈 NC State Wolfpack 74.4, Clemson Tigers 79.2[0m

[1m[96m━━━ GAME 7: Saint Louis Billikens @ Duquesne Dukes ━━━[0m
[96m🕐 01/20 07:00 PM[0m

[93m📊 SPREAD:[0m
  Market: +9.5 | Model: +0.6 | Edge: -8.9
  [92m✅ BET: Duquesne Dukes +9.5[0m
  [96mHIGH confidence (-8.9 edge)[0m

[93m🎯 TOTAL:[0m
  Market: 165.5 | Model: 144.0 | Edge: -21.5
  [92m✅ BET: UNDER 165.5[0m
  [96mHIGH confidence (21.5 edge)[0m

[35m📈 Saint Louis Billikens 71.7, Duquesne Dukes 72.3[0m

[1m[96m━━━ GAME 8: LSU Tigers @ Florida Gators ━━━[0m
[96m🕐 01/20 07:00 PM[0m

[93m📊 SPREAD:[0m
  Market: -16.5 | Model: +8.2 | Edge: +24.7
  [92m✅ BET: LSU Tigers +16.5[0m
  [96mHIGH confidence (+24.7 edge)[0m

[93m🎯 TOTAL:[0m
  Market: 157.5 | Model: 154.5 | Edge: -3.0
  [91m❌ NO BET[0m
  [96mEdge too small (-3.0)[0m

[35m📈 LSU Tigers 73.1, Florida Gators 81.4[0m

[1m[96m━━━ GAME 9: Florida St Seminoles @ Miami Hurricanes ━━━[0m
[96m🕐 01/20 07:00 PM[0m

[93m📊 SPREAD:[0m
  Market: -11.5 | Model: -2.6 | Edge: +8.9
  [92m✅ BET: Florida St Seminoles +11.5[0m
  [96mHIGH confidence (+8.9 edge)[0m

[93m🎯 TOTAL:[0m
  Market: 165.5 | Model: 154.5 | Edge: -11.0
  [92m✅ BET: UNDER 165.5[0m
  [96mHIGH confidence (11.0 edge)[0m

[35m📈 Florida St Seminoles 78.6, Miami Hurricanes 75.9[0m

[1m[96m━━━ GAME 10: Indiana Hoosiers @ Michigan Wolverines ━━━[0m
[96m🕐 01/20 07:00 PM[0m

[93m📊 SPREAD:[0m
  Market: -15.5 | Model: +2.9 | Edge: +18.4
  [92m✅ BET: Indiana Hoosiers +15.5[0m
  [96mHIGH confidence (+18.4 edge)[0m

[93m🎯 TOTAL:[0m
  Market: 163.5 | Model: 158.3 | Edge: -5.2
  [91m❌ NO BET[0m
  [96mEdge too small (-5.2)[0m

[35m📈 Indiana Hoosiers 77.7, Michigan Wolverines 80.6[0m

[1m[96m━━━ GAME 11: UCF Knights @ Iowa State Cyclones ━━━[0m
[96m🕐 01/20 07:00 PM[0m

[93m📊 SPREAD:[0m
  Market: -13.5 | Model: +1.9 | Edge: +15.4
  [92m✅ BET: UCF Knights +13.5[0m
  [96mHIGH confidence (+15.4 edge)[0m

[93m🎯 TOTAL:[0m
  Market: 156.5 | Model: 158.6 | Edge: +2.1
  [91m❌ NO BET[0m
  [96mEdge too small (+2.1)[0m

[35m📈 UCF Knights 78.3, Iowa State Cyclones 80.3[0m

[1m[96m━━━ GAME 12: Miami (OH) RedHawks @ Kent State Golden Flashes ━━━[0m
[96m🕐 01/20 07:00 PM[0m

[93m📊 SPREAD:[0m
  Market: +1.5 | Model: -0.2 | Edge: -1.7
  [91m❌ NO BET[0m
  [96mEdge too small (-1.7)[0m

[93m🎯 TOTAL:[0m
  Market: 167.5 | Model: 142.0 | Edge: -25.5
  [92m✅ BET: UNDER 167.5[0m
  [96mHIGH confidence (25.5 edge)[0m

[35m📈 Miami (OH) RedHawks 71.1, Kent State Golden Flashes 70.9[0m

[1m[96m━━━ GAME 13: Loyola (Chi) Ramblers @ St. Bonaventure Bonnies ━━━[0m
[96m🕐 01/20 07:00 PM[0m

[93m📊 SPREAD:[0m
  Market: -10.5 | Model: +2.1 | Edge: +12.6
  [92m✅ BET: Loyola (Chi) Ramblers +10.5[0m
  [96mHIGH confidence (+12.6 edge)[0m

[93m🎯 TOTAL:[0m
  Market: 146.5 | Model: 141.8 | Edge: -4.7
  [91m❌ NO BET[0m
  [96mEdge too small (-4.7)[0m

[35m📈 Loyola (Chi) Ramblers 69.9, St. Bonaventure Bonnies 72.0[0m

[1m[96m━━━ GAME 14: Northern Illinois Huskies @ Ohio Bobcats ━━━[0m
[96m🕐 01/20 07:00 PM[0m

[93m📊 SPREAD:[0m
  Market: -12.5 | Model: +7.4 | Edge: +19.9
  [92m✅ BET: Northern Illinois Huskies +12.5[0m
  [96mHIGH confidence (+19.9 edge)[0m

[93m🎯 TOTAL:[0m
  Market: 154.5 | Model: 132.0 | Edge: -22.5
  [92m✅ BET: UNDER 154.5[0m
  [96mHIGH confidence (22.5 edge)[0m

[35m📈 Northern Illinois Huskies 62.3, Ohio Bobcats 69.7[0m

[1m[96m━━━ GAME 15: Oklahoma Sooners @ South Carolina Gamecocks ━━━[0m
[96m🕐 01/20 07:00 PM[0m

[93m📊 SPREAD:[0m
  Market: +1.5 | Model: -1.4 | Edge: -2.9
  [91m❌ NO BET[0m
  [96mEdge too small (-2.9)[0m

[93m🎯 TOTAL:[0m
  Market: 149.5 | Model: 154.2 | Edge: +4.7
  [91m❌ NO BET[0m
  [96mEdge too small (+4.7)[0m

[35m📈 Oklahoma Sooners 77.8, South Carolina Gamecocks 76.4[0m

[1m[96m━━━ GAME 16: Seton Hall Pirates @ St. John's Red Storm ━━━[0m
[96m🕐 01/20 07:00 PM[0m

[93m📊 SPREAD:[0m
  Market: -10.5 | Model: +5.6 | Edge: +16.1
  [92m✅ BET: Seton Hall Pirates +10.5[0m
  [96mHIGH confidence (+16.1 edge)[0m

[93m🎯 TOTAL:[0m
  Market: 144.5 | Model: 139.6 | Edge: -4.9
  [91m❌ NO BET[0m
  [96mEdge too small (-4.9)[0m

[35m📈 Seton Hall Pirates 67.0, St. John's Red Storm 72.6[0m

[1m[96m━━━ GAME 17: DePaul Blue Demons @ Butler Bulldogs ━━━[0m
[96m🕐 01/20 07:30 PM[0m

[93m📊 SPREAD:[0m
  Market: -7.5 | Model: +5.9 | Edge: +13.4
  [92m✅ BET: DePaul Blue Demons +7.5[0m
  [96mHIGH confidence (+13.4 edge)[0m

[93m🎯 TOTAL:[0m
  Market: 149.5 | Model: 149.9 | Edge: +0.4
  [91m❌ NO BET[0m
  [96mEdge too small (+0.4)[0m

[35m📈 DePaul Blue Demons 72.0, Butler Bulldogs 77.9[0m

[1m[96m━━━ GAME 18: Evansville Purple Aces @ UIC Flames ━━━[0m
[96m🕐 01/20 08:00 PM[0m

[93m📊 SPREAD:[0m
  Market: -9.5 | Model: +6.3 | Edge: +15.8
  [92m✅ BET: Evansville Purple Aces +9.5[0m
  [96mHIGH confidence (+15.8 edge)[0m

[93m🎯 TOTAL:[0m
  Market: 137.5 | Model: 136.8 | Edge: -0.7
  [91m❌ NO BET[0m
  [96mEdge too small (-0.7)[0m

[35m📈 Evansville Purple Aces 65.3, UIC Flames 71.5[0m

[1m[96m━━━ GAME 19: Oklahoma St Cowboys @ TCU Horned Frogs ━━━[0m
[96m🕐 01/20 08:00 PM[0m

[93m📊 SPREAD:[0m
  Market: -8.5 | Model: -3.1 | Edge: +5.4
  [91m❌ NO BET[0m
  [96mEdge too small (+5.4)[0m

[93m🎯 TOTAL:[0m
  Market: 161.5 | Model: 154.2 | Edge: -7.3
  [92m✅ BET: UNDER 161.5[0m
  [96mHIGH confidence (7.3 edge)[0m

[35m📈 Oklahoma St Cowboys 78.6, TCU Horned Frogs 75.5[0m

[1m[96m━━━ GAME 20: Boise State Broncos @ Wyoming Cowboys ━━━[0m
[96m🕐 01/20 08:30 PM[0m

[93m📊 SPREAD:[0m
  Market: -1.5 | Model: -1.9 | Edge: -0.4
  [91m❌ NO BET[0m
  [96mEdge too small (-0.4)[0m

[93m🎯 TOTAL:[0m
  Market: 143.5 | Model: 148.4 | Edge: +4.9
  [91m❌ NO BET[0m
  [96mEdge too small (+4.9)[0m

[35m📈 Boise State Broncos 75.1, Wyoming Cowboys 73.3[0m

[1m[96m━━━ GAME 21: Rutgers Scarlet Knights @ Iowa Hawkeyes ━━━[0m
[96m🕐 01/20 08:30 PM[0m

[93m📊 SPREAD:[0m
  Market: -19.5 | Model: +6.3 | Edge: +25.8
  [92m✅ BET: Rutgers Scarlet Knights +19.5[0m
  [96mHIGH confidence (+25.8 edge)[0m

[93m🎯 TOTAL:[0m
  Market: 138.5 | Model: 154.2 | Edge: +15.7
  [92m✅ BET: OVER 138.5[0m
  [96mHIGH confidence (15.7 edge)[0m

[35m📈 Rutgers Scarlet Knights 73.9, Iowa Hawkeyes 80.3[0m

[1m[96m━━━ GAME 22: Tenn-Martin Skyhawks @ SE Missouri St Redhawks ━━━[0m
[96m🕐 01/20 08:30 PM[0m

[93m📊 SPREAD:[0m
  Market: -2.5 | Model: +9.5 | Edge: +12.0
  [92m✅ BET: Tenn-Martin Skyhawks +2.5[0m
  [96mHIGH confidence (+12.0 edge)[0m

[93m🎯 TOTAL:[0m
  Market: 142.5 | Model: 150.9 | Edge: +8.4
  [92m✅ BET: OVER 142.5[0m
  [96mHIGH confidence (8.4 edge)[0m

[35m📈 Tenn-Martin Skyhawks 70.7, SE Missouri St Redhawks 80.2[0m

[1m[96m━━━ GAME 23: Air Force Falcons @ Colorado St Rams ━━━[0m
[96m🕐 01/20 09:00 PM[0m

[93m📊 SPREAD:[0m
  Market: -20.5 | Model: +3.5 | Edge: +24.0
  [92m✅ BET: Air Force Falcons +20.5[0m
  [96mHIGH confidence (+24.0 edge)[0m

[93m🎯 TOTAL:[0m
  Market: 132.5 | Model: 141.6 | Edge: +9.1
  [92m✅ BET: OVER 132.5[0m
  [96mHIGH confidence (9.1 edge)[0m

[35m📈 Air Force Falcons 69.1, Colorado St Rams 72.5[0m

[1m[96m━━━ GAME 24: Vanderbilt Commodores @ Arkansas Razorbacks ━━━[0m
[96m🕐 01/20 09:00 PM[0m

[93m📊 SPREAD:[0m
  Market: -1.5 | Model: -0.7 | Edge: +0.8
  [91m❌ NO BET[0m
  [96mEdge too small (+0.8)[0m

[93m🎯 TOTAL:[0m
  Market: 173.5 | Model: 157.3 | Edge: -16.2
  [92m✅ BET: UNDER 173.5[0m
  [96mHIGH confidence (16.2 edge)[0m

[35m📈 Vanderbilt Commodores 79.0, Arkansas Razorbacks 78.3[0m

[1m[96m━━━ GAME 25: Auburn Tigers @ Ole Miss Rebels ━━━[0m
[96m🕐 01/20 09:00 PM[0m

[93m📊 SPREAD:[0m
  Market: +2.5 | Model: -2.8 | Edge: -5.3
  [91m❌ NO BET[0m
  [96mEdge too small (-5.3)[0m

[93m🎯 TOTAL:[0m
  Market: 150.5 | Model: 155.0 | Edge: +4.5
  [91m❌ NO BET[0m
  [96mEdge too small (+4.5)[0m

[35m📈 Auburn Tigers 78.9, Ole Miss Rebels 76.1[0m

[1m[96m━━━ GAME 26: Texas Tech Red Raiders @ Baylor Bears ━━━[0m
[96m🕐 01/20 09:00 PM[0m

[93m📊 SPREAD:[0m
  Market: +1.5 | Model: +2.3 | Edge: +0.8
  [91m❌ NO BET[0m
  [96mEdge too small (+0.8)[0m

[93m🎯 TOTAL:[0m
  Market: 155.5 | Model: 161.3 | Edge: +5.8
  [91m❌ NO BET[0m
  [96mEdge too small (+5.8)[0m

[35m📈 Texas Tech Red Raiders 79.5, Baylor Bears 81.8[0m

[1m[96m━━━ GAME 27: Georgia Bulldogs @ Missouri Tigers ━━━[0m
[96m🕐 01/20 09:00 PM[0m

[93m📊 SPREAD:[0m
  Market: -1.5 | Model: +7.5 | Edge: +9.0
  [92m✅ BET: Georgia Bulldogs +1.5[0m
  [96mHIGH confidence (+9.0 edge)[0m

[93m🎯 TOTAL:[0m
  Market: 165.5 | Model: 157.9 | Edge: -7.6
  [92m✅ BET: UNDER 165.5[0m
  [96mHIGH confidence (7.6 edge)[0m

[35m📈 Georgia Bulldogs 75.2, Missouri Tigers 82.7[0m

[1m[96m━━━ GAME 28: Utah Utes @ Kansas St Wildcats ━━━[0m
[96m🕐 01/20 09:00 PM[0m

[93m📊 SPREAD:[0m
  Market: -8.5 | Model: +2.0 | Edge: +10.5
  [92m✅ BET: Utah Utes +8.5[0m
  [96mHIGH confidence (+10.5 edge)[0m

[93m🎯 TOTAL:[0m
  Market: 168.5 | Model: 157.0 | Edge: -11.5
  [92m✅ BET: UNDER 168.5[0m
  [96mHIGH confidence (11.5 edge)[0m

[35m📈 Utah Utes 77.5, Kansas St Wildcats 79.5[0m

[1m[96m━━━ GAME 29: Michigan St Spartans @ Oregon Ducks ━━━[0m
[96m🕐 01/20 09:00 PM[0m

[93m📊 SPREAD:[0m
  Market: +10.5 | Model: +3.8 | Edge: -6.7
  [92m✅ BET: Oregon Ducks +10.5[0m
  [96mHIGH confidence (-6.7 edge)[0m

[93m🎯 TOTAL:[0m
  Market: 137.5 | Model: 157.9 | Edge: +20.4
  [92m✅ BET: OVER 137.5[0m
  [96mHIGH confidence (20.4 edge)[0m

[35m📈 Michigan St Spartans 77.0, Oregon Ducks 80.9[0m

[1m[96m━━━ GAME 30: SMU Mustangs @ Wake Forest Demon Deacons ━━━[0m
[96m🕐 01/20 09:00 PM[0m

[93m📊 SPREAD:[0m
  Market: +1.5 | Model: +1.3 | Edge: -0.2
  [91m❌ NO BET[0m
  [96mEdge too small (-0.2)[0m

[93m🎯 TOTAL:[0m
  Market: 159.5 | Model: 144.7 | Edge: -14.8
  [92m✅ BET: UNDER 159.5[0m
  [96mHIGH confidence (14.8 edge)[0m

[35m📈 SMU Mustangs 71.7, Wake Forest Demon Deacons 73.0[0m

[1m[96m━━━ GAME 31: San José St Spartans @ Nevada Wolf Pack ━━━[0m
[96m🕐 01/20 10:00 PM[0m

[93m📊 SPREAD:[0m
  Market: -17.5 | Model: +5.9 | Edge: +23.4
  [92m✅ BET: San José St Spartans +17.5[0m
  [96mHIGH confidence (+23.4 edge)[0m

[93m🎯 TOTAL:[0m
  Market: 142.5 | Model: 145.5 | Edge: +3.0
  [91m❌ NO BET[0m
  [96mEdge too small (+3.0)[0m

[35m📈 San José St Spartans 69.8, Nevada Wolf Pack 75.7[0m

[1m[96m━━━ GAME 32: Purdue Boilermakers @ UCLA Bruins ━━━[0m
[96m🕐 01/20 10:00 PM[0m

[93m📊 SPREAD:[0m
  Market: +5.5 | Model: -1.2 | Edge: -6.7
  [92m✅ BET: UCLA Bruins +5.5[0m
  [96mHIGH confidence (-6.7 edge)[0m

[93m🎯 TOTAL:[0m
  Market: 147.5 | Model: 160.1 | Edge: +12.6
  [92m✅ BET: OVER 147.5[0m
  [96mHIGH confidence (12.6 edge)[0m

[35m📈 Purdue Boilermakers 80.7, UCLA Bruins 79.4[0m

[1m[96m━━━ GAME 33: Kansas Jayhawks @ Colorado Buffaloes ━━━[0m
[96m🕐 01/20 11:00 PM[0m

[93m📊 SPREAD:[0m
  Market: +4.5 | Model: +1.6 | Edge: -2.9
  [91m❌ NO BET[0m
  [96mEdge too small (-2.9)[0m

[93m🎯 TOTAL:[0m
  Market: 156.5 | Model: 155.9 | Edge: -0.6
  [91m❌ NO BET[0m
  [96mEdge too small (-0.6)[0m

[35m📈 Kansas Jayhawks 77.1, Colorado Buffaloes 78.8[0m

[1m[96m━━━ GAME 34: UNLV Rebels @ Utah State Aggies ━━━[0m
[96m🕐 01/20 11:00 PM[0m

[93m📊 SPREAD:[0m
  Market: -17.5 | Model: +8.9 | Edge: +26.4
  [92m✅ BET: UNLV Rebels +17.5[0m
  [96mHIGH confidence (+26.4 edge)[0m

[93m🎯 TOTAL:[0m
  Market: 156.5 | Model: 148.1 | Edge: -8.4
  [92m✅ BET: UNDER 156.5[0m
  [96mHIGH confidence (8.4 edge)[0m

[35m📈 UNLV Rebels 69.6, Utah State Aggies 78.5[0m

[1m========================================================================================================================[0m

[92m✓ CSV saved: /Users/rico/sports-models/ncaa/ncaab_model_output.csv[0m
[92m✓ HTML saved: /Users/rico/sports-models/ncaa/ncaab_model_output.html[0m

[1m[96mSTEP 5: Generating Final Tracking Dashboard[0m
[92m✓ Tracking dashboard saved: /Users/rico/sports-models/ncaa/ncaab_tracking_dashboard.html[0m

[1m====================================================================================================[0m
[1m[93m📊 TRACKING SUMMARY 📊[0m
[1m====================================================================================================[0m
[92mTotal Tracked Bets: 3382[0m
[92mRecord: 1749-1574-5[0m
[92mWin Rate: 52.6%[0m
[92mProfit: +17.59 units[0m
[92mROI: +0.5%[0m
[1m====================================================================================================[0m


==========================================
✅ NCAA Model completed successfully!
==========================================

📊 Updating Analysis Dashboard...
HTML Report generated at: /Users/rico/sports-models/ncaa/ncaab_analysis_report.html

📤 Pushing updates to GitHub...
[main 47aef6e] Update model outputs - 2026-01-20 10:30:07
 Committer: Ricardo Hill <rico@Ricos-M1-Mac-2.local>
Your name and email address were configured automatically based
on your username and hostname. Please check that they are accurate.
You can suppress this message by setting them explicitly. Run the
following command and follow the instructions in your editor to edit
your configuration file:

    git config --global --edit

After doing this, you may fix the identity used for this commit with:

    git commit --amend --reset-author

 5 files changed, 282 insertions(+), 254 deletions(-)
To https://github.com/BangLetsGetIt/NBA-NCAA-Betting-Models.git
   e9d2087..47aef6e  main -> main
✅ Successfully pushed to GitHub!
