==========================================
NCAA Model Run: Fri Jan  2 10:30:05 EST 2026
==========================================
Running NCAA Basketball model (IMPROVED)...

[1m====================================================================================================[0m
[1m[96m🏀 COLLEGE BASKETBALL SHARP MODEL 🏀[0m
[1m[92m⚡ Targeting 56%+ Win Rate with Advanced Analytics ⚡[0m
[1m[93m📅 Filtering games within next 7 days[0m
[1m====================================================================================================[0m

[1m[96mSTEP 1: Checking for Completed Games & Updating Past Picks[0m
[96mChecking 43 pending picks...[0m
[96mFetching completed game scores...[0m
[92m✓ Fetched 117 completed games[0m
[93mNo picks were updated (games may not be complete yet)[0m
[92m✓ Tracking dashboard saved: /Users/rico/sports-models/ncaa/ncaab_tracking_dashboard.html[0m

[1m[96mSTEP 2: Loading Team Statistics[0m
[96mLoading team statistics...[0m
[93m⚠️  Cache expired or missing. Fetching fresh stats from Sports-Reference...[0m
Fetching NCAA basketball stats for 2025 season...
Columns found: [' 0_Rk', ' 1_School', ' 2_Conf', ' 3_ 3', ' 4_W', ' 5_L', ' 6_Pts', ' 7_Opp', ' 8_MOV', ' 9_ 9', ' 10_SOS', ' 11_ 11', 'SRS_OSRS', 'SRS_DSRS', 'SRS_SRS', 'Adjusted_ORtg', 'Adjusted_DRtg', 'Adjusted_NRtg']

Sample data:
   0_Rk  1_School  2_Conf  ...  Adjusted_ORtg Adjusted_DRtg Adjusted_NRtg
0     1      Duke     ACC  ...         131.42         86.60         44.82
1     2    Auburn     SEC  ...         129.16         88.83         40.33
2     3   Houston  Big 12  ...         125.20         82.34         42.86

[3 rows x 18 columns]

✓ Successfully fetched stats for 364 teams
[92m✓ Stats cached to /Users/rico/sports-models/ncaa/ncaab_stats_cache.json[0m

[1m[96mSTEP 3: Fetching Live Odds (Next 7 Days)[0m
[92m✓ Fetched 32 games from The Odds API[0m
[92m✓ 32 games in the next 7 days[0m

[1m[96mSTEP 4: Processing Games & Generating Sharp Picks[0m

[92m✓ Tracking data saved to /Users/rico/sports-models/ncaa/ncaab_picks_tracking.json[0m
[92m  Total picks in file: 2300[0m
[35m📝 LOGGED: TOTAL - ✅ BET: OVER 129.5 (Edge: +7.3)[0m
[92m✓ Tracking data saved to /Users/rico/sports-models/ncaa/ncaab_picks_tracking.json[0m
[92m  Total picks in file: 2301[0m
[35m📝 LOGGED: SPREAD - ✅ BET: Stanford Cardinal +9.5 (Edge: -6.7)[0m
[92m✓ Tracking data saved to /Users/rico/sports-models/ncaa/ncaab_picks_tracking.json[0m
[92m  Total picks in file: 2302[0m
[35m📝 LOGGED: TOTAL - ✅ BET: OVER 149.5 (Edge: +6.5)[0m
[92m✓ Tracking data saved to /Users/rico/sports-models/ncaa/ncaab_picks_tracking.json[0m
[92m  Total picks in file: 2303[0m
[35m📝 LOGGED: TOTAL - ✅ BET: OVER 139.5 (Edge: +7.5)[0m
[92m✓ Tracking data saved to /Users/rico/sports-models/ncaa/ncaab_picks_tracking.json[0m
[92m  Total picks in file: 2304[0m
[35m📝 LOGGED: TOTAL - ✅ BET: UNDER 149.5 (Edge: -6.9)[0m

[1m[92m✅ Analyzed 32 games with complete odds[0m


[1m========================================================================================================================[0m
[1m[93m🏀 COLLEGE BASKETBALL MODEL PREDICTIONS 🏀[0m
[1m========================================================================================================================[0m

[1m[96m━━━ GAME 1: New Mexico St Aggies @ Florida Int'l Golden Panthers ━━━[0m
[96m🕐 01/02 12:00 PM[0m

[93m📊 SPREAD:[0m
  Market: -1.5 | Model: +7.9 | Edge: +9.4
  [92m✅ BET: New Mexico St Aggies +1.5[0m
  [96mHIGH confidence (+9.4 edge)[0m

[93m🎯 TOTAL:[0m
  Market: 153.5 | Model: 160.0 | Edge: +6.5
  [92m✅ BET: OVER 153.5[0m
  [96mMEDIUM confidence (6.5 edge)[0m

[35m📈 New Mexico St Aggies 76.0, Florida Int'l Golden Panthers 84.0[0m

[1m[96m━━━ GAME 2: Mt. St. Mary's Mountaineers @ Merrimack Warriors ━━━[0m
[96m🕐 01/02 03:00 PM[0m

[93m📊 SPREAD:[0m
  Market: -4.5 | Model: -0.9 | Edge: +3.6
  [91m❌ NO BET[0m
  [96mEdge too small (+3.6)[0m

[93m🎯 TOTAL:[0m
  Market: 139.5 | Model: 137.5 | Edge: -2.0
  [91m❌ NO BET[0m
  [96mEdge too small (-2.0)[0m

[35m📈 Mt. St. Mary's Mountaineers 69.2, Merrimack Warriors 68.3[0m

[1m[96m━━━ GAME 3: Fairfield Stags @ Canisius Golden Griffins ━━━[0m
[96m🕐 01/02 04:00 PM[0m

[93m📊 SPREAD:[0m
  Market: +6.5 | Model: +5.6 | Edge: -0.9
  [91m❌ NO BET[0m
  [96mEdge too small (-0.9)[0m

[93m🎯 TOTAL:[0m
  Market: 138.5 | Model: 128.0 | Edge: -10.5
  [92m✅ BET: UNDER 138.5[0m
  [96mHIGH confidence (10.5 edge)[0m

[35m📈 Fairfield Stags 61.2, Canisius Golden Griffins 66.8[0m

[1m[96m━━━ GAME 4: Sacred Heart Pioneers @ Niagara Purple Eagles ━━━[0m
[96m🕐 01/02 04:00 PM[0m

[93m📊 SPREAD:[0m
  Market: +4.5 | Model: +2.5 | Edge: -2.0
  [91m❌ NO BET[0m
  [96mEdge too small (-2.0)[0m

[93m🎯 TOTAL:[0m
  Market: 142.5 | Model: 131.1 | Edge: -11.4
  [92m✅ BET: UNDER 142.5[0m
  [96mHIGH confidence (11.4 edge)[0m

[35m📈 Sacred Heart Pioneers 64.3, Niagara Purple Eagles 66.8[0m

[1m[96m━━━ GAME 5: Sam Houston St Bearkats @ Western Kentucky Hilltoppers ━━━[0m
[96m🕐 01/02 05:00 PM[0m

[93m📊 SPREAD:[0m
  Market: -3.5 | Model: -2.0 | Edge: +1.5
  [91m❌ NO BET[0m
  [96mEdge too small (+1.5)[0m

[93m🎯 TOTAL:[0m
  Market: 166.5 | Model: 140.5 | Edge: -26.0
  [92m✅ BET: UNDER 166.5[0m
  [96mHIGH confidence (26.0 edge)[0m

[35m📈 Sam Houston St Bearkats 71.2, Western Kentucky Hilltoppers 69.3[0m

[1m[96m━━━ GAME 6: Central Connecticut St Blue Devils @ LIU Sharks ━━━[0m
[96m🕐 01/02 07:00 PM[0m

[93m📊 SPREAD:[0m
  Market: -6.5 | Model: -2.6 | Edge: +3.9
  [91m❌ NO BET[0m
  [96mEdge too small (+3.9)[0m

[93m🎯 TOTAL:[0m
  Market: 144.5 | Model: 150.1 | Edge: +5.6
  [91m❌ NO BET[0m
  [96mEdge too small (+5.6)[0m

[35m📈 Central Connecticut St Blue Devils 76.4, LIU Sharks 73.7[0m

[1m[96m━━━ GAME 7: Wagner Seahawks @ Chicago St Cougars ━━━[0m
[96m🕐 01/02 07:00 PM[0m

[93m📊 SPREAD:[0m
  Market: -1.5 | Model: +7.6 | Edge: +9.1
  [92m✅ BET: Wagner Seahawks +1.5[0m
  [96mHIGH confidence (+9.1 edge)[0m

[93m🎯 TOTAL:[0m
  Market: 146.5 | Model: 131.5 | Edge: -15.0
  [92m✅ BET: UNDER 146.5[0m
  [96mHIGH confidence (15.0 edge)[0m

[35m📈 Wagner Seahawks 61.9, Chicago St Cougars 69.6[0m

[1m[96m━━━ GAME 8: Jacksonville St Gamecocks @ Delaware Blue Hens ━━━[0m
[96m🕐 01/02 07:00 PM[0m

[93m📊 SPREAD:[0m
  Market: +2.5 | Model: +8.8 | Edge: +6.2
  [92m✅ BET: Jacksonville St Gamecocks -2.5[0m
  [96mHIGH confidence (+6.2 edge)[0m

[93m🎯 TOTAL:[0m
  Market: 129.5 | Model: 136.8 | Edge: +7.3
  [92m✅ BET: OVER 129.5[0m
  [96mHIGH confidence (7.3 edge)[0m

[35m📈 Jacksonville St Gamecocks 64.0, Delaware Blue Hens 72.8[0m

[1m[96m━━━ GAME 9: Robert Morris Colonials @ Detroit Mercy Titans ━━━[0m
[96m🕐 01/02 07:00 PM[0m

[93m📊 SPREAD:[0m
  Market: +2.5 | Model: -0.5 | Edge: -3.0
  [91m❌ NO BET[0m
  [96mEdge too small (-3.0)[0m

[93m🎯 TOTAL:[0m
  Market: 148.5 | Model: 134.5 | Edge: -14.0
  [92m✅ BET: UNDER 148.5[0m
  [96mHIGH confidence (14.0 edge)[0m

[35m📈 Robert Morris Colonials 67.5, Detroit Mercy Titans 67.0[0m

[1m[96m━━━ GAME 10: Siena Saints @ Iona Gaels ━━━[0m
[96m🕐 01/02 07:00 PM[0m

[93m📊 SPREAD:[0m
  Market: +1.5 | Model: -0.2 | Edge: -1.7
  [91m❌ NO BET[0m
  [96mEdge too small (-1.7)[0m

[93m🎯 TOTAL:[0m
  Market: 146.5 | Model: 133.1 | Edge: -13.4
  [92m✅ BET: UNDER 146.5[0m
  [96mHIGH confidence (13.4 edge)[0m

[35m📈 Siena Saints 66.6, Iona Gaels 66.4[0m

[1m[96m━━━ GAME 11: Kennesaw St Owls @ Liberty Flames ━━━[0m
[96m🕐 01/02 07:00 PM[0m

[93m📊 SPREAD:[0m
  Market: -8.5 | Model: +3.9 | Edge: +12.4
  [92m✅ BET: Kennesaw St Owls +8.5[0m
  [96mHIGH confidence (+12.4 edge)[0m

[93m🎯 TOTAL:[0m
  Market: 153.5 | Model: 144.4 | Edge: -9.1
  [92m✅ BET: UNDER 153.5[0m
  [96mHIGH confidence (9.1 edge)[0m

[35m📈 Kennesaw St Owls 70.3, Liberty Flames 74.2[0m

[1m[96m━━━ GAME 12: Lamar Cardinals @ McNeese Cowboys ━━━[0m
[96m🕐 01/02 07:00 PM[0m

[93m📊 SPREAD:[0m
  Market: -16.5 | Model: +5.4 | Edge: +21.9
  [92m✅ BET: Lamar Cardinals +16.5[0m
  [96mHIGH confidence (+21.9 edge)[0m

[93m🎯 TOTAL:[0m
  Market: 141.5 | Model: 139.0 | Edge: -2.5
  [91m❌ NO BET[0m
  [96mEdge too small (-2.5)[0m

[35m📈 Lamar Cardinals 66.8, McNeese Cowboys 72.2[0m

[1m[96m━━━ GAME 13: Le Moyne Dolphins @ St. Francis (PA) Red Flash ━━━[0m
[96m🕐 01/02 07:00 PM[0m

[93m📊 SPREAD:[0m
  Market: +5.5 | Model: +0.2 | Edge: -5.3
  [91m❌ NO BET[0m
  [96mEdge too small (-5.3)[0m

[93m🎯 TOTAL:[0m
  Market: 153.5 | Model: 132.3 | Edge: -21.2
  [92m✅ BET: UNDER 153.5[0m
  [96mHIGH confidence (21.2 edge)[0m

[35m📈 Le Moyne Dolphins 66.1, St. Francis (PA) Red Flash 66.2[0m

[1m[96m━━━ GAME 14: Quinnipiac Bobcats @ Manhattan Jaspers ━━━[0m
[96m🕐 01/02 07:00 PM[0m

[93m📊 SPREAD:[0m
  Market: +6.5 | Model: +7.2 | Edge: +0.7
  [91m❌ NO BET[0m
  [96mEdge too small (+0.7)[0m

[93m🎯 TOTAL:[0m
  Market: 157.5 | Model: 135.4 | Edge: -22.1
  [92m✅ BET: UNDER 157.5[0m
  [96mHIGH confidence (22.1 edge)[0m

[35m📈 Quinnipiac Bobcats 64.1, Manhattan Jaspers 71.3[0m

[1m[96m━━━ GAME 15: Marist Red Foxes @ Saint Peter's Peacocks ━━━[0m
[96m🕐 01/02 07:00 PM[0m

[93m📊 SPREAD:[0m
  Market: +2.5 | Model: +1.7 | Edge: -0.8
  [91m❌ NO BET[0m
  [96mEdge too small (-0.8)[0m

[93m🎯 TOTAL:[0m
  Market: 131.5 | Model: 130.2 | Edge: -1.3
  [91m❌ NO BET[0m
  [96mEdge too small (-1.3)[0m

[35m📈 Marist Red Foxes 64.2, Saint Peter's Peacocks 65.9[0m

[1m[96m━━━ GAME 16: New Haven Chargers @ Stonehill Skyhawks ━━━[0m
[96m🕐 01/02 07:00 PM[0m

[93m📊 SPREAD:[0m
  Market: +1.5 | Model: +3.2 | Edge: +1.7
  [91m❌ NO BET[0m
  [96mEdge too small (+1.7)[0m

[93m🎯 TOTAL:[0m
  Market: 127.5 | Model: 134.1 | Edge: +6.6
  [92m✅ BET: OVER 127.5[0m
  [96mMEDIUM confidence (6.6 edge)[0m

[35m📈 New Haven Chargers 65.5, Stonehill Skyhawks 68.7[0m

[1m[96m━━━ GAME 17: USC Trojans @ Michigan Wolverines ━━━[0m
[96m🕐 01/02 07:00 PM[0m

[93m📊 SPREAD:[0m
  Market: -22.5 | Model: +4.1 | Edge: +26.6
  [92m✅ BET: USC Trojans +22.5[0m
  [96mHIGH confidence (+26.6 edge)[0m

[93m🎯 TOTAL:[0m
  Market: 172.5 | Model: 150.0 | Edge: -22.5
  [92m✅ BET: UNDER 172.5[0m
  [96mHIGH confidence (22.5 edge)[0m

[35m📈 USC Trojans 73.0, Michigan Wolverines 77.1[0m

[1m[96m━━━ GAME 18: Fairleigh Dickinson Knights @ Mercyhurst Lakers ━━━[0m
[96m🕐 01/02 07:30 PM[0m

[93m📊 SPREAD:[0m
  Market: -6.5 | Model: +3.2 | Edge: +9.7
  [92m✅ BET: Fairleigh Dickinson Knights +6.5[0m
  [96mHIGH confidence (+9.7 edge)[0m

[93m🎯 TOTAL:[0m
  Market: 134.5 | Model: 132.7 | Edge: -1.8
  [91m❌ NO BET[0m
  [96mEdge too small (-1.8)[0m

[35m📈 Fairleigh Dickinson Knights 64.7, Mercyhurst Lakers 68.0[0m

[1m[96m━━━ GAME 19: Louisiana Tech Bulldogs @ Middle Tennessee Blue Raiders ━━━[0m
[96m🕐 01/02 07:30 PM[0m

[93m📊 SPREAD:[0m
  Market: -6.5 | Model: +2.5 | Edge: +9.0
  [92m✅ BET: Louisiana Tech Bulldogs +6.5[0m
  [96mHIGH confidence (+9.0 edge)[0m

[93m🎯 TOTAL:[0m
  Market: 134.5 | Model: 143.7 | Edge: +9.2
  [92m✅ BET: OVER 134.5[0m
  [96mHIGH confidence (9.2 edge)[0m

[35m📈 Louisiana Tech Bulldogs 70.6, Middle Tennessee Blue Raiders 73.1[0m

[1m[96m━━━ GAME 20: Oregon Ducks @ Maryland Terrapins ━━━[0m
[96m🕐 01/02 07:30 PM[0m

[93m📊 SPREAD:[0m
  Market: +1.5 | Model: +2.5 | Edge: +1.0
  [91m❌ NO BET[0m
  [96mEdge too small (+1.0)[0m

[93m🎯 TOTAL:[0m
  Market: 150.5 | Model: 159.2 | Edge: +8.7
  [92m✅ BET: OVER 150.5[0m
  [96mHIGH confidence (8.7 edge)[0m

[35m📈 Oregon Ducks 78.3, Maryland Terrapins 80.9[0m

[1m[96m━━━ GAME 21: Louisville Cardinals @ Stanford Cardinal ━━━[0m
[96m🕐 01/02 08:00 PM[0m

[93m📊 SPREAD:[0m
  Market: +9.5 | Model: +2.8 | Edge: -6.7
  [92m✅ BET: Stanford Cardinal +9.5[0m
  [96mHIGH confidence (-6.7 edge)[0m

[93m🎯 TOTAL:[0m
  Market: 157.5 | Model: 155.6 | Edge: -1.9
  [91m❌ NO BET[0m
  [96mEdge too small (-1.9)[0m

[35m📈 Louisville Cardinals 76.4, Stanford Cardinal 79.2[0m

[1m[96m━━━ GAME 22: UTEP Miners @ Missouri St Bears ━━━[0m
[96m🕐 01/02 08:00 PM[0m

[93m📊 SPREAD:[0m
  Market: -2.5 | Model: +9.5 | Edge: +12.0
  [92m✅ BET: UTEP Miners +2.5[0m
  [96mHIGH confidence (+12.0 edge)[0m

[93m🎯 TOTAL:[0m
  Market: 131.5 | Model: 151.8 | Edge: +20.3
  [92m✅ BET: OVER 131.5[0m
  [96mHIGH confidence (20.3 edge)[0m

[35m📈 UTEP Miners 71.1, Missouri St Bears 80.7[0m

[1m[96m━━━ GAME 23: Ohio State Buckeyes @ Rutgers Scarlet Knights ━━━[0m
[96m🕐 01/02 08:00 PM[0m

[93m📊 SPREAD:[0m
  Market: +8.5 | Model: +2.8 | Edge: -5.7
  [91m❌ NO BET[0m
  [96mEdge too small (-5.7)[0m

[93m🎯 TOTAL:[0m
  Market: 149.5 | Model: 156.0 | Edge: +6.5
  [92m✅ BET: OVER 149.5[0m
  [96mMEDIUM confidence (6.5 edge)[0m

[35m📈 Ohio State Buckeyes 76.6, Rutgers Scarlet Knights 79.4[0m

[1m[96m━━━ GAME 24: Seattle Redhawks @ Gonzaga Bulldogs ━━━[0m
[96m🕐 01/02 09:00 PM[0m

[93m📊 SPREAD:[0m
  Market: -24.5 | Model: +9.5 | Edge: +34.0
  [92m✅ BET: Seattle Redhawks +24.5[0m
  [96mHIGH confidence (+34.0 edge)[0m

[93m🎯 TOTAL:[0m
  Market: 154.5 | Model: 153.3 | Edge: -1.2
  [91m❌ NO BET[0m
  [96mEdge too small (-1.2)[0m

[35m📈 Seattle Redhawks 71.9, Gonzaga Bulldogs 81.4[0m

[1m[96m━━━ GAME 25: Michigan St Spartans @ Nebraska Cornhuskers ━━━[0m
[96m🕐 01/02 09:00 PM[0m

[93m📊 SPREAD:[0m
  Market: -1.5 | Model: +3.1 | Edge: +4.6
  [91m❌ NO BET[0m
  [96mEdge too small (+4.6)[0m

[93m🎯 TOTAL:[0m
  Market: 142.5 | Model: 158.0 | Edge: +15.5
  [92m✅ BET: OVER 142.5[0m
  [96mHIGH confidence (15.5 edge)[0m

[35m📈 Michigan St Spartans 77.5, Nebraska Cornhuskers 80.5[0m

[1m[96m━━━ GAME 26: West Virginia Mountaineers @ Iowa State Cyclones ━━━[0m
[96m🕐 01/02 09:00 PM[0m

[93m📊 SPREAD:[0m
  Market: -17.5 | Model: +6.5 | Edge: +24.0
  [92m✅ BET: West Virginia Mountaineers +17.5[0m
  [96mHIGH confidence (+24.0 edge)[0m

[93m🎯 TOTAL:[0m
  Market: 140.5 | Model: 159.4 | Edge: +18.9
  [92m✅ BET: OVER 140.5[0m
  [96mHIGH confidence (18.9 edge)[0m

[35m📈 West Virginia Mountaineers 76.5, Iowa State Cyclones 83.0[0m

[1m[96m━━━ GAME 27: Loyola Marymount Lions @ Washington St Cougars ━━━[0m
[96m🕐 01/02 09:30 PM[0m

[93m📊 SPREAD:[0m
  Market: -1.5 | Model: +5.2 | Edge: +6.7
  [92m✅ BET: Loyola Marymount Lions +1.5[0m
  [96mHIGH confidence (+6.7 edge)[0m

[93m🎯 TOTAL:[0m
  Market: 141.5 | Model: 145.1 | Edge: +3.6
  [91m❌ NO BET[0m
  [96mEdge too small (+3.6)[0m

[35m📈 Loyola Marymount Lions 70.0, Washington St Cougars 75.2[0m

[1m[96m━━━ GAME 28: Oregon St Beavers @ Pacific Tigers ━━━[0m
[96m🕐 01/02 10:00 PM[0m

[93m📊 SPREAD:[0m
  Market: -4.5 | Model: +0.2 | Edge: +4.7
  [91m❌ NO BET[0m
  [96mEdge too small (+4.7)[0m

[93m🎯 TOTAL:[0m
  Market: 139.5 | Model: 147.0 | Edge: +7.5
  [92m✅ BET: OVER 139.5[0m
  [96mHIGH confidence (7.5 edge)[0m

[35m📈 Oregon St Beavers 73.4, Pacific Tigers 73.6[0m

[1m[96m━━━ GAME 29: Pepperdine Waves @ Santa Clara Broncos ━━━[0m
[96m🕐 01/02 10:00 PM[0m

[93m📊 SPREAD:[0m
  Market: -19.5 | Model: +5.4 | Edge: +24.9
  [92m✅ BET: Pepperdine Waves +19.5[0m
  [96mHIGH confidence (+24.9 edge)[0m

[93m🎯 TOTAL:[0m
  Market: 150.5 | Model: 147.3 | Edge: -3.2
  [91m❌ NO BET[0m
  [96mEdge too small (-3.2)[0m

[35m📈 Pepperdine Waves 70.9, Santa Clara Broncos 76.3[0m

[1m[96m━━━ GAME 30: Portland Pilots @ Saint Mary's Gaels ━━━[0m
[96m🕐 01/02 10:00 PM[0m

[93m📊 SPREAD:[0m
  Market: -21.5 | Model: +1.0 | Edge: +22.5
  [92m✅ BET: Portland Pilots +21.5[0m
  [96mHIGH confidence (+22.5 edge)[0m

[93m🎯 TOTAL:[0m
  Market: 147.5 | Model: 137.4 | Edge: -10.1
  [92m✅ BET: UNDER 147.5[0m
  [96mHIGH confidence (10.1 edge)[0m

[35m📈 Portland Pilots 68.2, Saint Mary's Gaels 69.2[0m

[1m[96m━━━ GAME 31: San Diego Toreros @ San Francisco Dons ━━━[0m
[96m🕐 01/02 10:00 PM[0m

[93m📊 SPREAD:[0m
  Market: -10.5 | Model: +4.5 | Edge: +15.0
  [92m✅ BET: San Diego Toreros +10.5[0m
  [96mHIGH confidence (+15.0 edge)[0m

[93m🎯 TOTAL:[0m
  Market: 149.5 | Model: 142.6 | Edge: -6.9
  [92m✅ BET: UNDER 149.5[0m
  [96mMEDIUM confidence (6.9 edge)[0m

[35m📈 San Diego Toreros 69.1, San Francisco Dons 73.5[0m

[1m[96m━━━ GAME 32: Notre Dame Fighting Irish @ California Golden Bears ━━━[0m
[96m🕐 01/02 11:00 PM[0m

[93m📊 SPREAD:[0m
  Market: -4.5 | Model: +2.7 | Edge: +7.2
  [92m✅ BET: Notre Dame Fighting Irish +4.5[0m
  [96mHIGH confidence (+7.2 edge)[0m

[93m🎯 TOTAL:[0m
  Market: 138.5 | Model: 148.2 | Edge: +9.7
  [92m✅ BET: OVER 138.5[0m
  [96mHIGH confidence (9.7 edge)[0m

[35m📈 Notre Dame Fighting Irish 72.8, California Golden Bears 75.4[0m

[1m========================================================================================================================[0m

[92m✓ CSV saved: /Users/rico/sports-models/ncaa/ncaab_model_output.csv[0m
[92m✓ HTML saved: /Users/rico/sports-models/ncaa/ncaab_model_output.html[0m

[1m[96mSTEP 5: Generating Final Tracking Dashboard[0m
[92m✓ Tracking dashboard saved: /Users/rico/sports-models/ncaa/ncaab_tracking_dashboard.html[0m

[1m====================================================================================================[0m
[1m[93m📊 TRACKING SUMMARY 📊[0m
[1m====================================================================================================[0m
[92mTotal Tracked Bets: 2304[0m
[92mRecord: 1164-1088-4[0m
[92mWin Rate: 51.7%[0m
[91mProfit: -28.76 units[0m
[91mROI: -1.3%[0m
[1m====================================================================================================[0m


==========================================
✅ NCAA Model completed successfully!
==========================================

📤 Pushing updates to GitHub...
[main 8af5c20] Update model outputs - 2026-01-02 10:30:08
 Committer: Ricardo Hill <rico@Ricos-M1-Mac-2.local>
Your name and email address were configured automatically based
on your username and hostname. Please check that they are accurate.
You can suppress this message by setting them explicitly. Run the
following command and follow the instructions in your editor to edit
your configuration file:

    git config --global --edit

After doing this, you may fix the identity used for this commit with:

    git commit --amend --reset-author

 4 files changed, 198 insertions(+), 115 deletions(-)
To https://github.com/BangLetsGetIt/NBA-NCAA-Betting-Models.git
   f4264ae..8af5c20  main -> main
✅ Successfully pushed to GitHub!
