==========================================
NCAA Model Run: Sun Jan 18 01:04:34 EST 2026
==========================================
Running NCAA Basketball model (IMPROVED)...

[1m====================================================================================================[0m
[1m[96m🏀 COLLEGE BASKETBALL SHARP MODEL 🏀[0m
[1m[92m⚡ Targeting 56%+ Win Rate with Advanced Analytics ⚡[0m
[1m[93m📅 Filtering games within next 7 days[0m
[1m====================================================================================================[0m

[1m[96mSTEP 1: Checking for Completed Games & Updating Past Picks[0m
[96mChecking 23 pending picks...[0m
[96mFetching completed game scores...[0m
[92m✓ Fetched 163 completed games[0m
[93mNo picks were updated (games may not be complete yet)[0m
[92m✓ Tracking dashboard saved: /Users/rico/sports-models/ncaa/ncaab_tracking_dashboard.html[0m

[1m[96mSTEP 2: Loading Team Statistics[0m
[96mLoading team statistics...[0m
[92m✓ Using cached stats (age: 1h)[0m

[1m[96mSTEP 3: Fetching Live Odds (Next 7 Days)[0m
[92m✓ Fetched 12 games from The Odds API[0m
[92m✓ 12 games in the next 7 days[0m

[1m[96mSTEP 4: Processing Games & Generating Sharp Picks[0m


[1m[92m✅ Analyzed 12 games with complete odds[0m


[1m========================================================================================================================[0m
[1m[93m🏀 COLLEGE BASKETBALL MODEL PREDICTIONS 🏀[0m
[1m========================================================================================================================[0m

[1m[96m━━━ GAME 1: Florida Atlantic Owls @ Temple Owls ━━━[0m
[96m🕐 01/18 12:00 PM[0m

[93m📊 SPREAD:[0m
  Market: +1.5 | Model: +2.5 | Edge: +1.0
  [91m❌ NO BET[0m
  [96mEdge too small (+1.0)[0m

[93m🎯 TOTAL:[0m
  Market: 151.5 | Model: 144.2 | Edge: -7.3
  [92m✅ BET: UNDER 151.5[0m
  [96mHIGH confidence (7.3 edge)[0m

[35m📈 Florida Atlantic Owls 70.9, Temple Owls 73.3[0m

[1m[96m━━━ GAME 2: Penn State Nittany Lions @ Maryland Terrapins ━━━[0m
[96m🕐 01/18 12:00 PM[0m

[93m📊 SPREAD:[0m
  Market: -2.5 | Model: +2.2 | Edge: +4.7
  [91m❌ NO BET[0m
  [96mEdge too small (+4.7)[0m

[93m🎯 TOTAL:[0m
  Market: 147.5 | Model: 159.4 | Edge: +11.9
  [92m✅ BET: OVER 147.5[0m
  [96mHIGH confidence (11.9 edge)[0m

[35m📈 Penn State Nittany Lions 78.6, Maryland Terrapins 80.8[0m

[1m[96m━━━ GAME 3: American Eagles @ Army Knights ━━━[0m
[96m🕐 01/18 01:00 PM[0m

[93m📊 SPREAD:[0m
  Market: +7.5 | Model: +2.4 | Edge: -5.1
  [91m❌ NO BET[0m
  [96mEdge too small (-5.1)[0m

[93m🎯 TOTAL:[0m
  Market: 146.5 | Model: 131.9 | Edge: -14.6
  [92m✅ BET: UNDER 146.5[0m
  [96mHIGH confidence (14.6 edge)[0m

[35m📈 American Eagles 64.7, Army Knights 67.2[0m

[1m[96m━━━ GAME 4: Charlotte 49ers @ East Carolina Pirates ━━━[0m
[96m🕐 01/18 02:00 PM[0m

[93m📊 SPREAD:[0m
  Market: +1.5 | Model: +2.3 | Edge: +0.8
  [91m❌ NO BET[0m
  [96mEdge too small (+0.8)[0m

[93m🎯 TOTAL:[0m
  Market: 143.5 | Model: 139.3 | Edge: -4.2
  [91m❌ NO BET[0m
  [96mEdge too small (-4.2)[0m

[35m📈 Charlotte 49ers 68.5, East Carolina Pirates 70.8[0m

[1m[96m━━━ GAME 5: Milwaukee Panthers @ Fort Wayne Mastodons ━━━[0m
[96m🕐 01/18 02:00 PM[0m

[93m📊 SPREAD:[0m
  Market: -3.5 | Model: +1.7 | Edge: +5.2
  [91m❌ NO BET[0m
  [96mEdge too small (+5.2)[0m

[93m🎯 TOTAL:[0m
  Market: 148.5 | Model: 140.8 | Edge: -7.7
  [92m✅ BET: UNDER 148.5[0m
  [96mHIGH confidence (7.7 edge)[0m

[35m📈 Milwaukee Panthers 69.6, Fort Wayne Mastodons 71.3[0m

[1m[96m━━━ GAME 6: Oakland Golden Grizzlies @ Green Bay Phoenix ━━━[0m
[96m🕐 01/18 02:00 PM[0m

[93m📊 SPREAD:[0m
  Market: +3.5 | Model: +2.7 | Edge: -0.8
  [91m❌ NO BET[0m
  [96mEdge too small (-0.8)[0m

[93m🎯 TOTAL:[0m
  Market: 157.5 | Model: 134.3 | Edge: -23.2
  [92m✅ BET: UNDER 157.5[0m
  [96mHIGH confidence (23.2 edge)[0m

[35m📈 Oakland Golden Grizzlies 65.8, Green Bay Phoenix 68.5[0m

[1m[96m━━━ GAME 7: Wichita St Shockers @ South Florida Bulls ━━━[0m
[96m🕐 01/18 02:00 PM[0m

[93m📊 SPREAD:[0m
  Market: -6.5 | Model: +2.1 | Edge: +8.6
  [92m✅ BET: Wichita St Shockers +6.5[0m
  [96mHIGH confidence (+8.6 edge)[0m

[93m🎯 TOTAL:[0m
  Market: 156.5 | Model: 139.3 | Edge: -17.2
  [92m✅ BET: UNDER 156.5[0m
  [96mHIGH confidence (17.2 edge)[0m

[35m📈 Wichita St Shockers 68.6, South Florida Bulls 70.7[0m

[1m[96m━━━ GAME 8: Tulsa Golden Hurricane @ UAB Blazers ━━━[0m
[96m🕐 01/18 03:00 PM[0m

[93m📊 SPREAD:[0m
  Market: -1.5 | Model: +8.7 | Edge: +10.2
  [92m✅ BET: Tulsa Golden Hurricane +1.5[0m
  [96mHIGH confidence (+10.2 edge)[0m

[93m🎯 TOTAL:[0m
  Market: 157.5 | Model: 141.8 | Edge: -15.7
  [92m✅ BET: UNDER 157.5[0m
  [96mHIGH confidence (15.7 edge)[0m

[35m📈 Tulsa Golden Hurricane 66.5, UAB Blazers 75.3[0m

[1m[96m━━━ GAME 9: North Texas Mean Green @ Tulane Green Wave ━━━[0m
[96m🕐 01/18 05:00 PM[0m

[93m📊 SPREAD:[0m
  Market: -1.5 | Model: +3.1 | Edge: +4.6
  [91m❌ NO BET[0m
  [96mEdge too small (+4.6)[0m

[93m🎯 TOTAL:[0m
  Market: 133.5 | Model: 146.7 | Edge: +13.2
  [92m✅ BET: OVER 133.5[0m
  [96mHIGH confidence (13.2 edge)[0m

[35m📈 North Texas Mean Green 71.8, Tulane Green Wave 74.9[0m

[1m[96m━━━ GAME 10: UTSA Roadrunners @ Memphis Tigers ━━━[0m
[96m🕐 01/18 06:00 PM[0m

[93m📊 SPREAD:[0m
  Market: -21.5 | Model: +2.2 | Edge: +23.7
  [92m✅ BET: UTSA Roadrunners +21.5[0m
  [96mHIGH confidence (+23.7 edge)[0m

[93m🎯 TOTAL:[0m
  Market: 146.5 | Model: 146.8 | Edge: +0.3
  [91m❌ NO BET[0m
  [96mEdge too small (+0.3)[0m

[35m📈 UTSA Roadrunners 72.3, Memphis Tigers 74.5[0m

[1m[96m━━━ GAME 11: Arizona St Sun Devils @ Houston Cougars ━━━[0m
[96m🕐 01/18 06:30 PM[0m

[93m📊 SPREAD:[0m
  Market: -16.5 | Model: -0.0 | Edge: +16.5
  [92m✅ BET: Arizona St Sun Devils +16.5[0m
  [96mHIGH confidence (+16.5 edge)[0m

[93m🎯 TOTAL:[0m
  Market: 145.5 | Model: 164.6 | Edge: +19.1
  [92m✅ BET: OVER 145.5[0m
  [96mHIGH confidence (19.1 edge)[0m

[35m📈 Arizona St Sun Devils 82.3, Houston Cougars 82.3[0m

[1m[96m━━━ GAME 12: Washington St Cougars @ San Francisco Dons ━━━[0m
[96m🕐 01/18 07:00 PM[0m

[93m📊 SPREAD:[0m
  Market: -5.5 | Model: +1.7 | Edge: +7.2
  [92m✅ BET: Washington St Cougars +5.5[0m
  [96mHIGH confidence (+7.2 edge)[0m

[93m🎯 TOTAL:[0m
  Market: 143.5 | Model: 149.8 | Edge: +6.3
  [92m✅ BET: OVER 143.5[0m
  [96mMEDIUM confidence (6.3 edge)[0m

[35m📈 Washington St Cougars 74.1, San Francisco Dons 75.8[0m

[1m========================================================================================================================[0m

[92m✓ CSV saved: /Users/rico/sports-models/ncaa/ncaab_model_output.csv[0m
[92m✓ HTML saved: /Users/rico/sports-models/ncaa/ncaab_model_output.html[0m

[1m[96mSTEP 5: Generating Final Tracking Dashboard[0m
[92m✓ Tracking dashboard saved: /Users/rico/sports-models/ncaa/ncaab_tracking_dashboard.html[0m

[1m====================================================================================================[0m
[1m[93m📊 TRACKING SUMMARY 📊[0m
[1m====================================================================================================[0m
[92mTotal Tracked Bets: 3289[0m
[92mRecord: 1718-1543-5[0m
[92mWin Rate: 52.7%[0m
[92mProfit: +20.38 units[0m
[92mROI: +0.6%[0m
[1m====================================================================================================[0m


==========================================
✅ NCAA Model completed successfully!
==========================================

📊 Updating Analysis Dashboard...
HTML Report generated at: /Users/rico/sports-models/ncaa/ncaab_analysis_report.html

📤 Pushing updates to GitHub...
[main ba6b57d] Update model outputs - 2026-01-18 01:04:36
 Committer: Ricardo Hill <rico@Ricos-M1-Mac-2.local>
Your name and email address were configured automatically based
on your username and hostname. Please check that they are accurate.
You can suppress this message by setting them explicitly. Run the
following command and follow the instructions in your editor to edit
your configuration file:

    git config --global --edit

After doing this, you may fix the identity used for this commit with:

    git commit --amend --reset-author

 4 files changed, 10 insertions(+), 10 deletions(-)
To https://github.com/BangLetsGetIt/NBA-NCAA-Betting-Models.git
   8fb9051..ba6b57d  main -> main
✅ Successfully pushed to GitHub!
