==========================================
NCAA Model Run: Fri Jan  9 10:33:07 EST 2026
==========================================
Running NCAA Basketball model (IMPROVED)...

[1m====================================================================================================[0m
[1m[96m🏀 COLLEGE BASKETBALL SHARP MODEL 🏀[0m
[1m[92m⚡ Targeting 56%+ Win Rate with Advanced Analytics ⚡[0m
[1m[93m📅 Filtering games within next 7 days[0m
[1m====================================================================================================[0m

[1m[96mSTEP 1: Checking for Completed Games & Updating Past Picks[0m
[96mChecking 26 pending picks...[0m
[96mFetching completed game scores...[0m
[92m✓ Fetched 125 completed games[0m
[93mNo picks were updated (games may not be complete yet)[0m
[92m✓ Tracking dashboard saved: /Users/rico/sports-models/ncaa/ncaab_tracking_dashboard.html[0m

[1m[96mSTEP 2: Loading Team Statistics[0m
[96mLoading team statistics...[0m
[93m⚠️  Cache expired or missing. Fetching fresh stats from Sports-Reference...[0m
Fetching NCAA basketball stats for 2025 season...
Columns found: [' 0_Rk', ' 1_School', ' 2_Conf', ' 3_ 3', ' 4_W', ' 5_L', ' 6_Pts', ' 7_Opp', ' 8_MOV', ' 9_ 9', ' 10_SOS', ' 11_ 11', 'SRS_OSRS', 'SRS_DSRS', 'SRS_SRS', 'Adjusted_ORtg', 'Adjusted_DRtg', 'Adjusted_NRtg']

Sample data:
   0_Rk  1_School  2_Conf  ...  Adjusted_ORtg Adjusted_DRtg Adjusted_NRtg
0     1      Duke     ACC  ...         131.42         86.60         44.82
1     2    Auburn     SEC  ...         129.16         88.83         40.33
2     3   Houston  Big 12  ...         125.20         82.34         42.86

[3 rows x 18 columns]

✓ Successfully fetched stats for 364 teams
[92m✓ Stats cached to /Users/rico/sports-models/ncaa/ncaab_stats_cache.json[0m

[1m[96mSTEP 3: Fetching Live Odds (Next 7 Days)[0m
[92m✓ Fetched 14 games from The Odds API[0m
[92m✓ 14 games in the next 7 days[0m

[1m[96mSTEP 4: Processing Games & Generating Sharp Picks[0m

[92m✓ Tracking data saved to /Users/rico/sports-models/ncaa/ncaab_picks_tracking.json[0m
[92m  Total picks in file: 2660[0m
[35m📝 LOGGED: SPREAD - ✅ BET: Miami (OH) RedHawks +1.5 (Edge: +8.0)[0m

[1m[92m✅ Analyzed 14 games with complete odds[0m


[1m========================================================================================================================[0m
[1m[93m🏀 COLLEGE BASKETBALL MODEL PREDICTIONS 🏀[0m
[1m========================================================================================================================[0m

[1m[96m━━━ GAME 1: Miami (OH) RedHawks @ Toledo Rockets ━━━[0m
[96m🕐 01/09 06:00 PM[0m

[93m📊 SPREAD:[0m
  Market: -1.5 | Model: +6.5 | Edge: +8.0
  [92m✅ BET: Miami (OH) RedHawks +1.5[0m
  [96mHIGH confidence (+8.0 edge)[0m

[93m🎯 TOTAL:[0m
  Market: 165.5 | Model: 139.6 | Edge: -25.9
  [92m✅ BET: UNDER 165.5[0m
  [96mHIGH confidence (25.9 edge)[0m

[35m📈 Miami (OH) RedHawks 66.5, Toledo Rockets 73.0[0m

[1m[96m━━━ GAME 2: Canisius Golden Griffins @ Manhattan Jaspers ━━━[0m
[96m🕐 01/09 07:00 PM[0m

[93m📊 SPREAD:[0m
  Market: -6.5 | Model: +4.2 | Edge: +10.7
  [92m✅ BET: Canisius Golden Griffins +6.5[0m
  [96mHIGH confidence (+10.7 edge)[0m

[93m🎯 TOTAL:[0m
  Market: 145.5 | Model: 131.6 | Edge: -13.9
  [92m✅ BET: UNDER 145.5[0m
  [96mHIGH confidence (13.9 edge)[0m

[35m📈 Canisius Golden Griffins 63.7, Manhattan Jaspers 67.9[0m

[1m[96m━━━ GAME 3: Cleveland St Vikings @ Oakland Golden Grizzlies ━━━[0m
[96m🕐 01/09 07:00 PM[0m

[93m📊 SPREAD:[0m
  Market: -13.5 | Model: +4.0 | Edge: +17.5
  [92m✅ BET: Cleveland St Vikings +13.5[0m
  [96mHIGH confidence (+17.5 edge)[0m

[93m🎯 TOTAL:[0m
  Market: 172.5 | Model: 139.4 | Edge: -33.1
  [92m✅ BET: UNDER 172.5[0m
  [96mHIGH confidence (33.1 edge)[0m

[35m📈 Cleveland St Vikings 67.7, Oakland Golden Grizzlies 71.7[0m

[1m[96m━━━ GAME 4: Wright St Raiders @ Detroit Mercy Titans ━━━[0m
[96m🕐 01/09 07:00 PM[0m

[93m📊 SPREAD:[0m
  Market: +5.5 | Model: -0.3 | Edge: -5.8
  [91m❌ NO BET[0m
  [96mEdge too small (-5.8)[0m

[93m🎯 TOTAL:[0m
  Market: 147.5 | Model: 133.2 | Edge: -14.3
  [92m✅ BET: UNDER 147.5[0m
  [96mHIGH confidence (14.3 edge)[0m

[35m📈 Wright St Raiders 66.8, Detroit Mercy Titans 66.5[0m

[1m[96m━━━ GAME 5: Rider Broncs @ Fairfield Stags ━━━[0m
[96m🕐 01/09 07:00 PM[0m

[93m📊 SPREAD:[0m
  Market: -7.5 | Model: +1.4 | Edge: +8.9
  [92m✅ BET: Rider Broncs +7.5[0m
  [96mHIGH confidence (+8.9 edge)[0m

[93m🎯 TOTAL:[0m
  Market: 142.5 | Model: 130.7 | Edge: -11.8
  [92m✅ BET: UNDER 142.5[0m
  [96mHIGH confidence (11.8 edge)[0m

[35m📈 Rider Broncs 64.7, Fairfield Stags 66.1[0m

[1m[96m━━━ GAME 6: IUPUI Jaguars @ Green Bay Phoenix ━━━[0m
[96m🕐 01/09 07:00 PM[0m

[93m📊 SPREAD:[0m
  Market: -8.5 | Model: +3.9 | Edge: +12.4
  [92m✅ BET: IUPUI Jaguars +8.5[0m
  [96mHIGH confidence (+12.4 edge)[0m

[93m🎯 TOTAL:[0m
  Market: 158.5 | Model: 134.3 | Edge: -24.2
  [92m✅ BET: UNDER 158.5[0m
  [96mHIGH confidence (24.2 edge)[0m

[35m📈 IUPUI Jaguars 65.2, Green Bay Phoenix 69.1[0m

[1m[96m━━━ GAME 7: Niagara Purple Eagles @ Iona Gaels ━━━[0m
[96m🕐 01/09 07:00 PM[0m

[93m📊 SPREAD:[0m
  Market: -9.5 | Model: -0.9 | Edge: +8.6
  [92m✅ BET: Niagara Purple Eagles +9.5[0m
  [96mHIGH confidence (+8.6 edge)[0m

[93m🎯 TOTAL:[0m
  Market: 141.5 | Model: 130.6 | Edge: -10.9
  [92m✅ BET: UNDER 141.5[0m
  [96mHIGH confidence (10.9 edge)[0m

[35m📈 Niagara Purple Eagles 65.7, Iona Gaels 64.8[0m

[1m[96m━━━ GAME 8: Marist Red Foxes @ Sacred Heart Pioneers ━━━[0m
[96m🕐 01/09 07:00 PM[0m

[93m📊 SPREAD:[0m
  Market: +6.5 | Model: +7.2 | Edge: +0.7
  [91m❌ NO BET[0m
  [96mEdge too small (+0.7)[0m

[93m🎯 TOTAL:[0m
  Market: 142.5 | Model: 132.2 | Edge: -10.3
  [92m✅ BET: UNDER 142.5[0m
  [96mHIGH confidence (10.3 edge)[0m

[35m📈 Marist Red Foxes 62.5, Sacred Heart Pioneers 69.7[0m

[1m[96m━━━ GAME 9: Merrimack Warriors @ Siena Saints ━━━[0m
[96m🕐 01/09 07:00 PM[0m

[93m📊 SPREAD:[0m
  Market: -4.5 | Model: +6.6 | Edge: +11.1
  [92m✅ BET: Merrimack Warriors +4.5[0m
  [96mHIGH confidence (+11.1 edge)[0m

[93m🎯 TOTAL:[0m
  Market: 133.5 | Model: 134.8 | Edge: +1.3
  [91m❌ NO BET[0m
  [96mEdge too small (+1.3)[0m

[35m📈 Merrimack Warriors 64.1, Siena Saints 70.7[0m

[1m[96m━━━ GAME 10: Saint Peter's Peacocks @ Mt. St. Mary's Mountaineers ━━━[0m
[96m🕐 01/09 07:00 PM[0m

[93m📊 SPREAD:[0m
  Market: +1.5 | Model: +7.3 | Edge: +5.8
  [91m❌ NO BET[0m
  [96mEdge too small (+5.8)[0m

[93m🎯 TOTAL:[0m
  Market: 138.5 | Model: 134.3 | Edge: -4.2
  [91m❌ NO BET[0m
  [96mEdge too small (-4.2)[0m

[35m📈 Saint Peter's Peacocks 63.5, Mt. St. Mary's Mountaineers 70.8[0m

[1m[96m━━━ GAME 11: Akron Zips @ Bowling Green Falcons ━━━[0m
[96m🕐 01/09 08:00 PM[0m

[93m📊 SPREAD:[0m
  Market: +3.5 | Model: -2.1 | Edge: -5.6
  [91m❌ NO BET[0m
  [96mEdge too small (-5.6)[0m

[93m🎯 TOTAL:[0m
  Market: 163.5 | Model: 138.8 | Edge: -24.7
  [92m✅ BET: UNDER 163.5[0m
  [96mHIGH confidence (24.7 edge)[0m

[35m📈 Akron Zips 70.4, Bowling Green Falcons 68.3[0m

[1m[96m━━━ GAME 12: Northern Kentucky Norse @ Milwaukee Panthers ━━━[0m
[96m🕐 01/09 08:00 PM[0m

[93m📊 SPREAD:[0m
  Market: -2.5 | Model: +4.1 | Edge: +6.6
  [92m✅ BET: Northern Kentucky Norse +2.5[0m
  [96mHIGH confidence (+6.6 edge)[0m

[93m🎯 TOTAL:[0m
  Market: 156.5 | Model: 139.4 | Edge: -17.1
  [92m✅ BET: UNDER 156.5[0m
  [96mHIGH confidence (17.1 edge)[0m

[35m📈 Northern Kentucky Norse 67.6, Milwaukee Panthers 71.7[0m

[1m[96m━━━ GAME 13: USC Trojans @ Minnesota Golden Gophers ━━━[0m
[96m🕐 01/09 08:30 PM[0m

[93m📊 SPREAD:[0m
  Market: -3.5 | Model: +3.8 | Edge: +7.3
  [92m✅ BET: USC Trojans +3.5[0m
  [96mHIGH confidence (+7.3 edge)[0m

[93m🎯 TOTAL:[0m
  Market: 145.5 | Model: 144.5 | Edge: -1.0
  [91m❌ NO BET[0m
  [96mEdge too small (-1.0)[0m

[35m📈 USC Trojans 70.4, Minnesota Golden Gophers 74.1[0m

[1m[96m━━━ GAME 14: UNLV Rebels @ Colorado St Rams ━━━[0m
[96m🕐 01/09 10:00 PM[0m

[93m📊 SPREAD:[0m
  Market: -6.5 | Model: +2.6 | Edge: +9.1
  [92m✅ BET: UNLV Rebels +6.5[0m
  [96mHIGH confidence (+9.1 edge)[0m

[93m🎯 TOTAL:[0m
  Market: 148.5 | Model: 144.9 | Edge: -3.6
  [91m❌ NO BET[0m
  [96mEdge too small (-3.6)[0m

[35m📈 UNLV Rebels 71.2, Colorado St Rams 73.8[0m

[1m========================================================================================================================[0m

[92m✓ CSV saved: /Users/rico/sports-models/ncaa/ncaab_model_output.csv[0m
[92m✓ HTML saved: /Users/rico/sports-models/ncaa/ncaab_model_output.html[0m

[1m[96mSTEP 5: Generating Final Tracking Dashboard[0m
[92m✓ Tracking dashboard saved: /Users/rico/sports-models/ncaa/ncaab_tracking_dashboard.html[0m

[1m====================================================================================================[0m
[1m[93m📊 TRACKING SUMMARY 📊[0m
[1m====================================================================================================[0m
[92mTotal Tracked Bets: 2660[0m
[92mRecord: 1373-1256-4[0m
[92mWin Rate: 52.2%[0m
[91mProfit: -6.57 units[0m
[91mROI: -0.2%[0m
[1m====================================================================================================[0m


==========================================
✅ NCAA Model completed successfully!
==========================================

📤 Pushing updates to GitHub...
[main c57a34a] Update model outputs - 2026-01-09 10:33:10
 Committer: Ricardo Hill <rico@Ricos-M1-Mac-2.local>
Your name and email address were configured automatically based
on your username and hostname. Please check that they are accurate.
You can suppress this message by setting them explicitly. Run the
following command and follow the instructions in your editor to edit
your configuration file:

    git config --global --edit

After doing this, you may fix the identity used for this commit with:

    git commit --amend --reset-author

 4 files changed, 106 insertions(+), 91 deletions(-)
To https://github.com/BangLetsGetIt/NBA-NCAA-Betting-Models.git
   bddb72c..c57a34a  main -> main
✅ Successfully pushed to GitHub!
