==========================================
NCAA Model Run: Thu Jan 15 10:30:03 EST 2026
==========================================
Running NCAA Basketball model (IMPROVED)...

[1m====================================================================================================[0m
[1m[96m🏀 COLLEGE BASKETBALL SHARP MODEL 🏀[0m
[1m[92m⚡ Targeting 56%+ Win Rate with Advanced Analytics ⚡[0m
[1m[93m📅 Filtering games within next 7 days[0m
[1m====================================================================================================[0m

[1m[96mSTEP 1: Checking for Completed Games & Updating Past Picks[0m
[96mChecking 69 pending picks...[0m
[96mFetching completed game scores...[0m
[92m✓ Fetched 145 completed games[0m
[93mNo picks were updated (games may not be complete yet)[0m
[92m✓ Tracking dashboard saved: /Users/rico/sports-models/ncaa/ncaab_tracking_dashboard.html[0m

[1m[96mSTEP 2: Loading Team Statistics[0m
[96mLoading team statistics...[0m
[93m⚠️  Cache expired or missing. Fetching fresh stats from Sports-Reference...[0m
Fetching NCAA basketball stats for 2025 season...
Columns found: [' 0_Rk', ' 1_School', ' 2_Conf', ' 3_ 3', ' 4_W', ' 5_L', ' 6_Pts', ' 7_Opp', ' 8_MOV', ' 9_ 9', ' 10_SOS', ' 11_ 11', 'SRS_OSRS', 'SRS_DSRS', 'SRS_SRS', 'Adjusted_ORtg', 'Adjusted_DRtg', 'Adjusted_NRtg']

Sample data:
   0_Rk  1_School  2_Conf  ...  Adjusted_ORtg Adjusted_DRtg Adjusted_NRtg
0     1      Duke     ACC  ...         131.42         86.60         44.82
1     2    Auburn     SEC  ...         129.16         88.83         40.33
2     3   Houston  Big 12  ...         125.20         82.34         42.86

[3 rows x 18 columns]

✓ Successfully fetched stats for 364 teams
[92m✓ Stats cached to /Users/rico/sports-models/ncaa/ncaab_stats_cache.json[0m

[1m[96mSTEP 3: Fetching Live Odds (Next 7 Days)[0m
[92m✓ Fetched 49 games from The Odds API[0m
[92m✓ 49 games in the next 7 days[0m

[1m[96mSTEP 4: Processing Games & Generating Sharp Picks[0m

[92m✓ Tracking data saved to /Users/rico/sports-models/ncaa/ncaab_picks_tracking.json[0m
[92m  Total picks in file: 3079[0m
[35m📝 LOGGED: SPREAD - ✅ BET: Binghamton Bearcats +6.5 (Edge: +10.5)[0m
[92m✓ Tracking data saved to /Users/rico/sports-models/ncaa/ncaab_picks_tracking.json[0m
[92m  Total picks in file: 3080[0m
[35m📝 LOGGED: TOTAL - ✅ BET: OVER 133.5 (Edge: +6.8)[0m
[92m✓ Tracking data saved to /Users/rico/sports-models/ncaa/ncaab_picks_tracking.json[0m
[92m  Total picks in file: 3081[0m
[35m📝 LOGGED: TOTAL - ✅ BET: OVER 129.5 (Edge: +6.5)[0m
[92m✓ Tracking data saved to /Users/rico/sports-models/ncaa/ncaab_picks_tracking.json[0m
[92m  Total picks in file: 3082[0m
[35m📝 LOGGED: SPREAD - ✅ BET: CSU Bakersfield Roadrunners +7.5 (Edge: -6.4)[0m

[1m[92m✅ Analyzed 49 games with complete odds[0m


[1m========================================================================================================================[0m
[1m[93m🏀 COLLEGE BASKETBALL MODEL PREDICTIONS 🏀[0m
[1m========================================================================================================================[0m

[1m[96m━━━ GAME 1: UMBC Retrievers @ Bryant Bulldogs ━━━[0m
[96m🕐 01/15 06:00 PM[0m

[93m📊 SPREAD:[0m
  Market: -2.5 | Model: +2.6 | Edge: +5.1
  [91m❌ NO BET[0m
  [96mEdge too small (+5.1)[0m

[93m🎯 TOTAL:[0m
  Market: 134.5 | Model: 139.4 | Edge: +4.9
  [91m❌ NO BET[0m
  [96mEdge too small (+4.9)[0m

[35m📈 UMBC Retrievers 68.4, Bryant Bulldogs 71.0[0m

[1m[96m━━━ GAME 2: New Mexico St Aggies @ Liberty Flames ━━━[0m
[96m🕐 01/15 06:00 PM[0m

[93m📊 SPREAD:[0m
  Market: -9.5 | Model: +3.7 | Edge: +13.2
  [92m✅ BET: New Mexico St Aggies +9.5[0m
  [96mHIGH confidence (+13.2 edge)[0m

[93m🎯 TOTAL:[0m
  Market: 142.5 | Model: 152.5 | Edge: +10.0
  [92m✅ BET: OVER 142.5[0m
  [96mHIGH confidence (10.0 edge)[0m

[35m📈 New Mexico St Aggies 74.4, Liberty Flames 78.1[0m

[1m[96m━━━ GAME 3: Mercer Bears @ VMI Keydets ━━━[0m
[96m🕐 01/15 06:00 PM[0m

[93m📊 SPREAD:[0m
  Market: +9.5 | Model: +4.1 | Edge: -5.4
  [91m❌ NO BET[0m
  [96mEdge too small (-5.4)[0m

[93m🎯 TOTAL:[0m
  Market: 153.5 | Model: 131.7 | Edge: -21.8
  [92m✅ BET: UNDER 153.5[0m
  [96mHIGH confidence (21.8 edge)[0m

[35m📈 Mercer Bears 63.8, VMI Keydets 67.9[0m

[1m[96m━━━ GAME 4: NJIT Highlanders @ UMass Lowell River Hawks ━━━[0m
[96m🕐 01/15 06:00 PM[0m

[93m📊 SPREAD:[0m
  Market: -7.5 | Model: +5.9 | Edge: +13.4
  [92m✅ BET: NJIT Highlanders +7.5[0m
  [96mHIGH confidence (+13.4 edge)[0m

[93m🎯 TOTAL:[0m
  Market: 145.5 | Model: 131.0 | Edge: -14.5
  [92m✅ BET: UNDER 145.5[0m
  [96mHIGH confidence (14.5 edge)[0m

[35m📈 NJIT Highlanders 62.6, UMass Lowell River Hawks 68.5[0m

[1m[96m━━━ GAME 5: Binghamton Bearcats @ Albany Great Danes ━━━[0m
[96m🕐 01/15 06:30 PM[0m

[93m📊 SPREAD:[0m
  Market: -6.5 | Model: +4.0 | Edge: +10.5
  [92m✅ BET: Binghamton Bearcats +6.5[0m
  [96mHIGH confidence (+10.5 edge)[0m

[93m🎯 TOTAL:[0m
  Market: 138.5 | Model: 133.6 | Edge: -4.9
  [91m❌ NO BET[0m
  [96mEdge too small (-4.9)[0m

[35m📈 Binghamton Bearcats 64.8, Albany Great Danes 68.8[0m

[1m[96m━━━ GAME 6: James Madison Dukes @ Appalachian St Mountaineers ━━━[0m
[96m🕐 01/15 06:30 PM[0m

[93m📊 SPREAD:[0m
  Market: -1.5 | Model: -0.3 | Edge: +1.2
  [91m❌ NO BET[0m
  [96mEdge too small (+1.2)[0m

[93m🎯 TOTAL:[0m
  Market: 133.5 | Model: 140.3 | Edge: +6.8
  [92m✅ BET: OVER 133.5[0m
  [96mMEDIUM confidence (6.8 edge)[0m

[35m📈 James Madison Dukes 70.3, Appalachian St Mountaineers 70.0[0m

[1m[96m━━━ GAME 7: Robert Morris Colonials @ IUPUI Jaguars ━━━[0m
[96m🕐 01/15 06:30 PM[0m

[93m📊 SPREAD:[0m
  Market: +5.5 | Model: +2.7 | Edge: -2.8
  [91m❌ NO BET[0m
  [96mEdge too small (-2.8)[0m

[93m🎯 TOTAL:[0m
  Market: 157.5 | Model: 140.7 | Edge: -16.8
  [92m✅ BET: UNDER 157.5[0m
  [96mHIGH confidence (16.8 edge)[0m

[35m📈 Robert Morris Colonials 69.0, IUPUI Jaguars 71.7[0m

[1m[96m━━━ GAME 8: Green Bay Phoenix @ Cleveland St Vikings ━━━[0m
[96m🕐 01/15 07:00 PM[0m

[93m📊 SPREAD:[0m
  Market: +3.5 | Model: +1.7 | Edge: -1.8
  [91m❌ NO BET[0m
  [96mEdge too small (-1.8)[0m

[93m🎯 TOTAL:[0m
  Market: 148.5 | Model: 134.3 | Edge: -14.2
  [92m✅ BET: UNDER 148.5[0m
  [96mHIGH confidence (14.2 edge)[0m

[35m📈 Green Bay Phoenix 66.3, Cleveland St Vikings 68.0[0m

[1m[96m━━━ GAME 9: UTEP Miners @ Delaware Blue Hens ━━━[0m
[96m🕐 01/15 07:00 PM[0m

[93m📊 SPREAD:[0m
  Market: -1.5 | Model: +6.8 | Edge: +8.3
  [92m✅ BET: UTEP Miners +1.5[0m
  [96mHIGH confidence (+8.3 edge)[0m

[93m🎯 TOTAL:[0m
  Market: 126.5 | Model: 139.0 | Edge: +12.5
  [92m✅ BET: OVER 126.5[0m
  [96mHIGH confidence (12.5 edge)[0m

[35m📈 UTEP Miners 66.1, Delaware Blue Hens 72.9[0m

[1m[96m━━━ GAME 10: Detroit Mercy Titans @ Northern Kentucky Norse ━━━[0m
[96m🕐 01/15 07:00 PM[0m

[93m📊 SPREAD:[0m
  Market: -9.5 | Model: +5.8 | Edge: +15.3
  [92m✅ BET: Detroit Mercy Titans +9.5[0m
  [96mHIGH confidence (+15.3 edge)[0m

[93m🎯 TOTAL:[0m
  Market: 157.5 | Model: 131.7 | Edge: -25.8
  [92m✅ BET: UNDER 157.5[0m
  [96mHIGH confidence (25.8 edge)[0m

[35m📈 Detroit Mercy Titans 63.0, Northern Kentucky Norse 68.7[0m

[1m[96m━━━ GAME 11: Drexel Dragons @ Monmouth Hawks ━━━[0m
[96m🕐 01/15 07:00 PM[0m

[93m📊 SPREAD:[0m
  Market: -5.5 | Model: +4.2 | Edge: +9.7
  [92m✅ BET: Drexel Dragons +5.5[0m
  [96mHIGH confidence (+9.7 edge)[0m

[93m🎯 TOTAL:[0m
  Market: 129.5 | Model: 136.0 | Edge: +6.5
  [92m✅ BET: OVER 129.5[0m
  [96mMEDIUM confidence (6.5 edge)[0m

[35m📈 Drexel Dragons 65.9, Monmouth Hawks 70.1[0m

[1m[96m━━━ GAME 12: Elon Phoenix @ Northeastern Huskies ━━━[0m
[96m🕐 01/15 07:00 PM[0m

[93m📊 SPREAD:[0m
  Market: +3.5 | Model: -0.1 | Edge: -3.6
  [91m❌ NO BET[0m
  [96mEdge too small (-3.6)[0m

[93m🎯 TOTAL:[0m
  Market: 160.5 | Model: 137.4 | Edge: -23.1
  [92m✅ BET: UNDER 160.5[0m
  [96mHIGH confidence (23.1 edge)[0m

[35m📈 Elon Phoenix 68.8, Northeastern Huskies 68.6[0m

[1m[96m━━━ GAME 13: Queens University Royals @ Florida Gulf Coast Eagles ━━━[0m
[96m🕐 01/15 07:00 PM[0m

[93m📊 SPREAD:[0m
  Market: -1.5 | Model: +4.2 | Edge: +5.7
  [91m❌ NO BET[0m
  [96mEdge too small (+5.7)[0m

[93m🎯 TOTAL:[0m
  Market: 167.5 | Model: 139.5 | Edge: -28.0
  [92m✅ BET: UNDER 167.5[0m
  [96mHIGH confidence (28.0 edge)[0m

[35m📈 Queens University Royals 67.6, Florida Gulf Coast Eagles 71.8[0m

[1m[96m━━━ GAME 14: Old Dominion Monarchs @ Georgia Southern Eagles ━━━[0m
[96m🕐 01/15 07:00 PM[0m

[93m📊 SPREAD:[0m
  Market: -6.5 | Model: +3.2 | Edge: +9.7
  [92m✅ BET: Old Dominion Monarchs +6.5[0m
  [96mHIGH confidence (+9.7 edge)[0m

[93m🎯 TOTAL:[0m
  Market: 162.5 | Model: 132.9 | Edge: -29.6
  [92m✅ BET: UNDER 162.5[0m
  [96mHIGH confidence (29.6 edge)[0m

[35m📈 Old Dominion Monarchs 64.8, Georgia Southern Eagles 68.0[0m

[1m[96m━━━ GAME 15: Hofstra Pride @ Stony Brook Seawolves ━━━[0m
[96m🕐 01/15 07:00 PM[0m

[93m📊 SPREAD:[0m
  Market: +7.5 | Model: +8.3 | Edge: +0.8
  [91m❌ NO BET[0m
  [96mEdge too small (+0.8)[0m

[93m🎯 TOTAL:[0m
  Market: 133.5 | Model: 131.6 | Edge: -1.9
  [91m❌ NO BET[0m
  [96mEdge too small (-1.9)[0m

[35m📈 Hofstra Pride 61.6, Stony Brook Seawolves 70.0[0m

[1m[96m━━━ GAME 16: Maine Black Bears @ Vermont Catamounts ━━━[0m
[96m🕐 01/15 07:00 PM[0m

[93m📊 SPREAD:[0m
  Market: -12.5 | Model: +2.4 | Edge: +14.9
  [92m✅ BET: Maine Black Bears +12.5[0m
  [96mHIGH confidence (+14.9 edge)[0m

[93m🎯 TOTAL:[0m
  Market: 129.5 | Model: 133.5 | Edge: +4.0
  [91m❌ NO BET[0m
  [96mEdge too small (+4.0)[0m

[35m📈 Maine Black Bears 65.5, Vermont Catamounts 67.9[0m

[1m[96m━━━ GAME 17: Oakland Golden Grizzlies @ Milwaukee Panthers ━━━[0m
[96m🕐 01/15 07:00 PM[0m

[93m📊 SPREAD:[0m
  Market: +3.5 | Model: +2.7 | Edge: -0.8
  [91m❌ NO BET[0m
  [96mEdge too small (-0.8)[0m

[93m🎯 TOTAL:[0m
  Market: 164.5 | Model: 140.8 | Edge: -23.7
  [92m✅ BET: UNDER 164.5[0m
  [96mHIGH confidence (23.7 edge)[0m

[35m📈 Oakland Golden Grizzlies 69.0, Milwaukee Panthers 71.8[0m

[1m[96m━━━ GAME 18: North Florida Ospreys @ North Alabama Lions ━━━[0m
[96m🕐 01/15 07:00 PM[0m

[93m📊 SPREAD:[0m
  Market: -9.5 | Model: +1.6 | Edge: +11.1
  [92m✅ BET: North Florida Ospreys +9.5[0m
  [96mHIGH confidence (+11.1 edge)[0m

[93m🎯 TOTAL:[0m
  Market: 157.5 | Model: 139.8 | Edge: -17.7
  [92m✅ BET: UNDER 157.5[0m
  [96mHIGH confidence (17.7 edge)[0m

[35m📈 North Florida Ospreys 69.1, North Alabama Lions 70.7[0m

[1m[96m━━━ GAME 19: North Carolina A&T Aggies @ William & Mary Tribe ━━━[0m
[96m🕐 01/15 07:00 PM[0m

[93m📊 SPREAD:[0m
  Market: -13.5 | Model: +7.4 | Edge: +20.9
  [92m✅ BET: North Carolina A&T Aggies +13.5[0m
  [96mHIGH confidence (+20.9 edge)[0m

[93m🎯 TOTAL:[0m
  Market: 161.5 | Model: 132.6 | Edge: -28.9
  [92m✅ BET: UNDER 161.5[0m
  [96mHIGH confidence (28.9 edge)[0m

[35m📈 North Carolina A&T Aggies 62.6, William & Mary Tribe 70.0[0m

[1m[96m━━━ GAME 20: West Georgia Wolves @ Stetson Hatters ━━━[0m
[96m🕐 01/15 07:00 PM[0m

[93m📊 SPREAD:[0m
  Market: +3.5 | Model: +4.4 | Edge: +0.9
  [91m❌ NO BET[0m
  [96mEdge too small (+0.9)[0m

[93m🎯 TOTAL:[0m
  Market: 151.5 | Model: 128.9 | Edge: -22.6
  [92m✅ BET: UNDER 151.5[0m
  [96mHIGH confidence (22.6 edge)[0m

[35m📈 West Georgia Wolves 62.2, Stetson Hatters 66.6[0m

[1m[96m━━━ GAME 21: The Citadel Bulldogs @ UNC Greensboro Spartans ━━━[0m
[96m🕐 01/15 07:00 PM[0m

[93m📊 SPREAD:[0m
  Market: -9.5 | Model: +4.0 | Edge: +13.5
  [92m✅ BET: The Citadel Bulldogs +9.5[0m
  [96mHIGH confidence (+13.5 edge)[0m

[93m🎯 TOTAL:[0m
  Market: 147.5 | Model: 131.7 | Edge: -15.8
  [92m✅ BET: UNDER 147.5[0m
  [96mHIGH confidence (15.8 edge)[0m

[35m📈 The Citadel Bulldogs 63.9, UNC Greensboro Spartans 67.9[0m

[1m[96m━━━ GAME 22: Youngstown St Penguins @ Wright St Raiders ━━━[0m
[96m🕐 01/15 07:00 PM[0m

[93m📊 SPREAD:[0m
  Market: -6.5 | Model: +2.8 | Edge: +9.3
  [92m✅ BET: Youngstown St Penguins +6.5[0m
  [96mHIGH confidence (+9.3 edge)[0m

[93m🎯 TOTAL:[0m
  Market: 142.5 | Model: 139.4 | Edge: -3.1
  [91m❌ NO BET[0m
  [96mEdge too small (-3.1)[0m

[35m📈 Youngstown St Penguins 68.3, Wright St Raiders 71.1[0m

[1m[96m━━━ GAME 23: Jacksonville Dolphins @ Central Arkansas Bears ━━━[0m
[96m🕐 01/15 07:30 PM[0m

[93m📊 SPREAD:[0m
  Market: -9.5 | Model: +3.7 | Edge: +13.2
  [92m✅ BET: Jacksonville Dolphins +9.5[0m
  [96mHIGH confidence (+13.2 edge)[0m

[93m🎯 TOTAL:[0m
  Market: 135.5 | Model: 131.6 | Edge: -3.9
  [91m❌ NO BET[0m
  [96mEdge too small (-3.9)[0m

[35m📈 Jacksonville Dolphins 64.0, Central Arkansas Bears 67.6[0m

[1m[96m━━━ GAME 24: Cal Baptist Lancers @ Abilene Christian Wildcats ━━━[0m
[96m🕐 01/15 08:00 PM[0m

[93m📊 SPREAD:[0m
  Market: -2.5 | Model: -0.8 | Edge: +1.7
  [91m❌ NO BET[0m
  [96mEdge too small (+1.7)[0m

[93m🎯 TOTAL:[0m
  Market: 138.5 | Model: 136.9 | Edge: -1.6
  [91m❌ NO BET[0m
  [96mEdge too small (-1.6)[0m

[35m📈 Cal Baptist Lancers 68.8, Abilene Christian Wildcats 68.0[0m

[1m[96m━━━ GAME 25: Arkansas St Red Wolves @ South Alabama Jaguars ━━━[0m
[96m🕐 01/15 08:00 PM[0m

[93m📊 SPREAD:[0m
  Market: +3.5 | Model: +2.7 | Edge: -0.8
  [91m❌ NO BET[0m
  [96mEdge too small (-0.8)[0m

[93m🎯 TOTAL:[0m
  Market: 153.5 | Model: 150.7 | Edge: -2.8
  [91m❌ NO BET[0m
  [96mEdge too small (-2.8)[0m

[35m📈 Arkansas St Red Wolves 74.0, South Alabama Jaguars 76.7[0m

[1m[96m━━━ GAME 26: Eastern Illinois Panthers @ Arkansas-Little Rock Trojans ━━━[0m
[96m🕐 01/15 08:00 PM[0m

[93m📊 SPREAD:[0m
  Market: -6.5 | Model: +4.5 | Edge: +11.0
  [92m✅ BET: Eastern Illinois Panthers +6.5[0m
  [96mHIGH confidence (+11.0 edge)[0m

[93m🎯 TOTAL:[0m
  Market: 133.5 | Model: 130.8 | Edge: -2.7
  [91m❌ NO BET[0m
  [96mEdge too small (-2.7)[0m

[35m📈 Eastern Illinois Panthers 63.1, Arkansas-Little Rock Trojans 67.6[0m

[1m[96m━━━ GAME 27: Eastern Kentucky Colonels @ Austin Peay Governors ━━━[0m
[96m🕐 01/15 08:00 PM[0m

[93m📊 SPREAD:[0m
  Market: -7.5 | Model: -0.8 | Edge: +6.7
  [92m✅ BET: Eastern Kentucky Colonels +7.5[0m
  [96mHIGH confidence (+6.7 edge)[0m

[93m🎯 TOTAL:[0m
  Market: 154.5 | Model: 135.7 | Edge: -18.8
  [92m✅ BET: UNDER 154.5[0m
  [96mHIGH confidence (18.8 edge)[0m

[35m📈 Eastern Kentucky Colonels 68.2, Austin Peay Governors 67.4[0m

[1m[96m━━━ GAME 28: Bellarmine Knights @ Lipscomb Bisons ━━━[0m
[96m🕐 01/15 08:00 PM[0m

[93m📊 SPREAD:[0m
  Market: -10.5 | Model: +0.7 | Edge: +11.2
  [92m✅ BET: Bellarmine Knights +10.5[0m
  [96mHIGH confidence (+11.2 edge)[0m

[93m🎯 TOTAL:[0m
  Market: 155.5 | Model: 137.5 | Edge: -18.0
  [92m✅ BET: UNDER 155.5[0m
  [96mHIGH confidence (18.0 edge)[0m

[35m📈 Bellarmine Knights 68.4, Lipscomb Bisons 69.1[0m

[1m[96m━━━ GAME 29: Charleston Cougars @ Towson Tigers ━━━[0m
[96m🕐 01/15 08:00 PM[0m

[93m📊 SPREAD:[0m
  Market: -1.5 | Model: +3.2 | Edge: +4.7
  [91m❌ NO BET[0m
  [96mEdge too small (+4.7)[0m

[93m🎯 TOTAL:[0m
  Market: 141.5 | Model: 139.6 | Edge: -1.9
  [91m❌ NO BET[0m
  [96mEdge too small (-1.9)[0m

[35m📈 Charleston Cougars 68.2, Towson Tigers 71.4[0m

[1m[96m━━━ GAME 30: St. Thomas (MN) Tommies @ North Dakota Fighting Hawks ━━━[0m
[96m🕐 01/15 08:00 PM[0m

[93m📊 SPREAD:[0m
  Market: +8.5 | Model: +1.8 | Edge: -6.7
  [92m✅ BET: North Dakota Fighting Hawks +8.5[0m
  [96mHIGH confidence (-6.7 edge)[0m

[93m🎯 TOTAL:[0m
  Market: 150.5 | Model: 140.1 | Edge: -10.4
  [92m✅ BET: UNDER 150.5[0m
  [96mHIGH confidence (10.4 edge)[0m

[35m📈 St. Thomas (MN) Tommies 69.1, North Dakota Fighting Hawks 70.9[0m

[1m[96m━━━ GAME 31: UMKC Kangaroos @ South Dakota Coyotes ━━━[0m
[96m🕐 01/15 08:00 PM[0m

[93m📊 SPREAD:[0m
  Market: -7.5 | Model: +6.7 | Edge: +14.2
  [92m✅ BET: UMKC Kangaroos +7.5[0m
  [96mHIGH confidence (+14.2 edge)[0m

[93m🎯 TOTAL:[0m
  Market: 158.5 | Model: 138.5 | Edge: -20.0
  [92m✅ BET: UNDER 158.5[0m
  [96mHIGH confidence (20.0 edge)[0m

[35m📈 UMKC Kangaroos 65.9, South Dakota Coyotes 72.6[0m

[1m[96m━━━ GAME 32: Morehead St Eagles @ Tennessee St Tigers ━━━[0m
[96m🕐 01/15 08:30 PM[0m

[93m📊 SPREAD:[0m
  Market: -8.5 | Model: +4.4 | Edge: +12.9
  [92m✅ BET: Morehead St Eagles +8.5[0m
  [96mHIGH confidence (+12.9 edge)[0m

[93m🎯 TOTAL:[0m
  Market: 148.5 | Model: 152.4 | Edge: +3.9
  [91m❌ NO BET[0m
  [96mEdge too small (+3.9)[0m

[35m📈 Morehead St Eagles 74.0, Tennessee St Tigers 78.4[0m

[1m[96m━━━ GAME 33: SIU-Edwardsville Cougars @ Tenn-Martin Skyhawks ━━━[0m
[96m🕐 01/15 08:30 PM[0m

[93m📊 SPREAD:[0m
  Market: -8.5 | Model: +2.8 | Edge: +11.3
  [92m✅ BET: SIU-Edwardsville Cougars +8.5[0m
  [96mHIGH confidence (+11.3 edge)[0m

[93m🎯 TOTAL:[0m
  Market: 131.5 | Model: 139.4 | Edge: +7.9
  [92m✅ BET: OVER 131.5[0m
  [96mHIGH confidence (7.9 edge)[0m

[35m📈 SIU-Edwardsville Cougars 68.3, Tenn-Martin Skyhawks 71.1[0m

[1m[96m━━━ GAME 34: Southern Indiana Screaming Eagles @ Tennessee Tech Golden Eagles ━━━[0m
[96m🕐 01/15 08:30 PM[0m

[93m📊 SPREAD:[0m
  Market: -5.5 | Model: +3.1 | Edge: +8.6
  [92m✅ BET: Southern Indiana Screaming Eagles +5.5[0m
  [96mHIGH confidence (+8.6 edge)[0m

[93m🎯 TOTAL:[0m
  Market: 143.5 | Model: 131.5 | Edge: -12.0
  [92m✅ BET: UNDER 143.5[0m
  [96mHIGH confidence (12.0 edge)[0m

[35m📈 Southern Indiana Screaming Eagles 64.2, Tennessee Tech Golden Eagles 67.3[0m

[1m[96m━━━ GAME 35: Tarleton State Texans @ Southern Utah Thunderbirds ━━━[0m
[96m🕐 01/15 08:30 PM[0m

[93m📊 SPREAD:[0m
  Market: +5.5 | Model: +5.3 | Edge: -0.2
  [91m❌ NO BET[0m
  [96mEdge too small (-0.2)[0m

[93m🎯 TOTAL:[0m
  Market: 151.5 | Model: 130.0 | Edge: -21.5
  [92m✅ BET: UNDER 151.5[0m
  [96mHIGH confidence (21.5 edge)[0m

[35m📈 Tarleton State Texans 62.3, Southern Utah Thunderbirds 67.7[0m

[1m[96m━━━ GAME 36: CSU Fullerton Titans @ UC Davis Aggies ━━━[0m
[96m🕐 01/15 09:00 PM[0m

[93m📊 SPREAD:[0m
  Market: -3.5 | Model: -1.1 | Edge: +2.4
  [91m❌ NO BET[0m
  [96mEdge too small (+2.4)[0m

[93m🎯 TOTAL:[0m
  Market: 168.5 | Model: 136.5 | Edge: -32.0
  [92m✅ BET: UNDER 168.5[0m
  [96mHIGH confidence (32.0 edge)[0m

[35m📈 CSU Fullerton Titans 68.8, UC Davis Aggies 67.7[0m

[1m[96m━━━ GAME 37: Eastern Washington Eagles @ Weber State Wildcats ━━━[0m
[96m🕐 01/15 09:00 PM[0m

[93m📊 SPREAD:[0m
  Market: -4.5 | Model: +2.6 | Edge: +7.1
  [92m✅ BET: Eastern Washington Eagles +4.5[0m
  [96mHIGH confidence (+7.1 edge)[0m

[93m🎯 TOTAL:[0m
  Market: 159.5 | Model: 132.3 | Edge: -27.2
  [92m✅ BET: UNDER 159.5[0m
  [96mHIGH confidence (27.2 edge)[0m

[35m📈 Eastern Washington Eagles 64.8, Weber State Wildcats 67.5[0m

[1m[96m━━━ GAME 38: Wichita St Shockers @ Florida Atlantic Owls ━━━[0m
[96m🕐 01/15 09:00 PM[0m

[93m📊 SPREAD:[0m
  Market: -5.5 | Model: +5.8 | Edge: +11.3
  [92m✅ BET: Wichita St Shockers +5.5[0m
  [96mHIGH confidence (+11.3 edge)[0m

[93m🎯 TOTAL:[0m
  Market: 154.5 | Model: 142.7 | Edge: -11.8
  [92m✅ BET: UNDER 154.5[0m
  [96mHIGH confidence (11.8 edge)[0m

[35m📈 Wichita St Shockers 68.5, Florida Atlantic Owls 74.3[0m

[1m[96m━━━ GAME 39: Idaho Vandals @ Idaho State Bengals ━━━[0m
[96m🕐 01/15 09:00 PM[0m

[93m📊 SPREAD:[0m
  Market: -2.5 | Model: +0.8 | Edge: +3.3
  [91m❌ NO BET[0m
  [96mEdge too small (+3.3)[0m

[93m🎯 TOTAL:[0m
  Market: 149.5 | Model: 136.5 | Edge: -13.0
  [92m✅ BET: UNDER 149.5[0m
  [96mHIGH confidence (13.0 edge)[0m

[35m📈 Idaho Vandals 67.8, Idaho State Bengals 68.7[0m

[1m[96m━━━ GAME 40: Lindenwood Lions @ SE Missouri St Redhawks ━━━[0m
[96m🕐 01/15 09:00 PM[0m

[93m📊 SPREAD:[0m
  Market: -6.5 | Model: +13.9 | Edge: +20.4
  [92m✅ BET: Lindenwood Lions +6.5[0m
  [96mHIGH confidence (+20.4 edge)[0m

[93m🎯 TOTAL:[0m
  Market: 154.5 | Model: 144.8 | Edge: -9.7
  [92m✅ BET: UNDER 154.5[0m
  [96mHIGH confidence (9.7 edge)[0m

[35m📈 Lindenwood Lions 65.4, SE Missouri St Redhawks 79.3[0m

[1m[96m━━━ GAME 41: UT-Arlington Mavericks @ Utah Tech Trailblazers ━━━[0m
[96m🕐 01/15 09:00 PM[0m

[93m📊 SPREAD:[0m
  Market: -1.5 | Model: +3.0 | Edge: +4.5
  [91m❌ NO BET[0m
  [96mEdge too small (+4.5)[0m

[93m🎯 TOTAL:[0m
  Market: 140.5 | Model: 135.7 | Edge: -4.8
  [91m❌ NO BET[0m
  [96mEdge too small (-4.8)[0m

[35m📈 UT-Arlington Mavericks 66.3, Utah Tech Trailblazers 69.3[0m

[1m[96m━━━ GAME 42: UC Santa Barbara Gauchos @ CSU Bakersfield Roadrunners ━━━[0m
[96m🕐 01/15 09:30 PM[0m

[93m📊 SPREAD:[0m
  Market: +7.5 | Model: +1.1 | Edge: -6.4
  [92m✅ BET: CSU Bakersfield Roadrunners +7.5[0m
  [96mHIGH confidence (-6.4 edge)[0m

[93m🎯 TOTAL:[0m
  Market: 146.5 | Model: 140.8 | Edge: -5.7
  [91m❌ NO BET[0m
  [96mEdge too small (-5.7)[0m

[35m📈 UC Santa Barbara Gauchos 69.9, CSU Bakersfield Roadrunners 71.0[0m

[1m[96m━━━ GAME 43: CSU Northridge Matadors @ UC San Diego Tritons ━━━[0m
[96m🕐 01/15 10:00 PM[0m

[93m📊 SPREAD:[0m
  Market: -7.5 | Model: +4.0 | Edge: +11.5
  [92m✅ BET: CSU Northridge Matadors +7.5[0m
  [96mHIGH confidence (+11.5 edge)[0m

[93m🎯 TOTAL:[0m
  Market: 160.5 | Model: 146.8 | Edge: -13.7
  [92m✅ BET: UNDER 160.5[0m
  [96mHIGH confidence (13.7 edge)[0m

[35m📈 CSU Northridge Matadors 71.4, UC San Diego Tritons 75.4[0m

[1m[96m━━━ GAME 44: Hawai'i Rainbow Warriors @ Cal Poly Mustangs ━━━[0m
[96m🕐 01/15 10:00 PM[0m

[93m📊 SPREAD:[0m
  Market: +4.5 | Model: +6.0 | Edge: +1.5
  [91m❌ NO BET[0m
  [96mEdge too small (+1.5)[0m

[93m🎯 TOTAL:[0m
  Market: 157.5 | Model: 139.8 | Edge: -17.7
  [92m✅ BET: UNDER 157.5[0m
  [96mHIGH confidence (17.7 edge)[0m

[35m📈 Hawai'i Rainbow Warriors 66.9, Cal Poly Mustangs 72.9[0m

[1m[96m━━━ GAME 45: Gonzaga Bulldogs @ Washington St Cougars ━━━[0m
[96m🕐 01/15 10:00 PM[0m

[93m📊 SPREAD:[0m
  Market: +17.5 | Model: -0.6 | Edge: -18.1
  [92m✅ BET: Washington St Cougars +17.5[0m
  [96mHIGH confidence (-18.1 edge)[0m

[93m🎯 TOTAL:[0m
  Market: 156.5 | Model: 156.8 | Edge: +0.3
  [91m❌ NO BET[0m
  [96mEdge too small (+0.3)[0m

[35m📈 Gonzaga Bulldogs 78.7, Washington St Cougars 78.1[0m

[1m[96m━━━ GAME 46: UC Riverside Highlanders @ Long Beach St 49ers ━━━[0m
[96m🕐 01/15 10:00 PM[0m

[93m📊 SPREAD:[0m
  Market: -4.5 | Model: +0.9 | Edge: +5.4
  [91m❌ NO BET[0m
  [96mEdge too small (+5.4)[0m

[93m🎯 TOTAL:[0m
  Market: 142.5 | Model: 140.1 | Edge: -2.4
  [91m❌ NO BET[0m
  [96mEdge too small (-2.4)[0m

[35m📈 UC Riverside Highlanders 69.6, Long Beach St 49ers 70.5[0m

[1m[96m━━━ GAME 47: N Colorado Bears @ Portland St Vikings ━━━[0m
[96m🕐 01/15 10:00 PM[0m

[93m📊 SPREAD:[0m
  Market: -3.5 | Model: +4.8 | Edge: +8.3
  [92m✅ BET: N Colorado Bears +3.5[0m
  [96mHIGH confidence (+8.3 edge)[0m

[93m🎯 TOTAL:[0m
  Market: 155.5 | Model: 142.9 | Edge: -12.6
  [92m✅ BET: UNDER 155.5[0m
  [96mHIGH confidence (12.6 edge)[0m

[35m📈 N Colorado Bears 69.1, Portland St Vikings 73.9[0m

[1m[96m━━━ GAME 48: Northern Arizona Lumberjacks @ Sacramento St Hornets ━━━[0m
[96m🕐 01/15 10:00 PM[0m

[93m📊 SPREAD:[0m
  Market: -2.5 | Model: +1.9 | Edge: +4.4
  [91m❌ NO BET[0m
  [96mEdge too small (+4.4)[0m

[93m🎯 TOTAL:[0m
  Market: 154.5 | Model: 137.4 | Edge: -17.1
  [92m✅ BET: UNDER 154.5[0m
  [96mHIGH confidence (17.1 edge)[0m

[35m📈 Northern Arizona Lumberjacks 67.8, Sacramento St Hornets 69.6[0m

[1m[96m━━━ GAME 49: San Diego Toreros @ Seattle Redhawks ━━━[0m
[96m🕐 01/15 10:00 PM[0m

[93m📊 SPREAD:[0m
  Market: -9.5 | Model: +2.3 | Edge: +11.8
  [92m✅ BET: San Diego Toreros +9.5[0m
  [96mHIGH confidence (+11.8 edge)[0m

[93m🎯 TOTAL:[0m
  Market: 147.5 | Model: 137.1 | Edge: -10.4
  [92m✅ BET: UNDER 147.5[0m
  [96mHIGH confidence (10.4 edge)[0m

[35m📈 San Diego Toreros 67.4, Seattle Redhawks 69.7[0m

[1m========================================================================================================================[0m

[92m✓ CSV saved: /Users/rico/sports-models/ncaa/ncaab_model_output.csv[0m
[92m✓ HTML saved: /Users/rico/sports-models/ncaa/ncaab_model_output.html[0m

[1m[96mSTEP 5: Generating Final Tracking Dashboard[0m
[92m✓ Tracking dashboard saved: /Users/rico/sports-models/ncaa/ncaab_tracking_dashboard.html[0m

[1m====================================================================================================[0m
[1m[93m📊 TRACKING SUMMARY 📊[0m
[1m====================================================================================================[0m
[92mTotal Tracked Bets: 3082[0m
[92mRecord: 1568-1436-5[0m
[92mWin Rate: 52.2%[0m
[91mProfit: -9.12 units[0m
[91mROI: -0.3%[0m
[1m====================================================================================================[0m


==========================================
✅ NCAA Model completed successfully!
==========================================

📤 Pushing updates to GitHub...
[main 9656a7f] Update model outputs - 2026-01-15 10:30:08
 Committer: Ricardo Hill <rico@Ricos-M1-Mac-2.local>
Your name and email address were configured automatically based
on your username and hostname. Please check that they are accurate.
You can suppress this message by setting them explicitly. Run the
following command and follow the instructions in your editor to edit
your configuration file:

    git config --global --edit

After doing this, you may fix the identity used for this commit with:

    git commit --amend --reset-author

 4 files changed, 793 insertions(+), 239 deletions(-)
To https://github.com/BangLetsGetIt/NBA-NCAA-Betting-Models.git
   d6edb72..9656a7f  main -> main
✅ Successfully pushed to GitHub!
