============================================================
Scheduler run: nfl_receptions_props
Time: Fri Jan 23 00:56:54 EST 2026
Working dir: /Users/rico/sports-models/nfl
Script: nfl_receptions_props_model.py
============================================================
✅ Completed: nfl_receptions_props at Fri Jan 23 00:57:02 EST 2026

📤 Auto-pushing model outputs to GitHub...
[main ea6af92a] Update model outputs - 2026-01-23 00:57:12
 Committer: Ricardo Hill <rico@MacBookAir.lan>
Your name and email address were configured automatically based
on your username and hostname. Please check that they are accurate.
You can suppress this message by setting them explicitly. Run the
following command and follow the instructions in your editor to edit
your configuration file:

    git config --global --edit

After doing this, you may fix the identity used for this commit with:

    git commit --amend --reset-author

 3 files changed, 8 insertions(+), 8 deletions(-)
To https://github.com/BangLetsGetIt/NBA-NCAA-Betting-Models.git
   c678876f..ea6af92a  main -> main
✅ Successfully pushed to GitHub!
✅ Auto-push succeeded at Fri Jan 23 00:57:15 EST 2026
