============================================================
Scheduler run: nfl_receptions_props
Time: Sun Jan 11 18:40:14 EST 2026
Working dir: /Users/rico/sports-models/nfl
Script: nfl_receptions_props_model.py
============================================================
✅ Completed: nfl_receptions_props at Sun Jan 11 18:40:15 EST 2026

📤 Auto-pushing model outputs to GitHub...
[main 44b66f0] Update model outputs - 2026-01-11 18:40:15
 Committer: Ricardo Hill <rico@MacBookAir.lan>
Your name and email address were configured automatically based
on your username and hostname. Please check that they are accurate.
You can suppress this message by setting them explicitly. Run the
following command and follow the instructions in your editor to edit
your configuration file:

    git config --global --edit

After doing this, you may fix the identity used for this commit with:

    git commit --amend --reset-author

 2 files changed, 48 insertions(+), 98 deletions(-)
To https://github.com/BangLetsGetIt/NBA-NCAA-Betting-Models.git
   8b881a5..44b66f0  main -> main
✅ Successfully pushed to GitHub!
✅ Auto-push succeeded at Sun Jan 11 18:40:16 EST 2026
