============================================================
Scheduler run: nfl_receptions_props
Time: Wed Dec 24 09:55:02 EST 2025
Working dir: /Users/rico/sports-models/nfl
Script: nfl_receptions_props_model.py
============================================================
[1m🏈 NFL Receptions Props Model - Sharp +EV[0m

[96m--- Grading Pending Picks ---[0m
Graded 0 picks.
  Found 16 upcoming games (filtered from 16)
[96mFound 16 upcoming games. Fetching reception props...[0m
No odds found. Generating HTML with tracking data only.

✅ HTML saved: /Users/rico/sports-models/nfl/nfl_receptions_props.html
✅ Completed: nfl_receptions_props at Wed Dec 24 09:55:05 EST 2025

📤 Auto-pushing model outputs to GitHub...
[main 0b280de] Update model outputs - 2025-12-24 09:55:06
 Committer: Ricardo Hill <rico@Ricos-M1-Mac-2.local>
Your name and email address were configured automatically based
on your username and hostname. Please check that they are accurate.
You can suppress this message by setting them explicitly. Run the
following command and follow the instructions in your editor to edit
your configuration file:

    git config --global --edit

After doing this, you may fix the identity used for this commit with:

    git commit --amend --reset-author

 2 files changed, 3 insertions(+), 3 deletions(-)
To https://github.com/BangLetsGetIt/NBA-NCAA-Betting-Models.git
   b8b2c83..0b280de  main -> main
✅ Successfully pushed to GitHub!
✅ Auto-push succeeded at Wed Dec 24 09:55:06 EST 2025
