============================================================
Scheduler run: nfl_main_model
Time: Wed Dec 24 09:30:04 EST 2025
Working dir: /Users/rico/sports-models/nfl
Script: nfl_model_IMPROVED.py
============================================================
🏈 NFL Betting Model - Sharp +EV Version
============================================================
Spread Threshold: 0.1+ pts (display)
Spread Logging: 8.0+ pts (sharp +EV)
Total Threshold: 0.1+ pts (display)
Total Logging: 12.0+ pts (sharp +EV)
============================================================

📊 STEP 1: Grading Pending Picks
   Checking 1 pending picks...

🏈 Fetching completed NFL scores...
⚠️ Error fetching scores: 401 Client Error: Unauthorized for url: https://api.the-odds-api.com/v4/sports/americanfootball_nfl/scores/?apiKey=faabaed9ec8604dcc24db96c53d6ae01&daysFrom=3

📡 Fetching current NFL odds...
Error fetching odds: 401 Client Error: Unauthorized for url: https://api.the-odds-api.com/v4/sports/americanfootball_nfl/odds/?apiKey=faabaed9ec8604dcc24db96c53d6ae01&regions=us%2Cus2&markets=spreads%2Ctotals&oddsFormat=american
❌ No games found or API error
✅ Completed: nfl_main_model at Wed Dec 24 09:30:05 EST 2025

📤 Auto-pushing model outputs to GitHub...
No changes to commit
✅ Auto-push succeeded at Wed Dec 24 09:30:05 EST 2025
