============================================================
Scheduler run: nfl_receptions_props
Time: Mon Jan 26 17:25:38 EST 2026
Working dir: /Users/rico/sports-models/nfl
Script: nfl_receptions_props_model.py
============================================================
✅ Completed: nfl_receptions_props at Mon Jan 26 17:25:54 EST 2026

📤 Auto-pushing model outputs to GitHub...
[main 3146a398] Update model outputs - 2026-01-26 17:27:06
 Committer: Ricardo Hill <rico@MacBookAir.lan>
Your name and email address were configured automatically based
on your username and hostname. Please check that they are accurate.
You can suppress this message by setting them explicitly. Run the
following command and follow the instructions in your editor to edit
your configuration file:

    git config --global --edit

After doing this, you may fix the identity used for this commit with:

    git commit --amend --reset-author

 7 files changed, 146 insertions(+), 138 deletions(-)
To https://github.com/BangLetsGetIt/NBA-NCAA-Betting-Models.git
 ! [remote rejected]   main -> main (cannot lock ref 'refs/heads/main': is at 3146a398075647328b4d80ce96c465a0a05ba3ed but expected d8604ff4ec27c4f3426d857d85458d3345fba065)
error: failed to push some refs to 'https://github.com/BangLetsGetIt/NBA-NCAA-Betting-Models.git'
⚠️  Push failed - you may need to set up the GitHub remote first
✅ Auto-push succeeded at Mon Jan 26 17:27:08 EST 2026
