============================================================
Scheduler run: nfl_passing_yards_props
Time: Tue Dec 23 18:15:04 EST 2025
Working dir: /Users/rico/sports-models/nfl
Script: nfl_passing_yards_props_model.py
============================================================
[1m🏈 NFL Passing Props Model - Sharp +EV[0m

[96m--- Grading Pending Picks ---[0m
Graded 0 picks.
  Found 16 upcoming games (filtered from 16)
[96mFound 16 upcoming games. Fetching passing props...[0m
  Game de07002921b9b2b2e1ee2928e4270a3c: Found 12 bookmakers
  Game 29da148b927afea00a7774b2a8ee68e7: Found 12 bookmakers
  Game 29164a99a917051c6e1778270033d362: Found 11 bookmakers
  Game 832c36c4b6d5132e88cf11391797c194: Found 12 bookmakers
  Game 85bead6a72a1952cdd737dcecb55446b: 0 bookmakers found
  Game 7aeff5d5bb88b218c7d72f267a90eb7f: Found 12 bookmakers
  Game 8e7a26b4026e4eca7394cc523fa10a64: Found 12 bookmakers
  Game e6721ef0adb705a8abcbedc2ef6dfb3a: Found 10 bookmakers
  Game f960b282ac197513c9d80bd28baa7e38: Found 6 bookmakers
  Game 374166780155b8c14e867face95885ee: Found 2 bookmakers
  Game 95bdb9f5b22f0491bfba1381637c5009: Found 6 bookmakers
  Game d75c88e4fb7650ab0577264980bdf98f: Found 10 bookmakers
  Game dd4aec72c5175cb8cea67d5edc7b1990: 0 bookmakers found
  Game 596df6f5735277fee0cd78e61cd71060: Found 10 bookmakers
  Game b0dedebd28a82f8f38398033356e9015: Found 6 bookmakers
  Game ea5fe5f603483c8d46f83081cf780397: 0 bookmakers found

Analyzing 22 players...
Deduplicated from 9 to 9 picks.

Found 9 sharp plays:
  ⭐ Dak Prescott OVER 272.5 (Proj: 301.9) | Edge: 29.4 | AI: 10.0
  ⭐ Jared Goff OVER 241.5 (Proj: 293.1) | Edge: 51.6 | AI: 10.0
  ⭐ Bo Nix OVER 227.5 (Proj: 274.1) | Edge: 46.6 | AI: 10.0
  ⭐ Joe Burrow UNDER 255.5 (Proj: 223.1) | Edge: 32.4 | AI: 10.0
  ⭐ Bryce Young OVER 200.5 (Proj: 218.1) | Edge: 17.6 | AI: 8.4
  ⭐ Trevor Lawrence OVER 230.5 (Proj: 253.6) | Edge: 23.1 | AI: 10.0
  ⭐ Baker Mayfield UNDER 226.5 (Proj: 177.3) | Edge: 49.2 | AI: 10.0
  ⭐ Jalen Hurts OVER 190.5 (Proj: 217.3) | Edge: 26.8 | AI: 10.0
  ⭐ Brock Purdy UNDER 257.5 (Proj: 235.9) | Edge: 21.6 | AI: 10.0
[96mNo new picks to track[0m

✅ HTML saved: /Users/rico/sports-models/nfl/nfl_passing_yards_props.html
✅ Completed: nfl_passing_yards_props at Tue Dec 23 18:16:51 EST 2025

📤 Auto-pushing model outputs to GitHub...
No changes to commit
✅ Auto-push succeeded at Tue Dec 23 18:16:55 EST 2025
