============================================================
Scheduler run: nfl_main_model
Time: Tue Dec 23 18:10:05 EST 2025
Working dir: /Users/rico/sports-models/nfl
Script: nfl_model_IMPROVED.py
============================================================
🏈 NFL Betting Model - Sharp +EV Version
============================================================
Spread Threshold: 0.1+ pts (display)
Spread Logging: 8.0+ pts (sharp +EV)
Total Threshold: 0.1+ pts (display)
Total Logging: 12.0+ pts (sharp +EV)
============================================================

📊 STEP 1: Grading Pending Picks
   Checking 1 pending picks...

🏈 Fetching completed NFL scores...
   Found 14 completed games
   No picks matched completed games

📡 Fetching current NFL odds...
Fetched 16 games, filtered to 16 upcoming.
✅ Found 16 games

🔍 Analyzing games...

Dallas Cowboys @ Washington Commanders
  🕐 2025-12-25T18:00:00Z
  📊 Ratings: Washington Commanders (63.5) vs Dallas Cowboys (62.1)
  📈 Predicted: Washington Commanders 26.2, Dallas Cowboys 22.1
  SPREAD (👁️ Display Only):
    Market: Washington Commanders +7.0
    Model:  4.1
    Edge:   -2.9
    ⚠️  Below logging threshold: Dallas Cowboys -7.0
  TOTAL (👁️ Display Only):
    Market: 50.5
    Model:  48.4
    Edge:   -2.1
    ⚠️  Below logging threshold: UNDER 50.5

Detroit Lions @ Minnesota Vikings
  🕐 2025-12-25T21:30:00Z
  📊 Ratings: Minnesota Vikings (68.9) vs Detroit Lions (75.3)
  📈 Predicted: Minnesota Vikings 24.7, Detroit Lions 28.3
  SPREAD (⭐ LOGGED):
    Market: Minnesota Vikings +7.0
    Model:  -3.6
    Edge:   -10.6
    ✅ SHARP BET: Detroit Lions -7.0
  TOTAL (👁️ Display Only):
    Market: 43.5
    Model:  53.0
    Edge:   +9.5
    ⚠️  Below logging threshold: OVER 43.5

Denver Broncos @ Kansas City Chiefs
  🕐 2025-12-26T01:15:00Z
  📊 Ratings: Kansas City Chiefs (68.5) vs Denver Broncos (60.2)
  📈 Predicted: Kansas City Chiefs 30.1, Denver Broncos 19.1
  SPREAD (👁️ Display Only):
    Market: Kansas City Chiefs +13.5
    Model:  11.0
    Edge:   -2.5
    ⚠️  Below logging threshold: Denver Broncos -13.5
  TOTAL (⭐ LOGGED):
    Market: 36.5
    Model:  49.2
    Edge:   +12.7
    ✅ SHARP BET: OVER 36.5

Houston Texans @ Los Angeles Chargers
  🕐 2025-12-27T21:30:00Z
  📊 Ratings: Los Angeles Chargers (64.0) vs Houston Texans (66.7)
  📈 Predicted: Los Angeles Chargers 24.9, Houston Texans 24.9
  SPREAD (👁️ Display Only):
    Market: Los Angeles Chargers -2.5
    Model:  0.0
    Edge:   +2.5
    ⚠️  Below logging threshold: Los Angeles Chargers -2.5
  TOTAL (👁️ Display Only):
    Market: 39.5
    Model:  49.7
    Edge:   +10.2
    ⚠️  Below logging threshold: OVER 39.5

Baltimore Ravens @ Green Bay Packers
  🕐 2025-12-28T01:00:00Z
  📊 Ratings: Green Bay Packers (64.5) vs Baltimore Ravens (71.2)
  📈 Predicted: Green Bay Packers 23.4, Baltimore Ravens 27.4
  SPREAD (👁️ Display Only):
    Market: Green Bay Packers -2.5
    Model:  -4.0
    Edge:   -1.5
    ⚠️  Below logging threshold: Baltimore Ravens +2.5
  TOTAL (👁️ Display Only):
    Market: 41.0
    Model:  50.9
    Edge:   +9.9
    ⚠️  Below logging threshold: OVER 41.0

Arizona Cardinals @ Cincinnati Bengals
  🕐 2025-12-28T18:00:00Z
  📊 Ratings: Cincinnati Bengals (56.9) vs Arizona Cardinals (59.1)
  📈 Predicted: Cincinnati Bengals 23.2, Arizona Cardinals 22.8
  SPREAD (👁️ Display Only):
    Market: Cincinnati Bengals -7.0
    Model:  0.5
    Edge:   +7.5
    ⚠️  Below logging threshold: Cincinnati Bengals -7.0
  TOTAL (👁️ Display Only):
    Market: 53.5
    Model:  46.0
    Edge:   -7.5
    ⚠️  Below logging threshold: UNDER 53.5

Seattle Seahawks @ Carolina Panthers
  🕐 2025-12-28T18:00:00Z
  📊 Ratings: Carolina Panthers (36.2) vs Seattle Seahawks (54.3)
  📈 Predicted: Carolina Panthers 12.2, Seattle Seahawks 27.5
  SPREAD (⭐ LOGGED):
    Market: Carolina Panthers +7.0
    Model:  -15.3
    Edge:   -22.3
    ✅ SHARP BET: Seattle Seahawks -7.0
  TOTAL (👁️ Display Only):
    Market: 42.5
    Model:  39.6
    Edge:   -2.9
    ⚠️  Below logging threshold: UNDER 42.5

Pittsburgh Steelers @ Cleveland Browns
  🕐 2025-12-28T18:00:00Z
  📊 Ratings: Cleveland Browns (45.1) vs Pittsburgh Steelers (64.8)
  📈 Predicted: Cleveland Browns 13.8, Pittsburgh Steelers 30.7
  SPREAD (⭐ LOGGED):
    Market: Cleveland Browns +3.5
    Model:  -16.9
    Edge:   -20.4
    ✅ SHARP BET: Pittsburgh Steelers -3.5
  TOTAL (👁️ Display Only):
    Market: 33.5
    Model:  44.5
    Edge:   +11.0
    ⚠️  Below logging threshold: OVER 33.5

Jacksonville Jaguars @ Indianapolis Colts
  🕐 2025-12-28T18:00:00Z
  📊 Ratings: Indianapolis Colts (51.8) vs Jacksonville Jaguars (52.4)
  📈 Predicted: Indianapolis Colts 22.6, Jacksonville Jaguars 20.4
  SPREAD (👁️ Display Only):
    Market: Indianapolis Colts +6.5
    Model:  2.1
    Edge:   -4.4
    ⚠️  Below logging threshold: Jacksonville Jaguars -6.5
  TOTAL (👁️ Display Only):
    Market: 47.5
    Model:  43.0
    Edge:   -4.5
    ⚠️  Below logging threshold: UNDER 47.5

Tampa Bay Buccaneers @ Miami Dolphins
  🕐 2025-12-28T18:00:00Z
  📊 Ratings: Miami Dolphins (58.3) vs Tampa Bay Buccaneers (59.4)
  📈 Predicted: Miami Dolphins 24.0, Tampa Bay Buccaneers 22.4
  SPREAD (👁️ Display Only):
    Market: Miami Dolphins +5.5
    Model:  1.6
    Edge:   -3.9
    ⚠️  Below logging threshold: Tampa Bay Buccaneers -5.5
  TOTAL (👁️ Display Only):
    Market: 45.5
    Model:  46.4
    Edge:   +0.9
    ⚠️  Below logging threshold: OVER 45.5

New England Patriots @ New York Jets
  🕐 2025-12-28T18:00:00Z
  📊 Ratings: New York Jets (48.7) vs New England Patriots (42.3)
  📈 Predicted: New York Jets 24.5, New England Patriots 15.3
  SPREAD (👁️ Display Only):
    Market: New York Jets +13.0
    Model:  9.2
    Edge:   -3.8
    ⚠️  Below logging threshold: New England Patriots -13.0
  TOTAL (👁️ Display Only):
    Market: 43.0
    Model:  39.8
    Edge:   -3.2
    ⚠️  Below logging threshold: UNDER 43.0

New Orleans Saints @ Tennessee Titans
  🕐 2025-12-28T18:00:00Z
  📊 Ratings: Tennessee Titans (31.0) vs New Orleans Saints (47.8)
  📈 Predicted: Tennessee Titans 11.4, New Orleans Saints 25.4
  SPREAD (⭐ LOGGED):
    Market: Tennessee Titans +2.5
    Model:  -14.0
    Edge:   -16.5
    ✅ SHARP BET: New Orleans Saints -2.5
  TOTAL (👁️ Display Only):
    Market: 39.5
    Model:  36.7
    Edge:   -2.8
    ⚠️  Below logging threshold: UNDER 39.5

New York Giants @ Las Vegas Raiders
  🕐 2025-12-28T21:05:00Z
  📊 Ratings: Las Vegas Raiders (38.6) vs New York Giants (41.9)
  📈 Predicted: Las Vegas Raiders 18.3, New York Giants 18.8
  SPREAD (👁️ Display Only):
    Market: Las Vegas Raiders -1.5
    Model:  -0.5
    Edge:   +1.0
    ⚠️  Below logging threshold: Las Vegas Raiders -1.5
  TOTAL (👁️ Display Only):
    Market: 42.0
    Model:  37.1
    Edge:   -4.9
    ⚠️  Below logging threshold: UNDER 42.0

Philadelphia Eagles @ Buffalo Bills
  🕐 2025-12-28T21:25:00Z
  📊 Ratings: Buffalo Bills (72.5) vs Philadelphia Eagles (69.8)
  📈 Predicted: Buffalo Bills 29.1, Philadelphia Eagles 23.6
  SPREAD (👁️ Display Only):
    Market: Buffalo Bills -1.5
    Model:  5.5
    Edge:   +7.0
    ⚠️  Below logging threshold: Buffalo Bills -1.5
  TOTAL (👁️ Display Only):
    Market: 43.5
    Model:  52.6
    Edge:   +9.1
    ⚠️  Below logging threshold: OVER 43.5

Chicago Bears @ San Francisco 49ers
  🕐 2025-12-29T01:20:00Z
  📊 Ratings: San Francisco 49ers (67.3) vs Chicago Bears (49.2)
  📈 Predicted: San Francisco 49ers 33.5, Chicago Bears 12.7
  SPREAD (⭐ LOGGED):
    Market: San Francisco 49ers -3.0
    Model:  20.8
    Edge:   +23.8
    ✅ SHARP BET: San Francisco 49ers -3.0
  TOTAL (👁️ Display Only):
    Market: 52.5
    Model:  46.1
    Edge:   -6.4
    ⚠️  Below logging threshold: UNDER 52.5

Los Angeles Rams @ Atlanta Falcons
  🕐 2025-12-30T01:15:00Z
  📊 Ratings: Atlanta Falcons (61.7) vs Los Angeles Rams (55.6)
  📈 Predicted: Atlanta Falcons 27.6, Los Angeles Rams 18.7
  SPREAD (👁️ Display Only):
    Market: Atlanta Falcons +8.0
    Model:  8.9
    Edge:   +0.9
    ⚠️  Below logging threshold: Atlanta Falcons +8.0
  TOTAL (👁️ Display Only):
    Market: 49.5
    Model:  46.3
    Edge:   -3.2
    ⚠️  Below logging threshold: UNDER 49.5

📄 Generating HTML reports...

✅ HTML saved: /Users/rico/sports-models/nfl/nfl_model_output.html
✅ Created: /Users/rico/sports-models/nfl/nfl_model_output.html

✅ Tracking dashboard saved: /Users/rico/sports-models/nfl/nfl_tracking_dashboard.html

============================================================
📊 ANALYSIS SUMMARY
============================================================
Games Analyzed: 16
Bets Logged:    6 (high-confidence +EV only)
Total Tracked:  51
Completed:      50
Pending:        1
Win Rate:       46.0%
ROI:            -12.1%
Total Profit:   $-607.00
============================================================
✅ Completed: nfl_main_model at Tue Dec 23 18:10:07 EST 2025

📤 Auto-pushing model outputs to GitHub...
[main c23d026] Update model outputs - 2025-12-23 18:10:08
 Committer: Ricardo Hill <rico@Ricos-M1-Mac-2.local>
Your name and email address were configured automatically based
on your username and hostname. Please check that they are accurate.
You can suppress this message by setting them explicitly. Run the
following command and follow the instructions in your editor to edit
your configuration file:

    git config --global --edit

After doing this, you may fix the identity used for this commit with:

    git commit --amend --reset-author

 3 files changed, 25 insertions(+), 25 deletions(-)
To https://github.com/BangLetsGetIt/NBA-NCAA-Betting-Models.git
   1a3e036..c23d026  main -> main
✅ Successfully pushed to GitHub!
✅ Auto-push succeeded at Tue Dec 23 18:10:11 EST 2025
