============================================================
Scheduler run: nfl_rushing_yards_props
Time: Mon Dec 29 13:47:16 EST 2025
Working dir: /Users/rico/sports-models/nfl
Script: nfl_rushing_yards_props_model.py
============================================================
✅ Completed: nfl_rushing_yards_props at Mon Dec 29 13:47:26 EST 2025

📤 Auto-pushing model outputs to GitHub...
[main 258280a] Update model outputs - 2025-12-29 13:47:32
 Committer: Ricardo Hill <rico@Ricos-M1-Mac-2.local>
Your name and email address were configured automatically based
on your username and hostname. Please check that they are accurate.
You can suppress this message by setting them explicitly. Run the
following command and follow the instructions in your editor to edit
your configuration file:

    git config --global --edit

After doing this, you may fix the identity used for this commit with:

    git commit --amend --reset-author

 3 files changed, 4582 insertions(+), 68 deletions(-)
To https://github.com/BangLetsGetIt/NBA-NCAA-Betting-Models.git
   a458961..258280a  main -> main
✅ Successfully pushed to GitHub!
✅ Auto-push succeeded at Mon Dec 29 13:47:47 EST 2025
