============================================================
Scheduler run: nfl_rushing_yards_props
Time: Sun Dec 28 03:00:01 EST 2025
Working dir: /Users/rico/sports-models/nfl
Script: nfl_rushing_yards_props_model.py
============================================================
[1m🏈 NFL Rushing Props Model - Sharp +EV[0m

[96m--- Grading Pending Picks ---[0m
⚡ rushing_yards graded via Sleeper: Derrick Henry OVER 76.5 -> 216.0 (WIN)
⚡ rushing_yards graded via Sleeper: Josh Jacobs OVER 48.5 -> 3.0 (LOSS)
Graded 2 picks.
  Found 11 upcoming games (filtered from 11)
[96mFound 11 upcoming games. Fetching rushing props...[0m

Analyzing 52 players...
Deduplicated from 11 to 11 picks.

Found 11 sharp plays:
  ⭐ Rico Dowdle OVER 46.5 (Proj: 53.1) | Edge: 6.6 | AI: 9.3
  ⭐ Jonathan Taylor OVER 73.5 (Proj: 81.7) | Edge: 8.2 | AI: 10.0
  ⭐ De'Von Achane OVER 71.5 (Proj: 92.2) | Edge: 20.7 | AI: 10.0
  ⭐ Breece Hall UNDER 59.5 (Proj: 53.3) | Edge: 6.2 | AI: 8.8
  ⭐ Tony Pollard OVER 61.5 (Proj: 78.9) | Edge: 17.4 | AI: 10.0
  ⭐ Saquon Barkley UNDER 85.5 (Proj: 77.8) | Edge: 7.7 | AI: 10.0
  ⭐ James Cook OVER 87.5 (Proj: 108.5) | Edge: 21.0 | AI: 10.0
  ⭐ D'Andre Swift OVER 59.5 (Proj: 71.5) | Edge: 12.0 | AI: 10.0
  ⭐ Christian McCaffrey OVER 68.5 (Proj: 77.3) | Edge: 8.8 | AI: 10.0
  ⭐ Kyren Williams OVER 64.5 (Proj: 71.3) | Edge: 6.8 | AI: 9.8
  ⭐ Bijan Robinson OVER 73.5 (Proj: 89.4) | Edge: 15.9 | AI: 10.0
[92m✓ Backfilled stats/odds for 3 pending picks[0m
[92m✓ Tracked 1 new picks[0m

✅ HTML saved: /Users/rico/sports-models/nfl/nfl_rushing_yards_props.html
✅ Completed: nfl_rushing_yards_props at Sun Dec 28 03:00:09 EST 2025

📤 Auto-pushing model outputs to GitHub...
[main 3873592] Update model outputs - 2025-12-28 03:00:09
 Committer: Ricardo Hill <rico@Ricos-M1-Mac-2.local>
Your name and email address were configured automatically based
on your username and hostname. Please check that they are accurate.
You can suppress this message by setting them explicitly. Run the
following command and follow the instructions in your editor to edit
your configuration file:

    git config --global --edit

After doing this, you may fix the identity used for this commit with:

    git commit --amend --reset-author

 2 files changed, 215 insertions(+), 127 deletions(-)
To https://github.com/BangLetsGetIt/NBA-NCAA-Betting-Models.git
   4c33200..3873592  main -> main
✅ Successfully pushed to GitHub!
✅ Auto-push succeeded at Sun Dec 28 03:00:10 EST 2025
