============================================================
Scheduler run: nfl_receptions_props
Time: Sat Jan 10 18:35:11 EST 2026
Working dir: /Users/rico/sports-models/nfl
Script: nfl_receptions_props_model.py
============================================================
✅ Completed: nfl_receptions_props at Sat Jan 10 18:35:12 EST 2026

📤 Auto-pushing model outputs to GitHub...
[main aa0724c] Update model outputs - 2026-01-10 18:35:12
 Committer: Ricardo Hill <rico@MacBookAir.lan>
Your name and email address were configured automatically based
on your username and hostname. Please check that they are accurate.
You can suppress this message by setting them explicitly. Run the
following command and follow the instructions in your editor to edit
your configuration file:

    git config --global --edit

After doing this, you may fix the identity used for this commit with:

    git commit --amend --reset-author

 2 files changed, 42 insertions(+), 42 deletions(-)
To https://github.com/BangLetsGetIt/NBA-NCAA-Betting-Models.git
   4d91a79..aa0724c  main -> main
✅ Successfully pushed to GitHub!
✅ Auto-push succeeded at Sat Jan 10 18:35:13 EST 2026
