============================================================
Scheduler run: nfl_passing_yards_props
Time: Tue Dec 30 15:09:05 EST 2025
Working dir: /Users/rico/sports-models/nfl
Script: nfl_passing_yards_props_model.py
============================================================
✅ Completed: nfl_passing_yards_props at Tue Dec 30 15:09:57 EST 2025

📤 Auto-pushing model outputs to GitHub...
[main c37c1c2] Update model outputs - 2025-12-30 15:10:32
 Committer: Ricardo Hill <rico@Ricos-M1-Mac-2.local>
Your name and email address were configured automatically based
on your username and hostname. Please check that they are accurate.
You can suppress this message by setting them explicitly. Run the
following command and follow the instructions in your editor to edit
your configuration file:

    git config --global --edit

After doing this, you may fix the identity used for this commit with:

    git commit --amend --reset-author

 2 files changed, 12 insertions(+), 84 deletions(-)
To https://github.com/BangLetsGetIt/NBA-NCAA-Betting-Models.git
 ! [remote rejected] main -> main (cannot lock ref 'refs/heads/main': is at c37c1c2acc9954579af1f6deffb5dba6fed80ea1 but expected 6aecccd4a4e87f21b297fe4b6785dafa3e72e48f)
error: failed to push some refs to 'https://github.com/BangLetsGetIt/NBA-NCAA-Betting-Models.git'
⚠️  Push failed - you may need to set up the GitHub remote first
✅ Auto-push succeeded at Tue Dec 30 15:10:36 EST 2025
