============================================================
Scheduler run: nfl_passing_yards_props
Time: Tue Jan 27 10:46:45 EST 2026
Working dir: /Users/rico/sports-models/nfl
Script: nfl_passing_yards_props_model.py
============================================================
✅ Completed: nfl_passing_yards_props at Tue Jan 27 10:47:02 EST 2026

📤 Auto-pushing model outputs to GitHub...
[main 5adbdc1a] Update model outputs - 2026-01-27 11:01:21
 Committer: Ricardo Hill <rico@MacBookAir.lan>
Your name and email address were configured automatically based
on your username and hostname. Please check that they are accurate.
You can suppress this message by setting them explicitly. Run the
following command and follow the instructions in your editor to edit
your configuration file:

    git config --global --edit

After doing this, you may fix the identity used for this commit with:

    git commit --amend --reset-author

 9 files changed, 173 insertions(+), 168 deletions(-)
To https://github.com/BangLetsGetIt/NBA-NCAA-Betting-Models.git
   ebb95e52..5adbdc1a  main -> main
✅ Successfully pushed to GitHub!
✅ Auto-push succeeded at Tue Jan 27 11:01:22 EST 2026
