============================================================
Scheduler run: nfl_rushing_yards_props
Time: Tue Dec 23 18:20:05 EST 2025
Working dir: /Users/rico/sports-models/nfl
Script: nfl_rushing_yards_props_model.py
============================================================
[1m🏈 NFL Rushing Props Model - Sharp +EV[0m

[96m--- Grading Pending Picks ---[0m
Graded 0 picks.
  Found 16 upcoming games (filtered from 16)
[96mFound 16 upcoming games. Fetching rushing props...[0m

Analyzing 39 players...
Deduplicated from 7 to 7 picks.

Found 7 sharp plays:
  ⭐ Omarion Hampton OVER 61.5 (Proj: 70.7) | Edge: 9.2 | AI: 10.0
  ⭐ Rico Dowdle OVER 40.5 (Proj: 53.1) | Edge: 12.6 | AI: 10.0
  ⭐ Jonathan Taylor OVER 72.5 (Proj: 107.0) | Edge: 34.5 | AI: 10.0
  ⭐ De'Von Achane OVER 73.5 (Proj: 92.2) | Edge: 18.7 | AI: 10.0
  ⭐ Tony Pollard OVER 59.5 (Proj: 78.9) | Edge: 19.4 | AI: 10.0
  ⭐ James Cook OVER 88.5 (Proj: 108.5) | Edge: 20.0 | AI: 10.0
  ⭐ D'Andre Swift OVER 54.5 (Proj: 71.5) | Edge: 17.0 | AI: 10.0

✅ HTML saved: /Users/rico/sports-models/nfl/nfl_rushing_yards_props.html
✅ Completed: nfl_rushing_yards_props at Tue Dec 23 18:20:19 EST 2025

📤 Auto-pushing model outputs to GitHub...
No changes to commit
✅ Auto-push succeeded at Tue Dec 23 18:20:19 EST 2025
