============================================================
Scheduler run: nfl_passing_yards_props
Time: Wed Dec 31 06:47:29 EST 2025
Working dir: /Users/rico/sports-models/nfl
Script: nfl_passing_yards_props_model.py
============================================================
✅ Completed: nfl_passing_yards_props at Wed Dec 31 06:47:46 EST 2025

📤 Auto-pushing model outputs to GitHub...
[main f356f99] Update model outputs - 2025-12-31 06:48:16
 Committer: Ricardo Hill <rico@Ricos-M1-Mac-2.local>
Your name and email address were configured automatically based
on your username and hostname. Please check that they are accurate.
You can suppress this message by setting them explicitly. Run the
following command and follow the instructions in your editor to edit
your configuration file:

    git config --global --edit

After doing this, you may fix the identity used for this commit with:

    git commit --amend --reset-author

 4 files changed, 108 insertions(+), 20 deletions(-)
To https://github.com/BangLetsGetIt/NBA-NCAA-Betting-Models.git
   7d68d1e..f356f99  main -> main
✅ Successfully pushed to GitHub!
✅ Auto-push succeeded at Wed Dec 31 06:48:18 EST 2025
