============================================================
Scheduler run: nfl_main_model
Time: Mon Jan 26 17:25:38 EST 2026
Working dir: /Users/rico/sports-models/nfl
Script: nfl_model_IMPROVED.py
============================================================
🏈 NFL Betting Model - Sharp +EV Version
============================================================
Spread Threshold: 3.0+ pts (display)
Spread Logging: 3.0+ pts (sharp +EV)
Total Threshold: 3.0+ pts (display)
Total Logging: 3.0+ pts (sharp +EV)
============================================================

📊 STEP 1: Grading Pending Picks
   Checking 2 pending picks...

🏈 Fetching completed NFL scores...
   Found 2 completed games
   ❌ LOSS: Seattle Seahawks -5.0
   ✅ WIN: UNDER 46.0

   ✅ Graded 2 picks!

📡 Fetching current NFL odds...
Fetched 1 games, filtered to 1 upcoming.
✅ Found 1 games

🔍 Analyzing games...

Seattle Seahawks @ New England Patriots
  🕐 2026-02-08T23:30:00Z
  📊 Ratings: New England Patriots (42.3) vs Seattle Seahawks (54.3)
  📈 Predicted: New England Patriots 16.0, Seattle Seahawks 25.1
  SPREAD (⭐ LOGGED):
    Market: New England Patriots +4.5
    Model:  -9.2
    Edge:   -13.7
    ✅ SHARP BET: Seattle Seahawks -4.5
  TOTAL (⭐ LOGGED):
    Market: 46.0
    Model:  41.1
    Edge:   -4.9
    ✅ SHARP BET: UNDER 46.0

📄 Generating HTML reports...

✅ HTML saved: /Users/rico/sports-models/nfl/nfl_model_output.html
✅ Created: /Users/rico/sports-models/nfl/nfl_model_output.html

✅ Tracking dashboard saved: /Users/rico/sports-models/nfl/nfl_tracking_dashboard.html

============================================================
📊 ANALYSIS SUMMARY
============================================================
Games Analyzed: 1
Bets Logged:    2 (high-confidence +EV only)
Total Tracked:  103
Completed:      101
Pending:        2
Win Rate:       52.5%
ROI:            +0.2%
Total Profit:   $+23.00
============================================================
✅ Completed: nfl_main_model at Mon Jan 26 17:26:00 EST 2026

📤 Auto-pushing model outputs to GitHub...
fatal: Unable to create '/Users/rico/sports-models/.git/index.lock': File exists.

Another git process seems to be running in this repository, e.g.
an editor opened by 'git commit'. Please make sure all processes
are terminated then try again. If it still fails, a git process
may have crashed in this repository earlier:
remove the file manually to continue.
To https://github.com/BangLetsGetIt/NBA-NCAA-Betting-Models.git
   d8604ff4..3146a398  main -> main
✅ Successfully pushed to GitHub!
✅ Auto-push succeeded at Mon Jan 26 17:27:08 EST 2026
