============================================================
Scheduler run: nfl_receptions_props
Time: Sat Jan 17 11:36:55 EST 2026
Working dir: /Users/rico/sports-models/nfl
Script: nfl_receptions_props_model.py
============================================================
✅ Completed: nfl_receptions_props at Sat Jan 17 11:37:07 EST 2026

📤 Auto-pushing model outputs to GitHub...
[main 16fd544] Update model outputs - 2026-01-17 11:38:09
 Committer: Ricardo Hill <rico@Ricos-M1-Mac-2.local>
Your name and email address were configured automatically based
on your username and hostname. Please check that they are accurate.
You can suppress this message by setting them explicitly. Run the
following command and follow the instructions in your editor to edit
your configuration file:

    git config --global --edit

After doing this, you may fix the identity used for this commit with:

    git commit --amend --reset-author

 14 files changed, 1451 insertions(+), 555 deletions(-)
To https://github.com/BangLetsGetIt/NBA-NCAA-Betting-Models.git
 ! [remote rejected] main -> main (cannot lock ref 'refs/heads/main': is at 16fd544c1d81d20e7ca0f3244c164d961c263cfb but expected a989b9d876cb0502af9c673c66ebca9c462e4fab)
error: failed to push some refs to 'https://github.com/BangLetsGetIt/NBA-NCAA-Betting-Models.git'
⚠️  Push failed - you may need to set up the GitHub remote first
✅ Auto-push succeeded at Sat Jan 17 11:38:11 EST 2026
