============================================================
Scheduler run: nfl_passing_yards_props
Time: Mon Dec 29 13:47:16 EST 2025
Working dir: /Users/rico/sports-models/nfl
Script: nfl_passing_yards_props_model.py
============================================================
✅ Completed: nfl_passing_yards_props at Mon Dec 29 13:47:37 EST 2025

📤 Auto-pushing model outputs to GitHub...
[main 4c015c1] Update model outputs - 2025-12-29 13:47:42
 Committer: Ricardo Hill <rico@Ricos-M1-Mac-2.local>
Your name and email address were configured automatically based
on your username and hostname. Please check that they are accurate.
You can suppress this message by setting them explicitly. Run the
following command and follow the instructions in your editor to edit
your configuration file:

    git config --global --edit

After doing this, you may fix the identity used for this commit with:

    git commit --amend --reset-author

 1 file changed, 38 insertions(+), 47 deletions(-)
To https://github.com/BangLetsGetIt/NBA-NCAA-Betting-Models.git
 ! [remote rejected] main -> main (cannot lock ref 'refs/heads/main': is at feb88a266f02b7ccff82a8bffbca610e0ddac4d8 but expected a458961dadfa0b26c0244d2ca5bb2efc0fb305ec)
error: failed to push some refs to 'https://github.com/BangLetsGetIt/NBA-NCAA-Betting-Models.git'
⚠️  Push failed - you may need to set up the GitHub remote first
✅ Auto-push succeeded at Mon Dec 29 13:47:47 EST 2025
