============================================================
Scheduler run: nfl_passing_yards_props
Time: Fri Jan 23 02:55:04 EST 2026
Working dir: /Users/rico/sports-models/nfl
Script: nfl_passing_yards_props_model.py
============================================================
✅ Completed: nfl_passing_yards_props at Fri Jan 23 02:55:04 EST 2026

📤 Auto-pushing model outputs to GitHub...
[main 702e7693] Update model outputs - 2026-01-23 02:55:04
 Committer: Ricardo Hill <rico@MacBookAir.lan>
Your name and email address were configured automatically based
on your username and hostname. Please check that they are accurate.
You can suppress this message by setting them explicitly. Run the
following command and follow the instructions in your editor to edit
your configuration file:

    git config --global --edit

After doing this, you may fix the identity used for this commit with:

    git commit --amend --reset-author

 4 files changed, 30 insertions(+), 102 deletions(-)
To https://github.com/BangLetsGetIt/NBA-NCAA-Betting-Models.git
   96d40245..702e7693  main -> main
✅ Successfully pushed to GitHub!
✅ Auto-push succeeded at Fri Jan 23 02:55:05 EST 2026
