============================================================
Scheduler run: nfl_main_model
Time: Fri Jan 23 00:56:54 EST 2026
Working dir: /Users/rico/sports-models/nfl
Script: nfl_model_IMPROVED.py
============================================================
🏈 NFL Betting Model - Sharp +EV Version
============================================================
Spread Threshold: 3.0+ pts (display)
Spread Logging: 3.0+ pts (sharp +EV)
Total Threshold: 3.0+ pts (display)
Total Logging: 3.0+ pts (sharp +EV)
============================================================

📊 STEP 1: Grading Pending Picks
   No pending picks to grade

📡 Fetching current NFL odds...
Fetched 2 games, filtered to 2 upcoming.
✅ Found 2 games

🔍 Analyzing games...

New England Patriots @ Denver Broncos
  🕐 2026-01-25T20:00:00Z
  📊 Ratings: Denver Broncos (60.2) vs New England Patriots (42.3)
  📈 Predicted: Denver Broncos 31.6, New England Patriots 11.0
  SPREAD (⭐ LOGGED):
    Market: Denver Broncos +5.0
    Model:  20.7
    Edge:   +15.7
    ✅ SHARP BET: Denver Broncos +5.0

Los Angeles Rams @ Seattle Seahawks
  🕐 2026-01-25T23:30:00Z
  📊 Ratings: Seattle Seahawks (54.3) vs Los Angeles Rams (55.6)
  📈 Predicted: Seattle Seahawks 22.9, Los Angeles Rams 21.6
  SPREAD (⭐ LOGGED):
    Market: Seattle Seahawks -2.5
    Model:  1.4
    Edge:   +3.9
    ✅ SHARP BET: Seattle Seahawks -2.5

📄 Generating HTML reports...

✅ HTML saved: /Users/rico/sports-models/nfl/nfl_model_output.html
✅ Created: /Users/rico/sports-models/nfl/nfl_model_output.html

✅ Tracking dashboard saved: /Users/rico/sports-models/nfl/nfl_tracking_dashboard.html

============================================================
📊 ANALYSIS SUMMARY
============================================================
Games Analyzed: 2
Bets Logged:    2 (high-confidence +EV only)
Total Tracked:  101
Completed:      101
Pending:        0
Win Rate:       52.5%
ROI:            +0.2%
Total Profit:   $+23.00
============================================================
✅ Completed: nfl_main_model at Fri Jan 23 00:57:03 EST 2026

📤 Auto-pushing model outputs to GitHub...
fatal: Unable to create '/Users/rico/sports-models/.git/index.lock': File exists.

Another git process seems to be running in this repository, e.g.
an editor opened by 'git commit'. Please make sure all processes
are terminated then try again. If it still fails, a git process
may have crashed in this repository earlier:
remove the file manually to continue.
To https://github.com/BangLetsGetIt/NBA-NCAA-Betting-Models.git
 ! [remote rejected]   main -> main (cannot lock ref 'refs/heads/main': is at ea6af92a1cfaac5616aa4d888da45a14b2e0f655 but expected c678876faa46fc38f6029e0d29d365d0ab1d6b13)
error: failed to push some refs to 'https://github.com/BangLetsGetIt/NBA-NCAA-Betting-Models.git'
⚠️  Push failed - you may need to set up the GitHub remote first
✅ Auto-push succeeded at Fri Jan 23 00:57:15 EST 2026
