============================================================
Scheduler run: nfl_receptions_props
Time: Tue Dec 30 15:09:04 EST 2025
Working dir: /Users/rico/sports-models/nfl
Script: nfl_receptions_props_model.py
============================================================
✅ Completed: nfl_receptions_props at Tue Dec 30 15:10:07 EST 2025

📤 Auto-pushing model outputs to GitHub...
[main 6aecccd] Update model outputs - 2025-12-30 15:10:23
 Committer: Ricardo Hill <rico@Ricos-M1-Mac-2.local>
Your name and email address were configured automatically based
on your username and hostname. Please check that they are accurate.
You can suppress this message by setting them explicitly. Run the
following command and follow the instructions in your editor to edit
your configuration file:

    git config --global --edit

After doing this, you may fix the identity used for this commit with:

    git commit --amend --reset-author

 3 files changed, 44 insertions(+), 44 deletions(-)
To https://github.com/BangLetsGetIt/NBA-NCAA-Betting-Models.git
   183bc36..6aecccd  main -> main
✅ Successfully pushed to GitHub!
✅ Auto-push succeeded at Tue Dec 30 15:10:33 EST 2025
