============================================================
Scheduler run: nfl_receptions_props
Time: Tue Jan 13 03:17:08 EST 2026
Working dir: /Users/rico/sports-models/nfl
Script: nfl_receptions_props_model.py
============================================================
✅ Completed: nfl_receptions_props at Tue Jan 13 03:17:08 EST 2026

📤 Auto-pushing model outputs to GitHub...
[main 9ac6d8b] Update model outputs - 2026-01-13 03:17:08
 Committer: Ricardo Hill <rico@MacBookAir.lan>
Your name and email address were configured automatically based
on your username and hostname. Please check that they are accurate.
You can suppress this message by setting them explicitly. Run the
following command and follow the instructions in your editor to edit
your configuration file:

    git config --global --edit

After doing this, you may fix the identity used for this commit with:

    git commit --amend --reset-author

 1 file changed, 28 insertions(+), 19 deletions(-)
To https://github.com/BangLetsGetIt/NBA-NCAA-Betting-Models.git
   2cff7c3..9ac6d8b  main -> main
✅ Successfully pushed to GitHub!
✅ Auto-push succeeded at Tue Jan 13 03:17:10 EST 2026
