============================================================
Scheduler run: nfl_receptions_props
Time: Fri Dec 26 03:05:05 EST 2025
Working dir: /Users/rico/sports-models/nfl
Script: nfl_receptions_props_model.py
============================================================
[1m🏈 NFL Receptions Props Model - Sharp +EV[0m

[96m--- Grading Pending Picks ---[0m
Graded 0 picks.
  Found 13 upcoming games (filtered from 13)
[96mFound 13 upcoming games. Fetching reception props...[0m
No odds found. Generating HTML with tracking data only.

✅ HTML saved: /Users/rico/sports-models/nfl/nfl_receptions_props.html
✅ Completed: nfl_receptions_props at Fri Dec 26 03:05:22 EST 2025

📤 Auto-pushing model outputs to GitHub...
[main 9c1d1fd] Update model outputs - 2025-12-26 03:05:25
 Committer: Ricardo Hill <rico@Ricos-M1-Mac-2.local>
Your name and email address were configured automatically based
on your username and hostname. Please check that they are accurate.
You can suppress this message by setting them explicitly. Run the
following command and follow the instructions in your editor to edit
your configuration file:

    git config --global --edit

After doing this, you may fix the identity used for this commit with:

    git commit --amend --reset-author

 2 files changed, 2396 insertions(+), 283402 deletions(-)
To https://github.com/BangLetsGetIt/NBA-NCAA-Betting-Models.git
   fd0636d..9c1d1fd  main -> main
✅ Successfully pushed to GitHub!
✅ Auto-push succeeded at Fri Dec 26 03:05:30 EST 2025
