============================================================
Scheduler run: nfl_main_model
Time: Tue Jan 13 09:32:45 EST 2026
Working dir: /Users/rico/sports-models/nfl
Script: nfl_model_IMPROVED.py
============================================================
🏈 NFL Betting Model - Sharp +EV Version
============================================================
Spread Threshold: 3.0+ pts (display)
Spread Logging: 3.0+ pts (sharp +EV)
Total Threshold: 3.0+ pts (display)
Total Logging: 3.0+ pts (sharp +EV)
============================================================

📊 STEP 1: Grading Pending Picks
   Checking 7 pending picks...

🏈 Fetching completed NFL scores...
⚠️ Error fetching scores: HTTPSConnectionPool(host='api.the-odds-api.com', port=443): Max retries exceeded with url: /v4/sports/americanfootball_nfl/scores/?apiKey=cf796adc9ac20a6df2247368d40fe0a0&daysFrom=3 (Caused by NameResolutionError("<urllib3.connection.HTTPSConnection object at 0x103b48ad0>: Failed to resolve 'api.the-odds-api.com' ([Errno 8] nodename nor servname provided, or not known)"))

📡 Fetching current NFL odds...
Error fetching odds: HTTPSConnectionPool(host='api.the-odds-api.com', port=443): Max retries exceeded with url: /v4/sports/americanfootball_nfl/odds/?apiKey=cf796adc9ac20a6df2247368d40fe0a0&regions=us%2Cus2&markets=spreads%2Ctotals&oddsFormat=american (Caused by NameResolutionError("<urllib3.connection.HTTPSConnection object at 0x1039ba850>: Failed to resolve 'api.the-odds-api.com' ([Errno 8] nodename nor servname provided, or not known)"))
❌ No games found or API error
✅ Completed: nfl_main_model at Tue Jan 13 09:32:46 EST 2026

📤 Auto-pushing model outputs to GitHub...
No changes to commit
✅ Auto-push succeeded at Tue Jan 13 09:32:46 EST 2026
