============================================================
Scheduler run: nfl_receptions_props
Time: Tue Dec 23 18:15:18 EST 2025
Working dir: /Users/rico/sports-models/nfl
Script: nfl_receptions_props_model.py
============================================================
[1m🏈 NFL Receptions Props Model - Sharp +EV[0m

[96m--- Grading Pending Picks ---[0m
Graded 0 picks.
  Found 16 upcoming games (filtered from 16)
[96mFound 16 upcoming games. Fetching reception props...[0m

Analyzing 49 players...
Deduplicated from 0 to 0 picks.

Found 0 sharp plays:

✅ HTML saved: /Users/rico/sports-models/nfl/nfl_receptions_props.html
✅ Completed: nfl_receptions_props at Tue Dec 23 18:16:51 EST 2025

📤 Auto-pushing model outputs to GitHub...
[main ba61e7a] Update model outputs - 2025-12-23 18:17:02
 Committer: Ricardo Hill <rico@Ricos-M1-Mac-2.local>
Your name and email address were configured automatically based
on your username and hostname. Please check that they are accurate.
You can suppress this message by setting them explicitly. Run the
following command and follow the instructions in your editor to edit
your configuration file:

    git config --global --edit

After doing this, you may fix the identity used for this commit with:

    git commit --amend --reset-author

 3 files changed, 84 insertions(+), 51 deletions(-)
To https://github.com/BangLetsGetIt/NBA-NCAA-Betting-Models.git
   92867d8..ba61e7a  main -> main
✅ Successfully pushed to GitHub!
✅ Auto-push succeeded at Tue Dec 23 18:17:25 EST 2025
