============================================================
Scheduler run: nfl_main_model
Time: Fri Jan 23 09:30:05 EST 2026
Working dir: /Users/rico/sports-models/nfl
Script: nfl_model_IMPROVED.py
============================================================
🏈 NFL Betting Model - Sharp +EV Version
============================================================
Spread Threshold: 3.0+ pts (display)
Spread Logging: 3.0+ pts (sharp +EV)
Total Threshold: 3.0+ pts (display)
Total Logging: 3.0+ pts (sharp +EV)
============================================================

📊 STEP 1: Grading Pending Picks
   No pending picks to grade

📡 Fetching current NFL odds...
Error fetching odds: 401 Client Error: Unauthorized for url: https://api.the-odds-api.com/v4/sports/americanfootball_nfl/odds/?apiKey=cf796adc9ac20a6df2247368d40fe0a0&regions=us%2Cus2&markets=spreads%2Ctotals&oddsFormat=american
❌ No games found or API error
✅ Completed: nfl_main_model at Fri Jan 23 09:30:06 EST 2026

📤 Auto-pushing model outputs to GitHub...
No changes to commit
✅ Auto-push succeeded at Fri Jan 23 09:30:06 EST 2026
