============================================================
Scheduler run: nfl_passing_yards_props
Time: Tue Jan 13 23:41:38 EST 2026
Working dir: /Users/rico/sports-models/nfl
Script: nfl_passing_yards_props_model.py
============================================================
✅ Completed: nfl_passing_yards_props at Tue Jan 13 23:41:44 EST 2026

📤 Auto-pushing model outputs to GitHub...
[main 1ad3ea5] Update model outputs - 2026-01-13 23:41:45
 Committer: Ricardo Hill <rico@Ricos-M1-Mac-2.local>
Your name and email address were configured automatically based
on your username and hostname. Please check that they are accurate.
You can suppress this message by setting them explicitly. Run the
following command and follow the instructions in your editor to edit
your configuration file:

    git config --global --edit

After doing this, you may fix the identity used for this commit with:

    git commit --amend --reset-author

 3 files changed, 2210 insertions(+), 1883 deletions(-)
To https://github.com/BangLetsGetIt/NBA-NCAA-Betting-Models.git
   248334d..1ad3ea5  main -> main
✅ Successfully pushed to GitHub!
✅ Auto-push succeeded at Tue Jan 13 23:41:47 EST 2026
