============================================================
Scheduler run: nfl_rushing_yards_props
Time: Fri Dec 26 03:00:02 EST 2025
Working dir: /Users/rico/sports-models/nfl
Script: nfl_rushing_yards_props_model.py
============================================================
[1m🏈 NFL Rushing Props Model - Sharp +EV[0m

[96m--- Grading Pending Picks ---[0m
Graded 0 picks.
  Found 13 upcoming games (filtered from 13)
[96mFound 13 upcoming games. Fetching rushing props...[0m
No odds found. Generating HTML with tracking data only.

✅ HTML saved: /Users/rico/sports-models/nfl/nfl_rushing_yards_props.html
✅ Completed: nfl_rushing_yards_props at Fri Dec 26 03:00:11 EST 2025

📤 Auto-pushing model outputs to GitHub...
[main fd0636d] Update model outputs - 2025-12-26 03:00:11
 Committer: Ricardo Hill <rico@Ricos-M1-Mac-2.local>
Your name and email address were configured automatically based
on your username and hostname. Please check that they are accurate.
You can suppress this message by setting them explicitly. Run the
following command and follow the instructions in your editor to edit
your configuration file:

    git config --global --edit

After doing this, you may fix the identity used for this commit with:

    git commit --amend --reset-author

 1 file changed, 6 insertions(+), 6 deletions(-)
To https://github.com/BangLetsGetIt/NBA-NCAA-Betting-Models.git
   c9316aa..fd0636d  main -> main
✅ Successfully pushed to GitHub!
✅ Auto-push succeeded at Fri Dec 26 03:00:12 EST 2025
