============================================================
Scheduler run: nfl_receptions_props
Time: Fri Jan  2 03:05:05 EST 2026
Working dir: /Users/rico/sports-models/nfl
Script: nfl_receptions_props_model.py
============================================================
✅ Completed: nfl_receptions_props at Fri Jan  2 03:05:06 EST 2026

📤 Auto-pushing model outputs to GitHub...
[main 845bd32] Update model outputs - 2026-01-02 03:05:06
 Committer: Ricardo Hill <rico@Ricos-M1-Mac-2.local>
Your name and email address were configured automatically based
on your username and hostname. Please check that they are accurate.
You can suppress this message by setting them explicitly. Run the
following command and follow the instructions in your editor to edit
your configuration file:

    git config --global --edit

After doing this, you may fix the identity used for this commit with:

    git commit --amend --reset-author

 2 files changed, 2243 insertions(+), 112 deletions(-)
To https://github.com/BangLetsGetIt/NBA-NCAA-Betting-Models.git
   bcee477..845bd32  main -> main
✅ Successfully pushed to GitHub!
✅ Auto-push succeeded at Fri Jan  2 03:05:07 EST 2026
