============================================================
Scheduler run: nfl_main_model
Time: Mon Dec 29 13:47:16 EST 2025
Working dir: /Users/rico/sports-models/nfl
Script: nfl_model_IMPROVED.py
============================================================
🏈 NFL Betting Model - Sharp +EV Version
============================================================
Spread Threshold: 3.0+ pts (display)
Spread Logging: 3.0+ pts (sharp +EV)
Total Threshold: 3.0+ pts (display)
Total Logging: 3.0+ pts (sharp +EV)
============================================================

📊 STEP 1: Grading Pending Picks
   Checking 26 pending picks...

🏈 Fetching completed NFL scores...
   Found 12 completed games
   ✅ WIN: UNDER 49.5
   ✅ WIN: San Francisco 49ers -1.5
   ✅ WIN: Cincinnati Bengals -7.0
   ✅ WIN: UNDER 52.5
   ❌ LOSS: OVER 36.5
   ❌ LOSS: Houston Texans -10.5
   ❌ LOSS: OVER 39.5
   ❌ LOSS: Jacksonville Jaguars -10.5
   ✅ WIN: UNDER 46.5
   ❌ LOSS: Buffalo Bills -11.5
   ❌ LOSS: OVER 39.5
   ❌ LOSS: OVER 39.5
   ✅ WIN: OVER 35.5
   ✅ WIN: Miami Dolphins +9.5
   ✅ WIN: UNDER 45.5
   ❌ LOSS: Philadelphia Eagles -8.5
   ❌ LOSS: OVER 42.5
   ✅ WIN: Baltimore Ravens -3.5
   ❌ LOSS: OVER 41.5

   ✅ Graded 19 picks!

📡 Fetching current NFL odds...
Fetched 17 games, filtered to 17 upcoming.
✅ Found 17 games

🔍 Analyzing games...

Los Angeles Rams @ Atlanta Falcons
  🕐 2025-12-30T01:15:00Z
  📊 Ratings: Atlanta Falcons (61.7) vs Los Angeles Rams (55.6)
  📈 Predicted: Atlanta Falcons 27.6, Los Angeles Rams 18.7
  ⚠️  No bets (insufficient edge)

Carolina Panthers @ Tampa Bay Buccaneers
  🕐 2026-01-03T21:30:00Z
  📊 Ratings: Tampa Bay Buccaneers (59.4) vs Carolina Panthers (36.2)
  📈 Predicted: Tampa Bay Buccaneers 33.4, Carolina Panthers 7.5
  SPREAD (⭐ LOGGED):
    Market: Tampa Bay Buccaneers -3.0
    Model:  25.9
    Edge:   +28.9
    ✅ SHARP BET: Tampa Bay Buccaneers -3.0
  TOTAL (⭐ LOGGED):
    Market: 44.0
    Model:  40.9
    Edge:   -3.1
    ✅ SHARP BET: UNDER 44.0

Seattle Seahawks @ San Francisco 49ers
  🕐 2026-01-04T01:00:00Z
  📊 Ratings: San Francisco 49ers (67.3) vs Seattle Seahawks (54.3)
  📈 Predicted: San Francisco 49ers 31.6, Seattle Seahawks 15.8
  SPREAD (⭐ LOGGED):
    Market: San Francisco 49ers +1.0
    Model:  15.8
    Edge:   +14.8
    ✅ SHARP BET: San Francisco 49ers +1.0

New Orleans Saints @ Atlanta Falcons
  🕐 2026-01-04T18:00:00Z
  📊 Ratings: Atlanta Falcons (61.7) vs New Orleans Saints (47.8)
  📈 Predicted: Atlanta Falcons 30.5, New Orleans Saints 13.8
  SPREAD (⭐ LOGGED):
    Market: Atlanta Falcons -2.5
    Model:  16.7
    Edge:   +19.2
    ✅ SHARP BET: Atlanta Falcons -2.5

Cleveland Browns @ Cincinnati Bengals
  🕐 2026-01-04T18:00:00Z
  📊 Ratings: Cincinnati Bengals (56.9) vs Cleveland Browns (45.1)
  📈 Predicted: Cincinnati Bengals 28.5, Cleveland Browns 14.0
  SPREAD (⭐ LOGGED):
    Market: Cincinnati Bengals -7.5
    Model:  14.5
    Edge:   +22.0
    ✅ SHARP BET: Cincinnati Bengals -7.5

Dallas Cowboys @ New York Giants
  🕐 2026-01-04T18:00:00Z
  📊 Ratings: New York Giants (41.9) vs Dallas Cowboys (62.1)
  📈 Predicted: New York Giants 12.8, Dallas Cowboys 30.2
  SPREAD (⭐ LOGGED):
    Market: New York Giants +5.5
    Model:  -17.5
    Edge:   -23.0
    ✅ SHARP BET: Dallas Cowboys -5.5
  TOTAL (⭐ LOGGED):
    Market: 52.5
    Model:  43.0
    Edge:   -9.5
    ✅ SHARP BET: UNDER 52.5

Green Bay Packers @ Minnesota Vikings
  🕐 2026-01-04T18:00:00Z
  📊 Ratings: Minnesota Vikings (68.9) vs Green Bay Packers (64.5)
  📈 Predicted: Minnesota Vikings 28.8, Green Bay Packers 21.6
  SPREAD (⭐ LOGGED):
    Market: Minnesota Vikings -6.5
    Model:  7.2
    Edge:   +13.7
    ✅ SHARP BET: Minnesota Vikings -6.5
  TOTAL (⭐ LOGGED):
    Market: 37.0
    Model:  50.4
    Edge:   +13.4
    ✅ SHARP BET: OVER 37.0

Indianapolis Colts @ Houston Texans
  🕐 2026-01-04T18:00:00Z
  📊 Ratings: Houston Texans (66.7) vs Indianapolis Colts (51.8)
  📈 Predicted: Houston Texans 32.1, Indianapolis Colts 14.5
  SPREAD (⭐ LOGGED):
    Market: Houston Texans -10.5
    Model:  17.7
    Edge:   +28.2
    ✅ SHARP BET: Houston Texans -10.5
  TOTAL (⭐ LOGGED):
    Market: 40.0
    Model:  46.6
    Edge:   +6.6
    ✅ SHARP BET: OVER 40.0

Tennessee Titans @ Jacksonville Jaguars
  🕐 2026-01-04T18:00:00Z
  📊 Ratings: Jacksonville Jaguars (52.4) vs Tennessee Titans (31.0)
  📈 Predicted: Jacksonville Jaguars 31.0, Tennessee Titans 6.9
  SPREAD (⭐ LOGGED):
    Market: Jacksonville Jaguars -11.5
    Model:  24.1
    Edge:   +35.6
    ✅ SHARP BET: Jacksonville Jaguars -11.5
  TOTAL (⭐ LOGGED):
    Market: 47.5
    Model:  37.9
    Edge:   -9.6
    ✅ SHARP BET: UNDER 47.5

Arizona Cardinals @ Los Angeles Rams
  🕐 2026-01-04T21:25:00Z
  📊 Ratings: Los Angeles Rams (55.6) vs Arizona Cardinals (59.1)
  📈 Predicted: Los Angeles Rams 22.5, Arizona Cardinals 23.2
  SPREAD (⭐ LOGGED):
    Market: Los Angeles Rams -9.5
    Model:  -0.8
    Edge:   +8.7
    ✅ SHARP BET: Los Angeles Rams -9.5

New York Jets @ Buffalo Bills
  🕐 2026-01-04T21:25:00Z
  📊 Ratings: Buffalo Bills (72.5) vs New York Jets (48.7)
  📈 Predicted: Buffalo Bills 36.9, New York Jets 10.4
  SPREAD (⭐ LOGGED):
    Market: Buffalo Bills -8.0
    Model:  26.5
    Edge:   +34.5
    ✅ SHARP BET: Buffalo Bills -8.0
  TOTAL (⭐ LOGGED):
    Market: 39.5
    Model:  47.3
    Edge:   +7.8
    ✅ SHARP BET: OVER 39.5

Detroit Lions @ Chicago Bears
  🕐 2026-01-04T21:25:00Z
  📊 Ratings: Chicago Bears (49.2) vs Detroit Lions (75.3)
  📈 Predicted: Chicago Bears 12.4, Detroit Lions 35.7
  SPREAD (⭐ LOGGED):
    Market: Chicago Bears -2.5
    Model:  -23.3
    Edge:   -20.8
    ✅ SHARP BET: Detroit Lions +2.5

Los Angeles Chargers @ Denver Broncos
  🕐 2026-01-04T21:25:00Z
  📊 Ratings: Denver Broncos (60.2) vs Los Angeles Chargers (64.0)
  📈 Predicted: Denver Broncos 23.5, Los Angeles Chargers 24.5
  SPREAD (⭐ LOGGED):
    Market: Denver Broncos -7.5
    Model:  -1.0
    Edge:   +6.5
    ✅ SHARP BET: Denver Broncos -7.5
  TOTAL (⭐ LOGGED):
    Market: 39.5
    Model:  48.0
    Edge:   +8.5
    ✅ SHARP BET: OVER 39.5

Kansas City Chiefs @ Las Vegas Raiders
  🕐 2026-01-04T21:25:00Z
  📊 Ratings: Las Vegas Raiders (38.6) vs Kansas City Chiefs (68.5)
  📈 Predicted: Las Vegas Raiders 8.3, Kansas City Chiefs 35.5
  SPREAD (⭐ LOGGED):
    Market: Las Vegas Raiders +5.5
    Model:  -27.1
    Edge:   -32.6
    ✅ SHARP BET: Kansas City Chiefs -5.5
  TOTAL (⭐ LOGGED):
    Market: 36.5
    Model:  43.8
    Edge:   +7.3
    ✅ SHARP BET: OVER 36.5

Miami Dolphins @ New England Patriots
  🕐 2026-01-04T21:25:00Z
  📊 Ratings: New England Patriots (42.3) vs Miami Dolphins (58.3)
  📈 Predicted: New England Patriots 14.5, Miami Dolphins 27.6
  TOTAL (⭐ LOGGED):
    Market: 45.5
    Model:  42.1
    Edge:   -3.4
    ✅ SHARP BET: UNDER 45.5

Washington Commanders @ Philadelphia Eagles
  🕐 2026-01-04T21:25:00Z
  📊 Ratings: Philadelphia Eagles (69.8) vs Washington Commanders (63.5)
  📈 Predicted: Philadelphia Eagles 29.6, Washington Commanders 20.6
  SPREAD (⭐ LOGGED):
    Market: Philadelphia Eagles -8.0
    Model:  9.0
    Edge:   +17.0
    ✅ SHARP BET: Philadelphia Eagles -8.0
  TOTAL (⭐ LOGGED):
    Market: 42.0
    Model:  50.3
    Edge:   +8.3
    ✅ SHARP BET: OVER 42.0

Baltimore Ravens @ Pittsburgh Steelers
  🕐 2026-01-05T01:20:00Z
  📊 Ratings: Pittsburgh Steelers (64.8) vs Baltimore Ravens (71.2)
  📈 Predicted: Pittsburgh Steelers 23.6, Baltimore Ravens 27.4
  SPREAD (⭐ LOGGED):
    Market: Pittsburgh Steelers +3.5
    Model:  -3.7
    Edge:   -7.2
    ✅ SHARP BET: Baltimore Ravens -3.5
  TOTAL (⭐ LOGGED):
    Market: 41.0
    Model:  51.0
    Edge:   +10.0
    ✅ SHARP BET: OVER 41.0

📄 Generating HTML reports...

✅ HTML saved: /Users/rico/sports-models/nfl/nfl_model_output.html
✅ Created: /Users/rico/sports-models/nfl/nfl_model_output.html

✅ Tracking dashboard saved: /Users/rico/sports-models/nfl/nfl_tracking_dashboard.html

============================================================
📊 ANALYSIS SUMMARY
============================================================
Games Analyzed: 17
Bets Logged:    26 (high-confidence +EV only)
Total Tracked:  81
Completed:      54
Pending:        27
Win Rate:       48.1%
ROI:            -8.0%
Total Profit:   $-434.00
============================================================
✅ Completed: nfl_main_model at Mon Dec 29 13:47:45 EST 2025

📤 Auto-pushing model outputs to GitHub...
[main feb88a2] Update model outputs - 2025-12-29 13:47:45
 Committer: Ricardo Hill <rico@Ricos-M1-Mac-2.local>
Your name and email address were configured automatically based
on your username and hostname. Please check that they are accurate.
You can suppress this message by setting them explicitly. Run the
following command and follow the instructions in your editor to edit
your configuration file:

    git config --global --edit

After doing this, you may fix the identity used for this commit with:

    git commit --amend --reset-author

 1 file changed, 1 insertion(+), 1 deletion(-)
Everything up-to-date
✅ Successfully pushed to GitHub!
✅ Auto-push succeeded at Mon Dec 29 13:47:47 EST 2025
