============================================================
Scheduler run: nfl_rushing_yards_props
Time: Sat Jan  3 03:00:02 EST 2026
Working dir: /Users/rico/sports-models/nfl
Script: nfl_rushing_yards_props_model.py
============================================================
✅ Completed: nfl_rushing_yards_props at Sat Jan  3 03:00:03 EST 2026

📤 Auto-pushing model outputs to GitHub...
[main 8f48432] Update model outputs - 2026-01-03 03:00:03
 Committer: Ricardo Hill <rico@Ricos-M1-Mac-2.local>
Your name and email address were configured automatically based
on your username and hostname. Please check that they are accurate.
You can suppress this message by setting them explicitly. Run the
following command and follow the instructions in your editor to edit
your configuration file:

    git config --global --edit

After doing this, you may fix the identity used for this commit with:

    git commit --amend --reset-author

 1 file changed, 87 insertions(+)
To https://github.com/BangLetsGetIt/NBA-NCAA-Betting-Models.git
   f8d862a..8f48432  main -> main
✅ Successfully pushed to GitHub!
✅ Auto-push succeeded at Sat Jan  3 03:00:04 EST 2026
