============================================================
Scheduler run: nfl_passing_yards_props
Time: Fri Jan 23 09:45:05 EST 2026
Working dir: /Users/rico/sports-models/nfl
Script: nfl_passing_yards_props_model.py
============================================================
✅ Completed: nfl_passing_yards_props at Fri Jan 23 09:45:05 EST 2026

📤 Auto-pushing model outputs to GitHub...
[main 08b38efd] Update model outputs - 2026-01-23 09:45:05
 Committer: Ricardo Hill <rico@MacBookAir.lan>
Your name and email address were configured automatically based
on your username and hostname. Please check that they are accurate.
You can suppress this message by setting them explicitly. Run the
following command and follow the instructions in your editor to edit
your configuration file:

    git config --global --edit

After doing this, you may fix the identity used for this commit with:

    git commit --amend --reset-author

 2 files changed, 3 insertions(+), 3 deletions(-)
To https://github.com/BangLetsGetIt/NBA-NCAA-Betting-Models.git
   b97ab84d..08b38efd  main -> main
✅ Successfully pushed to GitHub!
✅ Auto-push succeeded at Fri Jan 23 09:45:06 EST 2026
