============================================================
Scheduler run: nfl_main_model
Time: Tue Jan 27 18:10:20 EST 2026
Working dir: /Users/rico/sports-models/nfl
Script: nfl_model_IMPROVED.py
============================================================
🏈 NFL Betting Model - Sharp +EV Version
============================================================
Spread Threshold: 3.0+ pts (display)
Spread Logging: 3.0+ pts (sharp +EV)
Total Threshold: 3.0+ pts (display)
Total Logging: 3.0+ pts (sharp +EV)
============================================================

📊 STEP 1: Grading Pending Picks
   No pending picks to grade

📡 Fetching current NFL odds...
Fetched 1 games, filtered to 1 upcoming.
✅ Found 1 games

🔍 Analyzing games...

Seattle Seahawks @ New England Patriots
  🕐 2026-02-08T23:30:00Z
  📊 Ratings: New England Patriots (42.3) vs Seattle Seahawks (54.3)
  📈 Predicted: New England Patriots 16.0, Seattle Seahawks 25.1
  SPREAD (⭐ LOGGED):
    Market: New England Patriots +4.5
    Model:  -9.2
    Edge:   -13.7
    ✅ SHARP BET: Seattle Seahawks -4.5
  TOTAL (⭐ LOGGED):
    Market: 45.5
    Model:  41.1
    Edge:   -4.4
    ✅ SHARP BET: UNDER 45.5

📄 Generating HTML reports...

✅ HTML saved: /Users/rico/sports-models/nfl/nfl_model_output.html
✅ Created: /Users/rico/sports-models/nfl/nfl_model_output.html

✅ Tracking dashboard saved: /Users/rico/sports-models/nfl/nfl_tracking_dashboard.html

============================================================
📊 ANALYSIS SUMMARY
============================================================
Games Analyzed: 1
Bets Logged:    2 (high-confidence +EV only)
Total Tracked:  103
Completed:      103
Pending:        0
Win Rate:       52.4%
ROI:            +0.1%
Total Profit:   $+14.00
============================================================
✅ Completed: nfl_main_model at Tue Jan 27 18:10:22 EST 2026

📤 Auto-pushing model outputs to GitHub...
[main 135e20e6] Update model outputs - 2026-01-27 18:10:22
 Committer: Ricardo Hill <rico@Ricos-M1-Mac-2.local>
Your name and email address were configured automatically based
on your username and hostname. Please check that they are accurate.
You can suppress this message by setting them explicitly. Run the
following command and follow the instructions in your editor to edit
your configuration file:

    git config --global --edit

After doing this, you may fix the identity used for this commit with:

    git commit --amend --reset-author

 2 files changed, 2 insertions(+), 2 deletions(-)
To https://github.com/BangLetsGetIt/NBA-NCAA-Betting-Models.git
   3ac9057f..135e20e6  main -> main
✅ Successfully pushed to GitHub!
✅ Auto-push succeeded at Tue Jan 27 18:10:23 EST 2026
