============================================================
Scheduler run: nfl_rushing_yards_props
Time: Tue Dec 23 09:50:04 EST 2025
Working dir: /Users/rico/sports-models/nfl
Script: nfl_rushing_yards_props_model.py
============================================================
[1m🏈 NFL Rushing Props Model - Sharp +EV[0m

[96m--- Grading Pending Picks ---[0m
Graded 0 picks.
  Found 16 upcoming games (filtered from 16)
[96mFound 16 upcoming games. Fetching rushing props...[0m

Analyzing 21 players...
Deduplicated from 6 to 6 picks.

Found 6 sharp plays:
  ⭐ Javonte Williams UNDER 78.5 (Proj: 71.1) | Edge: 7.4 | AI: 10.0
  ⭐ Omarion Hampton OVER 61.5 (Proj: 70.7) | Edge: 9.2 | AI: 10.0
  ⭐ Derrick Henry OVER 75.5 (Proj: 82.7) | Edge: 7.2 | AI: 10.0
  ⭐ Tony Pollard OVER 59.5 (Proj: 78.9) | Edge: 19.4 | AI: 10.0
  ⭐ Saquon Barkley UNDER 86.5 (Proj: 77.8) | Edge: 8.7 | AI: 10.0
  ⭐ James Cook OVER 90.5 (Proj: 108.5) | Edge: 18.0 | AI: 10.0

✅ HTML saved: /Users/rico/sports-models/nfl/nfl_rushing_yards_props.html
✅ Completed: nfl_rushing_yards_props at Tue Dec 23 09:50:10 EST 2025

📤 Auto-pushing model outputs to GitHub...
[main c904024] Update model outputs - 2025-12-23 09:50:10
 Committer: Ricardo Hill <rico@Ricos-M1-Mac-2.local>
Your name and email address were configured automatically based
on your username and hostname. Please check that they are accurate.
You can suppress this message by setting them explicitly. Run the
following command and follow the instructions in your editor to edit
your configuration file:

    git config --global --edit

After doing this, you may fix the identity used for this commit with:

    git commit --amend --reset-author

 1 file changed, 3 insertions(+), 3 deletions(-)
To https://github.com/BangLetsGetIt/NBA-NCAA-Betting-Models.git
   4e8baf0..c904024  main -> main
✅ Successfully pushed to GitHub!
✅ Auto-push succeeded at Tue Dec 23 09:50:11 EST 2025
