============================================================
Scheduler run: nfl_receptions_props
Time: Mon Jan 26 18:25:00 EST 2026
Working dir: /Users/rico/sports-models/nfl
Script: nfl_receptions_props_model.py
============================================================
✅ Completed: nfl_receptions_props at Mon Jan 26 18:25:00 EST 2026

📤 Auto-pushing model outputs to GitHub...
[main 528e4081] Update model outputs - 2026-01-26 18:25:00
 Committer: Ricardo Hill <rico@MacBookAir.lan>
Your name and email address were configured automatically based
on your username and hostname. Please check that they are accurate.
You can suppress this message by setting them explicitly. Run the
following command and follow the instructions in your editor to edit
your configuration file:

    git config --global --edit

After doing this, you may fix the identity used for this commit with:

    git commit --amend --reset-author

 6 files changed, 210 insertions(+), 97 deletions(-)
To https://github.com/BangLetsGetIt/NBA-NCAA-Betting-Models.git
   978b00ac..528e4081  main -> main
✅ Successfully pushed to GitHub!
✅ Auto-push succeeded at Mon Jan 26 18:25:02 EST 2026
