============================================================
Scheduler run: nfl_passing_yards_props
Time: Fri Dec 26 05:21:02 EST 2025
Working dir: /Users/rico/sports-models/nfl
Script: nfl_passing_yards_props_model.py
============================================================
[1m🏈 NFL Passing Props Model - Sharp +EV[0m

[96m--- Grading Pending Picks ---[0m
Graded 0 picks.
  Found 13 upcoming games (filtered from 13)
[96mFound 13 upcoming games. Fetching passing props...[0m
  Game 832c36c4b6d5132e88cf11391797c194: Failed 401 - {"message":"Usage quota has been reached. See usage plans at https://the-odds-api.com","error_code":"OUT_OF_USAGE_CREDITS","details_url":"https://the-odds-api.com/liveapi/guides/v4/api-error-codes.html#out-of-usage-credits"}

  Game 85bead6a72a1952cdd737dcecb55446b: Failed 401 - {"message":"Usage quota has been reached. See usage plans at https://the-odds-api.com","error_code":"OUT_OF_USAGE_CREDITS","details_url":"https://the-odds-api.com/liveapi/guides/v4/api-error-codes.html#out-of-usage-credits"}

  Game 7aeff5d5bb88b218c7d72f267a90eb7f: Failed 401 - {"message":"Usage quota has been reached. See usage plans at https://the-odds-api.com","error_code":"OUT_OF_USAGE_CREDITS","details_url":"https://the-odds-api.com/liveapi/guides/v4/api-error-codes.html#out-of-usage-credits"}

  Game 8e7a26b4026e4eca7394cc523fa10a64: Failed 401 - {"message":"Usage quota has been reached. See usage plans at https://the-odds-api.com","error_code":"OUT_OF_USAGE_CREDITS","details_url":"https://the-odds-api.com/liveapi/guides/v4/api-error-codes.html#out-of-usage-credits"}

  Game e6721ef0adb705a8abcbedc2ef6dfb3a: Failed 401 - {"message":"Usage quota has been reached. See usage plans at https://the-odds-api.com","error_code":"OUT_OF_USAGE_CREDITS","details_url":"https://the-odds-api.com/liveapi/guides/v4/api-error-codes.html#out-of-usage-credits"}

  Game f960b282ac197513c9d80bd28baa7e38: Failed 401 - {"message":"Usage quota has been reached. See usage plans at https://the-odds-api.com","error_code":"OUT_OF_USAGE_CREDITS","details_url":"https://the-odds-api.com/liveapi/guides/v4/api-error-codes.html#out-of-usage-credits"}

  Game 374166780155b8c14e867face95885ee: Failed 401 - {"message":"Usage quota has been reached. See usage plans at https://the-odds-api.com","error_code":"OUT_OF_USAGE_CREDITS","details_url":"https://the-odds-api.com/liveapi/guides/v4/api-error-codes.html#out-of-usage-credits"}

  Game 95bdb9f5b22f0491bfba1381637c5009: Failed 401 - {"message":"Usage quota has been reached. See usage plans at https://the-odds-api.com","error_code":"OUT_OF_USAGE_CREDITS","details_url":"https://the-odds-api.com/liveapi/guides/v4/api-error-codes.html#out-of-usage-credits"}

  Game d75c88e4fb7650ab0577264980bdf98f: Failed 401 - {"message":"Usage quota has been reached. See usage plans at https://the-odds-api.com","error_code":"OUT_OF_USAGE_CREDITS","details_url":"https://the-odds-api.com/liveapi/guides/v4/api-error-codes.html#out-of-usage-credits"}

  Game dd4aec72c5175cb8cea67d5edc7b1990: Failed 401 - {"message":"Usage quota has been reached. See usage plans at https://the-odds-api.com","error_code":"OUT_OF_USAGE_CREDITS","details_url":"https://the-odds-api.com/liveapi/guides/v4/api-error-codes.html#out-of-usage-credits"}

  Game 596df6f5735277fee0cd78e61cd71060: Failed 401 - {"message":"Usage quota has been reached. See usage plans at https://the-odds-api.com","error_code":"OUT_OF_USAGE_CREDITS","details_url":"https://the-odds-api.com/liveapi/guides/v4/api-error-codes.html#out-of-usage-credits"}

  Game b0dedebd28a82f8f38398033356e9015: Failed 401 - {"message":"Usage quota has been reached. See usage plans at https://the-odds-api.com","error_code":"OUT_OF_USAGE_CREDITS","details_url":"https://the-odds-api.com/liveapi/guides/v4/api-error-codes.html#out-of-usage-credits"}

  Game ea5fe5f603483c8d46f83081cf780397: Failed 401 - {"message":"Usage quota has been reached. See usage plans at https://the-odds-api.com","error_code":"OUT_OF_USAGE_CREDITS","details_url":"https://the-odds-api.com/liveapi/guides/v4/api-error-codes.html#out-of-usage-credits"}

No odds found. Generating HTML with tracking data only.

✅ HTML saved: /Users/rico/sports-models/nfl/nfl_passing_yards_props.html
✅ Completed: nfl_passing_yards_props at Fri Dec 26 05:21:37 EST 2025

📤 Auto-pushing model outputs to GitHub...
[main 4fc4a67] Update model outputs - 2025-12-26 05:21:43
 Committer: Ricardo Hill <rico@Ricos-M1-Mac-2.local>
Your name and email address were configured automatically based
on your username and hostname. Please check that they are accurate.
You can suppress this message by setting them explicitly. Run the
following command and follow the instructions in your editor to edit
your configuration file:

    git config --global --edit

After doing this, you may fix the identity used for this commit with:

    git commit --amend --reset-author

 3 files changed, 6 insertions(+), 402 deletions(-)
To https://github.com/BangLetsGetIt/NBA-NCAA-Betting-Models.git
   0c88f41..4fc4a67  main -> main
✅ Successfully pushed to GitHub!
✅ Auto-push succeeded at Fri Dec 26 05:22:02 EST 2025
