==========================================
NBA Rebounds Props Model Run: Wed Jan  7 06:00:05 EST 2026
==========================================
Running NBA Rebounds Props model...

[1m[96m================================================================================[0m
[1m[96mNBA REBOUNDS PROPS A.I. MODEL[0m
[1m[96m================================================================================[0m

[96m==========================================================================================[0m
[96m🎯 GRADING PENDING PICKS[0m
[96m==========================================================================================[0m

[93m📋 Found 10 pending picks...[0m

  Fetching team stats to verify completed games for 2025-12-16...
[96m  Fetching batch stats for 12/16/2025...[0m
  Fetching team stats to verify completed games for 2025-12-30...
[96m  Fetching batch stats for 12/30/2025...[0m
  Fetching team stats to verify completed games for 2026-01-01...
[96m  Fetching batch stats for 01/01/2026...[0m
  Fetching team stats to verify completed games for 2026-01-07...

[93mNo picks ready for grading yet[0m

[96mFetching REAL NBA player rebounding statistics...[0m
[92m✓ Using cached player rebounding stats (less than 6 hours old)[0m

[96mFetching opponent rebounding factors...[0m
[92m✓ Using cached rebounding factors[0m

[96mFetching player rebounds prop odds...[0m
[96m  Found 12 upcoming games[0m
[96m  Filtered to 12 upcoming games[0m
[96m  Game 1/10: Denver Nuggets @ Boston Celtics[0m
[96m  Game 2/10: Toronto Raptors @ Charlotte Hornets[0m
[96m  Game 3/10: Chicago Bulls @ Detroit Pistons[0m
[96m  Game 4/10: Washington Wizards @ Philadelphia 76ers[0m
[96m  Game 5/10: New Orleans Pelicans @ Atlanta Hawks[0m
[96m  Game 6/10: Orlando Magic @ Brooklyn Nets[0m
[96m  Game 7/10: Los Angeles Clippers @ New York Knicks[0m
[96m  Game 8/10: Phoenix Suns @ Memphis Grizzlies[0m
[96m  Game 9/10: Utah Jazz @ Oklahoma City Thunder[0m
[96m  Game 10/10: Los Angeles Lakers @ San Antonio Spurs[0m
[92m✓ Fetched 123 player rebounds props (grouped)[0m

[96mAnalyzing 123 player props with REAL stats...[0m
[92m✓ Found 1 top OVER plays (A.I. Score >= 10.0)[0m
[92m✓ Found 1 top UNDER plays (A.I. Score >= 10.0)[0m
[93m  Skipped 6 props (no player stats found)[0m
[93m  Skipped 232 props (score below 10.0 or failed checks)[0m

[96m==========================================================================================[0m
[96m📊 TRACKING NEW PICKS[0m
[96m==========================================================================================[0m
[96mNo new picks to track[0m

[1m[92m================================================================================[0m
[1m[92mTOP OVER PLAYS[0m
[1m[92m================================================================================[0m
  [96m 1. Victor Wembanyama        [0m | [92mOVER 8.5 REB   [0m | San Antonio Spurs         vs Los Angeles Lakers        | [1mA.I.: 10.00[0m | Rating: 4.9 ⭐⭐

[1m[91m================================================================================[0m
[1m[91mTOP UNDER PLAYS[0m
[1m[91m================================================================================[0m
  [96m 1. Jaden Ivey               [0m | [91mUNDER 3.5 REB  [0m | Detroit Pistons           vs Chicago Bulls             | [1mA.I.: 10.00[0m | Rating: 4.4 ⭐⭐

[96mGenerating HTML report...[0m

[92m✓ HTML report saved: /Users/rico/sports-models/nba/nba_rebounds_props.html[0m

[1m[92m================================================================================[0m
[1m[92m✓ Model execution complete![0m
[1m[92m================================================================================[0m


==========================================
✅ Model completed successfully!
==========================================

📤 Pushing updates to GitHub...
