============================================================
Scheduler run: nba_rebounds_props
Time: Thu Jan  8 02:45:01 EST 2026
Working dir: /Users/rico/sports-models/nba
Script: nba_rebounds_props_model.py
============================================================

[1m[96m================================================================================[0m
[1m[96mNBA REBOUNDS PROPS A.I. MODEL[0m
[1m[96m================================================================================[0m

[96m==========================================================================================[0m
[96m🎯 GRADING PENDING PICKS[0m
[96m==========================================================================================[0m

[93m📋 Found 12 pending picks...[0m

  Fetching team stats to verify completed games for 2025-12-16...
[96m  Fetching batch stats for 12/16/2025...[0m
  Fetching team stats to verify completed games for 2025-12-30...
[96m  Fetching batch stats for 12/30/2025...[0m
  Fetching team stats to verify completed games for 2026-01-01...
[96m  Fetching batch stats for 01/01/2026...[0m
  Fetching team stats to verify completed games for 2026-01-07...
[96m  Fetching batch stats for 01/07/2026...[0m
    [92mWIN[0m: Jaden Ivey had 3 rebounds (line: 3.5, bet: UNDER) | Profit: 0.68 units
    [92mWIN[0m: Javonte Green had 2 rebounds (line: 4.5, bet: UNDER) | Profit: 0.60 units
    [92mWIN[0m: Victor Wembanyama had 14 rebounds (line: 8.5, bet: OVER) | Profit: 0.87 units
[93m  ⚠️  Player LeBron James has no stats but game is final -> Marking as DNP/Void[0m
    [92mWIN[0m: Victor Wembanyama had 14 rebounds (line: 7.5, bet: OVER) | Profit: 0.66 units

[92m✓ Graded 5 picks[0m

[96mFetching REAL NBA player rebounding statistics...[0m
[96m  Fetching season rebounding stats...[0m
[96m  Fetching recent form (last 10 games)...[0m
[92m✓ Fetched REAL rebounding stats for 506 players[0m

[96mFetching opponent rebounding factors...[0m
[92m✓ Fetched rebounding factors for 30 teams[0m

[96mFetching player rebounds prop odds...[0m
[96m  Found 4 upcoming games[0m
[96m  Filtered to 4 upcoming games[0m
[96m  Game 1/4: Indiana Pacers @ Charlotte Hornets[0m
[96m  Game 2/4: Miami Heat @ Chicago Bulls[0m
[96m  Game 3/4: Cleveland Cavaliers @ Minnesota Timberwolves[0m
[96m  Game 4/4: Dallas Mavericks @ Utah Jazz[0m
[92m✓ Fetched 50 player rebounds props (grouped)[0m

[96mAnalyzing 50 player props with REAL stats...[0m
[92m✓ Found 1 top OVER plays (A.I. Score >= 10.0)[0m
[92m✓ Found 1 top UNDER plays (A.I. Score >= 10.0)[0m
[93m  Skipped 4 props (no player stats found)[0m
[93m  Skipped 90 props (score below 10.0 or failed checks)[0m

[96m==========================================================================================[0m
[96m📊 TRACKING NEW PICKS[0m
[96m==========================================================================================[0m
[92m✓ Tracked 2 new picks[0m

[1m[92m================================================================================[0m
[1m[92mTOP OVER PLAYS[0m
[1m[92m================================================================================[0m
  [96m 1. Kel'el Ware              [0m | [92mOVER 8.5 REB   [0m | Miami Heat                vs Chicago Bulls             | [1mA.I.: 10.00[0m | Rating: 4.4 ⭐⭐

[1m[91m================================================================================[0m
[1m[91mTOP UNDER PLAYS[0m
[1m[91m================================================================================[0m
  [96m 1. Matas Buzelis            [0m | [91mUNDER 6.5 REB  [0m | Chicago Bulls             vs Miami Heat                | [1mA.I.: 10.00[0m | Rating: 4.1 ⭐⭐

[96mGenerating HTML report...[0m

[92m✓ HTML report saved: /Users/rico/sports-models/nba/nba_rebounds_props.html[0m

[1m[92m================================================================================[0m
[1m[92m✓ Model execution complete![0m
[1m[92m================================================================================[0m

✅ Completed: nba_rebounds_props at Thu Jan  8 02:45:25 EST 2026

📤 Auto-pushing model outputs to GitHub...
[main 7fd3c41] Update model outputs - 2026-01-08 02:45:25
 Committer: Ricardo Hill <rico@Ricos-M1-Mac-2.local>
Your name and email address were configured automatically based
on your username and hostname. Please check that they are accurate.
You can suppress this message by setting them explicitly. Run the
following command and follow the instructions in your editor to edit
your configuration file:

    git config --global --edit

After doing this, you may fix the identity used for this commit with:

    git commit --amend --reset-author

 2 files changed, 128 insertions(+), 65 deletions(-)
To https://github.com/BangLetsGetIt/NBA-NCAA-Betting-Models.git
   188524b..7fd3c41  main -> main
✅ Successfully pushed to GitHub!
✅ Auto-push succeeded at Thu Jan  8 02:45:26 EST 2026
