============================================================
Scheduler run: nba_points_props
Time: Sat Jan  3 18:00:04 EST 2026
Working dir: /Users/rico/sports-models/nba
Script: nba_points_props_model.py
============================================================

[1m[96m================================================================================[0m
[1m[96mNBA POINTS PROPS A.I. MODEL[0m
[1m[96m================================================================================[0m

[96m==========================================================================================[0m
[96m🎯 GRADING PENDING PICKS (BATCH MODE)[0m
[96m==========================================================================================[0m

[93m📋 Found 32 pending picks...[0m


[96mProcessing 9 picks for 2025-12-16...[0m
[96m  Fetching batch stats for 12/16/2025...[0m
  Fetching team stats to verify completed games for 2025-12-16...
[93m  ⚠️  No stats found for 2025-12-16 yet[0m

[96mProcessing 2 picks for 2025-12-23...[0m
[96m  Fetching batch stats for 12/23/2025...[0m
  Fetching team stats to verify completed games for 2025-12-23...

[93mNo picks ready for grading yet[0m

[96mFetching REAL NBA player points statistics...[0m
[96m  Fetching season points stats...[0m
[96m  Fetching recent form (last 10 games)...[0m
[92m✓ Fetched REAL stats for 506 players[0m

[96mFetching opponent defense factors...[0m
[92m✓ Fetched defense factors for 30 teams[0m

[96mFetching player points prop odds...[0m
[96m  Found 8 upcoming games[0m
[96m  Filtered to 7 upcoming games[0m
[96m  Game 1/8: Atlanta Hawks @ Toronto Raptors[0m
[96m  Game 2/8: Philadelphia 76ers @ New York Knicks[0m
[96m  Game 3/8: Charlotte Hornets @ Chicago Bulls[0m
[96m  Game 4/8: Portland Trail Blazers @ San Antonio Spurs[0m
[96m  Game 5/8: Houston Rockets @ Dallas Mavericks[0m
[96m  Game 6/8: Utah Jazz @ Golden State Warriors[0m
[96m  Game 7/8: Boston Celtics @ Los Angeles Clippers[0m
[92m✓ Fetched 166 total player props[0m

[96mAnalyzing 166 player props with REAL stats...[0m
[92m✓ Found 10 top OVER plays (A.I. Score >= 10.0)[0m
[92m✓ Found 10 top UNDER plays (A.I. Score >= 10.0)[0m
[93m  Skipped 6 props (no player stats found)[0m
[93m  Skipped 268 props (score below 10.0)[0m

[96m==========================================================================================[0m
[96m📊 TRACKING NEW PICKS[0m
[96m==========================================================================================[0m
[92m✓ Tracked 1 new picks[0m
[93m✓ Updated odds for 6 existing picks[0m

[1m[92m================================================================================[0m
[1m[92mTOP OVER PLAYS[0m
[1m[92m================================================================================[0m
  [96m 1. VJ Edgecombe             [0m | [92mOVER 14.5 PTS  [0m | Philadelphia 76ers vs New York Knicks | [1mA.I.: 10.00[0m | Rating: 4.9 ⭐⭐
  [96m 2. Tyrese Maxey             [0m | [92mOVER 28.5 PTS  [0m | Philadelphia 76ers vs New York Knicks | [1mA.I.: 10.00[0m | Rating: 4.9 ⭐⭐
  [96m 3. Jordan Clarkson          [0m | [92mOVER 7.5 PTS   [0m | New York Knicks vs Philadelphia 76ers | [1mA.I.: 10.00[0m | Rating: 4.9 ⭐⭐
  [96m 4. Collin Sexton            [0m | [92mOVER 12.5 PTS  [0m | Charlotte Hornets vs Chicago Bulls | [1mA.I.: 10.00[0m | Rating: 4.9 ⭐⭐
  [96m 5. Kon Knueppel             [0m | [92mOVER 18.5 PTS  [0m | Charlotte Hornets vs Chicago Bulls | [1mA.I.: 10.00[0m | Rating: 4.9 ⭐⭐
  [96m 6. Naji Marshall            [0m | [92mOVER 9.5 PTS   [0m | Dallas Mavericks vs Houston Rockets | [1mA.I.: 10.00[0m | Rating: 4.9 ⭐⭐
  [96m 7. Alperen Sengun           [0m | [92mOVER 20.5 PTS  [0m | Houston Rockets vs Dallas Mavericks | [1mA.I.: 10.00[0m | Rating: 4.9 ⭐⭐
  [96m 8. Max Christie             [0m | [92mOVER 9.5 PTS   [0m | Dallas Mavericks vs Houston Rockets | [1mA.I.: 10.00[0m | Rating: 4.9 ⭐⭐
  [96m 9. Amen Thompson            [0m | [92mOVER 16.5 PTS  [0m | Houston Rockets vs Dallas Mavericks | [1mA.I.: 10.00[0m | Rating: 4.9 ⭐⭐
  [96m10. Klay Thompson            [0m | [92mOVER 8.5 PTS   [0m | Dallas Mavericks vs Houston Rockets | [1mA.I.: 10.00[0m | Rating: 4.9 ⭐⭐

[1m[91m================================================================================[0m
[1m[91mTOP UNDER PLAYS[0m
[1m[91m================================================================================[0m
  [96m 1. OG Anunoby               [0m | [91mUNDER 17.5 PTS [0m | New York Knicks vs Philadelphia 76ers | [1mA.I.: 10.00[0m | Rating: 4.9 ⭐⭐
  [96m 2. Patrick Williams         [0m | [91mUNDER 9.5 PTS  [0m | Chicago Bulls vs Charlotte Hornets | [1mA.I.: 10.00[0m | Rating: 4.9 ⭐⭐
  [96m 3. Ayo Dosunmu              [0m | [91mUNDER 15.5 PTS [0m | Chicago Bulls vs Charlotte Hornets | [1mA.I.: 10.00[0m | Rating: 4.9 ⭐⭐
  [96m 4. Jalen Smith              [0m | [91mUNDER 12.5 PTS [0m | Chicago Bulls vs Charlotte Hornets | [1mA.I.: 10.00[0m | Rating: 4.9 ⭐⭐
  [96m 5. Kevin Huerter            [0m | [91mUNDER 14.5 PTS [0m | Chicago Bulls vs Charlotte Hornets | [1mA.I.: 10.00[0m | Rating: 4.9 ⭐⭐
  [96m 6. Stephon Castle           [0m | [91mUNDER 20.5 PTS [0m | San Antonio Spurs vs Portland Trail Blazers | [1mA.I.: 10.00[0m | Rating: 4.9 ⭐⭐
  [96m 7. De'Aaron Fox             [0m | [91mUNDER 23.5 PTS [0m | San Antonio Spurs vs Portland Trail Blazers | [1mA.I.: 10.00[0m | Rating: 4.9 ⭐⭐
  [96m 8. Julian Champagnie        [0m | [91mUNDER 12.5 PTS [0m | San Antonio Spurs vs Portland Trail Blazers | [1mA.I.: 10.00[0m | Rating: 4.9 ⭐⭐
  [96m 9. Dylan Harper             [0m | [91mUNDER 14.5 PTS [0m | San Antonio Spurs vs Portland Trail Blazers | [1mA.I.: 10.00[0m | Rating: 4.9 ⭐⭐
  [96m10. Brice Sensabaugh         [0m | [91mUNDER 13.5 PTS [0m | Utah Jazz vs Golden State Warriors | [1mA.I.: 10.00[0m | Rating: 4.9 ⭐⭐

[96mGenerating HTML report...[0m

[92m✓ HTML report saved: /Users/rico/sports-models/nba/nba_points_props.html[0m

[1m[92m================================================================================[0m
[1m[92m✓ Model execution complete![0m
[1m[92m================================================================================[0m

✅ Completed: nba_points_props at Sat Jan  3 18:00:42 EST 2026

📤 Auto-pushing model outputs to GitHub...
[main 6154a67] Update model outputs - 2026-01-03 18:00:42
 Committer: Ricardo Hill <rico@Ricos-M1-Mac-2.local>
Your name and email address were configured automatically based
on your username and hostname. Please check that they are accurate.
You can suppress this message by setting them explicitly. Run the
following command and follow the instructions in your editor to edit
your configuration file:

    git config --global --edit

After doing this, you may fix the identity used for this commit with:

    git commit --amend --reset-author

 2 files changed, 201 insertions(+), 180 deletions(-)
To https://github.com/BangLetsGetIt/NBA-NCAA-Betting-Models.git
   18d6c0d..6154a67  main -> main
✅ Successfully pushed to GitHub!
✅ Auto-push succeeded at Sat Jan  3 18:00:43 EST 2026
