==========================================
NBA Assists Props Model Run: Thu Jan 15 07:00:04 EST 2026
==========================================
Running NBA Assists Props model...

[1m[96m================================================================================[0m
[1m[96mNBA ASSISTS PROPS A.I. MODEL[0m
[1m[96m================================================================================[0m

[96m==========================================================================================[0m
[96m🎯 GRADING PENDING PICKS[0m
[96m==========================================================================================[0m

[93m📋 Found 4 pending picks...[0m

  Fetching team stats to verify completed games for 2025-12-16...
[93m  ⚠ Could not find stats for De'Aaron Fox on 2025-12-16[0m
  Fetching team stats to verify completed games for 2026-01-15...

[93mNo picks ready for grading yet[0m

[96mFetching REAL NBA player assists statistics...[0m
[92m✓ Using cached player assists stats (less than 6 hours old)[0m

[96mFetching opponent assists factors...[0m
[92m✓ Using cached assists factors[0m

[96mFetching player assists prop odds...[0m
[96m  Found 9 upcoming games[0m
[96m  Filtered to 9 upcoming games[0m
[96m  Game 1/9: Memphis Grizzlies @ Orlando Magic[0m
[96m  Game 2/9: Phoenix Suns @ Detroit Pistons[0m
[96m  Game 3/9: Boston Celtics @ Miami Heat[0m
[96m  Game 4/9: Oklahoma City Thunder @ Houston Rockets[0m
[96m  Game 5/9: Milwaukee Bucks @ San Antonio Spurs[0m
[96m  Game 6/9: Utah Jazz @ Dallas Mavericks[0m
[96m  Game 7/9: Atlanta Hawks @ Portland Trail Blazers[0m
[96m  Game 8/9: New York Knicks @ Golden State Warriors[0m
[96m  Game 9/9: Charlotte Hornets @ Los Angeles Lakers[0m
[92m✓ Fetched 66 player assists props (grouped)[0m

[96mAnalyzing 66 player props with REAL stats...[0m
[92m✓ Found 1 top OVER plays (A.I. Score >= 10.0)[0m
[92m✓ Found 1 top UNDER plays (A.I. Score >= 10.0)[0m
[93m  Skipped 2 props (no player stats found)[0m
[93m  Skipped 126 props (score below 10.0 or failed checks)[0m

[96m==========================================================================================[0m
[96m📊 TRACKING NEW PICKS[0m
[96m==========================================================================================[0m
[93m✓ Updated odds for 1 existing picks[0m

[1m[92m================================================================================[0m
[1m[92mTOP OVER PLAYS[0m
[1m[92m================================================================================[0m
  [96m 1. Keyonte George           [0m | [92mOVER 5.5 AST   [0m | Dallas Mavericks          vs Utah Jazz                 | [1mA.I.: 10.00[0m | Rating: 3.9 ⭐

[1m[91m================================================================================[0m
[1m[91mTOP UNDER PLAYS[0m
[1m[91m================================================================================[0m
  [96m 1. Tyler Herro              [0m | [91mUNDER 4.5 AST  [0m | Miami Heat                vs Boston Celtics            | [1mA.I.: 10.00[0m | Rating: 4.9 ⭐⭐

[96mGenerating HTML report...[0m

[92m✓ HTML report saved: /Users/rico/sports-models/nba/nba_assists_props.html[0m

[1m[92m================================================================================[0m
[1m[92m✓ Model execution complete![0m
[1m[92m================================================================================[0m


==========================================
✅ Model completed successfully!
==========================================

📤 Pushing updates to GitHub...
