============================================================
Scheduler run: nba_points_props
Time: Mon Jan 26 02:35:04 EST 2026
Working dir: /Users/rico/sports-models/nba
Script: nba_points_props_model.py
============================================================

[1m[96m================================================================================[0m
[1m[96mNBA POINTS PROPS A.I. MODEL[0m
[1m[96m================================================================================[0m

[96m==========================================================================================[0m
[96m🎯 GRADING PENDING PICKS (BATCH MODE)[0m
[96m==========================================================================================[0m

[93m📋 Found 40 pending picks...[0m


[96mProcessing 9 picks for 2025-12-16...[0m
[96m  Fetching batch stats for 12/16/2025...[0m
  Fetching team stats to verify completed games for 2025-12-16...
[93m  ⚠️  No stats found for 2025-12-16 yet[0m

[96mProcessing 2 picks for 2025-12-23...[0m
[96m  Fetching batch stats for 12/23/2025...[0m
  Fetching team stats to verify completed games for 2025-12-23...

[96mProcessing 1 picks for 2026-01-03...[0m
[96m  Fetching batch stats for 01/03/2026...[0m
  Fetching team stats to verify completed games for 2026-01-03...

[96mProcessing 2 picks for 2026-01-08...[0m
[96m  Fetching batch stats for 01/08/2026...[0m
  Fetching team stats to verify completed games for 2026-01-08...

[96mProcessing 1 picks for 2026-01-09...[0m
[96m  Fetching batch stats for 01/09/2026...[0m
  Fetching team stats to verify completed games for 2026-01-09...

[96mProcessing 3 picks for 2026-01-10...[0m
[96m  Fetching batch stats for 01/10/2026...[0m
  Fetching team stats to verify completed games for 2026-01-10...

[96mProcessing 1 picks for 2026-01-16...[0m
[96m  Fetching batch stats for 01/16/2026...[0m
  Fetching team stats to verify completed games for 2026-01-16...

[96mProcessing 2 picks for 2026-01-22...[0m
[96m  Fetching batch stats for 01/22/2026...[0m
  Fetching team stats to verify completed games for 2026-01-22...

[96mProcessing 1 picks for 2026-01-24...[0m
[96m  Fetching batch stats for 01/24/2026...[0m
  Fetching team stats to verify completed games for 2026-01-24...

[96mProcessing 18 picks for 2026-01-25...[0m
[96m  Fetching batch stats for 01/25/2026...[0m
  Fetching team stats to verify completed games for 2026-01-25...
    [91mLOSS[0m: Quinten Post had 5 points (line: 6.5, bet: OVER) | Profit: -1.00 units
    [91mLOSS[0m: DeMar DeRozan had 16 points (line: 17.5, bet: OVER) | Profit: -1.00 units
[93m  ⚠️  Player Zach LaVine has no stats but game is final -> Marking as DNP/Void[0m
    [92mWIN[0m: Saddiq Bey had 24 points (line: 13.5, bet: OVER) | Profit: 0.84 units
    [92mWIN[0m: Kawhi Leonard had 28 points (line: 22.5, bet: OVER) | Profit: 0.87 units
    [91mLOSS[0m: Precious Achiuwa had 4 points (line: 5.5, bet: OVER) | Profit: -1.00 units
    [91mLOSS[0m: Russell Westbrook had 13 points (line: 13.5, bet: OVER) | Profit: -1.00 units
    [91mLOSS[0m: Jaden McDaniels had 3 points (line: 13.5, bet: OVER) | Profit: -1.00 units
    [91mLOSS[0m: Jeremiah Fears had 8 points (line: 10.5, bet: OVER) | Profit: -1.00 units
    [92mWIN[0m: Zion Williamson had 24 points (line: 19.5, bet: OVER) | Profit: 0.80 units
    [92mWIN[0m: Devin Vassell had 13 points (line: 11.5, bet: OVER) | Profit: 1.02 units
[93m  ⚠️  Player R.J. Barrett has no stats but game is final -> Marking as DNP/Void[0m
    [91mLOSS[0m: Scottie Barnes had 10 points (line: 17.5, bet: OVER) | Profit: -1.00 units
    [92mWIN[0m: Immanuel Quickley had 23 points (line: 15.5, bet: OVER) | Profit: 0.83 units
    [91mLOSS[0m: Trey Murphy III had 17 points (line: 20.5, bet: OVER) | Profit: -1.00 units
    [92mWIN[0m: Kawhi Leonard had 28 points (line: 23.5, bet: OVER) | Profit: 0.96 units
    [92mWIN[0m: Devin Vassell had 13 points (line: 10.5, bet: OVER) | Profit: 0.88 units
    [92mWIN[0m: Immanuel Quickley had 23 points (line: 14.5, bet: OVER) | Profit: 0.78 units

[92m✓ Graded 18 picks[0m

[96mFetching REAL NBA player points statistics...[0m
[96m  Fetching season points stats...[0m
[96m  Fetching recent form (last 10 games)...[0m
[92m✓ Fetched REAL stats for 513 players[0m

[96mFetching opponent defense factors...[0m
[92m✓ Fetched defense factors for 30 teams[0m

[96mFetching player points prop odds...[0m
[96m  Found 7 upcoming games[0m
[96m  Filtered to 7 upcoming games[0m
[96m  Game 1/7: Indiana Pacers @ Atlanta Hawks[0m
[96m  Game 2/7: Philadelphia 76ers @ Charlotte Hornets[0m
[96m  Game 3/7: Orlando Magic @ Cleveland Cavaliers[0m
[96m  Game 4/7: Portland Trail Blazers @ Boston Celtics[0m
[96m  Game 5/7: Los Angeles Lakers @ Chicago Bulls[0m
[96m  Game 6/7: Memphis Grizzlies @ Houston Rockets[0m
[96m  Game 7/7: Golden State Warriors @ Minnesota Timberwolves[0m
[92m✓ Fetched 174 total player props[0m

[96mAnalyzing 174 player props with REAL stats...[0m
[92m✓ Found 8 top OVER plays (A.I. Score >= 10.0)[0m
[92m✓ Found 4 top UNDER plays (A.I. Score >= 10.0)[0m
[93m  Skipped 6 props (no player stats found)[0m
[93m  Skipped 312 props (score below 10.0)[0m

[96m==========================================================================================[0m
[96m📊 TRACKING NEW PICKS[0m
[96m==========================================================================================[0m
[92m✓ Tracked 8 new picks[0m

[1m[92m================================================================================[0m
[1m[92mTOP OVER PLAYS[0m
[1m[92m================================================================================[0m
  [96m 1. C.J. McCollum            [0m | [92mOVER 16.5 PTS  [0m | Atlanta Hawks vs Indiana Pacers | [1mA.I.: 10.00[0m | Rating: 4.9 ⭐⭐
  [96m 2. Bennedict Mathurin       [0m | [92mOVER 13.5 PTS  [0m | Indiana Pacers vs Atlanta Hawks | [1mA.I.: 10.00[0m | Rating: 4.9 ⭐⭐
  [96m 3. Collin Sexton            [0m | [92mOVER 11.5 PTS  [0m | Charlotte Hornets vs Philadelphia 76ers | [1mA.I.: 10.00[0m | Rating: 4.9 ⭐⭐
  [96m 4. Moe Wagner               [0m | [92mOVER 7.5 PTS   [0m | Orlando Magic vs Cleveland Cavaliers | [1mA.I.: 10.00[0m | Rating: 4.9 ⭐⭐
  [96m 5. Jrue Holiday             [0m | [92mOVER 11.5 PTS  [0m | Portland Trail Blazers vs Boston Celtics | [1mA.I.: 10.00[0m | Rating: 4.9 ⭐⭐
  [96m 6. Deni Avdija              [0m | [92mOVER 22.5 PTS  [0m | Portland Trail Blazers vs Boston Celtics | [1mA.I.: 10.00[0m | Rating: 4.9 ⭐⭐
  [96m 7. Jake LaRavia             [0m | [92mOVER 7.5 PTS   [0m | Los Angeles Lakers vs Chicago Bulls | [1mA.I.: 10.00[0m | Rating: 4.9 ⭐⭐
  [96m 8. Santi Aldama             [0m | [92mOVER 11.5 PTS  [0m | Memphis Grizzlies vs Houston Rockets | [1mA.I.: 10.00[0m | Rating: 4.9 ⭐⭐

[1m[91m================================================================================[0m
[1m[91mTOP UNDER PLAYS[0m
[1m[91m================================================================================[0m
  [96m 1. Adem Bona                [0m | [91mUNDER 6.5 PTS  [0m | Philadelphia 76ers vs Charlotte Hornets | [1mA.I.: 10.00[0m | Rating: 4.9 ⭐⭐
  [96m 2. VJ Edgecombe             [0m | [91mUNDER 17.5 PTS [0m | Philadelphia 76ers vs Charlotte Hornets | [1mA.I.: 10.00[0m | Rating: 4.9 ⭐⭐
  [96m 3. Coby White               [0m | [91mUNDER 20.5 PTS [0m | Chicago Bulls vs Los Angeles Lakers | [1mA.I.: 10.00[0m | Rating: 4.9 ⭐⭐
  [96m 4. Brandin Podziemski       [0m | [91mUNDER 14.5 PTS [0m | Golden State Warriors vs Minnesota Timberwolves | [1mA.I.: 10.00[0m | Rating: 4.9 ⭐⭐

[96mGenerating HTML report...[0m

[92m✓ HTML report saved: /Users/rico/sports-models/nba/nba_points_props.html[0m

[1m[92m================================================================================[0m
[1m[92m✓ Model execution complete![0m
[1m[92m================================================================================[0m

✅ Completed: nba_points_props at Mon Jan 26 02:36:49 EST 2026

📤 Auto-pushing model outputs to GitHub...
[main 980e7d92] Update model outputs - 2026-01-26 02:36:49
 Committer: Ricardo Hill <rico@MacBookAir.lan>
Your name and email address were configured automatically based
on your username and hostname. Please check that they are accurate.
You can suppress this message by setting them explicitly. Run the
following command and follow the instructions in your editor to edit
your configuration file:

    git config --global --edit

After doing this, you may fix the identity used for this commit with:

    git commit --amend --reset-author

 2 files changed, 482 insertions(+), 415 deletions(-)
To https://github.com/BangLetsGetIt/NBA-NCAA-Betting-Models.git
   45f01fbb..980e7d92  main -> main
✅ Successfully pushed to GitHub!
✅ Auto-push succeeded at Mon Jan 26 02:36:50 EST 2026
