============================================================
Scheduler run: nba_rebounds_props
Time: Tue Jan 20 18:12:54 EST 2026
Working dir: /Users/rico/sports-models/nba
Script: nba_rebounds_props_model.py
============================================================

[1m[96m================================================================================[0m
[1m[96mNBA REBOUNDS PROPS A.I. MODEL[0m
[1m[96m================================================================================[0m

[96m==========================================================================================[0m
[96m🎯 GRADING PENDING PICKS[0m
[96m==========================================================================================[0m

[93m📋 Found 21 pending picks...[0m

  Fetching team stats to verify completed games for 2025-12-16...
[96m  Fetching batch stats for 12/16/2025...[0m
  Fetching team stats to verify completed games for 2025-12-30...
[96m  Fetching batch stats for 12/30/2025...[0m
  Fetching team stats to verify completed games for 2026-01-01...
[96m  Fetching batch stats for 01/01/2026...[0m
  Fetching team stats to verify completed games for 2026-01-08...
[96m  Fetching batch stats for 01/08/2026...[0m
  Fetching team stats to verify completed games for 2026-01-20...

[93mNo picks ready for grading yet[0m

[96mFetching REAL NBA player rebounding statistics...[0m
[96m  Fetching season rebounding stats...[0m
[96m  Fetching recent form (last 10 games)...[0m
[92m✓ Fetched REAL rebounding stats for 512 players[0m

[96mFetching opponent rebounding factors...[0m
[92m✓ Fetched rebounding factors for 30 teams[0m

[96mFetching player rebounds prop odds...[0m
[96m  Found 8 upcoming games[0m
[96m  Filtered to 8 upcoming games[0m
[96m  Game 1/8: Phoenix Suns @ Philadelphia 76ers[0m
[96m  Game 2/8: Los Angeles Clippers @ Chicago Bulls[0m
[96m  Game 3/8: San Antonio Spurs @ Houston Rockets[0m
[96m  Game 4/8: Minnesota Timberwolves @ Utah Jazz[0m
[96m  Game 5/8: Los Angeles Lakers @ Denver Nuggets[0m
[96m  Game 6/8: Toronto Raptors @ Golden State Warriors[0m
[96m  Game 7/8: Miami Heat @ Sacramento Kings[0m
[96m  Game 8/8: Cleveland Cavaliers @ Charlotte Hornets[0m
[92m✓ Fetched 98 player rebounds props (grouped)[0m

[96mAnalyzing 98 player props with REAL stats...[0m
[92m✓ Found 3 top OVER plays (A.I. Score >= 10.0)[0m
[92m✓ Found 8 top UNDER plays (A.I. Score >= 10.0)[0m
[93m  Skipped 3 props (no player stats found)[0m
[93m  Skipped 179 props (score below 10.0 or failed checks)[0m

[96m==========================================================================================[0m
[96m📊 TRACKING NEW PICKS[0m
[96m==========================================================================================[0m
[92m✓ Tracked 2 new picks[0m
[93m✓ Updated odds for 9 existing picks[0m

[1m[92m================================================================================[0m
[1m[92mTOP OVER PLAYS[0m
[1m[92m================================================================================[0m
  [96m 1. Kel'el Ware              [0m | [92mOVER 6.5 REB   [0m | Miami Heat                vs Sacramento Kings          | [1mA.I.: 10.00[0m | Rating: 4.9 ⭐⭐
  [96m 2. Maxime Raynaud           [0m | [92mOVER 5.5 REB   [0m | Sacramento Kings          vs Miami Heat                | [1mA.I.: 10.00[0m | Rating: 4.1 ⭐⭐
  [96m 3. Josh Giddey              [0m | [92mOVER 5.5 REB   [0m | Chicago Bulls             vs Los Angeles Clippers      | [1mA.I.: 10.00[0m | Rating: 3.8 ⭐

[1m[91m================================================================================[0m
[1m[91mTOP UNDER PLAYS[0m
[1m[91m================================================================================[0m
  [96m 1. Adem Bona                [0m | [91mUNDER 5.5 REB  [0m | Philadelphia 76ers        vs Phoenix Suns              | [1mA.I.: 10.00[0m | Rating: 4.9 ⭐⭐
  [96m 2. Kyle Filipowski          [0m | [91mUNDER 7.5 REB  [0m | Utah Jazz                 vs Minnesota Timberwolves    | [1mA.I.: 10.00[0m | Rating: 4.9 ⭐⭐
  [96m 3. Scottie Barnes           [0m | [91mUNDER 9.5 REB  [0m | Toronto Raptors           vs Golden State Warriors     | [1mA.I.: 10.00[0m | Rating: 4.9 ⭐⭐
  [96m 4. Ochai Agbaji             [0m | [91mUNDER 3.5 REB  [0m | Toronto Raptors           vs Golden State Warriors     | [1mA.I.: 10.00[0m | Rating: 4.6 ⭐⭐
  [96m 5. Sandro Mamukelashvili    [0m | [91mUNDER 7.5 REB  [0m | Toronto Raptors           vs Golden State Warriors     | [1mA.I.: 10.00[0m | Rating: 4.4 ⭐⭐
  [96m 6. Taylor Hendricks         [0m | [91mUNDER 4.5 REB  [0m | Utah Jazz                 vs Minnesota Timberwolves    | [1mA.I.: 10.00[0m | Rating: 3.8 ⭐
  [96m 7. Quinten Post             [0m | [91mUNDER 5.5 REB  [0m | Golden State Warriors     vs Toronto Raptors           | [1mA.I.: 10.00[0m | Rating: 3.3 ⭐
  [96m 8. Buddy Hield              [0m | [91mUNDER 3.5 REB  [0m | Golden State Warriors     vs Toronto Raptors           | [1mA.I.: 10.00[0m | Rating: 3.0 ⭐

[96mGenerating HTML report...[0m

[92m✓ HTML report saved: /Users/rico/sports-models/nba/nba_rebounds_props.html[0m

[1m[92m================================================================================[0m
[1m[92m✓ Model execution complete![0m
[1m[92m================================================================================[0m

✅ Completed: nba_rebounds_props at Tue Jan 20 18:13:26 EST 2026

📤 Auto-pushing model outputs to GitHub...
[main eb3d4af] Update model outputs - 2026-01-20 18:13:26
 Committer: Ricardo Hill <rico@Ricos-M1-Mac-2.local>
Your name and email address were configured automatically based
on your username and hostname. Please check that they are accurate.
You can suppress this message by setting them explicitly. Run the
following command and follow the instructions in your editor to edit
your configuration file:

    git config --global --edit

After doing this, you may fix the identity used for this commit with:

    git commit --amend --reset-author

 2 files changed, 307 insertions(+), 115 deletions(-)
To https://github.com/BangLetsGetIt/NBA-NCAA-Betting-Models.git
   37963f2..eb3d4af  main -> main
✅ Successfully pushed to GitHub!
✅ Auto-push succeeded at Tue Jan 20 18:13:27 EST 2026
