============================================================
Scheduler run: nba_3pt_props
Time: Sat Jan 24 18:00:05 EST 2026
Working dir: /Users/rico/sports-models/nba
Script: nba_3pt_props_model.py
============================================================

[1m[96m================================================================================[0m
[1m[96mNBA 3PT PROPS A.I. MODEL[0m
[1m[96m================================================================================[0m

[96m==========================================================================================[0m
[96m🎯 GRADING PENDING PICKS[0m
[96m==========================================================================================[0m

[93m📋 Found 9 pending picks...[0m

  Fetching team stats to verify completed games for 2025-12-16...
  Error fetching completed teams: HTTPSConnectionPool(host='stats.nba.com', port=443): Read timed out. (read timeout=30)
[96m  Fetching batch stats for 12/16/2025...[0m
  Fetching team stats to verify completed games for 2026-01-08...
[96m  Fetching batch stats for 01/08/2026...[0m
  Fetching team stats to verify completed games for 2026-01-14...
[96m  Fetching batch stats for 01/14/2026...[0m
  Fetching team stats to verify completed games for 2026-01-24...
[96m  Fetching batch stats for 01/24/2026...[0m

[93mNo picks ready for grading yet[0m

[96mFetching REAL NBA player 3-pointers statistics...[0m
[96m  Fetching season 3-pointers stats...[0m
[96m  Fetching recent form (last 10 games)...[0m
[92m✓ Fetched REAL 3-pointers stats for 513 players[0m

[96mFetching opponent 3-pointers factors...[0m
[92m✓ Fetched 3-pointers factors for 30 teams[0m

[96mFetching player 3-pointers prop odds...[0m
[96m  Found 8 upcoming games[0m
[96m  Filtered to 7 upcoming games[0m
[96m  Game 1/8: Cleveland Cavaliers @ Orlando Magic[0m
[96m  Game 2/8: Boston Celtics @ Chicago Bulls[0m
[96m  Game 3/8: Los Angeles Lakers @ Dallas Mavericks[0m
[96m  Game 4/8: Miami Heat @ Utah Jazz[0m
[96m  Game 5/8: Sacramento Kings @ Detroit Pistons[0m
[96m  Game 6/8: Golden State Warriors @ Minnesota Timberwolves[0m
[96m  Game 7/8: New Orleans Pelicans @ San Antonio Spurs[0m
[92m✓ Fetched 48 player 3-pointers props (grouped)[0m

[96mAnalyzing 48 player props with REAL stats...[0m
[92m✓ Found 3 top OVER plays (A.I. Score >= 7.5)[0m
[92m✓ Found 1 top UNDER plays (A.I. Score >= 7.5)[0m
[93m  Skipped 3 props (no player stats found)[0m
[93m  Skipped 86 props (score below 7.5 or failed checks)[0m

[96m==========================================================================================[0m
[96m📊 TRACKING NEW PICKS[0m
[96m==========================================================================================[0m
[92m✓ Tracked 1 new picks[0m
[93m✓ Updated odds for 3 existing picks[0m

[1m[92m================================================================================[0m
[1m[92mTOP OVER PLAYS[0m
[1m[92m================================================================================[0m
  [96m 1. Klay Thompson            [0m | [92mOVER 2.5 3PT   [0m | Dallas Mavericks          vs Los Angeles Lakers        | [1mA.I.: 9.30[0m | Rating: 4.8 ⭐⭐
  [96m 2. Norman Powell            [0m | [92mOVER 2.5 3PT   [0m | Miami Heat                vs Utah Jazz                 | [1mA.I.: 8.30[0m | Rating: 2.5 
  [96m 3. Moses Moody              [0m | [92mOVER 1.5 3PT   [0m | Golden State Warriors     vs Minnesota Timberwolves    | [1mA.I.: 9.04[0m | Rating: 2.4 

[1m[91m================================================================================[0m
[1m[91mTOP UNDER PLAYS[0m
[1m[91m================================================================================[0m
  [96m 1. Pelle Larsson            [0m | [91mUNDER 1.5 3PT  [0m | Miami Heat                vs Utah Jazz                 | [1mA.I.: 8.10[0m | Rating: 2.3 

[96mGenerating HTML report...[0m

[92m✓ HTML report saved: /Users/rico/sports-models/nba/nba_3pt_props.html[0m

[1m[92m================================================================================[0m
[1m[92m✓ Model execution complete![0m
[1m[92m================================================================================[0m

✅ Completed: nba_3pt_props at Sat Jan 24 18:01:52 EST 2026

📤 Auto-pushing model outputs to GitHub...
[main 01566e47] Update model outputs - 2026-01-24 18:01:52
 Committer: Ricardo Hill <rico@MacBookAir.lan>
Your name and email address were configured automatically based
on your username and hostname. Please check that they are accurate.
You can suppress this message by setting them explicitly. Run the
following command and follow the instructions in your editor to edit
your configuration file:

    git config --global --edit

After doing this, you may fix the identity used for this commit with:

    git commit --amend --reset-author

 2 files changed, 107 insertions(+), 14 deletions(-)
To https://github.com/BangLetsGetIt/NBA-NCAA-Betting-Models.git
   fd184509..01566e47  main -> main
✅ Successfully pushed to GitHub!
✅ Auto-push succeeded at Sat Jan 24 18:01:53 EST 2026
