============================================================
Scheduler run: nba_3pt_props
Time: Tue Jan 27 15:00:01 EST 2026
Working dir: /Users/rico/sports-models/nba
Script: nba_3pt_props_model.py
============================================================

[1m[96m================================================================================[0m
[1m[96mNBA 3PT PROPS A.I. MODEL[0m
[1m[96m================================================================================[0m

[96m==========================================================================================[0m
[96m🎯 GRADING PENDING PICKS[0m
[96m==========================================================================================[0m

[93m📋 Found 11 pending picks...[0m

  Fetching team stats to verify completed games for 2025-12-16...
[96m  Fetching batch stats for 12/16/2025...[0m
  Fetching team stats to verify completed games for 2026-01-08...
[96m  Fetching batch stats for 01/08/2026...[0m
  Fetching team stats to verify completed games for 2026-01-14...
[96m  Fetching batch stats for 01/14/2026...[0m
  Fetching team stats to verify completed games for 2026-01-24...
[96m  Fetching batch stats for 01/24/2026...[0m
  Fetching team stats to verify completed games for 2026-01-27...

[93mNo picks ready for grading yet[0m

[96mFetching REAL NBA player 3-pointers statistics...[0m
[92m✓ Using cached player 3-pointers stats (less than 6 hours old)[0m

[96mFetching opponent 3-pointers factors...[0m
[92m✓ Using cached 3-pointers factors[0m

[96mFetching player 3-pointers prop odds...[0m
[96m  Found 7 upcoming games[0m
[96m  Filtered to 7 upcoming games[0m
[96m  Game 1/7: Portland Trail Blazers @ Washington Wizards[0m
[96m  Game 2/7: Sacramento Kings @ New York Knicks[0m
[96m  Game 3/7: Milwaukee Bucks @ Philadelphia 76ers[0m
[96m  Game 4/7: New Orleans Pelicans @ Oklahoma City Thunder[0m
[96m  Game 5/7: Brooklyn Nets @ Phoenix Suns[0m
[96m  Game 6/7: Detroit Pistons @ Denver Nuggets[0m
[96m  Game 7/7: Los Angeles Clippers @ Utah Jazz[0m
[92m✓ Fetched 60 player 3-pointers props (grouped)[0m

[96mAnalyzing 60 player props with REAL stats...[0m
[92m✓ Found 3 top OVER plays (A.I. Score >= 7.5)[0m
[92m✓ Found 0 top UNDER plays (A.I. Score >= 7.5)[0m
[93m  Skipped 1 props (no player stats found)[0m
[93m  Skipped 115 props (score below 7.5 or failed checks)[0m

[96m==========================================================================================[0m
[96m📊 TRACKING NEW PICKS[0m
[96m==========================================================================================[0m
[93m✓ Updated odds for 3 existing picks[0m

[1m[92m================================================================================[0m
[1m[92mTOP OVER PLAYS[0m
[1m[92m================================================================================[0m
  [96m 1. A.J. Green               [0m | [92mOVER 2.5 3PT   [0m | Philadelphia 76ers        vs Milwaukee Bucks           | [1mA.I.: 8.30[0m | Rating: 3.7 ⭐
  [96m 2. Jrue Holiday             [0m | [92mOVER 1.5 3PT   [0m | Portland Trail Blazers    vs Washington Wizards        | [1mA.I.: 7.69[0m | Rating: 3.7 ⭐
  [96m 3. Russell Westbrook        [0m | [92mOVER 1.5 3PT   [0m | Sacramento Kings          vs New York Knicks           | [1mA.I.: 9.05[0m | Rating: 2.4 

[1m[91m================================================================================[0m
[1m[91mTOP UNDER PLAYS[0m
[1m[91m================================================================================[0m

[96mGenerating HTML report...[0m

[92m✓ HTML report saved: /Users/rico/sports-models/nba/nba_3pt_props.html[0m

[1m[92m================================================================================[0m
[1m[92m✓ Model execution complete![0m
[1m[92m================================================================================[0m

✅ Completed: nba_3pt_props at Tue Jan 27 15:00:06 EST 2026

📤 Auto-pushing model outputs to GitHub...
[main ad25bd85] Update model outputs - 2026-01-27 15:00:06
 Committer: Ricardo Hill <rico@Ricos-M1-Mac-2.local>
Your name and email address were configured automatically based
on your username and hostname. Please check that they are accurate.
You can suppress this message by setting them explicitly. Run the
following command and follow the instructions in your editor to edit
your configuration file:

    git config --global --edit

After doing this, you may fix the identity used for this commit with:

    git commit --amend --reset-author

 2 files changed, 16 insertions(+), 88 deletions(-)
To https://github.com/BangLetsGetIt/NBA-NCAA-Betting-Models.git
   bbbc1fa2..ad25bd85  main -> main
✅ Successfully pushed to GitHub!
✅ Auto-push succeeded at Tue Jan 27 15:00:07 EST 2026
