============================================================
Scheduler run: nba_points_props
Time: Sat Jan 24 15:00:00 EST 2026
Working dir: /Users/rico/sports-models/nba
Script: nba_points_props_model.py
============================================================

[1m[96m================================================================================[0m
[1m[96mNBA POINTS PROPS A.I. MODEL[0m
[1m[96m================================================================================[0m

[96m==========================================================================================[0m
[96m🎯 GRADING PENDING PICKS (BATCH MODE)[0m
[96m==========================================================================================[0m

[93m📋 Found 34 pending picks...[0m


[96mProcessing 9 picks for 2025-12-16...[0m
[96m  Fetching batch stats for 12/16/2025...[0m
[93m  Error fetching batch stats for 2025-12-16: HTTPSConnectionPool(host='stats.nba.com', port=443): Read timed out. (read timeout=30)[0m
  Fetching team stats to verify completed games for 2025-12-16...
[93m  ⚠️  No stats found for 2025-12-16 yet[0m

[96mProcessing 2 picks for 2025-12-23...[0m
[96m  Fetching batch stats for 12/23/2025...[0m
  Fetching team stats to verify completed games for 2025-12-23...

[96mProcessing 1 picks for 2026-01-03...[0m
[96m  Fetching batch stats for 01/03/2026...[0m
  Fetching team stats to verify completed games for 2026-01-03...

[96mProcessing 2 picks for 2026-01-08...[0m
[96m  Fetching batch stats for 01/08/2026...[0m
  Fetching team stats to verify completed games for 2026-01-08...

[96mProcessing 1 picks for 2026-01-09...[0m
[96m  Fetching batch stats for 01/09/2026...[0m
  Fetching team stats to verify completed games for 2026-01-09...

[96mProcessing 3 picks for 2026-01-10...[0m
[96m  Fetching batch stats for 01/10/2026...[0m
  Fetching team stats to verify completed games for 2026-01-10...

[96mProcessing 1 picks for 2026-01-16...[0m
[96m  Fetching batch stats for 01/16/2026...[0m
  Fetching team stats to verify completed games for 2026-01-16...

[96mProcessing 2 picks for 2026-01-22...[0m
[96m  Fetching batch stats for 01/22/2026...[0m
  Fetching team stats to verify completed games for 2026-01-22...

[96mProcessing 2 picks for 2026-01-24...[0m
[96m  Fetching batch stats for 01/24/2026...[0m
  Fetching team stats to verify completed games for 2026-01-24...
    [91mLOSS[0m: Collin Sexton had 9 points (line: 12.5, bet: OVER) | Profit: -1.00 units
    [92mWIN[0m: Ryan Kalkbrenner had 8 points (line: 6.5, bet: OVER) | Profit: 0.81 units

[92m✓ Graded 2 picks[0m

[96mFetching REAL NBA player points statistics...[0m
[92m✓ Using cached player stats (less than 6 hours old)[0m

[96mFetching opponent defense factors...[0m
[92m✓ Using cached defense factors[0m

[96mFetching player points prop odds...[0m
[96m  Found 5 upcoming games[0m
[96m  Filtered to 4 upcoming games[0m
[96m  Game 1/5: Cleveland Cavaliers @ Orlando Magic[0m
[96m  Game 2/5: Boston Celtics @ Chicago Bulls[0m
[96m  Game 3/5: Los Angeles Lakers @ Dallas Mavericks[0m
[96m  Game 4/5: Miami Heat @ Utah Jazz[0m
[92m✓ Fetched 100 total player props[0m

[96mAnalyzing 100 player props with REAL stats...[0m
[92m✓ Found 4 top OVER plays (A.I. Score >= 10.0)[0m
[92m✓ Found 3 top UNDER plays (A.I. Score >= 10.0)[0m
[93m  Skipped 8 props (no player stats found)[0m
[93m  Skipped 170 props (score below 10.0)[0m

[96m==========================================================================================[0m
[96m📊 TRACKING NEW PICKS[0m
[96m==========================================================================================[0m
[93m✓ Updated odds for 1 existing picks[0m

[1m[92m================================================================================[0m
[1m[92mTOP OVER PLAYS[0m
[1m[92m================================================================================[0m
  [96m 1. Sam Merrill              [0m | [92mOVER 11.5 PTS  [0m | Cleveland Cavaliers vs Orlando Magic | [1mA.I.: 10.00[0m | Rating: 4.9 ⭐⭐
  [96m 2. Josh Giddey              [0m | [92mOVER 15.5 PTS  [0m | Chicago Bulls vs Boston Celtics | [1mA.I.: 10.00[0m | Rating: 4.9 ⭐⭐
  [96m 3. Ayo Dosunmu              [0m | [92mOVER 12.5 PTS  [0m | Chicago Bulls vs Boston Celtics | [1mA.I.: 10.00[0m | Rating: 4.9 ⭐⭐
  [96m 4. Jake LaRavia             [0m | [92mOVER 7.5 PTS   [0m | Los Angeles Lakers vs Dallas Mavericks | [1mA.I.: 10.00[0m | Rating: 4.9 ⭐⭐

[1m[91m================================================================================[0m
[1m[91mTOP UNDER PLAYS[0m
[1m[91m================================================================================[0m
  [96m 1. Ace Bailey               [0m | [91mUNDER 14.5 PTS [0m | Utah Jazz vs Miami Heat | [1mA.I.: 10.00[0m | Rating: 4.9 ⭐⭐
  [96m 2. Pelle Larsson            [0m | [91mUNDER 12.5 PTS [0m | Miami Heat vs Utah Jazz | [1mA.I.: 10.00[0m | Rating: 4.9 ⭐⭐
  [96m 3. Kyle Filipowski          [0m | [91mUNDER 11.5 PTS [0m | Utah Jazz vs Miami Heat | [1mA.I.: 10.00[0m | Rating: 4.9 ⭐⭐

[96mGenerating HTML report...[0m

[92m✓ HTML report saved: /Users/rico/sports-models/nba/nba_points_props.html[0m

[1m[92m================================================================================[0m
[1m[92m✓ Model execution complete![0m
[1m[92m================================================================================[0m

✅ Completed: nba_points_props at Sat Jan 24 15:11:58 EST 2026

📤 Auto-pushing model outputs to GitHub...
[main 228a01bd] Update model outputs - 2026-01-24 15:11:58
 Committer: Ricardo Hill <rico@MacBookAir.lan>
Your name and email address were configured automatically based
on your username and hostname. Please check that they are accurate.
You can suppress this message by setting them explicitly. Run the
following command and follow the instructions in your editor to edit
your configuration file:

    git config --global --edit

After doing this, you may fix the identity used for this commit with:

    git commit --amend --reset-author

 2 files changed, 76 insertions(+), 369 deletions(-)
To https://github.com/BangLetsGetIt/NBA-NCAA-Betting-Models.git
   06ebff09..228a01bd  main -> main
✅ Successfully pushed to GitHub!
✅ Auto-push succeeded at Sat Jan 24 15:11:59 EST 2026
