============================================================
Scheduler run: nba_rebounds_props
Time: Sun Dec 28 18:10:03 EST 2025
Working dir: /Users/rico/sports-models/nba
Script: nba_rebounds_props_model.py
============================================================

[1m[96m================================================================================[0m
[1m[96mNBA REBOUNDS PROPS A.I. MODEL[0m
[1m[96m================================================================================[0m

[96m==========================================================================================[0m
[96m🎯 GRADING PENDING PICKS[0m
[96m==========================================================================================[0m

[93m📋 Found 11 pending picks...[0m

  Fetching team stats to verify completed games for 2025-12-16...
[96m  Fetching batch stats for 12/16/2025...[0m
  Fetching team stats to verify completed games for 2025-12-28...
[96m  Fetching batch stats for 12/28/2025...[0m

[93mNo picks ready for grading yet[0m

[96mFetching REAL NBA player rebounding statistics...[0m
[96m  Fetching season rebounding stats...[0m
[96m  Fetching recent form (last 10 games)...[0m
[92m✓ Fetched REAL rebounding stats for 504 players[0m

[96mFetching opponent rebounding factors...[0m
[92m✓ Fetched rebounding factors for 30 teams[0m

[96mFetching player rebounds prop odds...[0m
[96m  Found 12 upcoming games[0m
[96m  Filtered to 9 upcoming games[0m
[96m  Game 1/10: Detroit Pistons @ Los Angeles Clippers[0m
[96m  Game 2/10: Sacramento Kings @ Los Angeles Lakers[0m
[96m  Game 3/10: Milwaukee Bucks @ Charlotte Hornets[0m
[96m  Game 4/10: Phoenix Suns @ Washington Wizards[0m
[96m  Game 5/10: Denver Nuggets @ Miami Heat[0m
[96m  Game 6/10: Minnesota Timberwolves @ Chicago Bulls[0m
[96m  Game 7/10: Cleveland Cavaliers @ San Antonio Spurs[0m
[96m  Game 8/10: Indiana Pacers @ Houston Rockets[0m
[96m  Game 9/10: New York Knicks @ New Orleans Pelicans[0m
[92m✓ Fetched 48 player rebounds props (grouped)[0m

[96mAnalyzing 48 player props with REAL stats...[0m
[92m✓ Found 0 top OVER plays (A.I. Score >= 10.0)[0m
[92m✓ Found 3 top UNDER plays (A.I. Score >= 10.0)[0m
[93m  Skipped 5 props (no player stats found)[0m
[93m  Skipped 83 props (score below 10.0 or failed checks)[0m

[96m==========================================================================================[0m
[96m📊 TRACKING NEW PICKS[0m
[96m==========================================================================================[0m
[92m✓ Tracked 1 new picks[0m
[93m✓ Updated odds for 1 existing picks[0m

[1m[92m================================================================================[0m
[1m[92mTOP OVER PLAYS[0m
[1m[92m================================================================================[0m

[1m[91m================================================================================[0m
[1m[91mTOP UNDER PLAYS[0m
[1m[91m================================================================================[0m
  [96m 1. Brook Lopez              [0m | [91mUNDER 4.5 REB  [0m | Los Angeles Clippers      vs Detroit Pistons           | [1mA.I.: 10.00[0m | Rating: 4.9 ⭐⭐
  [96m 2. LeBron James             [0m | [91mUNDER 6.5 REB  [0m | Los Angeles Lakers        vs Sacramento Kings          | [1mA.I.: 10.00[0m | Rating: 3.9 ⭐
  [96m 3. Keon Ellis               [0m | [91mUNDER 2.5 REB  [0m | Sacramento Kings          vs Los Angeles Lakers        | [1mA.I.: 10.00[0m | Rating: 3.8 ⭐

[96mGenerating HTML report...[0m

[92m✓ HTML report saved: /Users/rico/sports-models/nba/nba_rebounds_props.html[0m

[1m[92m================================================================================[0m
[1m[92m✓ Model execution complete![0m
[1m[92m================================================================================[0m

✅ Completed: nba_rebounds_props at Sun Dec 28 18:10:12 EST 2025

📤 Auto-pushing model outputs to GitHub...
[main 0253acf] Update model outputs - 2025-12-28 18:10:12
 Committer: Ricardo Hill <rico@Ricos-M1-Mac-2.local>
Your name and email address were configured automatically based
on your username and hostname. Please check that they are accurate.
You can suppress this message by setting them explicitly. Run the
following command and follow the instructions in your editor to edit
your configuration file:

    git config --global --edit

After doing this, you may fix the identity used for this commit with:

    git commit --amend --reset-author

 2 files changed, 36 insertions(+), 85 deletions(-)
To https://github.com/BangLetsGetIt/NBA-NCAA-Betting-Models.git
   8f1ef2e..0253acf  main -> main
✅ Successfully pushed to GitHub!
✅ Auto-push succeeded at Sun Dec 28 18:10:13 EST 2025
