============================================================
Scheduler run: nba_rebounds_props
Time: Tue Jan 27 18:10:20 EST 2026
Working dir: /Users/rico/sports-models/nba
Script: nba_rebounds_props_model.py
============================================================

[1m[96m================================================================================[0m
[1m[96mNBA REBOUNDS PROPS A.I. MODEL[0m
[1m[96m================================================================================[0m

[96m==========================================================================================[0m
[96m🎯 GRADING PENDING PICKS[0m
[96m==========================================================================================[0m

[93m📋 Found 12 pending picks...[0m

  Fetching team stats to verify completed games for 2025-12-16...
[96m  Fetching batch stats for 12/16/2025...[0m
  Fetching team stats to verify completed games for 2025-12-30...
[96m  Fetching batch stats for 12/30/2025...[0m
  Fetching team stats to verify completed games for 2026-01-08...
[96m  Fetching batch stats for 01/08/2026...[0m
  Fetching team stats to verify completed games for 2026-01-25...
[96m  Fetching batch stats for 01/25/2026...[0m
  Fetching team stats to verify completed games for 2026-01-27...

[93mNo picks ready for grading yet[0m

[96mFetching REAL NBA player rebounding statistics...[0m
[96m  Fetching season rebounding stats...[0m
[96m  Fetching recent form (last 10 games)...[0m
[92m✓ Fetched REAL rebounding stats for 513 players[0m

[96mFetching opponent rebounding factors...[0m
[92m✓ Fetched rebounding factors for 30 teams[0m

[96mFetching player rebounds prop odds...[0m
[96m  Found 8 upcoming games[0m
[96m  Filtered to 8 upcoming games[0m
[96m  Game 1/8: Portland Trail Blazers @ Washington Wizards[0m
[96m  Game 2/8: Sacramento Kings @ New York Knicks[0m
[96m  Game 3/8: Milwaukee Bucks @ Philadelphia 76ers[0m
[96m  Game 4/8: New Orleans Pelicans @ Oklahoma City Thunder[0m
[96m  Game 5/8: Brooklyn Nets @ Phoenix Suns[0m
[96m  Game 6/8: Detroit Pistons @ Denver Nuggets[0m
[96m  Game 7/8: Los Angeles Clippers @ Utah Jazz[0m
[96m  Game 8/8: Los Angeles Lakers @ Cleveland Cavaliers[0m
[92m✓ Fetched 85 player rebounds props (grouped)[0m

[96mAnalyzing 85 player props with REAL stats...[0m
[92m✓ Found 0 top OVER plays (A.I. Score >= 10.0)[0m
[92m✓ Found 3 top UNDER plays (A.I. Score >= 10.0)[0m
[93m  Skipped 1 props (no player stats found)[0m
[93m  Skipped 165 props (score below 10.0 or failed checks)[0m

[96m==========================================================================================[0m
[96m📊 TRACKING NEW PICKS[0m
[96m==========================================================================================[0m
[92m✓ Tracked 1 new picks[0m
[93m✓ Updated odds for 2 existing picks[0m

[1m[92m================================================================================[0m
[1m[92mTOP OVER PLAYS[0m
[1m[92m================================================================================[0m

[1m[91m================================================================================[0m
[1m[91mTOP UNDER PLAYS[0m
[1m[91m================================================================================[0m
  [96m 1. Isaiah Collier           [0m | [91mUNDER 3.5 REB  [0m | Utah Jazz                 vs Los Angeles Clippers      | [1mA.I.: 10.00[0m | Rating: 4.0 ⭐⭐
  [96m 2. Oso Ighodaro             [0m | [91mUNDER 5.5 REB  [0m | Phoenix Suns              vs Brooklyn Nets             | [1mA.I.: 10.00[0m | Rating: 3.9 ⭐
  [96m 3. Kenrich Williams         [0m | [91mUNDER 5.5 REB  [0m | Oklahoma City Thunder     vs New Orleans Pelicans      | [1mA.I.: 10.00[0m | Rating: 3.8 ⭐

[96mGenerating HTML report...[0m

[92m✓ HTML report saved: /Users/rico/sports-models/nba/nba_rebounds_props.html[0m

[1m[92m================================================================================[0m
[1m[92m✓ Model execution complete![0m
[1m[92m================================================================================[0m

✅ Completed: nba_rebounds_props at Tue Jan 27 18:10:33 EST 2026

📤 Auto-pushing model outputs to GitHub...
[main bdecb1fe] Update model outputs - 2026-01-27 18:10:33
 Committer: Ricardo Hill <rico@Ricos-M1-Mac-2.local>
Your name and email address were configured automatically based
on your username and hostname. Please check that they are accurate.
You can suppress this message by setting them explicitly. Run the
following command and follow the instructions in your editor to edit
your configuration file:

    git config --global --edit

After doing this, you may fix the identity used for this commit with:

    git commit --amend --reset-author

 2 files changed, 66 insertions(+), 113 deletions(-)
To https://github.com/BangLetsGetIt/NBA-NCAA-Betting-Models.git
   135e20e6..bdecb1fe  main -> main
✅ Successfully pushed to GitHub!
✅ Auto-push succeeded at Tue Jan 27 18:10:34 EST 2026
