============================================================
Scheduler run: nba_main_model
Time: Tue Jan 27 18:22:57 EST 2026
Working dir: /Users/rico/sports-models/nba
Script: nba_model_IMPROVED.py
============================================================

[1m==========================================================================================[0m
[1m[96m🎲 IMPROVED NBA BETTING MODEL 🎲[0m
[1m[92m⚡ Enhanced Stats + Rest Days + Stricter Filters ⚡[0m
[1m==========================================================================================[0m

[1m[96mSTEP 1: Checking for Completed Games[0m

[96m==========================================================================================[0m
[96m🔄 UPDATING RESULTS FOR COMPLETED GAMES[0m
[96m==========================================================================================[0m

[93m📋 Checking 11 pending picks...[0m
[96mFetching completed NBA game scores (via NBA API)...[0m
[92m✓ Found 13 completed games (Free API)[0m
[92m✓ Tracking data saved to /Users/rico/sports-models/nba/nba_picks_tracking.json[0m
[93mNo picks were updated (games may not be complete yet)[0m
[92m✓ Tracking dashboard saved: /Users/rico/sports-models/nba/nba_tracking_dashboard.html[0m

[1m[96mSTEP 2: Fetching Composite Stats (Season + Form)[0m
[92m✓ Using cached composite stats (less than 6 hours old)[0m

[1m[96mSTEP 3: Fetching Home/Away Splits[0m
[96m🔄 Fetching home/away splits from stats.nba.com...[0m
[92m✓ Fetched and cached home/away splits[0m

[1m[96mSTEP 4: Fetching Team Schedules (Rest Days)[0m

[1m[96mSTEP 5: Fetching Live Odds (Next 2 Days)[0m
[92m✓ Fetched odds for 9 total games[0m
[92m✓ Filtered to 9 games in next 2 days[0m

[1m[96mSTEP 6: Processing Games & Generating Picks[0m

[91m❌ Missing stats for Utah Jazz or Los Angeles Clippers[0m
[91m❌ Missing stats for Utah Jazz or Los Angeles Clippers[0m
[91m❌ Skipping Los Angeles Clippers @ Utah Jazz - missing model data[0m
[92m✓ Tracking data saved to /Users/rico/sports-models/nba/nba_picks_tracking.json[0m
[92m📝 LOGGED PICK: ✅ BET: Indiana Pacers +1.5 (Edge: +10.2)[0m
[92m✓ Tracking data saved to /Users/rico/sports-models/nba/nba_picks_tracking.json[0m
[92m📝 LOGGED PICK: ✅ BET: Cleveland Cavaliers -2.5 (Edge: +13.4)[0m
[92m✓ Tracking data saved to /Users/rico/sports-models/nba/nba_picks_tracking.json[0m
[92m✓ Updated CLV data for existing picks[0m

[1m[92m✅ Analyzed 8 games with complete odds[0m

[93m📊 All picks sorted by A.I. Rating (quality/confidence first)[0m


[1m==========================================================================================[0m
[1m[93m🏀 NBA MODEL PREDICTIONS 🏀[0m
[1m==========================================================================================[0m

[1m[96mBrooklyn Nets @ Phoenix Suns[0m
  🕐 01/27/26 09:10 PM EST
  [92m[1m🎯 A.I. Rating: 4.9 ⭐⭐ (PREMIUM PLAY)[0m
  📊 Spread: Market -8.5 | Model +8.4
  🎯 Total: Market 210.5 | Model 229.2
  [93m⚠️ NO BET - Too close to call[0m
     [96mEdge too small (-0.1)[0m
  [92m✅ BET: OVER 210.5[0m
     [96mModel projects 229 total points, bet the OVER[0m
  📈 Predicted: Brooklyn Nets 110, Phoenix Suns 119

[1m[96mDetroit Pistons @ Denver Nuggets[0m
  🕐 01/27/26 09:10 PM EST
  [92m[1m🎯 A.I. Rating: 4.9 ⭐⭐ (PREMIUM PLAY)[0m
  [0m➖ NEUTRAL: Denver Nuggets - Average performance: 5-5 (50%) | -0.50u over 10 picks[0m
  📊 Spread: Market +7.0 | Model +5.6
  🎯 Total: Market 215.5 | Model 231.9
  [92m✅ BET: Denver Nuggets +7.0[0m
     [96mModel projects Denver Nuggets to win outright, easily covering +7.0.[0m
  [92m✅ BET: OVER 215.5[0m
     [96mModel projects 232 total points, bet the OVER[0m
  📈 Predicted: Detroit Pistons 113, Denver Nuggets 119

[1m[96mNew Orleans Pelicans @ Oklahoma City Thunder[0m
  🕐 01/27/26 08:10 PM EST
  [92m[1m🎯 A.I. Rating: 4.8 ⭐⭐ (PREMIUM PLAY)[0m
  [93m⚠️ CAUTION: Oklahoma City Thunder - Below average: 4-6 (40%) | -2.60u over 10 picks[0m
  📊 Spread: Market -15.0 | Model +29.4
  🎯 Total: Market 233.5 | Model 229.7
  [92m✅ BET: Oklahoma City Thunder -15.0[0m
     [96mModel projects Oklahoma City Thunder to win by 29.4, covering -15.0.[0m
  [93m⚠️ NO BET - Too close to call[0m
  📈 Predicted: New Orleans Pelicans 100, Oklahoma City Thunder 130

[1m[96mMilwaukee Bucks @ Philadelphia 76ers[0m
  🕐 01/27/26 08:10 PM EST
  [92m[1m🎯 A.I. Rating: 4.7 ⭐⭐ (PREMIUM PLAY)[0m
  [91m🚫 COLD: Milwaukee Bucks - Poor performer: 2-9 (18%) | -7.99u over 11 picks[0m
  📊 Spread: Market -9.5 | Model -1.3
  🎯 Total: Market 219.5 | Model 233.7
  [92m✅ BET: Milwaukee Bucks +9.5[0m
     [96mModel projects Philadelphia 76ers to win by only 1.3, not enough to cover -9.5.[0m
  [92m✅ BET: OVER 219.5[0m
     [96mModel projects 234 total points, bet the OVER[0m
  📈 Predicted: Milwaukee Bucks 118, Philadelphia 76ers 116

[1m[96mLos Angeles Lakers @ Cleveland Cavaliers[0m
  🕐 01/28/26 07:10 PM EST
  [92m[1m🎯 A.I. Rating: 4.6 ⭐⭐ (PREMIUM PLAY)[0m
  [96m📊 NEUTRAL+: Cleveland Cavaliers - Slightly above average: 10-9 (53%) | +0.10u over 19 picks[0m
  📊 Spread: Market -2.5 | Model +15.9
  🎯 Total: Market 233.5 | Model 232.7
  [92m✅ BET: Cleveland Cavaliers -2.5[0m
     [96mModel projects Cleveland Cavaliers to win by 15.9, covering -2.5.[0m
  [93m⚠️ NO BET - Too close to call[0m
  📈 Predicted: Los Angeles Lakers 108, Cleveland Cavaliers 124

[1m[96mChicago Bulls @ Indiana Pacers[0m
  🕐 01/28/26 07:10 PM EST
  [92m[1m🎯 A.I. Rating: 4.0 ⭐⭐ (STRONG PLAY)[0m
  [96m📊 NEUTRAL+: Indiana Pacers - Slightly above average: 12-9 (57%) | +2.10u over 21 picks[0m
  📊 Spread: Market +1.5 | Model +8.7
  🎯 Total: Market 236.5 | Model 237.2
  [92m✅ BET: Indiana Pacers +1.5[0m
     [96mModel projects Indiana Pacers to win outright, easily covering +1.5.[0m
  [93m⚠️ NO BET - Too close to call[0m
  📈 Predicted: Chicago Bulls 114, Indiana Pacers 123

[1m[96mPortland Trail Blazers @ Washington Wizards[0m
  🕐 01/27/26 07:10 PM EST
  [93m[1m🎯 A.I. Rating: 3.3 ⭐ (STANDARD PLAY)[0m
  📊 Spread: Market +6.0 | Model -3.7
  🎯 Total: Market 233.0 | Model 226.3
  [93m⚠️ NO BET - Too close to call[0m
     [96mEdge too small (+2.3)[0m
  [93m⚠️ NO BET - Too close to call[0m
  📈 Predicted: Portland Trail Blazers 115, Washington Wizards 111

[1m[96mSacramento Kings @ New York Knicks[0m
  🕐 01/27/26 07:40 PM EST
  [93m[1m🎯 A.I. Rating: 3.0 ⭐ (STANDARD PLAY)[0m
  📊 Spread: Market -14.5 | Model +9.6
  🎯 Total: Market 226.0 | Model 227.2
  [93m⚠️ NO BET - Too close to call[0m
     [96mEdge too small (-4.9)[0m
  [93m⚠️ NO BET - Too close to call[0m
  📈 Predicted: Sacramento Kings 109, New York Knicks 118

[92m✓ CSV saved: /Users/rico/sports-models/nba/nba_model_output.csv[0m
Loaded 10 Auto-Bet teams: Brooklyn Nets, Indiana Pacers, Minnesota Timberwolves, New Orleans Pelicans, Orlando Magic...
[92m✓ HTML saved: /Users/rico/sports-models/nba/nba_model_output.html[0m

[1m[96mSTEP 7: Generating Final Tracking Dashboard[0m
[92m✓ Tracking dashboard saved: /Users/rico/sports-models/nba/nba_tracking_dashboard.html[0m

[1m==========================================================================================[0m
[1m[93m📊 TRACKING SUMMARY 📊[0m
[1m==========================================================================================[0m
[92mTotal Tracked Bets: 469[0m
[92mRecord: 231-224-3[0m
[92mWin Rate: 50.8%[0m
[91mProfit: -16.24 units[0m
[91mROI: -3.2%[0m
[1m==========================================================================================[0m

[96mUpdating unified dashboard...[0m
[92m✓ Dashboard updated[0m

✅ Completed: nba_main_model at Tue Jan 27 18:23:24 EST 2026

📤 Auto-pushing model outputs to GitHub...
[main 883fd3cc] Update model outputs - 2026-01-27 18:23:24
 Committer: Ricardo Hill <rico@Ricos-M1-Mac-2.local>
Your name and email address were configured automatically based
on your username and hostname. Please check that they are accurate.
You can suppress this message by setting them explicitly. Run the
following command and follow the instructions in your editor to edit
your configuration file:

    git config --global --edit

After doing this, you may fix the identity used for this commit with:

    git commit --amend --reset-author

 4 files changed, 221 insertions(+), 19 deletions(-)
To https://github.com/BangLetsGetIt/NBA-NCAA-Betting-Models.git
   bdecb1fe..883fd3cc  main -> main
✅ Successfully pushed to GitHub!
✅ Auto-push succeeded at Tue Jan 27 18:23:25 EST 2026
