============================================================
Scheduler run: nba_assists_props
Time: Thu Jan 15 15:05:03 EST 2026
Working dir: /Users/rico/sports-models/nba
Script: nba_assists_props_model.py
============================================================

[1m[96m================================================================================[0m
[1m[96mNBA ASSISTS PROPS A.I. MODEL[0m
[1m[96m================================================================================[0m

[96m==========================================================================================[0m
[96m🎯 GRADING PENDING PICKS[0m
[96m==========================================================================================[0m

[93m📋 Found 4 pending picks...[0m

  Fetching team stats to verify completed games for 2025-12-16...
[93m  ⚠ Could not find stats for De'Aaron Fox on 2025-12-16[0m
  Fetching team stats to verify completed games for 2026-01-15...

[93mNo picks ready for grading yet[0m

[96mFetching REAL NBA player assists statistics...[0m
[92m✓ Using cached player assists stats (less than 6 hours old)[0m

[96mFetching opponent assists factors...[0m
[92m✓ Using cached assists factors[0m

[96mFetching player assists prop odds...[0m
[96m  Found 9 upcoming games[0m
[96m  Filtered to 8 upcoming games[0m
[96m  Game 1/9: Phoenix Suns @ Detroit Pistons[0m
[96m  Game 2/9: Boston Celtics @ Miami Heat[0m
[96m  Game 3/9: Oklahoma City Thunder @ Houston Rockets[0m
[96m  Game 4/9: Milwaukee Bucks @ San Antonio Spurs[0m
[96m  Game 5/9: Utah Jazz @ Dallas Mavericks[0m
[96m  Game 6/9: Atlanta Hawks @ Portland Trail Blazers[0m
[96m  Game 7/9: New York Knicks @ Golden State Warriors[0m
[96m  Game 8/9: Charlotte Hornets @ Los Angeles Lakers[0m
[92m✓ Fetched 62 player assists props (grouped)[0m

[96mAnalyzing 62 player props with REAL stats...[0m
[92m✓ Found 0 top OVER plays (A.I. Score >= 10.0)[0m
[92m✓ Found 1 top UNDER plays (A.I. Score >= 10.0)[0m
[93m  Skipped 2 props (no player stats found)[0m
[93m  Skipped 119 props (score below 10.0 or failed checks)[0m

[96m==========================================================================================[0m
[96m📊 TRACKING NEW PICKS[0m
[96m==========================================================================================[0m
[93m✓ Updated odds for 1 existing picks[0m

[1m[92m================================================================================[0m
[1m[92mTOP OVER PLAYS[0m
[1m[92m================================================================================[0m

[1m[91m================================================================================[0m
[1m[91mTOP UNDER PLAYS[0m
[1m[91m================================================================================[0m
  [96m 1. Tyler Herro              [0m | [91mUNDER 4.5 AST  [0m | Miami Heat                vs Boston Celtics            | [1mA.I.: 10.00[0m | Rating: 4.9 ⭐⭐

[96mGenerating HTML report...[0m

[92m✓ HTML report saved: /Users/rico/sports-models/nba/nba_assists_props.html[0m

[1m[92m================================================================================[0m
[1m[92m✓ Model execution complete![0m
[1m[92m================================================================================[0m

✅ Completed: nba_assists_props at Thu Jan 15 15:05:06 EST 2026

📤 Auto-pushing model outputs to GitHub...
[main c9f8a7c] Update model outputs - 2026-01-15 15:05:06
 Committer: Ricardo Hill <rico@Ricos-M1-Mac-2.local>
Your name and email address were configured automatically based
on your username and hostname. Please check that they are accurate.
You can suppress this message by setting them explicitly. Run the
following command and follow the instructions in your editor to edit
your configuration file:

    git config --global --edit

After doing this, you may fix the identity used for this commit with:

    git commit --amend --reset-author

 2 files changed, 7 insertions(+), 67 deletions(-)
To https://github.com/BangLetsGetIt/NBA-NCAA-Betting-Models.git
   15e110b..c9f8a7c  main -> main
✅ Successfully pushed to GitHub!
✅ Auto-push succeeded at Thu Jan 15 15:05:07 EST 2026
