============================================================
Scheduler run: nba_3pt_props
Time: Sun Jan 25 02:50:00 EST 2026
Working dir: /Users/rico/sports-models/nba
Script: nba_3pt_props_model.py
============================================================

[1m[96m================================================================================[0m
[1m[96mNBA 3PT PROPS A.I. MODEL[0m
[1m[96m================================================================================[0m

[96m==========================================================================================[0m
[96m🎯 GRADING PENDING PICKS[0m
[96m==========================================================================================[0m

[93m📋 Found 11 pending picks...[0m

  Fetching team stats to verify completed games for 2025-12-16...
[96m  Fetching batch stats for 12/16/2025...[0m
  Fetching team stats to verify completed games for 2026-01-08...
[96m  Fetching batch stats for 01/08/2026...[0m
  Fetching team stats to verify completed games for 2026-01-14...
[96m  Fetching batch stats for 01/14/2026...[0m
  Fetching team stats to verify completed games for 2026-01-24...
[96m  Fetching batch stats for 01/24/2026...[0m
    [91mLOSS[0m: Norman Powell had 0 3-pointers (line: 2.5, bet: OVER) | Profit: -1.00 units
    [91mLOSS[0m: Pelle Larsson had 3 3-pointers (line: 1.5, bet: UNDER) | Profit: -1.00 units
  Fetching team stats to verify completed games for 2026-01-25...

[92m✓ Graded 2 picks[0m

[96mFetching REAL NBA player 3-pointers statistics...[0m
[96m  Fetching season 3-pointers stats...[0m
[96m  Fetching recent form (last 10 games)...[0m
[92m✓ Fetched REAL 3-pointers stats for 513 players[0m

[96mFetching opponent 3-pointers factors...[0m
[92m✓ Fetched 3-pointers factors for 30 teams[0m

[96mFetching player 3-pointers prop odds...[0m
[96m  Found 8 upcoming games[0m
[96m  Filtered to 8 upcoming games[0m
[96m  Game 1/8: Sacramento Kings @ Detroit Pistons[0m
[96m  Game 2/8: Denver Nuggets @ Memphis Grizzlies[0m
[96m  Game 3/8: Golden State Warriors @ Minnesota Timberwolves[0m
[96m  Game 4/8: Dallas Mavericks @ Milwaukee Bucks[0m
[96m  Game 5/8: New Orleans Pelicans @ San Antonio Spurs[0m
[96m  Game 6/8: Toronto Raptors @ Oklahoma City Thunder[0m
[96m  Game 7/8: Miami Heat @ Phoenix Suns[0m
[96m  Game 8/8: Brooklyn Nets @ Los Angeles Clippers[0m
[92m✓ Fetched 76 player 3-pointers props (grouped)[0m

[96mAnalyzing 76 player props with REAL stats...[0m
[92m✓ Found 2 top OVER plays (A.I. Score >= 7.5)[0m
[92m✓ Found 0 top UNDER plays (A.I. Score >= 7.5)[0m
[93m  Skipped 1 props (no player stats found)[0m
[93m  Skipped 148 props (score below 7.5 or failed checks)[0m

[96m==========================================================================================[0m
[96m📊 TRACKING NEW PICKS[0m
[96m==========================================================================================[0m
[93m✓ Updated odds for 2 existing picks[0m

[1m[92m================================================================================[0m
[1m[92mTOP OVER PLAYS[0m
[1m[92m================================================================================[0m
  [96m 1. Trey Murphy III          [0m | [92mOVER 2.5 3PT   [0m | New Orleans Pelicans      vs San Antonio Spurs         | [1mA.I.: 10.00[0m | Rating: 4.0 ⭐⭐
  [96m 2. Russell Westbrook        [0m | [92mOVER 1.5 3PT   [0m | Sacramento Kings          vs Detroit Pistons           | [1mA.I.: 8.05[0m | Rating: 2.7 

[1m[91m================================================================================[0m
[1m[91mTOP UNDER PLAYS[0m
[1m[91m================================================================================[0m

[96mGenerating HTML report...[0m

[92m✓ HTML report saved: /Users/rico/sports-models/nba/nba_3pt_props.html[0m

[1m[92m================================================================================[0m
[1m[92m✓ Model execution complete![0m
[1m[92m================================================================================[0m

✅ Completed: nba_3pt_props at Sun Jan 25 02:50:15 EST 2026

📤 Auto-pushing model outputs to GitHub...
[main 9ad9da7a] Update model outputs - 2026-01-25 02:50:15
 Committer: Ricardo Hill <rico@MacBookAir.lan>
Your name and email address were configured automatically based
on your username and hostname. Please check that they are accurate.
You can suppress this message by setting them explicitly. Run the
following command and follow the instructions in your editor to edit
your configuration file:

    git config --global --edit

After doing this, you may fix the identity used for this commit with:

    git commit --amend --reset-author

 2 files changed, 46 insertions(+), 112 deletions(-)
To https://github.com/BangLetsGetIt/NBA-NCAA-Betting-Models.git
   48ccde0e..9ad9da7a  main -> main
✅ Successfully pushed to GitHub!
✅ Auto-push succeeded at Sun Jan 25 02:50:16 EST 2026
