============================================================
Scheduler run: nba_rebounds_props
Time: Wed Dec 31 15:10:04 EST 2025
Working dir: /Users/rico/sports-models/nba
Script: nba_rebounds_props_model.py
============================================================

[1m[96m================================================================================[0m
[1m[96mNBA REBOUNDS PROPS A.I. MODEL[0m
[1m[96m================================================================================[0m

[96m==========================================================================================[0m
[96m🎯 GRADING PENDING PICKS[0m
[96m==========================================================================================[0m

[93m📋 Found 9 pending picks...[0m

  Fetching team stats to verify completed games for 2025-12-16...
[96m  Fetching batch stats for 12/16/2025...[0m
  Fetching team stats to verify completed games for 2025-12-30...
[96m  Fetching batch stats for 12/30/2025...[0m
  Fetching team stats to verify completed games for 2025-12-31...
[96m  Fetching batch stats for 12/31/2025...[0m

[93mNo picks ready for grading yet[0m

[96mFetching REAL NBA player rebounding statistics...[0m
[96m  Fetching season rebounding stats...[0m
[96m  Fetching recent form (last 10 games)...[0m
[92m✓ Fetched REAL rebounding stats for 505 players[0m

[96mFetching opponent rebounding factors...[0m
[92m✓ Fetched rebounding factors for 30 teams[0m

[96mFetching player rebounds prop odds...[0m
[96m  Found 9 upcoming games[0m
[96m  Filtered to 6 upcoming games[0m
[96m  Game 1/9: Phoenix Suns @ Cleveland Cavaliers[0m
[96m  Game 2/9: New Orleans Pelicans @ Chicago Bulls[0m
[96m  Game 3/9: New York Knicks @ San Antonio Spurs[0m
[96m  Game 4/9: Denver Nuggets @ Toronto Raptors[0m
[96m  Game 5/9: Washington Wizards @ Milwaukee Bucks[0m
[96m  Game 6/9: Portland Trail Blazers @ Oklahoma City Thunder[0m
[92m✓ Fetched 87 player rebounds props (grouped)[0m

[96mAnalyzing 87 player props with REAL stats...[0m
[92m✓ Found 0 top OVER plays (A.I. Score >= 10.0)[0m
[92m✓ Found 3 top UNDER plays (A.I. Score >= 10.0)[0m
[93m  Skipped 2 props (no player stats found)[0m
[93m  Skipped 167 props (score below 10.0 or failed checks)[0m

[96m==========================================================================================[0m
[96m📊 TRACKING NEW PICKS[0m
[96m==========================================================================================[0m
[92m✓ Tracked 1 new picks[0m
[93m✓ Updated odds for 1 existing picks[0m

[1m[92m================================================================================[0m
[1m[92mTOP OVER PLAYS[0m
[1m[92m================================================================================[0m

[1m[91m================================================================================[0m
[1m[91mTOP UNDER PLAYS[0m
[1m[91m================================================================================[0m
  [96m 1. Peyton Watson            [0m | [91mUNDER 5.5 REB  [0m | Denver Nuggets            vs Toronto Raptors           | [1mA.I.: 10.00[0m | Rating: 4.9 ⭐⭐
  [96m 2. Jarrett Allen            [0m | [91mUNDER 8.5 REB  [0m | Cleveland Cavaliers       vs Phoenix Suns              | [1mA.I.: 10.00[0m | Rating: 4.6 ⭐⭐
  [96m 3. Isaac Okoro              [0m | [91mUNDER 3.5 REB  [0m | Chicago Bulls             vs New Orleans Pelicans      | [1mA.I.: 10.00[0m | Rating: 3.5 ⭐

[96mGenerating HTML report...[0m

[92m✓ HTML report saved: /Users/rico/sports-models/nba/nba_rebounds_props.html[0m

[1m[92m================================================================================[0m
[1m[92m✓ Model execution complete![0m
[1m[92m================================================================================[0m

✅ Completed: nba_rebounds_props at Wed Dec 31 15:10:16 EST 2025

📤 Auto-pushing model outputs to GitHub...
[main 02fbc1e] Update model outputs - 2025-12-31 15:10:16
 Committer: Ricardo Hill <rico@Ricos-M1-Mac-2.local>
Your name and email address were configured automatically based
on your username and hostname. Please check that they are accurate.
You can suppress this message by setting them explicitly. Run the
following command and follow the instructions in your editor to edit
your configuration file:

    git config --global --edit

After doing this, you may fix the identity used for this commit with:

    git commit --amend --reset-author

 2 files changed, 106 insertions(+), 14 deletions(-)
To https://github.com/BangLetsGetIt/NBA-NCAA-Betting-Models.git
   91e5a9d..02fbc1e  main -> main
✅ Successfully pushed to GitHub!
✅ Auto-push succeeded at Wed Dec 31 15:10:17 EST 2025
