============================================================
Scheduler run: nba_rebounds_props
Time: Wed Jan 21 02:45:04 EST 2026
Working dir: /Users/rico/sports-models/nba
Script: nba_rebounds_props_model.py
============================================================

[1m[96m================================================================================[0m
[1m[96mNBA REBOUNDS PROPS A.I. MODEL[0m
[1m[96m================================================================================[0m

[96m==========================================================================================[0m
[96m🎯 GRADING PENDING PICKS[0m
[96m==========================================================================================[0m

[93m📋 Found 23 pending picks...[0m

  Fetching team stats to verify completed games for 2025-12-16...
[96m  Fetching batch stats for 12/16/2025...[0m
  Fetching team stats to verify completed games for 2025-12-30...
[96m  Fetching batch stats for 12/30/2025...[0m
  Fetching team stats to verify completed games for 2026-01-01...
[96m  Fetching batch stats for 01/01/2026...[0m
  Fetching team stats to verify completed games for 2026-01-08...
[96m  Fetching batch stats for 01/08/2026...[0m
  Fetching team stats to verify completed games for 2026-01-20...
[96m  Fetching batch stats for 01/20/2026...[0m
    [91mLOSS[0m: Adem Bona had 10 rebounds (line: 5.5, bet: UNDER) | Profit: -1.00 units
[93m  ⚠️  Player Josh Giddey has no stats but game is final -> Marking as DNP/Void[0m
[93m  ⚠️  Player Josh Giddey has no stats but game is final -> Marking as DNP/Void[0m
    [91mLOSS[0m: Kyle Filipowski had 8 rebounds (line: 7.5, bet: UNDER) | Profit: -1.00 units
[93m  ⚠️  Player Taylor Hendricks has no stats but game is final -> Marking as DNP/Void[0m
    [91mLOSS[0m: Sandro Mamukelashvili had 12 rebounds (line: 7.5, bet: UNDER) | Profit: -1.00 units
    [92mWIN[0m: Ochai Agbaji had 0 rebounds (line: 3.5, bet: UNDER) | Profit: 0.52 units
    [92mWIN[0m: Buddy Hield had 1 rebounds (line: 3.5, bet: UNDER) | Profit: 0.86 units
    [91mLOSS[0m: Quinten Post had 7 rebounds (line: 5.5, bet: UNDER) | Profit: -1.00 units
    [92mWIN[0m: Will Richard had 0 rebounds (line: 4.5, bet: UNDER) | Profit: 0.60 units
    [92mWIN[0m: Scottie Barnes had 7 rebounds (line: 9.5, bet: UNDER) | Profit: 0.60 units
[93m  ⚠️  Player Kel'el Ware has no stats but game is final -> Marking as DNP/Void[0m
    [92mWIN[0m: Maxime Raynaud had 8 rebounds (line: 5.5, bet: OVER) | Profit: 0.64 units

[92m✓ Graded 13 picks[0m

[96mFetching REAL NBA player rebounding statistics...[0m
[96m  Fetching season rebounding stats...[0m
[96m  Fetching recent form (last 10 games)...[0m
[92m✓ Fetched REAL rebounding stats for 513 players[0m

[96mFetching opponent rebounding factors...[0m
[92m✓ Fetched rebounding factors for 30 teams[0m

[96mFetching player rebounds prop odds...[0m
[96m  Found 7 upcoming games[0m
[96m  Filtered to 7 upcoming games[0m
[96m  Game 1/7: Cleveland Cavaliers @ Charlotte Hornets[0m
[96m  Game 2/7: Indiana Pacers @ Boston Celtics[0m
[96m  Game 3/7: Brooklyn Nets @ New York Knicks[0m
[96m  Game 4/7: Atlanta Hawks @ Memphis Grizzlies[0m
[96m  Game 5/7: Detroit Pistons @ New Orleans Pelicans[0m
[96m  Game 6/7: Oklahoma City Thunder @ Milwaukee Bucks[0m
[96m  Game 7/7: Toronto Raptors @ Sacramento Kings[0m
[92m✓ Fetched 87 player rebounds props (grouped)[0m

[96mAnalyzing 87 player props with REAL stats...[0m
[92m✓ Found 1 top OVER plays (A.I. Score >= 10.0)[0m
[92m✓ Found 0 top UNDER plays (A.I. Score >= 10.0)[0m
[93m  Skipped 3 props (no player stats found)[0m
[93m  Skipped 167 props (score below 10.0 or failed checks)[0m

[96m==========================================================================================[0m
[96m📊 TRACKING NEW PICKS[0m
[96m==========================================================================================[0m
[92m✓ Tracked 1 new picks[0m

[1m[92m================================================================================[0m
[1m[92mTOP OVER PLAYS[0m
[1m[92m================================================================================[0m
  [96m 1. Trey Murphy III          [0m | [92mOVER 4.5 REB   [0m | New Orleans Pelicans      vs Detroit Pistons           | [1mA.I.: 10.00[0m | Rating: 4.9 ⭐⭐

[1m[91m================================================================================[0m
[1m[91mTOP UNDER PLAYS[0m
[1m[91m================================================================================[0m

[96mGenerating HTML report...[0m

[92m✓ HTML report saved: /Users/rico/sports-models/nba/nba_rebounds_props.html[0m

[1m[92m================================================================================[0m
[1m[92m✓ Model execution complete![0m
[1m[92m================================================================================[0m

✅ Completed: nba_rebounds_props at Wed Jan 21 02:45:34 EST 2026

📤 Auto-pushing model outputs to GitHub...
[main 79318e0] Update model outputs - 2026-01-21 02:45:34
 Committer: Ricardo Hill <rico@Ricos-M1-Mac-2.local>
Your name and email address were configured automatically based
on your username and hostname. Please check that they are accurate.
You can suppress this message by setting them explicitly. Run the
following command and follow the instructions in your editor to edit
your configuration file:

    git config --global --edit

After doing this, you may fix the identity used for this commit with:

    git commit --amend --reset-author

 2 files changed, 125 insertions(+), 811 deletions(-)
To https://github.com/BangLetsGetIt/NBA-NCAA-Betting-Models.git
   09cf0de..79318e0  main -> main
✅ Successfully pushed to GitHub!
✅ Auto-push succeeded at Wed Jan 21 02:45:35 EST 2026
