============================================================
Scheduler run: nba_points_props
Time: Wed Dec 24 10:00:00 EST 2025
Working dir: /Users/rico/sports-models/nba
Script: nba_points_props_model.py
============================================================

[1m[96m================================================================================[0m
[1m[96mNBA POINTS PROPS A.I. MODEL[0m
[1m[96m================================================================================[0m

[96m==========================================================================================[0m
[96m🎯 GRADING PENDING PICKS (BATCH MODE)[0m
[96m==========================================================================================[0m

[93m📋 Found 23 pending picks...[0m


[96mProcessing 9 picks for 2025-12-16...[0m
[96m  Fetching batch stats for 12/16/2025...[0m
  Fetching team stats to verify completed games for 2025-12-16...
[93m  ⚠️  No stats found for 2025-12-16 yet[0m

[96mProcessing 2 picks for 2025-12-23...[0m
[96m  Fetching batch stats for 12/23/2025...[0m
  Fetching team stats to verify completed games for 2025-12-23...

[93mNo picks ready for grading yet[0m

[96mFetching REAL NBA player points statistics...[0m
[92m✓ Using cached player stats (less than 6 hours old)[0m

[96mFetching opponent defense factors...[0m
[92m✓ Using cached defense factors[0m

[96mFetching player points prop odds...[0m
[96m  Found 5 upcoming games[0m
[96m  Filtered to 5 upcoming games[0m
[96m  Game 1/5: Cleveland Cavaliers @ New York Knicks[0m
[96m  Game 2/5: San Antonio Spurs @ Oklahoma City Thunder[0m
[96m  Game 3/5: Dallas Mavericks @ Golden State Warriors[0m
[96m  Game 4/5: Houston Rockets @ Los Angeles Lakers[0m
[96m  Game 5/5: Minnesota Timberwolves @ Denver Nuggets[0m
[92m✓ Fetched 0 total player props[0m

[96mAnalyzing 0 player props with REAL stats...[0m
[92m✓ Found 0 top OVER plays (A.I. Score >= 9.5)[0m
[92m✓ Found 0 top UNDER plays (A.I. Score >= 9.5)[0m

[96m==========================================================================================[0m
[96m📊 TRACKING NEW PICKS[0m
[96m==========================================================================================[0m
[96mNo new picks to track[0m

[1m[92m================================================================================[0m
[1m[92mTOP OVER PLAYS[0m
[1m[92m================================================================================[0m

[1m[91m================================================================================[0m
[1m[91mTOP UNDER PLAYS[0m
[1m[91m================================================================================[0m

[96mGenerating HTML report...[0m

[92m✓ HTML report saved: /Users/rico/sports-models/nba/nba_points_props.html[0m

[1m[92m================================================================================[0m
[1m[92m✓ Model execution complete![0m
[1m[92m================================================================================[0m

✅ Completed: nba_points_props at Wed Dec 24 10:00:05 EST 2025

📤 Auto-pushing model outputs to GitHub...
No changes to commit
✅ Auto-push succeeded at Wed Dec 24 10:00:05 EST 2025
