============================================================
Scheduler run: nba_assists_props
Time: Sat Jan 24 02:48:29 EST 2026
Working dir: /Users/rico/sports-models/nba
Script: nba_assists_props_model.py
============================================================

[1m[96m================================================================================[0m
[1m[96mNBA ASSISTS PROPS A.I. MODEL[0m
[1m[96m================================================================================[0m

[96m==========================================================================================[0m
[96m🎯 GRADING PENDING PICKS[0m
[96m==========================================================================================[0m

[93m📋 Found 2 pending picks...[0m

  Fetching team stats to verify completed games for 2025-12-16...
[93m  ⚠ Could not find stats for De'Aaron Fox on 2025-12-16[0m
  Fetching team stats to verify completed games for 2026-01-24...

[93mNo picks ready for grading yet[0m

[96mFetching REAL NBA player assists statistics...[0m
[92m✓ Using cached player assists stats (less than 6 hours old)[0m

[96mFetching opponent assists factors...[0m
[92m✓ Using cached assists factors[0m

[96mFetching player assists prop odds...[0m
[96m  Found 7 upcoming games[0m
[96m  Filtered to 7 upcoming games[0m
[96m  Game 1/7: Washington Wizards @ Charlotte Hornets[0m
[96m  Game 2/7: New York Knicks @ Philadelphia 76ers[0m
[96m  Game 3/7: Golden State Warriors @ Minnesota Timberwolves[0m
[96m  Game 4/7: Cleveland Cavaliers @ Orlando Magic[0m
[96m  Game 5/7: Boston Celtics @ Chicago Bulls[0m
[96m  Game 6/7: Los Angeles Lakers @ Dallas Mavericks[0m
[96m  Game 7/7: Miami Heat @ Utah Jazz[0m
[92m✓ Fetched 55 player assists props (grouped)[0m

[96mAnalyzing 55 player props with REAL stats...[0m
[92m✓ Found 1 top OVER plays (A.I. Score >= 10.0)[0m
[92m✓ Found 0 top UNDER plays (A.I. Score >= 10.0)[0m
[93m  Skipped 2 props (no player stats found)[0m
[93m  Skipped 105 props (score below 10.0 or failed checks)[0m

[96m==========================================================================================[0m
[96m📊 TRACKING NEW PICKS[0m
[96m==========================================================================================[0m
[93m✓ Updated odds for 1 existing picks[0m

[1m[92m================================================================================[0m
[1m[92mTOP OVER PLAYS[0m
[1m[92m================================================================================[0m
  [96m 1. Davion Mitchell          [0m | [92mOVER 5.5 AST   [0m | Utah Jazz                 vs Miami Heat                | [1mA.I.: 10.00[0m | Rating: 4.0 ⭐⭐

[1m[91m================================================================================[0m
[1m[91mTOP UNDER PLAYS[0m
[1m[91m================================================================================[0m

[96mGenerating HTML report...[0m

[92m✓ HTML report saved: /Users/rico/sports-models/nba/nba_assists_props.html[0m

[1m[92m================================================================================[0m
[1m[92m✓ Model execution complete![0m
[1m[92m================================================================================[0m

✅ Completed: nba_assists_props at Sat Jan 24 02:48:33 EST 2026

📤 Auto-pushing model outputs to GitHub...
[main 61419dc7] Update model outputs - 2026-01-24 02:48:33
 Committer: Ricardo Hill <rico@MacBookAir.lan>
Your name and email address were configured automatically based
on your username and hostname. Please check that they are accurate.
You can suppress this message by setting them explicitly. Run the
following command and follow the instructions in your editor to edit
your configuration file:

    git config --global --edit

After doing this, you may fix the identity used for this commit with:

    git commit --amend --reset-author

 2 files changed, 4 insertions(+), 4 deletions(-)
To https://github.com/BangLetsGetIt/NBA-NCAA-Betting-Models.git
   e3cff767..61419dc7  main -> main
✅ Successfully pushed to GitHub!
✅ Auto-push succeeded at Sat Jan 24 02:48:34 EST 2026
