============================================================
Scheduler run: nba_3pt_props
Time: Sat Jan  3 15:00:07 EST 2026
Working dir: /Users/rico/sports-models/nba
Script: nba_3pt_props_model.py
============================================================

[1m[96m================================================================================[0m
[1m[96mNBA 3PT PROPS A.I. MODEL[0m
[1m[96m================================================================================[0m

[96m==========================================================================================[0m
[96m🎯 GRADING PENDING PICKS[0m
[96m==========================================================================================[0m

[93m📋 Found 6 pending picks...[0m

  Fetching team stats to verify completed games for 2025-12-16...
[96m  Fetching batch stats for 12/16/2025...[0m
  Fetching team stats to verify completed games for 2026-01-03...

[93mNo picks ready for grading yet[0m

[96mFetching REAL NBA player 3-pointers statistics...[0m
[92m✓ Using cached player 3-pointers stats (less than 6 hours old)[0m

[96mFetching opponent 3-pointers factors...[0m
[92m✓ Using cached 3-pointers factors[0m

[96mFetching player 3-pointers prop odds...[0m
[96m  Found 8 upcoming games[0m
[96m  Filtered to 8 upcoming games[0m
[96m  Game 1/8: Minnesota Timberwolves @ Miami Heat[0m
[96m  Game 2/8: Atlanta Hawks @ Toronto Raptors[0m
[96m  Game 3/8: Philadelphia 76ers @ New York Knicks[0m
[96m  Game 4/8: Charlotte Hornets @ Chicago Bulls[0m
[96m  Game 5/8: Portland Trail Blazers @ San Antonio Spurs[0m
[96m  Game 6/8: Houston Rockets @ Dallas Mavericks[0m
[96m  Game 7/8: Utah Jazz @ Golden State Warriors[0m
[96m  Game 8/8: Boston Celtics @ Los Angeles Clippers[0m
[92m✓ Fetched 81 player 3-pointers props (grouped)[0m

[96mAnalyzing 81 player props with REAL stats...[0m
[92m✓ Found 2 top OVER plays (A.I. Score >= 7.5)[0m
[92m✓ Found 3 top UNDER plays (A.I. Score >= 7.5)[0m
[93m  Skipped 4 props (no player stats found)[0m
[93m  Skipped 149 props (score below 7.5 or failed checks)[0m

[96m==========================================================================================[0m
[96m📊 TRACKING NEW PICKS[0m
[96m==========================================================================================[0m
[92m✓ Tracked 2 new picks[0m
[93m✓ Updated odds for 3 existing picks[0m

[1m[92m================================================================================[0m
[1m[92mTOP OVER PLAYS[0m
[1m[92m================================================================================[0m
  [96m 1. Donte DiVincenzo         [0m | [92mOVER 2.5 3PT   [0m | Minnesota Timberwolves    vs Miami Heat                | [1mA.I.: 7.78[0m | Rating: 3.1 ⭐
  [96m 2. Klay Thompson            [0m | [92mOVER 1.5 3PT   [0m | Dallas Mavericks          vs Houston Rockets           | [1mA.I.: 10.00[0m | Rating: 2.9 

[1m[91m================================================================================[0m
[1m[91mTOP UNDER PLAYS[0m
[1m[91m================================================================================[0m
  [96m 1. Brice Sensabaugh         [0m | [91mUNDER 2.5 3PT  [0m | Utah Jazz                 vs Golden State Warriors     | [1mA.I.: 10.00[0m | Rating: 4.2 ⭐⭐
  [96m 2. Matas Buzelis            [0m | [91mUNDER 2.5 3PT  [0m | Chicago Bulls             vs Charlotte Hornets         | [1mA.I.: 7.68[0m | Rating: 3.9 ⭐
  [96m 3. Kyle Filipowski          [0m | [91mUNDER 1.5 3PT  [0m | Utah Jazz                 vs Golden State Warriors     | [1mA.I.: 7.59[0m | Rating: 3.4 ⭐

[96mGenerating HTML report...[0m

[92m✓ HTML report saved: /Users/rico/sports-models/nba/nba_3pt_props.html[0m

[1m[92m================================================================================[0m
[1m[92m✓ Model execution complete![0m
[1m[92m================================================================================[0m

✅ Completed: nba_3pt_props at Sat Jan  3 15:01:08 EST 2026

📤 Auto-pushing model outputs to GitHub...
[main 6426484] Update model outputs - 2026-01-03 15:01:11
 Committer: Ricardo Hill <rico@Ricos-M1-Mac-2.local>
Your name and email address were configured automatically based
on your username and hostname. Please check that they are accurate.
You can suppress this message by setting them explicitly. Run the
following command and follow the instructions in your editor to edit
your configuration file:

    git config --global --edit

After doing this, you may fix the identity used for this commit with:

    git commit --amend --reset-author

 4 files changed, 634 insertions(+), 243 deletions(-)
To https://github.com/BangLetsGetIt/NBA-NCAA-Betting-Models.git
 ! [remote rejected] main -> main (cannot lock ref 'refs/heads/main': is at 64264843fcc3b8cbe4f2326d7c1544ed5bf216a5 but expected c2a0ce37f9f223cb796f791a401ba94b920846d9)
error: failed to push some refs to 'https://github.com/BangLetsGetIt/NBA-NCAA-Betting-Models.git'
⚠️  Push failed - you may need to set up the GitHub remote first
✅ Auto-push succeeded at Sat Jan  3 15:01:28 EST 2026
