============================================================
Scheduler run: nba_3pt_props
Time: Sat Dec 27 10:00:02 EST 2025
Working dir: /Users/rico/sports-models/nba
Script: nba_3pt_props_model.py
============================================================

[1m[96m================================================================================[0m
[1m[96mNBA 3PT PROPS A.I. MODEL[0m
[1m[96m================================================================================[0m

[96m==========================================================================================[0m
[96m🎯 GRADING PENDING PICKS[0m
[96m==========================================================================================[0m

[93m📋 Found 10 pending picks...[0m

  Fetching team stats to verify completed games for 2025-12-16...
  Error fetching completed teams: HTTPSConnectionPool(host='stats.nba.com', port=443): Read timed out. (read timeout=30)
[96m  Fetching batch stats for 12/16/2025...[0m
  Fetching team stats to verify completed games for 2025-12-27...
  Error fetching completed teams: HTTPSConnectionPool(host='stats.nba.com', port=443): Read timed out. (read timeout=30)

[93mNo picks ready for grading yet[0m

[96mFetching REAL NBA player 3-pointers statistics...[0m
[96m  Fetching season 3-pointers stats...[0m
[96m  Fetching recent form (last 10 games)...[0m
[92m✓ Fetched REAL 3-pointers stats for 504 players[0m

[96mFetching opponent 3-pointers factors...[0m
[92m✓ Fetched 3-pointers factors for 30 teams[0m

[96mFetching player 3-pointers prop odds...[0m
[96m  Found 9 upcoming games[0m
[96m  Filtered to 9 upcoming games[0m
[96m  Game 1/9: Dallas Mavericks @ Sacramento Kings[0m
[96m  Game 2/9: Denver Nuggets @ Orlando Magic[0m
[96m  Game 3/9: Phoenix Suns @ New Orleans Pelicans[0m
[96m  Game 4/9: New York Knicks @ Atlanta Hawks[0m
[96m  Game 5/9: Brooklyn Nets @ Minnesota Timberwolves[0m
[96m  Game 6/9: Milwaukee Bucks @ Chicago Bulls[0m
[96m  Game 7/9: Cleveland Cavaliers @ Houston Rockets[0m
[96m  Game 8/9: Indiana Pacers @ Miami Heat[0m
[96m  Game 9/9: Utah Jazz @ San Antonio Spurs[0m
[92m✓ Fetched 82 player 3-pointers props (grouped)[0m

[96mAnalyzing 82 player props with REAL stats...[0m
[92m✓ Found 4 top OVER plays (A.I. Score >= 7.5)[0m
[92m✓ Found 2 top UNDER plays (A.I. Score >= 7.5)[0m
[93m  Skipped 3 props (no player stats found)[0m
[93m  Skipped 152 props (score below 7.5 or failed checks)[0m

[96m==========================================================================================[0m
[96m📊 TRACKING NEW PICKS[0m
[96m==========================================================================================[0m
[93m✓ Updated odds for 4 existing picks[0m

[1m[92m================================================================================[0m
[1m[92mTOP OVER PLAYS[0m
[1m[92m================================================================================[0m
  [96m 1. Jalen Brunson            [0m | [92mOVER 2.5 3PT   [0m | New York Knicks           vs Atlanta Hawks             | [1mA.I.: 10.00[0m | Rating: 3.9 ⭐
  [96m 2. Harrison Barnes          [0m | [92mOVER 1.5 3PT   [0m | San Antonio Spurs         vs Utah Jazz                 | [1mA.I.: 7.61[0m | Rating: 3.9 ⭐
  [96m 3. Mikal Bridges            [0m | [92mOVER 1.5 3PT   [0m | New York Knicks           vs Atlanta Hawks             | [1mA.I.: 7.56[0m | Rating: 3.4 ⭐
  [96m 4. Donovan Mitchell         [0m | [92mOVER 3.5 3PT   [0m | Cleveland Cavaliers       vs Houston Rockets           | [1mA.I.: 7.60[0m | Rating: 3.1 ⭐

[1m[91m================================================================================[0m
[1m[91mTOP UNDER PLAYS[0m
[1m[91m================================================================================[0m
  [96m 1. Brice Sensabaugh         [0m | [91mUNDER 2.5 3PT  [0m | San Antonio Spurs         vs Utah Jazz                 | [1mA.I.: 9.55[0m | Rating: 3.7 ⭐
  [96m 2. Nique Clifford           [0m | [91mUNDER 1.5 3PT  [0m | Sacramento Kings          vs Dallas Mavericks          | [1mA.I.: 10.00[0m | Rating: 2.7 

[96mGenerating HTML report...[0m

[92m✓ HTML report saved: /Users/rico/sports-models/nba/nba_3pt_props.html[0m

[1m[92m================================================================================[0m
[1m[92m✓ Model execution complete![0m
[1m[92m================================================================================[0m

✅ Completed: nba_3pt_props at Sat Dec 27 10:01:12 EST 2025

📤 Auto-pushing model outputs to GitHub...
[main a166f9b] Update model outputs - 2025-12-27 10:01:12
 Committer: Ricardo Hill <rico@Ricos-M1-Mac-2.local>
Your name and email address were configured automatically based
on your username and hostname. Please check that they are accurate.
You can suppress this message by setting them explicitly. Run the
following command and follow the instructions in your editor to edit
your configuration file:

    git config --global --edit

After doing this, you may fix the identity used for this commit with:

    git commit --amend --reset-author

 2 files changed, 22 insertions(+), 20 deletions(-)
To https://github.com/BangLetsGetIt/NBA-NCAA-Betting-Models.git
   bb885cc..a166f9b  main -> main
✅ Successfully pushed to GitHub!
✅ Auto-push succeeded at Sat Dec 27 10:01:13 EST 2025
