============================================================
Scheduler run: nba_points_props
Time: Sun Jan 25 10:00:02 EST 2026
Working dir: /Users/rico/sports-models/nba
Script: nba_points_props_model.py
============================================================

[1m[96m================================================================================[0m
[1m[96mNBA POINTS PROPS A.I. MODEL[0m
[1m[96m================================================================================[0m

[96m==========================================================================================[0m
[96m🎯 GRADING PENDING PICKS (BATCH MODE)[0m
[96m==========================================================================================[0m

[93m📋 Found 34 pending picks...[0m


[96mProcessing 9 picks for 2025-12-16...[0m
[96m  Fetching batch stats for 12/16/2025...[0m
  Fetching team stats to verify completed games for 2025-12-16...
[93m  ⚠️  No stats found for 2025-12-16 yet[0m

[96mProcessing 2 picks for 2025-12-23...[0m
[96m  Fetching batch stats for 12/23/2025...[0m
  Fetching team stats to verify completed games for 2025-12-23...

[96mProcessing 1 picks for 2026-01-03...[0m
[96m  Fetching batch stats for 01/03/2026...[0m
  Fetching team stats to verify completed games for 2026-01-03...

[96mProcessing 2 picks for 2026-01-08...[0m
[96m  Fetching batch stats for 01/08/2026...[0m
  Fetching team stats to verify completed games for 2026-01-08...

[96mProcessing 1 picks for 2026-01-09...[0m
[96m  Fetching batch stats for 01/09/2026...[0m
  Fetching team stats to verify completed games for 2026-01-09...

[96mProcessing 3 picks for 2026-01-10...[0m
[96m  Fetching batch stats for 01/10/2026...[0m
  Fetching team stats to verify completed games for 2026-01-10...

[96mProcessing 1 picks for 2026-01-16...[0m
[96m  Fetching batch stats for 01/16/2026...[0m
  Fetching team stats to verify completed games for 2026-01-16...

[96mProcessing 2 picks for 2026-01-22...[0m
[96m  Fetching batch stats for 01/22/2026...[0m
  Fetching team stats to verify completed games for 2026-01-22...

[96mProcessing 1 picks for 2026-01-24...[0m
[96m  Fetching batch stats for 01/24/2026...[0m
  Fetching team stats to verify completed games for 2026-01-24...

[93mNo picks ready for grading yet[0m

[96mFetching REAL NBA player points statistics...[0m
[96m  Fetching season points stats...[0m
[96m  Fetching recent form (last 10 games)...[0m
[92m✓ Fetched REAL stats for 513 players[0m

[96mFetching opponent defense factors...[0m
[92m✓ Fetched defense factors for 30 teams[0m

[96mFetching player points prop odds...[0m
[96m  Found 8 upcoming games[0m
[96m  Filtered to 8 upcoming games[0m
[96m  Game 1/8: Sacramento Kings @ Detroit Pistons[0m
[96m  Game 2/8: Denver Nuggets @ Memphis Grizzlies[0m
[96m  Game 3/8: Golden State Warriors @ Minnesota Timberwolves[0m
[96m  Game 4/8: Dallas Mavericks @ Milwaukee Bucks[0m
[96m  Game 5/8: New Orleans Pelicans @ San Antonio Spurs[0m
[96m  Game 6/8: Toronto Raptors @ Oklahoma City Thunder[0m
[96m  Game 7/8: Miami Heat @ Phoenix Suns[0m
[96m  Game 8/8: Brooklyn Nets @ Los Angeles Clippers[0m
[92m✓ Fetched 212 total player props[0m

[96mAnalyzing 212 player props with REAL stats...[0m
[92m✓ Found 10 top OVER plays (A.I. Score >= 10.0)[0m
[92m✓ Found 10 top UNDER plays (A.I. Score >= 10.0)[0m
[93m  Skipped 4 props (no player stats found)[0m
[93m  Skipped 368 props (score below 10.0)[0m

[96m==========================================================================================[0m
[96m📊 TRACKING NEW PICKS[0m
[96m==========================================================================================[0m
[92m✓ Tracked 2 new picks[0m
[93m✓ Updated odds for 4 existing picks[0m

[1m[92m================================================================================[0m
[1m[92mTOP OVER PLAYS[0m
[1m[92m================================================================================[0m
  [96m 1. Zach LaVine              [0m | [92mOVER 16.5 PTS  [0m | Sacramento Kings vs Detroit Pistons | [1mA.I.: 10.00[0m | Rating: 4.9 ⭐⭐
  [96m 2. Precious Achiuwa         [0m | [92mOVER 5.5 PTS   [0m | Sacramento Kings vs Detroit Pistons | [1mA.I.: 10.00[0m | Rating: 4.9 ⭐⭐
  [96m 3. Russell Westbrook        [0m | [92mOVER 13.5 PTS  [0m | Sacramento Kings vs Detroit Pistons | [1mA.I.: 10.00[0m | Rating: 4.9 ⭐⭐
  [96m 4. Quinten Post             [0m | [92mOVER 6.5 PTS   [0m | Golden State Warriors vs Minnesota Timberwolves | [1mA.I.: 10.00[0m | Rating: 4.9 ⭐⭐
  [96m 5. Jeremiah Fears           [0m | [92mOVER 10.5 PTS  [0m | New Orleans Pelicans vs San Antonio Spurs | [1mA.I.: 10.00[0m | Rating: 4.9 ⭐⭐
  [96m 6. Zion Williamson          [0m | [92mOVER 19.5 PTS  [0m | New Orleans Pelicans vs San Antonio Spurs | [1mA.I.: 10.00[0m | Rating: 4.9 ⭐⭐
  [96m 7. Devin Vassell            [0m | [92mOVER 11.5 PTS  [0m | San Antonio Spurs vs New Orleans Pelicans | [1mA.I.: 10.00[0m | Rating: 4.9 ⭐⭐
  [96m 8. R.J. Barrett             [0m | [92mOVER 13.5 PTS  [0m | Oklahoma City Thunder vs Toronto Raptors | [1mA.I.: 10.00[0m | Rating: 4.9 ⭐⭐
  [96m 9. Scottie Barnes           [0m | [92mOVER 17.5 PTS  [0m | Toronto Raptors vs Oklahoma City Thunder | [1mA.I.: 10.00[0m | Rating: 4.9 ⭐⭐
  [96m10. Immanuel Quickley        [0m | [92mOVER 15.5 PTS  [0m | Toronto Raptors vs Oklahoma City Thunder | [1mA.I.: 10.00[0m | Rating: 4.9 ⭐⭐

[1m[91m================================================================================[0m
[1m[91mTOP UNDER PLAYS[0m
[1m[91m================================================================================[0m
  [96m 1. Jalen Pickett            [0m | [91mUNDER 10.5 PTS [0m | Denver Nuggets vs Memphis Grizzlies | [1mA.I.: 10.00[0m | Rating: 4.9 ⭐⭐
  [96m 2. Brandin Podziemski       [0m | [91mUNDER 14.5 PTS [0m | Golden State Warriors vs Minnesota Timberwolves | [1mA.I.: 10.00[0m | Rating: 4.9 ⭐⭐
  [96m 3. Bobby Portis             [0m | [91mUNDER 16.5 PTS [0m | Milwaukee Bucks vs Dallas Mavericks | [1mA.I.: 10.00[0m | Rating: 4.9 ⭐⭐
  [96m 4. Ryan Rollins             [0m | [91mUNDER 19.5 PTS [0m | Milwaukee Bucks vs Dallas Mavericks | [1mA.I.: 10.00[0m | Rating: 4.9 ⭐⭐
  [96m 5. Kyle Kuzma               [0m | [91mUNDER 15.5 PTS [0m | Milwaukee Bucks vs Dallas Mavericks | [1mA.I.: 10.00[0m | Rating: 4.9 ⭐⭐
  [96m 6. Myles Turner             [0m | [91mUNDER 14.5 PTS [0m | Milwaukee Bucks vs Dallas Mavericks | [1mA.I.: 10.00[0m | Rating: 4.9 ⭐⭐
  [96m 7. Isaiah Joe               [0m | [91mUNDER 11.5 PTS [0m | Oklahoma City Thunder vs Toronto Raptors | [1mA.I.: 10.00[0m | Rating: 4.9 ⭐⭐
  [96m 8. Aaron Wiggins            [0m | [91mUNDER 12.5 PTS [0m | Oklahoma City Thunder vs Toronto Raptors | [1mA.I.: 10.00[0m | Rating: 4.9 ⭐⭐
  [96m 9. Cason Wallace            [0m | [91mUNDER 9.5 PTS  [0m | Oklahoma City Thunder vs Toronto Raptors | [1mA.I.: 10.00[0m | Rating: 4.9 ⭐⭐
  [96m10. Luguentz Dort            [0m | [91mUNDER 10.5 PTS [0m | Oklahoma City Thunder vs Toronto Raptors | [1mA.I.: 10.00[0m | Rating: 4.9 ⭐⭐

[96mGenerating HTML report...[0m

[92m✓ HTML report saved: /Users/rico/sports-models/nba/nba_points_props.html[0m

[1m[92m================================================================================[0m
[1m[92m✓ Model execution complete![0m
[1m[92m================================================================================[0m

✅ Completed: nba_points_props at Sun Jan 25 10:01:14 EST 2026

📤 Auto-pushing model outputs to GitHub...
[main 23b61660] Update model outputs - 2026-01-25 10:01:14
 Committer: Ricardo Hill <rico@MacBookAir.lan>
Your name and email address were configured automatically based
on your username and hostname. Please check that they are accurate.
You can suppress this message by setting them explicitly. Run the
following command and follow the instructions in your editor to edit
your configuration file:

    git config --global --edit

After doing this, you may fix the identity used for this commit with:

    git commit --amend --reset-author

 2 files changed, 225 insertions(+), 177 deletions(-)
To https://github.com/BangLetsGetIt/NBA-NCAA-Betting-Models.git
   b961a491..23b61660  main -> main
✅ Successfully pushed to GitHub!
✅ Auto-push succeeded at Sun Jan 25 10:01:15 EST 2026
