============================================================
Scheduler run: nba_points_props
Time: Sun Jan  4 15:00:05 EST 2026
Working dir: /Users/rico/sports-models/nba
Script: nba_points_props_model.py
============================================================

[1m[96m================================================================================[0m
[1m[96mNBA POINTS PROPS A.I. MODEL[0m
[1m[96m================================================================================[0m

[96m==========================================================================================[0m
[96m🎯 GRADING PENDING PICKS (BATCH MODE)[0m
[96m==========================================================================================[0m

[93m📋 Found 26 pending picks...[0m


[96mProcessing 9 picks for 2025-12-16...[0m
[96m  Fetching batch stats for 12/16/2025...[0m
  Fetching team stats to verify completed games for 2025-12-16...
[93m  ⚠️  No stats found for 2025-12-16 yet[0m

[96mProcessing 2 picks for 2025-12-23...[0m
[96m  Fetching batch stats for 12/23/2025...[0m
  Fetching team stats to verify completed games for 2025-12-23...

[96mProcessing 1 picks for 2026-01-03...[0m
[96m  Fetching batch stats for 01/03/2026...[0m
  Fetching team stats to verify completed games for 2026-01-03...

[93mNo picks ready for grading yet[0m

[96mFetching REAL NBA player points statistics...[0m
[92m✓ Using cached player stats (less than 6 hours old)[0m

[96mFetching opponent defense factors...[0m
[92m✓ Using cached defense factors[0m

[96mFetching player points prop odds...[0m
[96m  Found 8 upcoming games[0m
[96m  Filtered to 7 upcoming games[0m
[96m  Game 1/8: Indiana Pacers @ Orlando Magic[0m
[96m  Game 2/8: Denver Nuggets @ Brooklyn Nets[0m
[96m  Game 3/8: New Orleans Pelicans @ Miami Heat[0m
[96m  Game 4/8: Minnesota Timberwolves @ Washington Wizards[0m
[96m  Game 5/8: Oklahoma City Thunder @ Phoenix Suns[0m
[96m  Game 6/8: Milwaukee Bucks @ Sacramento Kings[0m
[96m  Game 7/8: Memphis Grizzlies @ Los Angeles Lakers[0m
[92m✓ Fetched 172 total player props[0m

[96mAnalyzing 172 player props with REAL stats...[0m
[92m✓ Found 10 top OVER plays (A.I. Score >= 10.0)[0m
[92m✓ Found 5 top UNDER plays (A.I. Score >= 10.0)[0m
[93m  Skipped 4 props (no player stats found)[0m
[93m  Skipped 304 props (score below 10.0)[0m

[96m==========================================================================================[0m
[96m📊 TRACKING NEW PICKS[0m
[96m==========================================================================================[0m
[92m✓ Tracked 3 new picks[0m
[93m✓ Updated odds for 5 existing picks[0m

[1m[92m================================================================================[0m
[1m[92mTOP OVER PLAYS[0m
[1m[92m================================================================================[0m
  [96m 1. Aaron Gordon             [0m | [92mOVER 13.5 PTS  [0m | Denver Nuggets vs Brooklyn Nets | [1mA.I.: 10.00[0m | Rating: 4.9 ⭐⭐
  [96m 2. Cam Thomas               [0m | [92mOVER 18.5 PTS  [0m | Brooklyn Nets vs Denver Nuggets | [1mA.I.: 10.00[0m | Rating: 4.9 ⭐⭐
  [96m 3. Tyler Herro              [0m | [92mOVER 18.5 PTS  [0m | Miami Heat vs New Orleans Pelicans | [1mA.I.: 10.00[0m | Rating: 4.9 ⭐⭐
  [96m 4. Devin Booker             [0m | [92mOVER 23.5 PTS  [0m | Phoenix Suns vs Oklahoma City Thunder | [1mA.I.: 10.00[0m | Rating: 4.9 ⭐⭐
  [96m 5. Ajay Mitchell            [0m | [92mOVER 11.5 PTS  [0m | Oklahoma City Thunder vs Phoenix Suns | [1mA.I.: 10.00[0m | Rating: 4.9 ⭐⭐
  [96m 6. Mark Williams            [0m | [92mOVER 10.5 PTS  [0m | Phoenix Suns vs Oklahoma City Thunder | [1mA.I.: 10.00[0m | Rating: 4.9 ⭐⭐
  [96m 7. Dillon Brooks            [0m | [92mOVER 18.5 PTS  [0m | Phoenix Suns vs Oklahoma City Thunder | [1mA.I.: 10.00[0m | Rating: 4.9 ⭐⭐
  [96m 8. Grayson Allen            [0m | [92mOVER 10.5 PTS  [0m | Phoenix Suns vs Oklahoma City Thunder | [1mA.I.: 10.00[0m | Rating: 4.9 ⭐⭐
  [96m 9. Royce O'Neale            [0m | [92mOVER 7.5 PTS   [0m | Phoenix Suns vs Oklahoma City Thunder | [1mA.I.: 10.00[0m | Rating: 4.9 ⭐⭐
  [96m10. Ryan Rollins             [0m | [92mOVER 15.5 PTS  [0m | Milwaukee Bucks vs Sacramento Kings | [1mA.I.: 10.00[0m | Rating: 4.9 ⭐⭐

[1m[91m================================================================================[0m
[1m[91mTOP UNDER PLAYS[0m
[1m[91m================================================================================[0m
  [96m 1. Desmond Bane             [0m | [91mUNDER 21.5 PTS [0m | Orlando Magic vs Indiana Pacers | [1mA.I.: 10.00[0m | Rating: 4.9 ⭐⭐
  [96m 2. Paolo Banchero           [0m | [91mUNDER 25.5 PTS [0m | Orlando Magic vs Indiana Pacers | [1mA.I.: 10.00[0m | Rating: 4.9 ⭐⭐
  [96m 3. Day'Ron Sharpe           [0m | [91mUNDER 11.5 PTS [0m | Brooklyn Nets vs Denver Nuggets | [1mA.I.: 10.00[0m | Rating: 4.9 ⭐⭐
  [96m 4. Jake LaRavia             [0m | [91mUNDER 11.5 PTS [0m | Los Angeles Lakers vs Memphis Grizzlies | [1mA.I.: 10.00[0m | Rating: 4.9 ⭐⭐
  [96m 5. Ja Morant                [0m | [91mUNDER 22.5 PTS [0m | Memphis Grizzlies vs Los Angeles Lakers | [1mA.I.: 10.00[0m | Rating: 4.9 ⭐⭐

[96mGenerating HTML report...[0m

[92m✓ HTML report saved: /Users/rico/sports-models/nba/nba_points_props.html[0m

[1m[92m================================================================================[0m
[1m[92m✓ Model execution complete![0m
[1m[92m================================================================================[0m

✅ Completed: nba_points_props at Sun Jan  4 15:00:51 EST 2026

📤 Auto-pushing model outputs to GitHub...
[main a8dc3dc] Update model outputs - 2026-01-04 15:00:51
 Committer: Ricardo Hill <rico@Ricos-M1-Mac-2.local>
Your name and email address were configured automatically based
on your username and hostname. Please check that they are accurate.
You can suppress this message by setting them explicitly. Run the
following command and follow the instructions in your editor to edit
your configuration file:

    git config --global --edit

After doing this, you may fix the identity used for this commit with:

    git commit --amend --reset-author

 2 files changed, 161 insertions(+), 239 deletions(-)
To https://github.com/BangLetsGetIt/NBA-NCAA-Betting-Models.git
   fb37797..a8dc3dc  main -> main
✅ Successfully pushed to GitHub!
✅ Auto-push succeeded at Sun Jan  4 15:00:52 EST 2026
