============================================================
Scheduler run: nba_points_props
Time: Sun Jan 11 18:07:31 EST 2026
Working dir: /Users/rico/sports-models/nba
Script: nba_points_props_model.py
============================================================

[1m[96m================================================================================[0m
[1m[96mNBA POINTS PROPS A.I. MODEL[0m
[1m[96m================================================================================[0m

[96m==========================================================================================[0m
[96m🎯 GRADING PENDING PICKS (BATCH MODE)[0m
[96m==========================================================================================[0m

[93m📋 Found 40 pending picks...[0m


[96mProcessing 9 picks for 2025-12-16...[0m
[96m  Fetching batch stats for 12/16/2025...[0m
[93m  Error fetching batch stats for 2025-12-16: HTTPSConnectionPool(host='stats.nba.com', port=443): Read timed out. (read timeout=30)[0m
  Fetching team stats to verify completed games for 2025-12-16...
[93m  ⚠️  No stats found for 2025-12-16 yet[0m

[96mProcessing 2 picks for 2025-12-23...[0m
[96m  Fetching batch stats for 12/23/2025...[0m
[93m  Error fetching batch stats for 2025-12-23: HTTPSConnectionPool(host='stats.nba.com', port=443): Read timed out. (read timeout=30)[0m
  Fetching team stats to verify completed games for 2025-12-23...
[93m  ⚠️  No stats found for 2025-12-23 yet[0m

[96mProcessing 1 picks for 2026-01-03...[0m
[96m  Fetching batch stats for 01/03/2026...[0m
  Fetching team stats to verify completed games for 2026-01-03...
  Error fetching completed teams: HTTPSConnectionPool(host='stats.nba.com', port=443): Read timed out. (read timeout=30)

[96mProcessing 2 picks for 2026-01-08...[0m
[96m  Fetching batch stats for 01/08/2026...[0m
[93m  Error fetching batch stats for 2026-01-08: HTTPSConnectionPool(host='stats.nba.com', port=443): Read timed out. (read timeout=30)[0m
  Fetching team stats to verify completed games for 2026-01-08...
  Error fetching completed teams: HTTPSConnectionPool(host='stats.nba.com', port=443): Read timed out. (read timeout=30)
[93m  ⚠️  No stats found for 2026-01-08 yet[0m

[96mProcessing 1 picks for 2026-01-09...[0m
[96m  Fetching batch stats for 01/09/2026...[0m
  Fetching team stats to verify completed games for 2026-01-09...

[96mProcessing 3 picks for 2026-01-10...[0m
[96m  Fetching batch stats for 01/10/2026...[0m
  Fetching team stats to verify completed games for 2026-01-10...

[96mProcessing 4 picks for 2026-01-11...[0m
[96m  Fetching batch stats for 01/11/2026...[0m
  Fetching team stats to verify completed games for 2026-01-11...
  Error fetching completed teams: HTTPSConnectionPool(host='stats.nba.com', port=443): Read timed out. (read timeout=30)
    [92mWIN[0m: Jordan Poole had 21 points (line: 11.5, bet: OVER) | Profit: 0.83 units
    [92mWIN[0m: Trey Murphy III had 21 points (line: 20.5, bet: OVER) | Profit: 0.90 units
    [92mWIN[0m: Tristan da Silva had 16 points (line: 7.5, bet: OVER) | Profit: 0.80 units

[92m✓ Graded 3 picks[0m

[96mFetching REAL NBA player points statistics...[0m
[96m  Fetching season points stats...[0m
[96m  Fetching recent form (last 10 games)...[0m
[92m✓ Fetched REAL stats for 508 players[0m

[96mFetching opponent defense factors...[0m
[92m✓ Fetched defense factors for 30 teams[0m

[96mFetching player points prop odds...[0m
[96m  Found 12 upcoming games[0m
[96m  Filtered to 7 upcoming games[0m
[96m  Game 1/10: Atlanta Hawks @ Golden State Warriors[0m
[96m  Game 2/10: Houston Rockets @ Sacramento Kings[0m
[96m  Game 3/10: Utah Jazz @ Cleveland Cavaliers[0m
[96m  Game 4/10: Boston Celtics @ Indiana Pacers[0m
[96m  Game 5/10: Brooklyn Nets @ Dallas Mavericks[0m
[96m  Game 6/10: Los Angeles Lakers @ Sacramento Kings[0m
[96m  Game 7/10: Charlotte Hornets @ Los Angeles Clippers[0m
[92m✓ Fetched 56 total player props[0m

[96mAnalyzing 56 player props with REAL stats...[0m
[92m✓ Found 2 top OVER plays (A.I. Score >= 10.0)[0m
[92m✓ Found 0 top UNDER plays (A.I. Score >= 10.0)[0m
[93m  Skipped 4 props (no player stats found)[0m
[93m  Skipped 100 props (score below 10.0)[0m

[96m==========================================================================================[0m
[96m📊 TRACKING NEW PICKS[0m
[96m==========================================================================================[0m
[92m✓ Tracked 2 new picks[0m

[1m[92m================================================================================[0m
[1m[92mTOP OVER PLAYS[0m
[1m[92m================================================================================[0m
  [96m 1. Brandin Podziemski       [0m | [92mOVER 9.5 PTS   [0m | Golden State Warriors vs Atlanta Hawks | [1mA.I.: 10.00[0m | Rating: 4.9 ⭐⭐
  [96m 2. Nickeil Alexander-Walker [0m | [92mOVER 18.5 PTS  [0m | Atlanta Hawks vs Golden State Warriors | [1mA.I.: 10.00[0m | Rating: 4.9 ⭐⭐

[1m[91m================================================================================[0m
[1m[91mTOP UNDER PLAYS[0m
[1m[91m================================================================================[0m

[96mGenerating HTML report...[0m

[92m✓ HTML report saved: /Users/rico/sports-models/nba/nba_points_props.html[0m

[1m[92m================================================================================[0m
[1m[92m✓ Model execution complete![0m
[1m[92m================================================================================[0m

✅ Completed: nba_points_props at Sun Jan 11 20:39:43 EST 2026

📤 Auto-pushing model outputs to GitHub...
[main 4a7d41d] Update model outputs - 2026-01-11 20:39:43
 Committer: Ricardo Hill <rico@MacBookAir.lan>
Your name and email address were configured automatically based
on your username and hostname. Please check that they are accurate.
You can suppress this message by setting them explicitly. Run the
following command and follow the instructions in your editor to edit
your configuration file:

    git config --global --edit

After doing this, you may fix the identity used for this commit with:

    git commit --amend --reset-author

 2 files changed, 115 insertions(+), 1337 deletions(-)
To https://github.com/BangLetsGetIt/NBA-NCAA-Betting-Models.git
   b327565..4a7d41d  main -> main
✅ Successfully pushed to GitHub!
✅ Auto-push succeeded at Sun Jan 11 20:39:44 EST 2026
