==========================================
NBA Assists Props Model Run: Fri Jan  2 07:00:01 EST 2026
==========================================
Running NBA Assists Props model...

[1m[96m================================================================================[0m
[1m[96mNBA ASSISTS PROPS A.I. MODEL[0m
[1m[96m================================================================================[0m

[96m==========================================================================================[0m
[96m🎯 GRADING PENDING PICKS[0m
[96m==========================================================================================[0m

[93m📋 Found 4 pending picks...[0m

  Fetching team stats to verify completed games for 2025-12-16...
[93m  ⚠ Could not find stats for De'Aaron Fox on 2025-12-16[0m
  Fetching team stats to verify completed games for 2026-01-02...

[93mNo picks ready for grading yet[0m

[96mFetching REAL NBA player assists statistics...[0m
[92m✓ Using cached player assists stats (less than 6 hours old)[0m

[96mFetching opponent assists factors...[0m
[92m✓ Using cached assists factors[0m

[96mFetching player assists prop odds...[0m
[96m  Found 10 upcoming games[0m
[96m  Filtered to 10 upcoming games[0m
[96m  Game 1/10: Brooklyn Nets @ Washington Wizards[0m
[96m  Game 2/10: San Antonio Spurs @ Indiana Pacers[0m
[96m  Game 3/10: Atlanta Hawks @ New York Knicks[0m
[96m  Game 4/10: Denver Nuggets @ Cleveland Cavaliers[0m
[96m  Game 5/10: Charlotte Hornets @ Milwaukee Bucks[0m
[96m  Game 6/10: Orlando Magic @ Chicago Bulls[0m
[96m  Game 7/10: Portland Trail Blazers @ New Orleans Pelicans[0m
[96m  Game 8/10: Sacramento Kings @ Phoenix Suns[0m
[96m  Game 9/10: Oklahoma City Thunder @ Golden State Warriors[0m
[96m  Game 10/10: Memphis Grizzlies @ Los Angeles Lakers[0m
[92m✓ Fetched 72 player assists props (grouped)[0m

[96mAnalyzing 72 player props with REAL stats...[0m
[92m✓ Found 0 top OVER plays (A.I. Score >= 10.0)[0m
[92m✓ Found 3 top UNDER plays (A.I. Score >= 10.0)[0m
[93m  Skipped 3 props (no player stats found)[0m
[93m  Skipped 135 props (score below 10.0 or failed checks)[0m

[96m==========================================================================================[0m
[96m📊 TRACKING NEW PICKS[0m
[96m==========================================================================================[0m
[93m✓ Updated odds for 2 existing picks[0m

[1m[92m================================================================================[0m
[1m[92mTOP OVER PLAYS[0m
[1m[92m================================================================================[0m

[1m[91m================================================================================[0m
[1m[91mTOP UNDER PLAYS[0m
[1m[91m================================================================================[0m
  [96m 1. Tre Jones                [0m | [91mUNDER 7.5 AST  [0m | Chicago Bulls             vs Orlando Magic             | [1mA.I.: 10.00[0m | Rating: 4.7 ⭐⭐
  [96m 2. Ayo Dosunmu              [0m | [91mUNDER 4.5 AST  [0m | Chicago Bulls             vs Orlando Magic             | [1mA.I.: 10.00[0m | Rating: 4.1 ⭐⭐
  [96m 3. Jalen Smith              [0m | [91mUNDER 2.5 AST  [0m | Chicago Bulls             vs Orlando Magic             | [1mA.I.: 10.00[0m | Rating: 2.9 

[96mGenerating HTML report...[0m

[92m✓ HTML report saved: /Users/rico/sports-models/nba/nba_assists_props.html[0m

[1m[92m================================================================================[0m
[1m[92m✓ Model execution complete![0m
[1m[92m================================================================================[0m


==========================================
✅ Model completed successfully!
==========================================

📤 Pushing updates to GitHub...
