============================================================
Scheduler run: nba_3pt_props
Time: Fri Jan  9 10:00:02 EST 2026
Working dir: /Users/rico/sports-models/nba
Script: nba_3pt_props_model.py
============================================================

[1m[96m================================================================================[0m
[1m[96mNBA 3PT PROPS A.I. MODEL[0m
[1m[96m================================================================================[0m

[96m==========================================================================================[0m
[96m🎯 GRADING PENDING PICKS[0m
[96m==========================================================================================[0m

[93m📋 Found 13 pending picks...[0m

  Fetching team stats to verify completed games for 2025-12-16...
[96m  Fetching batch stats for 12/16/2025...[0m
  Fetching team stats to verify completed games for 2026-01-08...
[96m  Fetching batch stats for 01/08/2026...[0m
  Fetching team stats to verify completed games for 2026-01-09...

[93mNo picks ready for grading yet[0m

[96mFetching REAL NBA player 3-pointers statistics...[0m
[96m  Fetching season 3-pointers stats...[0m
[96m  Fetching recent form (last 10 games)...[0m
[92m✓ Fetched REAL 3-pointers stats for 506 players[0m

[96mFetching opponent 3-pointers factors...[0m
[92m✓ Fetched 3-pointers factors for 30 teams[0m

[96mFetching player 3-pointers prop odds...[0m
[96m  Found 10 upcoming games[0m
[96m  Filtered to 10 upcoming games[0m
[96m  Game 1/10: Toronto Raptors @ Boston Celtics[0m
[96m  Game 2/10: New Orleans Pelicans @ Washington Wizards[0m
[96m  Game 3/10: Philadelphia 76ers @ Orlando Magic[0m
[96m  Game 4/10: Los Angeles Clippers @ Brooklyn Nets[0m
[96m  Game 5/10: Oklahoma City Thunder @ Memphis Grizzlies[0m
[96m  Game 6/10: Atlanta Hawks @ Denver Nuggets[0m
[96m  Game 7/10: New York Knicks @ Phoenix Suns[0m
[96m  Game 8/10: Sacramento Kings @ Golden State Warriors[0m
[91m✗ Error fetching props: ('Connection aborted.', ConnectionResetError(54, 'Connection reset by peer'))[0m

[96mAnalyzing 0 player props with REAL stats...[0m
[92m✓ Found 0 top OVER plays (A.I. Score >= 7.5)[0m
[92m✓ Found 0 top UNDER plays (A.I. Score >= 7.5)[0m

[96m==========================================================================================[0m
[96m📊 TRACKING NEW PICKS[0m
[96m==========================================================================================[0m
[96mNo new picks to track[0m

[1m[92m================================================================================[0m
[1m[92mTOP OVER PLAYS[0m
[1m[92m================================================================================[0m

[1m[91m================================================================================[0m
[1m[91mTOP UNDER PLAYS[0m
[1m[91m================================================================================[0m

[96mGenerating HTML report...[0m

[92m✓ HTML report saved: /Users/rico/sports-models/nba/nba_3pt_props.html[0m

[1m[92m================================================================================[0m
[1m[92m✓ Model execution complete![0m
[1m[92m================================================================================[0m

✅ Completed: nba_3pt_props at Fri Jan  9 10:17:09 EST 2026

📤 Auto-pushing model outputs to GitHub...
[main 55683e9] Update model outputs - 2026-01-09 10:17:09
 Committer: Ricardo Hill <rico@Ricos-M1-Mac-2.local>
Your name and email address were configured automatically based
on your username and hostname. Please check that they are accurate.
You can suppress this message by setting them explicitly. Run the
following command and follow the instructions in your editor to edit
your configuration file:

    git config --global --edit

After doing this, you may fix the identity used for this commit with:

    git commit --amend --reset-author

 2 files changed, 1 insertion(+), 429 deletions(-)
To https://github.com/BangLetsGetIt/NBA-NCAA-Betting-Models.git
   3cab270..55683e9  main -> main
✅ Successfully pushed to GitHub!
✅ Auto-push succeeded at Fri Jan  9 10:17:11 EST 2026
