============================================================
Scheduler run: nba_main_model
Time: Thu Jan  1 18:20:00 EST 2026
Working dir: /Users/rico/sports-models/nba
Script: nba_model_IMPROVED.py
============================================================

[1m==========================================================================================[0m
[1m[96m🎲 IMPROVED NBA BETTING MODEL 🎲[0m
[1m[92m⚡ Enhanced Stats + Rest Days + Stricter Filters ⚡[0m
[1m==========================================================================================[0m

[1m[96mSTEP 1: Checking for Completed Games[0m

[96m==========================================================================================[0m
[96m🔄 UPDATING RESULTS FOR COMPLETED GAMES[0m
[96m==========================================================================================[0m

[93m📋 Checking 2 pending picks...[0m
[96mFetching completed NBA game scores (via NBA API)...[0m
[92m✓ Found 15 completed games (Free API)[0m
[92m✓ Tracking data saved to /Users/rico/sports-models/nba/nba_picks_tracking.json[0m
[93mNo picks were updated (games may not be complete yet)[0m
[92m✓ Tracking dashboard saved: /Users/rico/sports-models/nba/nba_tracking_dashboard.html[0m

[1m[96mSTEP 2: Fetching Composite Stats (Season + Form)[0m
[96m🔄 Fetching new team stats from stats.nba.com...[0m
[92m✓ Fetched and cached stats for 76 teams[0m

[1m[96mSTEP 3: Fetching Home/Away Splits[0m
[96m🔄 Fetching home/away splits from stats.nba.com...[0m
[92m✓ Fetched and cached home/away splits[0m

[1m[96mSTEP 4: Fetching Team Schedules (Rest Days)[0m

[1m[96mSTEP 5: Fetching Live Odds (Next 2 Days)[0m
[93mℹ️  Skipped 1 games that have already started/finished.[0m
[92m✓ Fetched odds for 9 total games[0m
[92m✓ Filtered to 8 games in next 2 days[0m

[1m[96mSTEP 6: Processing Games & Generating Picks[0m

[91m❌ Missing stats for Los Angeles Clippers or Utah Jazz[0m
[91m❌ Missing stats for Los Angeles Clippers or Utah Jazz[0m
[91m❌ Skipping Utah Jazz @ Los Angeles Clippers - missing model data[0m
[92m✓ Tracking data saved to /Users/rico/sports-models/nba/nba_picks_tracking.json[0m
[92m📝 LOGGED PICK: ✅ BET: Indiana Pacers +5.5 (Edge: +16.7)[0m
[92m✓ Tracking data saved to /Users/rico/sports-models/nba/nba_picks_tracking.json[0m
[92m📝 LOGGED PICK: ✅ BET: UNDER 245.5 (Edge: -6.7)[0m
[92m✓ Tracking data saved to /Users/rico/sports-models/nba/nba_picks_tracking.json[0m
[92m📝 LOGGED PICK: ✅ BET: Chicago Bulls +4.0 (Edge: +7.2)[0m

[1m[92m✅ Analyzed 7 games with complete odds[0m

[93m📊 All picks sorted by A.I. Rating (quality/confidence first)[0m


[1m==========================================================================================[0m
[1m[93m🏀 NBA MODEL PREDICTIONS 🏀[0m
[1m==========================================================================================[0m

[1m[96mSan Antonio Spurs @ Indiana Pacers[0m
  🕐 01/02/26 07:10 PM EST
  [92m[1m🎯 A.I. Rating: 4.9 ⭐⭐ (PREMIUM PLAY)[0m
  [92m✅ GOOD: Indiana Pacers - Good record: 8-5 (62%) | +2.50u over 13 picks[0m
  📊 Spread: Market +5.5 | Model +11.2
  🎯 Total: Market 241.5 | Model 237.3
  [92m✅ BET: Indiana Pacers +5.5[0m
     [96mModel projects Indiana Pacers to win outright, easily covering +5.5.[0m
  [93m⚠️ NO BET - Too close to call[0m
  📈 Predicted: San Antonio Spurs 113, Indiana Pacers 124

[1m[96mPhiladelphia 76ers @ Dallas Mavericks[0m
  🕐 01/01/26 08:40 PM EST
  [92m[1m🎯 A.I. Rating: 4.6 ⭐⭐ (PREMIUM PLAY)[0m
  [92m🔥 HOT: Dallas Mavericks - Strong performer: 6-2 (75%) | +3.90u over 8 picks[0m
  📊 Spread: Market +2.5 | Model +9.8
  🎯 Total: Market 231.0 | Model 235.9
  [92m✅ BET: Dallas Mavericks +2.5[0m
     [96mModel projects Dallas Mavericks to win outright, easily covering +2.5.[0m
  [93m⚠️ NO BET - Too close to call[0m
  📈 Predicted: Philadelphia 76ers 113, Dallas Mavericks 123

[1m[96mOrlando Magic @ Chicago Bulls[0m
  🕐 01/02/26 08:10 PM EST
  [93m[1m🎯 A.I. Rating: 3.4 ⭐ (STANDARD PLAY)[0m
  [93m⚠️ CAUTION: Chicago Bulls - Below average: 1-2 (33%) | -1.20u over 3 picks[0m
  📊 Spread: Market +4.0 | Model +3.2
  🎯 Total: Market 237.5 | Model 236.1
  [92m✅ BET: Chicago Bulls +4.0[0m
     [96mModel projects Chicago Bulls to win outright, easily covering +4.0.[0m
  [93m⚠️ NO BET - Too close to call[0m
  📈 Predicted: Orlando Magic 116, Chicago Bulls 120

[1m[96mAtlanta Hawks @ New York Knicks[0m
  🕐 01/02/26 07:40 PM EST
  [93m[1m🎯 A.I. Rating: 3.3 ⭐ (STANDARD PLAY)[0m
  📊 Spread: Market -8.0 | Model +9.6
  🎯 Total: Market 245.5 | Model 238.8
  [93m⚠️ NO BET - Too close to call[0m
     [96mEdge too small (+1.6)[0m
  [92m✅ BET: UNDER 245.5[0m
     [96mModel projects 239 total points, bet the UNDER[0m
  📈 Predicted: Atlanta Hawks 115, New York Knicks 124

[1m[96mDenver Nuggets @ Cleveland Cavaliers[0m
  🕐 01/02/26 07:40 PM EST
  [93m[1m🎯 A.I. Rating: 3.1 ⭐ (STANDARD PLAY)[0m
  📊 Spread: Market -13.5 | Model +11.1
  🎯 Total: Market 235.5 | Model 240.6
  [93m⚠️ NO BET - Too close to call[0m
     [96mEdge too small (-2.4)[0m
  [93m⚠️ NO BET - Too close to call[0m
  📈 Predicted: Denver Nuggets 115, Cleveland Cavaliers 126

[1m[96mBoston Celtics @ Sacramento Kings[0m
  🕐 01/01/26 10:10 PM EST
  [93m[1m🎯 A.I. Rating: 3.0 ⭐ (STANDARD PLAY)[0m
  📊 Spread: Market +9.5 | Model -5.2
  🎯 Total: Market 229.0 | Model 233.2
  [93m⚠️ NO BET - Too close to call[0m
     [96mEdge too small (+4.3)[0m
  [93m⚠️ NO BET - Too close to call[0m
  📈 Predicted: Boston Celtics 119, Sacramento Kings 114

[1m[96mMiami Heat @ Detroit Pistons[0m
  🕐 01/01/26 07:10 PM EST
  [93m[1m🎯 A.I. Rating: 2.4  (MARGINAL PLAY)[0m
  📊 Spread: Market -4.5 | Model +5.2
  🎯 Total: Market 236.5 | Model 236.4
  [93m⚠️ NO BET - Too close to call[0m
     [96mEdge too small (+0.7)[0m
  [93m⚠️ NO BET - Too close to call[0m
  📈 Predicted: Miami Heat 116, Detroit Pistons 121

[92m✓ CSV saved: /Users/rico/sports-models/nba/nba_model_output.csv[0m
[92m✓ HTML saved: /Users/rico/sports-models/nba/nba_model_output.html[0m

[1m[96mSTEP 7: Generating Final Tracking Dashboard[0m
[92m✓ Tracking dashboard saved: /Users/rico/sports-models/nba/nba_tracking_dashboard.html[0m

[1m==========================================================================================[0m
[1m[93m📊 TRACKING SUMMARY 📊[0m
[1m==========================================================================================[0m
[92mTotal Tracked Bets: 257[0m
[92mRecord: 136-114-2[0m
[92mWin Rate: 54.4%[0m
[92mProfit: +9.76 units[0m
[92mROI: +3.5%[0m
[1m==========================================================================================[0m

[96mUpdating unified dashboard...[0m
[92m✓ Dashboard updated[0m

✅ Completed: nba_main_model at Thu Jan  1 18:20:31 EST 2026

📤 Auto-pushing model outputs to GitHub...
[main 5da68f0] Update model outputs - 2026-01-01 18:20:31
 Committer: Ricardo Hill <rico@Ricos-M1-Mac-2.local>
Your name and email address were configured automatically based
on your username and hostname. Please check that they are accurate.
You can suppress this message by setting them explicitly. Run the
following command and follow the instructions in your editor to edit
your configuration file:

    git config --global --edit

After doing this, you may fix the identity used for this commit with:

    git commit --amend --reset-author

 4 files changed, 396 insertions(+), 37 deletions(-)
To https://github.com/BangLetsGetIt/NBA-NCAA-Betting-Models.git
   73b18c9..5da68f0  main -> main
✅ Successfully pushed to GitHub!
✅ Auto-push succeeded at Thu Jan  1 18:20:32 EST 2026
