============================================================
Scheduler run: nba_assists_props
Time: Sat Dec 27 15:53:08 EST 2025
Working dir: /Users/rico/sports-models/nba
Script: nba_assists_props_model.py
============================================================

[1m[96m================================================================================[0m
[1m[96mNBA ASSISTS PROPS A.I. MODEL[0m
[1m[96m================================================================================[0m

[96m==========================================================================================[0m
[96m🎯 GRADING PENDING PICKS[0m
[96m==========================================================================================[0m

[93m📋 Found 6 pending picks...[0m

  Fetching team stats to verify completed games for 2025-12-16...
[96m  Fetching batch stats for 12/16/2025...[0m
  Fetching team stats to verify completed games for 2025-12-27...

[93mNo picks ready for grading yet[0m

[96mFetching REAL NBA player assists statistics...[0m
[92m✓ Using cached player assists stats (less than 6 hours old)[0m

[96mFetching opponent assists factors...[0m
[92m✓ Using cached assists factors[0m

[96mFetching player assists prop odds...[0m
[96m  Found 9 upcoming games[0m
[96m  Filtered to 9 upcoming games[0m
[96m  Game 1/9: Dallas Mavericks @ Sacramento Kings[0m
[96m  Game 2/9: Denver Nuggets @ Orlando Magic[0m
[96m  Game 3/9: Phoenix Suns @ New Orleans Pelicans[0m
[96m  Game 4/9: New York Knicks @ Atlanta Hawks[0m
[96m  Game 5/9: Brooklyn Nets @ Minnesota Timberwolves[0m
[96m  Game 6/9: Milwaukee Bucks @ Chicago Bulls[0m
[96m  Game 7/9: Cleveland Cavaliers @ Houston Rockets[0m
[96m  Game 8/9: Indiana Pacers @ Miami Heat[0m
[96m  Game 9/9: Utah Jazz @ San Antonio Spurs[0m
[92m✓ Fetched 79 player assists props (grouped)[0m

[96mAnalyzing 79 player props with REAL stats...[0m
[92m✓ Found 1 top OVER plays (A.I. Score >= 10.0)[0m
[92m✓ Found 0 top UNDER plays (A.I. Score >= 10.0)[0m
[93m  Skipped 4 props (no player stats found)[0m
[93m  Skipped 149 props (score below 10.0 or failed checks)[0m

[96m==========================================================================================[0m
[96m📊 TRACKING NEW PICKS[0m
[96m==========================================================================================[0m
[93m✓ Updated odds for 1 existing picks[0m

[1m[92m================================================================================[0m
[1m[92mTOP OVER PLAYS[0m
[1m[92m================================================================================[0m
  [96m 1. Lonzo Ball               [0m | [92mOVER 2.5 AST   [0m | Houston Rockets           vs Cleveland Cavaliers       | [1mA.I.: 10.00[0m | Rating: 4.9 ⭐⭐

[1m[91m================================================================================[0m
[1m[91mTOP UNDER PLAYS[0m
[1m[91m================================================================================[0m

[96mGenerating HTML report...[0m

[92m✓ HTML report saved: /Users/rico/sports-models/nba/nba_assists_props.html[0m

[1m[92m================================================================================[0m
[1m[92m✓ Model execution complete![0m
[1m[92m================================================================================[0m

✅ Completed: nba_assists_props at Sat Dec 27 15:54:28 EST 2025

📤 Auto-pushing model outputs to GitHub...
fatal: Unable to create '/Users/rico/sports-models/.git/index.lock': File exists.

Another git process seems to be running in this repository, e.g.
an editor opened by 'git commit'. Please make sure all processes
are terminated then try again. If it still fails, a git process
may have crashed in this repository earlier:
remove the file manually to continue.
To https://github.com/BangLetsGetIt/NBA-NCAA-Betting-Models.git
 ! [remote rejected] main -> main (cannot lock ref 'refs/heads/main': is at bd65d14d23182e034608bcc856afb48ebebde3cc but expected 8c143131c290d05fe75606177ef1d5cb6d3df334)
error: failed to push some refs to 'https://github.com/BangLetsGetIt/NBA-NCAA-Betting-Models.git'
⚠️  Push failed - you may need to set up the GitHub remote first
✅ Auto-push succeeded at Sat Dec 27 15:54:30 EST 2025
