============================================================
Scheduler run: nba_main_model
Time: Sun Jan 11 18:23:15 EST 2026
Working dir: /Users/rico/sports-models/nba
Script: nba_model_IMPROVED.py
============================================================

[1m==========================================================================================[0m
[1m[96m🎲 IMPROVED NBA BETTING MODEL 🎲[0m
[1m[92m⚡ Enhanced Stats + Rest Days + Stricter Filters ⚡[0m
[1m==========================================================================================[0m

[1m[96mSTEP 1: Checking for Completed Games[0m

[96m==========================================================================================[0m
[96m🔄 UPDATING RESULTS FOR COMPLETED GAMES[0m
[96m==========================================================================================[0m

[93m📋 Checking 13 pending picks...[0m
[96mFetching completed NBA game scores (via NBA API)...[0m
[92m✓ Found 18 completed games (Free API)[0m
  ✓ Updating: New Orleans Pelicans 118 @ Orlando Magic 128
    Result: Win
  ✓ Updating: Brooklyn Nets 98 @ Memphis Grizzlies 103
    Result: Loss
  ✓ Updating: Brooklyn Nets 98 @ Memphis Grizzlies 103
    Result: Loss
[92m✓ Tracking data saved to /Users/rico/sports-models/nba/nba_picks_tracking.json[0m
[92m✅ Updated 3 picks[0m
[92m✓ Tracking data saved to /Users/rico/sports-models/nba/nba_picks_tracking.json[0m
[92m✅ Updated 3 picks[0m
[92m✓ Tracking dashboard saved: /Users/rico/sports-models/nba/nba_tracking_dashboard.html[0m
[92m✓ Tracking dashboard saved: /Users/rico/sports-models/nba/nba_tracking_dashboard.html[0m

[1m[96mSTEP 2: Fetching Composite Stats (Season + Form)[0m
[96m🔄 Fetching new team stats from stats.nba.com...[0m
[92m✓ Fetched and cached stats for 76 teams[0m

[1m[96mSTEP 3: Fetching Home/Away Splits[0m
[96m🔄 Fetching home/away splits from stats.nba.com...[0m
[93m⚠ Attempt 1/3 failed: HTTPSConnectionPool(host='stats.nba.com', port=443): Read timed out. (read timeout=60)[0m
[93m   Retrying in 2 seconds...[0m
[93m⚠ Attempt 2/3 failed: HTTPSConnectionPool(host='stats.nba.com', port=443): Read timed out. (read timeout=60)[0m
[93m   Retrying in 5 seconds...[0m
[92m✓ Fetched and cached home/away splits[0m

[1m[96mSTEP 4: Fetching Team Schedules (Rest Days)[0m

[1m[96mSTEP 5: Fetching Live Odds (Next 2 Days)[0m
[93mℹ️  Skipped 6 games that have already started/finished.[0m
[92m✓ Fetched odds for 13 total games[0m
[92m✓ Filtered to 7 games in next 2 days[0m

[1m[96mSTEP 6: Processing Games & Generating Picks[0m

[92m✓ Tracking data saved to /Users/rico/sports-models/nba/nba_picks_tracking.json[0m
[92m📝 LOGGED PICK: ✅ BET: Cleveland Cavaliers -13.5 (Edge: +8.9)[0m
[92m✓ Tracking data saved to /Users/rico/sports-models/nba/nba_picks_tracking.json[0m
[92m📝 LOGGED PICK: ✅ BET: UNDER 250.5 (Edge: -8.8)[0m
[92m✓ Tracking data saved to /Users/rico/sports-models/nba/nba_picks_tracking.json[0m
[92m📝 LOGGED PICK: ✅ BET: OVER 223.5 (Edge: +13.3)[0m
[92m✓ Tracking data saved to /Users/rico/sports-models/nba/nba_picks_tracking.json[0m
[92m📝 LOGGED PICK: ✅ BET: Dallas Mavericks -3.5 (Edge: +6.7)[0m
[92m✓ Tracking data saved to /Users/rico/sports-models/nba/nba_picks_tracking.json[0m
[92m📝 LOGGED PICK: ✅ BET: OVER 221.5 (Edge: +12.0)[0m
[92m✓ Tracking data saved to /Users/rico/sports-models/nba/nba_picks_tracking.json[0m
[92m📝 LOGGED PICK: ✅ BET: Sacramento Kings +9.0 (Edge: +16.4)[0m
[92m✓ Tracking data saved to /Users/rico/sports-models/nba/nba_picks_tracking.json[0m
[92m📝 LOGGED PICK: ✅ BET: OVER 228.5 (Edge: +6.0)[0m
[91m❌ Missing stats for Los Angeles Clippers or Charlotte Hornets[0m
[91m❌ Missing stats for Los Angeles Clippers or Charlotte Hornets[0m
[91m❌ Skipping Charlotte Hornets @ Los Angeles Clippers - missing model data[0m
[92m✓ Tracking data saved to /Users/rico/sports-models/nba/nba_picks_tracking.json[0m
[92m✓ Updated CLV data for existing picks[0m

[1m[92m✅ Analyzed 6 games with complete odds[0m

[93m📊 All picks sorted by A.I. Rating (quality/confidence first)[0m


[1m==========================================================================================[0m
[1m[93m🏀 NBA MODEL PREDICTIONS 🏀[0m
[1m==========================================================================================[0m

[1m[96mLos Angeles Lakers @ Sacramento Kings[0m
  🕐 01/12/26 10:10 PM EST
  [92m[1m🎯 A.I. Rating: 4.9 ⭐⭐ (PREMIUM PLAY)[0m
  [93m⚠️ CAUTION: Sacramento Kings - Below average: 4-6 (40%) | -2.60u over 10 picks[0m
  📊 Spread: Market +9.0 | Model +7.4
  🎯 Total: Market 228.5 | Model 234.5
  [92m✅ BET: Sacramento Kings +9.0[0m
     [96mModel projects Sacramento Kings to win outright, easily covering +9.0.[0m
  [92m✅ BET: OVER 228.5[0m
     [96mModel projects 234 total points, bet the OVER[0m
  📈 Predicted: Los Angeles Lakers 114, Sacramento Kings 121

[1m[96mHouston Rockets @ Sacramento Kings[0m
  🕐 01/11/26 09:10 PM EST
  [92m[1m🎯 A.I. Rating: 4.9 ⭐⭐ (PREMIUM PLAY)[0m
  [93m⚠️ CAUTION: Sacramento Kings - Below average: 4-6 (40%) | -2.60u over 10 picks[0m
  📊 Spread: Market +13.5 | Model +1.0
  🎯 Total: Market 223.0 | Model 236.8
  [92m✅ BET: Sacramento Kings +13.5[0m
     [96mModel projects Sacramento Kings to win outright, easily covering +13.5.[0m
  [92m✅ BET: OVER 223.0[0m
     [96mModel projects 237 total points, bet the OVER[0m
  📈 Predicted: Houston Rockets 118, Sacramento Kings 119

[1m[96mBoston Celtics @ Indiana Pacers[0m
  🕐 01/12/26 07:40 PM EST
  [92m[1m🎯 A.I. Rating: 4.6 ⭐⭐ (PREMIUM PLAY)[0m
  📊 Spread: Market +6.5 | Model -2.7
  🎯 Total: Market 223.5 | Model 236.8
  [93m⚠️ NO BET - Too close to call[0m
     [96mEdge too small (+3.8)[0m
  [92m✅ BET: OVER 223.5[0m
     [96mModel projects 237 total points, bet the OVER[0m
  📈 Predicted: Boston Celtics 120, Indiana Pacers 117

[1m[96mBrooklyn Nets @ Dallas Mavericks[0m
  🕐 01/12/26 08:40 PM EST
  [92m[1m🎯 A.I. Rating: 4.5 ⭐⭐ (PREMIUM PLAY)[0m
  [92m🔥 HOT: Dallas Mavericks - Strong performer: 7-3 (70%) | +3.80u over 10 picks[0m
  📊 Spread: Market -3.5 | Model +10.2
  🎯 Total: Market 221.5 | Model 233.5
  [92m✅ BET: Dallas Mavericks -3.5[0m
     [96mModel projects Dallas Mavericks to win by 10.2, covering -3.5.[0m
  [92m✅ BET: OVER 221.5[0m
     [96mModel projects 234 total points, bet the OVER[0m
  📈 Predicted: Brooklyn Nets 112, Dallas Mavericks 122

[1m[96mUtah Jazz @ Cleveland Cavaliers[0m
  🕐 01/12/26 07:10 PM EST
  [96m[1m🎯 A.I. Rating: 3.8 ⭐ (GOOD PLAY)[0m
  [93m📉 NEUTRAL-: Cleveland Cavaliers - Slightly below average: 6-7 (46%) | -1.70u over 13 picks[0m
  📊 Spread: Market -13.5 | Model +22.4
  🎯 Total: Market 250.5 | Model 241.7
  [92m✅ BET: Cleveland Cavaliers -13.5[0m
     [96mModel projects Cleveland Cavaliers to win by 22.4, covering -13.5.[0m
  [92m✅ BET: UNDER 250.5[0m
     [96mModel projects 242 total points, bet the UNDER[0m
  📈 Predicted: Utah Jazz 110, Cleveland Cavaliers 132

[1m[96mAtlanta Hawks @ Golden State Warriors[0m
  🕐 01/11/26 08:40 PM EST
  [93m[1m🎯 A.I. Rating: 2.7  (MARGINAL PLAY)[0m
  📊 Spread: Market -6.5 | Model +7.3
  🎯 Total: Market 236.5 | Model 238.9
  [93m⚠️ NO BET - Too close to call[0m
     [96mEdge too small (+0.8)[0m
  [93m⚠️ NO BET - Too close to call[0m
  📈 Predicted: Atlanta Hawks 116, Golden State Warriors 123

[92m✓ CSV saved: /Users/rico/sports-models/nba/nba_model_output.csv[0m
[92m✓ HTML saved: /Users/rico/sports-models/nba/nba_model_output.html[0m

[1m[96mSTEP 7: Generating Final Tracking Dashboard[0m
[92m✓ Tracking dashboard saved: /Users/rico/sports-models/nba/nba_tracking_dashboard.html[0m

[1m==========================================================================================[0m
[1m[93m📊 TRACKING SUMMARY 📊[0m
[1m==========================================================================================[0m
[92mTotal Tracked Bets: 340[0m
[92mRecord: 174-154-2[0m
[92mWin Rate: 53.0%[0m
[92mProfit: +3.76 units[0m
[92mROI: +1.0%[0m
[1m==========================================================================================[0m

[96mUpdating unified dashboard...[0m
[92m✓ Dashboard updated[0m

✅ Completed: nba_main_model at Sun Jan 11 20:35:02 EST 2026

📤 Auto-pushing model outputs to GitHub...
[main b327565] Update model outputs - 2026-01-11 20:35:02
 Committer: Ricardo Hill <rico@MacBookAir.lan>
Your name and email address were configured automatically based
on your username and hostname. Please check that they are accurate.
You can suppress this message by setting them explicitly. Run the
following command and follow the instructions in your editor to edit
your configuration file:

    git config --global --edit

After doing this, you may fix the identity used for this commit with:

    git commit --amend --reset-author

 4 files changed, 111 insertions(+), 442 deletions(-)
To https://github.com/BangLetsGetIt/NBA-NCAA-Betting-Models.git
   e85b8d6..b327565  main -> main
✅ Successfully pushed to GitHub!
✅ Auto-push succeeded at Sun Jan 11 20:35:03 EST 2026
