============================================================
Scheduler run: nba_3pt_props
Time: Fri Jan  9 18:07:41 EST 2026
Working dir: /Users/rico/sports-models/nba
Script: nba_3pt_props_model.py
============================================================

[1m[96m================================================================================[0m
[1m[96mNBA 3PT PROPS A.I. MODEL[0m
[1m[96m================================================================================[0m

[96m==========================================================================================[0m
[96m🎯 GRADING PENDING PICKS[0m
[96m==========================================================================================[0m

[93m📋 Found 17 pending picks...[0m

  Fetching team stats to verify completed games for 2025-12-16...
  Error fetching completed teams: HTTPSConnectionPool(host='stats.nba.com', port=443): Read timed out. (read timeout=30)
[96m  Fetching batch stats for 12/16/2025...[0m
  Fetching team stats to verify completed games for 2026-01-08...
[96m  Fetching batch stats for 01/08/2026...[0m
  Fetching team stats to verify completed games for 2026-01-09...

[93mNo picks ready for grading yet[0m

[96mFetching REAL NBA player 3-pointers statistics...[0m
[96m  Fetching season 3-pointers stats...[0m
[96m  Fetching recent form (last 10 games)...[0m
[92m✓ Fetched REAL 3-pointers stats for 506 players[0m

[96mFetching opponent 3-pointers factors...[0m
[92m✓ Fetched 3-pointers factors for 30 teams[0m

[96mFetching player 3-pointers prop odds...[0m
[96m  Found 12 upcoming games[0m
[96m  Filtered to 12 upcoming games[0m
[96m  Game 1/10: Toronto Raptors @ Boston Celtics[0m
[96m  Game 2/10: New Orleans Pelicans @ Washington Wizards[0m
[96m  Game 3/10: Philadelphia 76ers @ Orlando Magic[0m
[96m  Game 4/10: Los Angeles Clippers @ Brooklyn Nets[0m
[96m  Game 5/10: Oklahoma City Thunder @ Memphis Grizzlies[0m
[96m  Game 6/10: Atlanta Hawks @ Denver Nuggets[0m
[96m  Game 7/10: New York Knicks @ Phoenix Suns[0m
[96m  Game 8/10: Sacramento Kings @ Golden State Warriors[0m
[96m  Game 9/10: Houston Rockets @ Portland Trail Blazers[0m
[96m  Game 10/10: Milwaukee Bucks @ Los Angeles Lakers[0m
[92m✓ Fetched 103 player 3-pointers props (grouped)[0m

[96mAnalyzing 103 player props with REAL stats...[0m
[92m✓ Found 4 top OVER plays (A.I. Score >= 7.5)[0m
[92m✓ Found 2 top UNDER plays (A.I. Score >= 7.5)[0m
[93m  Skipped 4 props (no player stats found)[0m
[93m  Skipped 192 props (score below 7.5 or failed checks)[0m

[96m==========================================================================================[0m
[96m📊 TRACKING NEW PICKS[0m
[96m==========================================================================================[0m
[92m✓ Tracked 2 new picks[0m
[93m✓ Updated odds for 3 existing picks[0m

[1m[92m================================================================================[0m
[1m[92mTOP OVER PLAYS[0m
[1m[92m================================================================================[0m
  [96m 1. Miles McBride            [0m | [92mOVER 2.5 3PT   [0m | New York Knicks           vs Phoenix Suns              | [1mA.I.: 9.30[0m | Rating: 4.9 ⭐⭐
  [96m 2. Jalen Brunson            [0m | [92mOVER 2.5 3PT   [0m | New York Knicks           vs Phoenix Suns              | [1mA.I.: 9.00[0m | Rating: 4.2 ⭐⭐
  [96m 3. Jamal Murray             [0m | [92mOVER 2.5 3PT   [0m | Denver Nuggets            vs Atlanta Hawks             | [1mA.I.: 10.00[0m | Rating: 3.5 ⭐
  [96m 4. Reed Sheppard            [0m | [92mOVER 1.5 3PT   [0m | Houston Rockets           vs Portland Trail Blazers    | [1mA.I.: 9.80[0m | Rating: 3.0 ⭐

[1m[91m================================================================================[0m
[1m[91mTOP UNDER PLAYS[0m
[1m[91m================================================================================[0m
  [96m 1. Tyus Jones               [0m | [91mUNDER 1.5 3PT  [0m | Orlando Magic             vs Philadelphia 76ers        | [1mA.I.: 9.09[0m | Rating: 3.9 ⭐
  [96m 2. Isaiah Joe               [0m | [91mUNDER 3.5 3PT  [0m | Oklahoma City Thunder     vs Memphis Grizzlies         | [1mA.I.: 9.50[0m | Rating: 3.7 ⭐

[96mGenerating HTML report...[0m

[92m✓ HTML report saved: /Users/rico/sports-models/nba/nba_3pt_props.html[0m

[1m[92m================================================================================[0m
[1m[92m✓ Model execution complete![0m
[1m[92m================================================================================[0m

✅ Completed: nba_3pt_props at Fri Jan  9 18:28:19 EST 2026

📤 Auto-pushing model outputs to GitHub...
No changes to commit
✅ Auto-push succeeded at Fri Jan  9 18:28:19 EST 2026
