============================================================
Scheduler run: nba_main_model
Time: Fri Jan 16 20:05:34 EST 2026
Working dir: /Users/rico/sports-models/nba
Script: nba_model_IMPROVED.py
============================================================

[1m==========================================================================================[0m
[1m[96m🎲 IMPROVED NBA BETTING MODEL 🎲[0m
[1m[92m⚡ Enhanced Stats + Rest Days + Stricter Filters ⚡[0m
[1m==========================================================================================[0m

[1m[96mSTEP 1: Checking for Completed Games[0m

[96m==========================================================================================[0m
[96m🔄 UPDATING RESULTS FOR COMPLETED GAMES[0m
[96m==========================================================================================[0m

[93m📋 Checking 5 pending picks...[0m
[96mFetching completed NBA game scores (via NBA API)...[0m
[92m✓ Found 16 completed games (Free API)[0m
[92m✓ Tracking data saved to /Users/rico/sports-models/nba/nba_picks_tracking.json[0m
[93mNo picks were updated (games may not be complete yet)[0m
[92m✓ Tracking dashboard saved: /Users/rico/sports-models/nba/nba_tracking_dashboard.html[0m

[1m[96mSTEP 2: Fetching Composite Stats (Season + Form)[0m
[92m✓ Using cached composite stats (less than 6 hours old)[0m

[1m[96mSTEP 3: Fetching Home/Away Splits[0m
[92m✓ Using cached home/away splits (less than 6 hours old)[0m

[1m[96mSTEP 4: Fetching Team Schedules (Rest Days)[0m

[1m[96mSTEP 5: Fetching Live Odds (Next 2 Days)[0m
[93mℹ️  Skipped 4 games that have already started/finished.[0m
[92m✓ Fetched odds for 15 total games[0m
[92m✓ Filtered to 11 games in next 2 days[0m

[1m[96mSTEP 6: Processing Games & Generating Picks[0m

[92m✓ Tracking data saved to /Users/rico/sports-models/nba/nba_picks_tracking.json[0m
[92m📝 LOGGED PICK: ✅ BET: Dallas Mavericks -4.0 (Edge: +10.2)[0m
[92m✓ Tracking data saved to /Users/rico/sports-models/nba/nba_picks_tracking.json[0m
[92m📝 LOGGED PICK: ✅ BET: OVER 229.5 (Edge: +9.4)[0m
[92m✓ Tracking data saved to /Users/rico/sports-models/nba/nba_picks_tracking.json[0m
[92m📝 LOGGED PICK: ✅ BET: Indiana Pacers +13.0 (Edge: -7.4)[0m
[92m✓ Tracking data saved to /Users/rico/sports-models/nba/nba_picks_tracking.json[0m
[92m📝 LOGGED PICK: ✅ BET: OVER 225.5 (Edge: +13.7)[0m
[92m✓ Tracking data saved to /Users/rico/sports-models/nba/nba_picks_tracking.json[0m
[92m📝 LOGGED PICK: ✅ BET: Miami Heat +9.0 (Edge: +5.6)[0m
[92m✓ Tracking data saved to /Users/rico/sports-models/nba/nba_picks_tracking.json[0m
[92m📝 LOGGED PICK: ✅ BET: Minnesota Timberwolves +7.0 (Edge: -9.3)[0m
[92m✓ Tracking data saved to /Users/rico/sports-models/nba/nba_picks_tracking.json[0m
[92m📝 LOGGED PICK: ✅ BET: Golden State Warriors -6.5 (Edge: +9.8)[0m
[92m✓ Tracking data saved to /Users/rico/sports-models/nba/nba_picks_tracking.json[0m
[92m📝 LOGGED PICK: ✅ BET: Denver Nuggets -13.0 (Edge: +6.2)[0m
[92m✓ Tracking data saved to /Users/rico/sports-models/nba/nba_picks_tracking.json[0m
[92m📝 LOGGED PICK: ✅ BET: Portland Trail Blazers +2.5 (Edge: +8.0)[0m
[92m✓ Tracking data saved to /Users/rico/sports-models/nba/nba_picks_tracking.json[0m
[92m📝 LOGGED PICK: ✅ BET: Memphis Grizzlies +5.5 (Edge: +18.6)[0m
[92m✓ Tracking data saved to /Users/rico/sports-models/nba/nba_picks_tracking.json[0m
[92m📝 LOGGED PICK: ✅ BET: OVER 227.5 (Edge: +8.2)[0m

[1m[92m✅ Analyzed 11 games with complete odds[0m

[93m📊 All picks sorted by A.I. Rating (quality/confidence first)[0m


[1m==========================================================================================[0m
[1m[93m🏀 NBA MODEL PREDICTIONS 🏀[0m
[1m==========================================================================================[0m

[1m[96mOrlando Magic @ Memphis Grizzlies[0m
  🕐 01/18/26 12:10 PM EST
  [92m[1m🎯 A.I. Rating: 4.9 ⭐⭐ (PREMIUM PLAY)[0m
  [93m⚠️ CAUTION: Memphis Grizzlies - Below average: 5-8 (38%) | -3.80u over 13 picks[0m
  📊 Spread: Market +5.5 | Model +13.1
  🎯 Total: Market 227.5 | Model 235.7
  [92m✅ BET: Memphis Grizzlies +5.5[0m
     [96mModel projects Memphis Grizzlies to win outright, easily covering +5.5.[0m
  [92m✅ BET: OVER 227.5[0m
     [96mModel projects 236 total points, bet the OVER[0m
  📈 Predicted: Orlando Magic 111, Memphis Grizzlies 124

[1m[96mMinnesota Timberwolves @ Houston Rockets[0m
  🕐 01/16/26 09:40 PM EST
  [92m[1m🎯 A.I. Rating: 4.9 ⭐⭐ (PREMIUM PLAY)[0m
  📊 Spread: Market -4.5 | Model +5.0
  🎯 Total: Market 222.0 | Model 237.1
  [93m⚠️ NO BET - Too close to call[0m
     [96mEdge too small (+0.5)[0m
  [92m✅ BET: OVER 222.0[0m
     [96mModel projects 237 total points, bet the OVER[0m
  📈 Predicted: Minnesota Timberwolves 116, Houston Rockets 121

[1m[96mIndiana Pacers @ Detroit Pistons[0m
  🕐 01/17/26 07:40 PM EST
  [92m[1m🎯 A.I. Rating: 4.8 ⭐⭐ (PREMIUM PLAY)[0m
  [92m✅ GOOD: Indiana Pacers - Good record: 11-7 (61%) | +3.30u over 18 picks[0m
  📊 Spread: Market -13.0 | Model +5.6
  🎯 Total: Market 225.5 | Model 239.2
  [92m✅ BET: Indiana Pacers +13.0[0m
     [96mModel projects Detroit Pistons to win by only 5.6, not enough to cover -13.0.[0m
  [92m✅ BET: OVER 225.5[0m
     [96mModel projects 239 total points, bet the OVER[0m
  📈 Predicted: Indiana Pacers 117, Detroit Pistons 122

[1m[96mUtah Jazz @ Dallas Mavericks[0m
  🕐 01/17/26 05:10 PM EST
  [92m[1m🎯 A.I. Rating: 4.1 ⭐⭐ (STRONG PLAY)[0m
  [92m🔥 HOT: Dallas Mavericks - Strong performer: 9-3 (75%) | +5.80u over 12 picks[0m
  📊 Spread: Market -4.0 | Model +14.2
  🎯 Total: Market 241.5 | Model 238.7
  [92m✅ BET: Dallas Mavericks -4.0[0m
     [96mModel projects Dallas Mavericks to win by 14.2, covering -4.0.[0m
  [93m⚠️ NO BET - Too close to call[0m
  📈 Predicted: Utah Jazz 112, Dallas Mavericks 126

[1m[96mCharlotte Hornets @ Golden State Warriors[0m
  🕐 01/17/26 08:40 PM EST
  [96m[1m🎯 A.I. Rating: 3.9 ⭐ (GOOD PLAY)[0m
  [93m⚠️ CAUTION: Golden State Warriors - Below average: 2-4 (33%) | -2.40u over 6 picks[0m
  📊 Spread: Market -6.5 | Model +16.3
  🎯 Total: Market 233.5 | Model 228.4
  [92m✅ BET: Golden State Warriors -6.5[0m
     [96mModel projects Golden State Warriors to win by 16.3, covering -6.5.[0m
  [93m⚠️ NO BET - Too close to call[0m
  📈 Predicted: Charlotte Hornets 106, Golden State Warriors 122

[1m[96mMinnesota Timberwolves @ San Antonio Spurs[0m
  🕐 01/17/26 08:10 PM EST
  [96m[1m🎯 A.I. Rating: 3.9 ⭐ (GOOD PLAY)[0m
  [96m📊 NEUTRAL+: Minnesota Timberwolves - Slightly above average: 4-3 (57%) | +0.61u over 7 picks[0m
  📊 Spread: Market -7.0 | Model -2.3
  🎯 Total: Market 229.5 | Model 234.2
  [92m✅ BET: Minnesota Timberwolves +7.0[0m
     [96mModel projects San Antonio Spurs to win by only 2.3, not enough to cover -7.0.[0m
  [93m⚠️ NO BET - Too close to call[0m
  📈 Predicted: Minnesota Timberwolves 118, San Antonio Spurs 116

[1m[96mBoston Celtics @ Atlanta Hawks[0m
  🕐 01/17/26 07:40 PM EST
  [96m[1m🎯 A.I. Rating: 3.8 ⭐ (GOOD PLAY)[0m
  📊 Spread: Market +4.0 | Model -8.6
  🎯 Total: Market 229.5 | Model 238.9
  [93m⚠️ NO BET - Too close to call[0m
     [96mEdge too small (-4.6)[0m
  [92m✅ BET: OVER 229.5[0m
     [96mModel projects 239 total points, bet the OVER[0m
  📈 Predicted: Boston Celtics 124, Atlanta Hawks 115

[1m[96mWashington Wizards @ Sacramento Kings[0m
  🕐 01/16/26 10:10 PM EST
  [96m[1m🎯 A.I. Rating: 3.8 ⭐ (GOOD PLAY)[0m
  [96m📊 NEUTRAL+: Sacramento Kings - Slightly above average: 7-6 (54%) | +0.40u over 13 picks[0m
  📊 Spread: Market -7.0 | Model +15.8
  🎯 Total: Market 233.0 | Model 233.9
  [92m✅ BET: Sacramento Kings -7.0[0m
     [96mModel projects Sacramento Kings to win by 15.8, covering -7.0.[0m
  [93m⚠️ NO BET - Too close to call[0m
  📈 Predicted: Washington Wizards 109, Sacramento Kings 125

[1m[96mLos Angeles Lakers @ Portland Trail Blazers[0m
  🕐 01/17/26 10:10 PM EST
  [96m[1m🎯 A.I. Rating: 3.7 ⭐ (GOOD PLAY)[0m
  [92m🔥 HOT: Portland Trail Blazers - Strong performer: 6-2 (75%) | +3.80u over 8 picks[0m
  📊 Spread: Market +2.5 | Model +5.5
  🎯 Total: Market 228.5 | Model 233.0
  [92m✅ BET: Portland Trail Blazers +2.5[0m
     [96mModel projects Portland Trail Blazers to win outright, easily covering +2.5.[0m
  [93m⚠️ NO BET - Too close to call[0m
  📈 Predicted: Los Angeles Lakers 114, Portland Trail Blazers 119

[1m[96mWashington Wizards @ Denver Nuggets[0m
  🕐 01/17/26 09:10 PM EST
  [93m[1m🎯 A.I. Rating: 3.3 ⭐ (STANDARD PLAY)[0m
  [92m✅ GOOD: Denver Nuggets - Good record: 4-2 (67%) | +1.80u over 6 picks[0m
  📊 Spread: Market -13.0 | Model +19.2
  🎯 Total: Market 232.5 | Model 236.0
  [92m✅ BET: Denver Nuggets -13.0[0m
     [96mModel projects Denver Nuggets to win by 19.2, covering -13.0.[0m
  [93m⚠️ NO BET - Too close to call[0m
  📈 Predicted: Washington Wizards 108, Denver Nuggets 128

[1m[96mOklahoma City Thunder @ Miami Heat[0m
  🕐 01/17/26 08:10 PM EST
  [93m[1m🎯 A.I. Rating: 3.2 ⭐ (STANDARD PLAY)[0m
  [92m🔥 HOT: Miami Heat - Strong performer: 3-0 (100%) | +3.00u over 3 picks[0m
  📊 Spread: Market +9.0 | Model -3.4
  🎯 Total: Market 235.5 | Model 237.1
  [92m✅ BET: Miami Heat +9.0[0m
     [96mModel projects Miami Heat to lose by only 3.4, covering +9.0.[0m
  [93m⚠️ NO BET - Too close to call[0m
  📈 Predicted: Oklahoma City Thunder 120, Miami Heat 117

[92m✓ CSV saved: /Users/rico/sports-models/nba/nba_model_output.csv[0m
[92m✓ HTML saved: /Users/rico/sports-models/nba/nba_model_output.html[0m

[1m[96mSTEP 7: Generating Final Tracking Dashboard[0m
[92m✓ Tracking dashboard saved: /Users/rico/sports-models/nba/nba_tracking_dashboard.html[0m

[1m==========================================================================================[0m
[1m[93m📊 TRACKING SUMMARY 📊[0m
[1m==========================================================================================[0m
[92mTotal Tracked Bets: 387[0m
[92mRecord: 196-172-3[0m
[92mWin Rate: 53.3%[0m
[92mProfit: +5.96 units[0m
[92mROI: +1.5%[0m
[1m==========================================================================================[0m

[96mUpdating unified dashboard...[0m
[92m✓ Dashboard updated[0m

✅ Completed: nba_main_model at Fri Jan 16 20:06:08 EST 2026

📤 Auto-pushing model outputs to GitHub...
[main dc8f8a3] Update model outputs - 2026-01-16 20:06:08
 Committer: Ricardo Hill <rico@Ricos-M1-Mac-2.local>
Your name and email address were configured automatically based
on your username and hostname. Please check that they are accurate.
You can suppress this message by setting them explicitly. Run the
following command and follow the instructions in your editor to edit
your configuration file:

    git config --global --edit

After doing this, you may fix the identity used for this commit with:

    git commit --amend --reset-author

 4 files changed, 894 insertions(+), 107 deletions(-)
To https://github.com/BangLetsGetIt/NBA-NCAA-Betting-Models.git
   b56a9a9..dc8f8a3  main -> main
✅ Successfully pushed to GitHub!
✅ Auto-push succeeded at Fri Jan 16 20:06:09 EST 2026
