============================================================
Scheduler run: nba_points_props
Time: Tue Jan  6 02:35:03 EST 2026
Working dir: /Users/rico/sports-models/nba
Script: nba_points_props_model.py
============================================================

[1m[96m================================================================================[0m
[1m[96mNBA POINTS PROPS A.I. MODEL[0m
[1m[96m================================================================================[0m

[96m==========================================================================================[0m
[96m🎯 GRADING PENDING PICKS (BATCH MODE)[0m
[96m==========================================================================================[0m

[93m📋 Found 33 pending picks...[0m


[96mProcessing 9 picks for 2025-12-16...[0m
[96m  Fetching batch stats for 12/16/2025...[0m
  Fetching team stats to verify completed games for 2025-12-16...
[93m  ⚠️  No stats found for 2025-12-16 yet[0m

[96mProcessing 2 picks for 2025-12-23...[0m
[96m  Fetching batch stats for 12/23/2025...[0m
  Fetching team stats to verify completed games for 2025-12-23...

[96mProcessing 1 picks for 2026-01-03...[0m
[96m  Fetching batch stats for 01/03/2026...[0m
  Fetching team stats to verify completed games for 2026-01-03...

[96mProcessing 21 picks for 2026-01-05...[0m
[96m  Fetching batch stats for 01/05/2026...[0m
  Fetching team stats to verify completed games for 2026-01-05...
    [92mWIN[0m: Miles McBride had 17 points (line: 10.5, bet: OVER) | Profit: 1.10 units
[93m  ⚠️  Player R.J. Barrett has no stats but game is final -> Marking as DNP/Void[0m
    [92mWIN[0m: Sandro Mamukelashvili had 12 points (line: 9.5, bet: OVER) | Profit: 0.76 units
    [91mLOSS[0m: Nickeil Alexander-Walker had 14 points (line: 19.5, bet: OVER) | Profit: -1.00 units
    [92mWIN[0m: Kon Knueppel had 23 points (line: 16.5, bet: OVER) | Profit: 0.89 units
    [91mLOSS[0m: LaMelo Ball had 16 points (line: 17.5, bet: OVER) | Profit: -1.00 units
    [91mLOSS[0m: Ajay Mitchell had 11 points (line: 11.5, bet: OVER) | Profit: -1.00 units
    [92mWIN[0m: Brandon Miller had 28 points (line: 17.5, bet: OVER) | Profit: 0.87 units
    [91mLOSS[0m: Collin Sexton had 10 points (line: 11.5, bet: OVER) | Profit: -1.00 units
    [91mLOSS[0m: Dillon Brooks had 15 points (line: 19.5, bet: OVER) | Profit: -1.00 units
    [92mWIN[0m: Devin Booker had 27 points (line: 24.5, bet: OVER) | Profit: 0.86 units
    [91mLOSS[0m: Mark Williams had 4 points (line: 9.5, bet: OVER) | Profit: -1.00 units
    [92mWIN[0m: Royce O'Neale had 15 points (line: 7.5, bet: OVER) | Profit: 0.83 units
    [91mLOSS[0m: Grayson Allen had 0 points (line: 11.5, bet: OVER) | Profit: -1.00 units
    [92mWIN[0m: Tyrese Maxey had 28 points (line: 27.5, bet: OVER) | Profit: 0.83 units
    [92mWIN[0m: Onyeka Okongwu had 17 points (line: 14.5, bet: OVER) | Profit: 0.80 units
    [92mWIN[0m: Kon Knueppel had 23 points (line: 15.5, bet: OVER) | Profit: 0.76 units
    [91mLOSS[0m: LaMelo Ball had 16 points (line: 16.5, bet: OVER) | Profit: -1.00 units
    [92mWIN[0m: Brandon Miller had 28 points (line: 16.5, bet: OVER) | Profit: 0.83 units
    [91mLOSS[0m: Jaylen Brown had 14 points (line: 29.5, bet: OVER) | Profit: -1.00 units
    [91mLOSS[0m: Mark Williams had 4 points (line: 8.5, bet: OVER) | Profit: -1.00 units

[92m✓ Graded 21 picks[0m

[96mFetching REAL NBA player points statistics...[0m
[96m  Fetching season points stats...[0m
[96m  Fetching recent form (last 10 games)...[0m
[92m✓ Fetched REAL stats for 506 players[0m

[96mFetching opponent defense factors...[0m
[92m✓ Fetched defense factors for 30 teams[0m

[96mFetching player points prop odds...[0m
[96m  Found 6 upcoming games[0m
[96m  Filtered to 6 upcoming games[0m
[96m  Game 1/6: Cleveland Cavaliers @ Indiana Pacers[0m
[96m  Game 2/6: Orlando Magic @ Washington Wizards[0m
[96m  Game 3/6: Los Angeles Lakers @ New Orleans Pelicans[0m
[96m  Game 4/6: San Antonio Spurs @ Memphis Grizzlies[0m
[96m  Game 5/6: Miami Heat @ Minnesota Timberwolves[0m
[96m  Game 6/6: Dallas Mavericks @ Sacramento Kings[0m
[92m✓ Fetched 142 total player props[0m

[96mAnalyzing 142 player props with REAL stats...[0m
[92m✓ Found 4 top OVER plays (A.I. Score >= 10.0)[0m
[92m✓ Found 8 top UNDER plays (A.I. Score >= 10.0)[0m
[93m  Skipped 2 props (no player stats found)[0m
[93m  Skipped 256 props (score below 10.0)[0m

[96m==========================================================================================[0m
[96m📊 TRACKING NEW PICKS[0m
[96m==========================================================================================[0m
[92m✓ Tracked 4 new picks[0m

[1m[92m================================================================================[0m
[1m[92mTOP OVER PLAYS[0m
[1m[92m================================================================================[0m
  [96m 1. Jordan Poole             [0m | [92mOVER 14.5 PTS  [0m | New Orleans Pelicans vs Los Angeles Lakers | [1mA.I.: 10.00[0m | Rating: 4.9 ⭐⭐
  [96m 2. Victor Wembanyama        [0m | [92mOVER 19.5 PTS  [0m | San Antonio Spurs vs Memphis Grizzlies | [1mA.I.: 10.00[0m | Rating: 4.9 ⭐⭐
  [96m 3. Tyler Herro              [0m | [92mOVER 16.5 PTS  [0m | Miami Heat vs Minnesota Timberwolves | [1mA.I.: 10.00[0m | Rating: 4.9 ⭐⭐
  [96m 4. Klay Thompson            [0m | [92mOVER 9.5 PTS   [0m | Dallas Mavericks vs Sacramento Kings | [1mA.I.: 10.00[0m | Rating: 4.9 ⭐⭐

[1m[91m================================================================================[0m
[1m[91mTOP UNDER PLAYS[0m
[1m[91m================================================================================[0m
  [96m 1. Jaylon Tyson             [0m | [91mUNDER 15.5 PTS [0m | Cleveland Cavaliers vs Indiana Pacers | [1mA.I.: 10.00[0m | Rating: 4.9 ⭐⭐
  [96m 2. Jarrett Allen            [0m | [91mUNDER 15.5 PTS [0m | Cleveland Cavaliers vs Indiana Pacers | [1mA.I.: 10.00[0m | Rating: 4.9 ⭐⭐
  [96m 3. Darius Garland           [0m | [91mUNDER 23.5 PTS [0m | Cleveland Cavaliers vs Indiana Pacers | [1mA.I.: 10.00[0m | Rating: 4.9 ⭐⭐
  [96m 4. Evan Mobley              [0m | [91mUNDER 19.5 PTS [0m | Cleveland Cavaliers vs Indiana Pacers | [1mA.I.: 10.00[0m | Rating: 4.9 ⭐⭐
  [96m 5. Desmond Bane             [0m | [91mUNDER 21.5 PTS [0m | Orlando Magic vs Washington Wizards | [1mA.I.: 10.00[0m | Rating: 4.9 ⭐⭐
  [96m 6. Paolo Banchero           [0m | [91mUNDER 26.5 PTS [0m | Orlando Magic vs Washington Wizards | [1mA.I.: 10.00[0m | Rating: 4.9 ⭐⭐
  [96m 7. Jake LaRavia             [0m | [91mUNDER 12.5 PTS [0m | Los Angeles Lakers vs New Orleans Pelicans | [1mA.I.: 10.00[0m | Rating: 4.9 ⭐⭐
  [96m 8. Anthony Davis            [0m | [91mUNDER 24.5 PTS [0m | Dallas Mavericks vs Sacramento Kings | [1mA.I.: 10.00[0m | Rating: 4.9 ⭐⭐

[96mGenerating HTML report...[0m

[92m✓ HTML report saved: /Users/rico/sports-models/nba/nba_points_props.html[0m

[1m[92m================================================================================[0m
[1m[92m✓ Model execution complete![0m
[1m[92m================================================================================[0m

✅ Completed: nba_points_props at Tue Jan  6 02:36:00 EST 2026

📤 Auto-pushing model outputs to GitHub...
[main 2b9dd95] Update model outputs - 2026-01-06 02:36:00
 Committer: Ricardo Hill <rico@Ricos-M1-Mac-2.local>
Your name and email address were configured automatically based
on your username and hostname. Please check that they are accurate.
You can suppress this message by setting them explicitly. Run the
following command and follow the instructions in your editor to edit
your configuration file:

    git config --global --edit

After doing this, you may fix the identity used for this commit with:

    git commit --amend --reset-author

 2 files changed, 407 insertions(+), 427 deletions(-)
To https://github.com/BangLetsGetIt/NBA-NCAA-Betting-Models.git
   c851a23..2b9dd95  main -> main
✅ Successfully pushed to GitHub!
✅ Auto-push succeeded at Tue Jan  6 02:36:01 EST 2026
