============================================================
Scheduler run: nba_rebounds_props
Time: Sun Jan 18 10:10:05 EST 2026
Working dir: /Users/rico/sports-models/nba
Script: nba_rebounds_props_model.py
============================================================

[1m[96m================================================================================[0m
[1m[96mNBA REBOUNDS PROPS A.I. MODEL[0m
[1m[96m================================================================================[0m

[96m==========================================================================================[0m
[96m🎯 GRADING PENDING PICKS[0m
[96m==========================================================================================[0m

[93m📋 Found 13 pending picks...[0m

  Fetching team stats to verify completed games for 2025-12-16...
[96m  Fetching batch stats for 12/16/2025...[0m
  Fetching team stats to verify completed games for 2025-12-30...
[96m  Fetching batch stats for 12/30/2025...[0m
  Fetching team stats to verify completed games for 2026-01-01...
[96m  Fetching batch stats for 01/01/2026...[0m
  Fetching team stats to verify completed games for 2026-01-08...
[96m  Fetching batch stats for 01/08/2026...[0m
  Fetching team stats to verify completed games for 2026-01-18...

[93mNo picks ready for grading yet[0m

[96mFetching REAL NBA player rebounding statistics...[0m
[96m  Fetching season rebounding stats...[0m
[96m  Fetching recent form (last 10 games)...[0m
[92m✓ Fetched REAL rebounding stats for 510 players[0m

[96mFetching opponent rebounding factors...[0m
[92m✓ Fetched rebounding factors for 30 teams[0m

[96mFetching player rebounds prop odds...[0m
[96m  Found 6 upcoming games[0m
[96m  Filtered to 6 upcoming games[0m
[96m  Game 1/6: Orlando Magic @ Memphis Grizzlies[0m
[96m  Game 2/6: Brooklyn Nets @ Chicago Bulls[0m
[96m  Game 3/6: New Orleans Pelicans @ Houston Rockets[0m
[96m  Game 4/6: Charlotte Hornets @ Denver Nuggets[0m
[96m  Game 5/6: Portland Trail Blazers @ Sacramento Kings[0m
[96m  Game 6/6: Toronto Raptors @ Los Angeles Lakers[0m
[92m✓ Fetched 79 player rebounds props (grouped)[0m

[96mAnalyzing 79 player props with REAL stats...[0m
[92m✓ Found 3 top OVER plays (A.I. Score >= 10.0)[0m
[92m✓ Found 0 top UNDER plays (A.I. Score >= 10.0)[0m
[93m  Skipped 4 props (no player stats found)[0m
[93m  Skipped 147 props (score below 10.0 or failed checks)[0m

[96m==========================================================================================[0m
[96m📊 TRACKING NEW PICKS[0m
[96m==========================================================================================[0m
[93m✓ Updated odds for 3 existing picks[0m

[1m[92m================================================================================[0m
[1m[92mTOP OVER PLAYS[0m
[1m[92m================================================================================[0m
  [96m 1. Tari Eason               [0m | [92mOVER 4.5 REB   [0m | Houston Rockets           vs New Orleans Pelicans      | [1mA.I.: 10.00[0m | Rating: 4.9 ⭐⭐
  [96m 2. Steven Adams             [0m | [92mOVER 6.5 REB   [0m | Houston Rockets           vs New Orleans Pelicans      | [1mA.I.: 10.00[0m | Rating: 4.7 ⭐⭐
  [96m 3. Franz Wagner             [0m | [92mOVER 4.5 REB   [0m | Orlando Magic             vs Memphis Grizzlies         | [1mA.I.: 10.00[0m | Rating: 4.6 ⭐⭐

[1m[91m================================================================================[0m
[1m[91mTOP UNDER PLAYS[0m
[1m[91m================================================================================[0m

[96mGenerating HTML report...[0m

[92m✓ HTML report saved: /Users/rico/sports-models/nba/nba_rebounds_props.html[0m

[1m[92m================================================================================[0m
[1m[92m✓ Model execution complete![0m
[1m[92m================================================================================[0m

✅ Completed: nba_rebounds_props at Sun Jan 18 10:10:34 EST 2026

📤 Auto-pushing model outputs to GitHub...
[main 3c7817d] Update model outputs - 2026-01-18 10:10:34
 Committer: Ricardo Hill <rico@Ricos-M1-Mac-2.local>
Your name and email address were configured automatically based
on your username and hostname. Please check that they are accurate.
You can suppress this message by setting them explicitly. Run the
following command and follow the instructions in your editor to edit
your configuration file:

    git config --global --edit

After doing this, you may fix the identity used for this commit with:

    git commit --amend --reset-author

 2 files changed, 54 insertions(+), 54 deletions(-)
To https://github.com/BangLetsGetIt/NBA-NCAA-Betting-Models.git
   6548f08..3c7817d  main -> main
✅ Successfully pushed to GitHub!
✅ Auto-push succeeded at Sun Jan 18 10:10:35 EST 2026
