==========================================
NBA 3PT Props Model Run: Thu Jan  8 05:00:04 EST 2026
==========================================
Running NBA 3PT Props model...

[1m[96m================================================================================[0m
[1m[96mNBA 3PT PROPS A.I. MODEL[0m
[1m[96m================================================================================[0m

[96m==========================================================================================[0m
[96m🎯 GRADING PENDING PICKS[0m
[96m==========================================================================================[0m

[93m📋 Found 4 pending picks...[0m

  Fetching team stats to verify completed games for 2025-12-16...
[96m  Fetching batch stats for 12/16/2025...[0m
  Fetching team stats to verify completed games for 2026-01-08...

[93mNo picks ready for grading yet[0m

[96mFetching REAL NBA player 3-pointers statistics...[0m
[92m✓ Using cached player 3-pointers stats (less than 6 hours old)[0m

[96mFetching opponent 3-pointers factors...[0m
[92m✓ Using cached 3-pointers factors[0m

[96mFetching player 3-pointers prop odds...[0m
[96m  Found 4 upcoming games[0m
[96m  Filtered to 4 upcoming games[0m
[96m  Game 1/4: Indiana Pacers @ Charlotte Hornets[0m
[96m  Game 2/4: Miami Heat @ Chicago Bulls[0m
[96m  Game 3/4: Cleveland Cavaliers @ Minnesota Timberwolves[0m
[96m  Game 4/4: Dallas Mavericks @ Utah Jazz[0m
[92m✓ Fetched 36 player 3-pointers props (grouped)[0m

[96mAnalyzing 36 player props with REAL stats...[0m
[92m✓ Found 3 top OVER plays (A.I. Score >= 7.5)[0m
[92m✓ Found 1 top UNDER plays (A.I. Score >= 7.5)[0m
[93m  Skipped 2 props (no player stats found)[0m
[93m  Skipped 64 props (score below 7.5 or failed checks)[0m

[96m==========================================================================================[0m
[96m📊 TRACKING NEW PICKS[0m
[96m==========================================================================================[0m
[92m✓ Tracked 1 new picks[0m
[93m✓ Updated odds for 2 existing picks[0m

[1m[92m================================================================================[0m
[1m[92mTOP OVER PLAYS[0m
[1m[92m================================================================================[0m
  [96m 1. Sam Merrill              [0m | [92mOVER 2.5 3PT   [0m | Cleveland Cavaliers       vs Minnesota Timberwolves    | [1mA.I.: 10.00[0m | Rating: 4.9 ⭐⭐
  [96m 2. LaMelo Ball              [0m | [92mOVER 2.5 3PT   [0m | Charlotte Hornets         vs Indiana Pacers            | [1mA.I.: 8.80[0m | Rating: 3.9 ⭐
  [96m 3. Norman Powell            [0m | [92mOVER 2.5 3PT   [0m | Miami Heat                vs Chicago Bulls             | [1mA.I.: 8.30[0m | Rating: 2.4 

[1m[91m================================================================================[0m
[1m[91mTOP UNDER PLAYS[0m
[1m[91m================================================================================[0m
  [96m 1. Kevin Huerter            [0m | [91mUNDER 2.5 3PT  [0m | Chicago Bulls             vs Miami Heat                | [1mA.I.: 7.96[0m | Rating: 3.7 ⭐

[96mGenerating HTML report...[0m

[92m✓ HTML report saved: /Users/rico/sports-models/nba/nba_3pt_props.html[0m

[1m[92m================================================================================[0m
[1m[92m✓ Model execution complete![0m
[1m[92m================================================================================[0m


==========================================
✅ Model completed successfully!
==========================================

📤 Pushing updates to GitHub...
