============================================================
Scheduler run: nba_main_model
Time: Thu Jan  8 03:17:24 EST 2026
Working dir: /Users/rico/sports-models/nba
Script: nba_model_IMPROVED.py
============================================================

[1m==========================================================================================[0m
[1m[96m🎲 IMPROVED NBA BETTING MODEL 🎲[0m
[1m[92m⚡ Enhanced Stats + Rest Days + Stricter Filters ⚡[0m
[1m==========================================================================================[0m

[1m[96mSTEP 1: Checking for Completed Games[0m

[96m==========================================================================================[0m
[96m🔄 UPDATING RESULTS FOR COMPLETED GAMES[0m
[96m==========================================================================================[0m

[93m📋 Checking 9 pending picks...[0m
[96mFetching completed NBA game scores (via NBA API)...[0m
[92m✓ Found 20 completed games (Free API)[0m
  ✓ Updating: Toronto Raptors 97 @ Charlotte Hornets 96
    Result: Win
  ✓ Updating: Chicago Bulls 93 @ Detroit Pistons 108
    Result: Loss
  ✓ Updating: New Orleans Pelicans 100 @ Atlanta Hawks 117
    Result: Win
  ✓ Updating: Phoenix Suns 117 @ Memphis Grizzlies 98
    Result: Loss
  ✓ Updating: Phoenix Suns 117 @ Memphis Grizzlies 98
    Result: Loss
  ✓ Updating: Utah Jazz 125 @ Oklahoma City Thunder 129
    Result: Loss
  ✓ Updating: Milwaukee Bucks 113 @ Golden State Warriors 120
    Result: Win
  ✓ Updating: Houston Rockets 102 @ Portland Trail Blazers 103
    Result: Win
  ✓ Updating: Houston Rockets 102 @ Portland Trail Blazers 103
    Result: Loss
[92m✓ Tracking data saved to /Users/rico/sports-models/nba/nba_picks_tracking.json[0m
[92m✅ Updated 9 picks[0m
[92m✓ Tracking data saved to /Users/rico/sports-models/nba/nba_picks_tracking.json[0m
[92m✅ Updated 9 picks[0m
[92m✓ Tracking dashboard saved: /Users/rico/sports-models/nba/nba_tracking_dashboard.html[0m
[92m✓ Tracking dashboard saved: /Users/rico/sports-models/nba/nba_tracking_dashboard.html[0m

[1m[96mSTEP 2: Fetching Composite Stats (Season + Form)[0m
[96m🔄 Fetching new team stats from stats.nba.com...[0m
[92m✓ Fetched and cached stats for 76 teams[0m

[1m[96mSTEP 3: Fetching Home/Away Splits[0m
[96m🔄 Fetching home/away splits from stats.nba.com...[0m
[92m✓ Fetched and cached home/away splits[0m

[1m[96mSTEP 4: Fetching Team Schedules (Rest Days)[0m
[96m🔄 Fetching team schedules...[0m
[92m✓ Fetched schedules for 1 teams[0m

[1m[96mSTEP 5: Fetching Live Odds (Next 2 Days)[0m
[92m✓ Fetched odds for 4 total games[0m
[92m✓ Filtered to 4 games in next 2 days[0m

[1m[96mSTEP 6: Processing Games & Generating Picks[0m

[92m✓ Tracking data saved to /Users/rico/sports-models/nba/nba_picks_tracking.json[0m
[92m📝 LOGGED PICK: ✅ BET: Chicago Bulls +7.0 (Edge: +8.4)[0m
[92m✓ Tracking data saved to /Users/rico/sports-models/nba/nba_picks_tracking.json[0m
[92m📝 LOGGED PICK: ✅ BET: Utah Jazz +7.5 (Edge: +7.4)[0m

[1m[92m✅ Analyzed 4 games with complete odds[0m

[93m📊 All picks sorted by A.I. Rating (quality/confidence first)[0m


[1m==========================================================================================[0m
[1m[93m🏀 NBA MODEL PREDICTIONS 🏀[0m
[1m==========================================================================================[0m

[1m[96mMiami Heat @ Chicago Bulls[0m
  🕐 01/08/26 08:10 PM EST
  [96m[1m🎯 A.I. Rating: 3.7 ⭐ (GOOD PLAY)[0m
  [93m⚠️ CAUTION: Chicago Bulls - Below average: 2-3 (40%) | -1.30u over 5 picks[0m
  📊 Spread: Market +7.0 | Model +1.4
  🎯 Total: Market 241.0 | Model 240.4
  [92m✅ BET: Chicago Bulls +7.0[0m
     [96mModel projects Chicago Bulls to win outright, easily covering +7.0.[0m
  [93m⚠️ NO BET - Too close to call[0m
  📈 Predicted: Miami Heat 120, Chicago Bulls 121

[1m[96mDallas Mavericks @ Utah Jazz[0m
  🕐 01/08/26 09:10 PM EST
  [96m[1m🎯 A.I. Rating: 3.5 ⭐ (GOOD PLAY)[0m
  [96mℹ️ LIMITED: Utah Jazz - Limited data: 1-0 (100%) | +1.00u (1 pick)[0m
  📊 Spread: Market +7.5 | Model -0.1
  🎯 Total: Market 241.0 | Model 238.7
  [92m✅ BET: Utah Jazz +7.5[0m
     [96mModel projects Utah Jazz to lose by only 0.1, covering +7.5.[0m
  [93m⚠️ NO BET - Too close to call[0m
  📈 Predicted: Dallas Mavericks 119, Utah Jazz 119

[1m[96mIndiana Pacers @ Charlotte Hornets[0m
  🕐 01/08/26 07:10 PM EST
  [93m[1m🎯 A.I. Rating: 2.9  (MARGINAL PLAY)[0m
  📊 Spread: Market -3.5 | Model -0.4
  🎯 Total: Market 233.5 | Model 232.7
  [93m⚠️ NO BET - Too close to call[0m
     [96mEdge too small (-3.9)[0m
  [93m⚠️ NO BET - Too close to call[0m
  📈 Predicted: Indiana Pacers 117, Charlotte Hornets 116

[1m[96mCleveland Cavaliers @ Minnesota Timberwolves[0m
  🕐 01/08/26 08:10 PM EST
  [93m[1m🎯 A.I. Rating: 2.5  (MARGINAL PLAY)[0m
  📊 Spread: Market -2.5 | Model +2.7
  🎯 Total: Market 240.0 | Model 238.8
  [93m⚠️ NO BET - Too close to call[0m
     [96mEdge too small (+0.2)[0m
  [93m⚠️ NO BET - Too close to call[0m
  📈 Predicted: Cleveland Cavaliers 118, Minnesota Timberwolves 121

[92m✓ CSV saved: /Users/rico/sports-models/nba/nba_model_output.csv[0m
[92m✓ HTML saved: /Users/rico/sports-models/nba/nba_model_output.html[0m

[1m[96mSTEP 7: Generating Final Tracking Dashboard[0m
[92m✓ Tracking dashboard saved: /Users/rico/sports-models/nba/nba_tracking_dashboard.html[0m

[1m==========================================================================================[0m
[1m[93m📊 TRACKING SUMMARY 📊[0m
[1m==========================================================================================[0m
[92mTotal Tracked Bets: 306[0m
[92mRecord: 163-139-2[0m
[92mWin Rate: 54.0%[0m
[92mProfit: +9.26 units[0m
[92mROI: +2.8%[0m
[1m==========================================================================================[0m

[96mUpdating unified dashboard...[0m
[92m✓ Dashboard updated[0m

✅ Completed: nba_main_model at Thu Jan  8 03:18:27 EST 2026

📤 Auto-pushing model outputs to GitHub...
[main 698db2a] Update model outputs - 2026-01-08 03:18:27
 Committer: Ricardo Hill <rico@Ricos-M1-Mac-2.local>
Your name and email address were configured automatically based
on your username and hostname. Please check that they are accurate.
You can suppress this message by setting them explicitly. Run the
following command and follow the instructions in your editor to edit
your configuration file:

    git config --global --edit

After doing this, you may fix the identity used for this commit with:

    git commit --amend --reset-author

 4 files changed, 231 insertions(+), 1021 deletions(-)
To https://github.com/BangLetsGetIt/NBA-NCAA-Betting-Models.git
   6a7122f..698db2a  main -> main
✅ Successfully pushed to GitHub!
✅ Auto-push succeeded at Thu Jan  8 03:18:28 EST 2026
