============================================================
Scheduler run: nba_rebounds_props
Time: Mon Jan 12 18:10:02 EST 2026
Working dir: /Users/rico/sports-models/nba
Script: nba_rebounds_props_model.py
============================================================

[1m[96m================================================================================[0m
[1m[96mNBA REBOUNDS PROPS A.I. MODEL[0m
[1m[96m================================================================================[0m

[96m==========================================================================================[0m
[96m🎯 GRADING PENDING PICKS[0m
[96m==========================================================================================[0m

[93m📋 Found 15 pending picks...[0m

  Fetching team stats to verify completed games for 2025-12-16...
  Error fetching completed teams: HTTPSConnectionPool(host='stats.nba.com', port=443): Read timed out. (read timeout=30)
[96m  Fetching batch stats for 12/16/2025...[0m
  Fetching team stats to verify completed games for 2025-12-30...
[96m  Fetching batch stats for 12/30/2025...[0m
  Fetching team stats to verify completed games for 2026-01-01...
[96m  Fetching batch stats for 01/01/2026...[0m
  Fetching team stats to verify completed games for 2026-01-08...
[96m  Fetching batch stats for 01/08/2026...[0m
  Fetching team stats to verify completed games for 2026-01-12...

[93mNo picks ready for grading yet[0m

[96mFetching REAL NBA player rebounding statistics...[0m
[92m✓ Using cached player rebounding stats (less than 6 hours old)[0m

[96mFetching opponent rebounding factors...[0m
[92m✓ Using cached rebounding factors[0m

[96mFetching player rebounds prop odds...[0m
[96m  Found 11 upcoming games[0m
[96m  Filtered to 11 upcoming games[0m
[96m  Game 1/10: Utah Jazz @ Cleveland Cavaliers[0m
[96m  Game 2/10: Boston Celtics @ Indiana Pacers[0m
[96m  Game 3/10: Philadelphia 76ers @ Toronto Raptors[0m
[96m  Game 4/10: Brooklyn Nets @ Dallas Mavericks[0m
[96m  Game 5/10: Los Angeles Lakers @ Sacramento Kings[0m
[96m  Game 6/10: Charlotte Hornets @ Los Angeles Clippers[0m
[96m  Game 7/10: Phoenix Suns @ Miami Heat[0m
[96m  Game 8/10: Chicago Bulls @ Houston Rockets[0m
[96m  Game 9/10: Denver Nuggets @ New Orleans Pelicans[0m
[96m  Game 10/10: Minnesota Timberwolves @ Milwaukee Bucks[0m
[92m✓ Fetched 78 player rebounds props (grouped)[0m

[96mAnalyzing 78 player props with REAL stats...[0m
[92m✓ Found 0 top OVER plays (A.I. Score >= 10.0)[0m
[92m✓ Found 5 top UNDER plays (A.I. Score >= 10.0)[0m
[93m  Skipped 3 props (no player stats found)[0m
[93m  Skipped 145 props (score below 10.0 or failed checks)[0m

[96m==========================================================================================[0m
[96m📊 TRACKING NEW PICKS[0m
[96m==========================================================================================[0m
[93m✓ Updated odds for 3 existing picks[0m

[1m[92m================================================================================[0m
[1m[92mTOP OVER PLAYS[0m
[1m[92m================================================================================[0m

[1m[91m================================================================================[0m
[1m[91mTOP UNDER PLAYS[0m
[1m[91m================================================================================[0m
  [96m 1. Naji Marshall            [0m | [91mUNDER 5.5 REB  [0m | Dallas Mavericks          vs Brooklyn Nets             | [1mA.I.: 10.00[0m | Rating: 4.7 ⭐⭐
  [96m 2. Daniel Gafford           [0m | [91mUNDER 8.5 REB  [0m | Dallas Mavericks          vs Brooklyn Nets             | [1mA.I.: 10.00[0m | Rating: 4.7 ⭐⭐
  [96m 3. Danny Wolf               [0m | [91mUNDER 5.5 REB  [0m | Brooklyn Nets             vs Dallas Mavericks          | [1mA.I.: 10.00[0m | Rating: 4.6 ⭐⭐
  [96m 4. Sam Hauser               [0m | [91mUNDER 4.5 REB  [0m | Boston Celtics            vs Indiana Pacers            | [1mA.I.: 10.00[0m | Rating: 4.2 ⭐⭐
  [96m 5. Joel Embiid              [0m | [91mUNDER 9.5 REB  [0m | Philadelphia 76ers        vs Toronto Raptors           | [1mA.I.: 10.00[0m | Rating: 3.5 ⭐

[96mGenerating HTML report...[0m

[92m✓ HTML report saved: /Users/rico/sports-models/nba/nba_rebounds_props.html[0m

[1m[92m================================================================================[0m
[1m[92m✓ Model execution complete![0m
[1m[92m================================================================================[0m

✅ Completed: nba_rebounds_props at Mon Jan 12 18:31:41 EST 2026

📤 Auto-pushing model outputs to GitHub...
[main 74d4932] Update model outputs - 2026-01-12 18:31:42
 Committer: Ricardo Hill <rico@MacBookAir.lan>
Your name and email address were configured automatically based
on your username and hostname. Please check that they are accurate.
You can suppress this message by setting them explicitly. Run the
following command and follow the instructions in your editor to edit
your configuration file:

    git config --global --edit

After doing this, you may fix the identity used for this commit with:

    git commit --amend --reset-author

 2 files changed, 43 insertions(+), 42 deletions(-)
To https://github.com/BangLetsGetIt/NBA-NCAA-Betting-Models.git
   9be1ebd..74d4932  main -> main
✅ Successfully pushed to GitHub!
✅ Auto-push succeeded at Mon Jan 12 18:31:42 EST 2026
