==========================================
NBA Assists Props Model Run: Sat Jan  3 07:00:02 EST 2026
==========================================
Running NBA Assists Props model...

[1m[96m================================================================================[0m
[1m[96mNBA ASSISTS PROPS A.I. MODEL[0m
[1m[96m================================================================================[0m

[96m==========================================================================================[0m
[96m🎯 GRADING PENDING PICKS[0m
[96m==========================================================================================[0m

[93m📋 Found 2 pending picks...[0m

  Fetching team stats to verify completed games for 2025-12-16...
[93m  ⚠ Could not find stats for De'Aaron Fox on 2025-12-16[0m
  Fetching team stats to verify completed games for 2026-01-03...

[93mNo picks ready for grading yet[0m

[96mFetching REAL NBA player assists statistics...[0m
[96m  Fetching season assists stats...[0m
[96m  Fetching recent form (last 10 games)...[0m
[92m✓ Fetched REAL assists stats for 506 players[0m

[96mFetching opponent assists factors...[0m
[92m✓ Fetched assists factors for 30 teams[0m

[96mFetching player assists prop odds...[0m
[96m  Found 8 upcoming games[0m
[96m  Filtered to 8 upcoming games[0m
[96m  Game 1/8: Minnesota Timberwolves @ Miami Heat[0m
[96m  Game 2/8: Atlanta Hawks @ Toronto Raptors[0m
[96m  Game 3/8: Philadelphia 76ers @ New York Knicks[0m
[96m  Game 4/8: Charlotte Hornets @ Chicago Bulls[0m
[96m  Game 5/8: Portland Trail Blazers @ San Antonio Spurs[0m
[96m  Game 6/8: Houston Rockets @ Dallas Mavericks[0m
[96m  Game 7/8: Utah Jazz @ Golden State Warriors[0m
[96m  Game 8/8: Boston Celtics @ Los Angeles Clippers[0m
[92m✓ Fetched 71 player assists props (grouped)[0m

[96mAnalyzing 71 player props with REAL stats...[0m
[92m✓ Found 0 top OVER plays (A.I. Score >= 10.0)[0m
[92m✓ Found 2 top UNDER plays (A.I. Score >= 10.0)[0m
[93m  Skipped 2 props (no player stats found)[0m
[93m  Skipped 136 props (score below 10.0 or failed checks)[0m

[96m==========================================================================================[0m
[96m📊 TRACKING NEW PICKS[0m
[96m==========================================================================================[0m
[92m✓ Tracked 2 new picks[0m

[1m[92m================================================================================[0m
[1m[92mTOP OVER PLAYS[0m
[1m[92m================================================================================[0m

[1m[91m================================================================================[0m
[1m[91mTOP UNDER PLAYS[0m
[1m[91m================================================================================[0m
  [96m 1. Isaac Okoro              [0m | [91mUNDER 2.5 AST  [0m | Chicago Bulls             vs Charlotte Hornets         | [1mA.I.: 10.00[0m | Rating: 4.9 ⭐⭐
  [96m 2. Miles McBride            [0m | [91mUNDER 3.5 AST  [0m | New York Knicks           vs Philadelphia 76ers        | [1mA.I.: 10.00[0m | Rating: 3.5 ⭐

[96mGenerating HTML report...[0m

[92m✓ HTML report saved: /Users/rico/sports-models/nba/nba_assists_props.html[0m

[1m[92m================================================================================[0m
[1m[92m✓ Model execution complete![0m
[1m[92m================================================================================[0m


==========================================
✅ Model completed successfully!
==========================================

📤 Pushing updates to GitHub...
