==========================================
NBA Rebounds Props Model Run: Sat Dec 27 06:00:03 EST 2025
==========================================
Running NBA Rebounds Props model...

[1m[96m================================================================================[0m
[1m[96mNBA REBOUNDS PROPS A.I. MODEL[0m
[1m[96m================================================================================[0m

[96m==========================================================================================[0m
[96m🎯 GRADING PENDING PICKS[0m
[96m==========================================================================================[0m

[93m📋 Found 10 pending picks...[0m

  Fetching team stats to verify completed games for 2025-12-16...
[96m  Fetching batch stats for 12/16/2025...[0m
  Fetching team stats to verify completed games for 2025-12-27...

[93mNo picks ready for grading yet[0m

[96mFetching REAL NBA player rebounding statistics...[0m
[92m✓ Using cached player rebounding stats (less than 6 hours old)[0m

[96mFetching opponent rebounding factors...[0m
[92m✓ Using cached rebounding factors[0m

[96mFetching player rebounds prop odds...[0m
[96m  Found 9 upcoming games[0m
[96m  Filtered to 9 upcoming games[0m
[96m  Game 1/9: Dallas Mavericks @ Sacramento Kings[0m
[96m  Game 2/9: Denver Nuggets @ Orlando Magic[0m
[96m  Game 3/9: Phoenix Suns @ New Orleans Pelicans[0m
[96m  Game 4/9: New York Knicks @ Atlanta Hawks[0m
[96m  Game 5/9: Brooklyn Nets @ Minnesota Timberwolves[0m
[96m  Game 6/9: Milwaukee Bucks @ Chicago Bulls[0m
[96m  Game 7/9: Cleveland Cavaliers @ Houston Rockets[0m
[96m  Game 8/9: Indiana Pacers @ Miami Heat[0m
[96m  Game 9/9: Utah Jazz @ San Antonio Spurs[0m
[92m✓ Fetched 115 player rebounds props (grouped)[0m

[96mAnalyzing 115 player props with REAL stats...[0m
[92m✓ Found 1 top OVER plays (A.I. Score >= 10.0)[0m
[92m✓ Found 3 top UNDER plays (A.I. Score >= 10.0)[0m
[93m  Skipped 5 props (no player stats found)[0m
[93m  Skipped 216 props (score below 10.0 or failed checks)[0m

[96m==========================================================================================[0m
[96m📊 TRACKING NEW PICKS[0m
[96m==========================================================================================[0m
[92m✓ Tracked 1 new picks[0m
[93m✓ Updated odds for 2 existing picks[0m

[1m[92m================================================================================[0m
[1m[92mTOP OVER PLAYS[0m
[1m[92m================================================================================[0m
  [96m 1. Jaylon Tyson             [0m | [92mOVER 3.5 REB   [0m | Houston Rockets           vs Cleveland Cavaliers       | [1mA.I.: 10.00[0m | Rating: 4.4 ⭐⭐

[1m[91m================================================================================[0m
[1m[91mTOP UNDER PLAYS[0m
[1m[91m================================================================================[0m
  [96m 1. Brice Sensabaugh         [0m | [91mUNDER 4.5 REB  [0m | San Antonio Spurs         vs Utah Jazz                 | [1mA.I.: 10.00[0m | Rating: 4.9 ⭐⭐
  [96m 2. Cooper Flagg             [0m | [91mUNDER 7.5 REB  [0m | Sacramento Kings          vs Dallas Mavericks          | [1mA.I.: 10.00[0m | Rating: 4.9 ⭐⭐
  [96m 3. Nique Clifford           [0m | [91mUNDER 4.5 REB  [0m | Sacramento Kings          vs Dallas Mavericks          | [1mA.I.: 10.00[0m | Rating: 4.7 ⭐⭐

[96mGenerating HTML report...[0m

[92m✓ HTML report saved: /Users/rico/sports-models/nba/nba_rebounds_props.html[0m

[1m[92m================================================================================[0m
[1m[92m✓ Model execution complete![0m
[1m[92m================================================================================[0m


==========================================
✅ Model completed successfully!
==========================================

📤 Pushing updates to GitHub...
