============================================================
Scheduler run: nba_points_props
Time: Thu Jan  1 10:00:02 EST 2026
Working dir: /Users/rico/sports-models/nba
Script: nba_points_props_model.py
============================================================

[1m[96m================================================================================[0m
[1m[96mNBA POINTS PROPS A.I. MODEL[0m
[1m[96m================================================================================[0m

[96m==========================================================================================[0m
[96m🎯 GRADING PENDING PICKS (BATCH MODE)[0m
[96m==========================================================================================[0m

[93m📋 Found 15 pending picks...[0m


[96mProcessing 9 picks for 2025-12-16...[0m
[96m  Fetching batch stats for 12/16/2025...[0m
  Fetching team stats to verify completed games for 2025-12-16...
[93m  ⚠️  No stats found for 2025-12-16 yet[0m

[96mProcessing 2 picks for 2025-12-23...[0m
[96m  Fetching batch stats for 12/23/2025...[0m
  Fetching team stats to verify completed games for 2025-12-23...

[93mNo picks ready for grading yet[0m

[96mFetching REAL NBA player points statistics...[0m
[96m  Fetching season points stats...[0m
[96m  Fetching recent form (last 10 games)...[0m
[92m✓ Fetched REAL stats for 505 players[0m

[96mFetching opponent defense factors...[0m
[92m✓ Fetched defense factors for 30 teams[0m

[96mFetching player points prop odds...[0m
[96m  Found 5 upcoming games[0m
[96m  Filtered to 5 upcoming games[0m
[96m  Game 1/5: Houston Rockets @ Brooklyn Nets[0m
[96m  Game 2/5: Miami Heat @ Detroit Pistons[0m
[96m  Game 3/5: Philadelphia 76ers @ Dallas Mavericks[0m
[96m  Game 4/5: Boston Celtics @ Sacramento Kings[0m
[96m  Game 5/5: Utah Jazz @ Los Angeles Clippers[0m
[92m✓ Fetched 114 total player props[0m

[96mAnalyzing 114 player props with REAL stats...[0m
[92m✓ Found 5 top OVER plays (A.I. Score >= 10.0)[0m
[92m✓ Found 4 top UNDER plays (A.I. Score >= 10.0)[0m
[93m  Skipped 2 props (no player stats found)[0m
[93m  Skipped 206 props (score below 10.0)[0m

[96m==========================================================================================[0m
[96m📊 TRACKING NEW PICKS[0m
[96m==========================================================================================[0m
[92m✓ Tracked 2 new picks[0m
[93m✓ Updated odds for 1 existing picks[0m

[1m[92m================================================================================[0m
[1m[92mTOP OVER PLAYS[0m
[1m[92m================================================================================[0m
  [96m 1. Nicolas Claxton          [0m | [92mOVER 11.5 PTS  [0m | Brooklyn Nets vs Houston Rockets | [1mA.I.: 10.00[0m | Rating: 4.9 ⭐⭐
  [96m 2. Alperen Sengun           [0m | [92mOVER 20.5 PTS  [0m | Houston Rockets vs Brooklyn Nets | [1mA.I.: 10.00[0m | Rating: 4.9 ⭐⭐
  [96m 3. Cam Thomas               [0m | [92mOVER 17.5 PTS  [0m | Brooklyn Nets vs Houston Rockets | [1mA.I.: 10.00[0m | Rating: 4.9 ⭐⭐
  [96m 4. P.J. Washington          [0m | [92mOVER 12.5 PTS  [0m | Dallas Mavericks vs Philadelphia 76ers | [1mA.I.: 10.00[0m | Rating: 4.9 ⭐⭐
  [96m 5. Lauri Markkanen          [0m | [92mOVER 26.5 PTS  [0m | Utah Jazz vs Los Angeles Clippers | [1mA.I.: 10.00[0m | Rating: 4.9 ⭐⭐

[1m[91m================================================================================[0m
[1m[91mTOP UNDER PLAYS[0m
[1m[91m================================================================================[0m
  [96m 1. Keegan Murray            [0m | [91mUNDER 15.5 PTS [0m | Sacramento Kings vs Boston Celtics | [1mA.I.: 10.00[0m | Rating: 4.9 ⭐⭐
  [96m 2. Brook Lopez              [0m | [91mUNDER 12.5 PTS [0m | Los Angeles Clippers vs Utah Jazz | [1mA.I.: 10.00[0m | Rating: 4.9 ⭐⭐
  [96m 3. Kyle Filipowski          [0m | [91mUNDER 14.5 PTS [0m | Utah Jazz vs Los Angeles Clippers | [1mA.I.: 10.00[0m | Rating: 4.9 ⭐⭐
  [96m 4. Brice Sensabaugh         [0m | [91mUNDER 15.5 PTS [0m | Utah Jazz vs Los Angeles Clippers | [1mA.I.: 10.00[0m | Rating: 4.9 ⭐⭐

[96mGenerating HTML report...[0m

[92m✓ HTML report saved: /Users/rico/sports-models/nba/nba_points_props.html[0m

[1m[92m================================================================================[0m
[1m[92m✓ Model execution complete![0m
[1m[92m================================================================================[0m

✅ Completed: nba_points_props at Thu Jan  1 10:01:04 EST 2026

📤 Auto-pushing model outputs to GitHub...
[main 3ccd4b4] Update model outputs - 2026-01-01 10:01:04
 Committer: Ricardo Hill <rico@Ricos-M1-Mac-2.local>
Your name and email address were configured automatically based
on your username and hostname. Please check that they are accurate.
You can suppress this message by setting them explicitly. Run the
following command and follow the instructions in your editor to edit
your configuration file:

    git config --global --edit

After doing this, you may fix the identity used for this commit with:

    git commit --amend --reset-author

 2 files changed, 161 insertions(+), 43 deletions(-)
To https://github.com/BangLetsGetIt/NBA-NCAA-Betting-Models.git
   c2ef90a..3ccd4b4  main -> main
✅ Successfully pushed to GitHub!
✅ Auto-push succeeded at Thu Jan  1 10:01:05 EST 2026
