============================================================
Scheduler run: nba_3pt_props
Time: Sun Dec 28 15:00:05 EST 2025
Working dir: /Users/rico/sports-models/nba
Script: nba_3pt_props_model.py
============================================================

[1m[96m================================================================================[0m
[1m[96mNBA 3PT PROPS A.I. MODEL[0m
[1m[96m================================================================================[0m

[96m==========================================================================================[0m
[96m🎯 GRADING PENDING PICKS[0m
[96m==========================================================================================[0m

[93m📋 Found 5 pending picks...[0m

  Fetching team stats to verify completed games for 2025-12-16...
[96m  Fetching batch stats for 12/16/2025...[0m
  Fetching team stats to verify completed games for 2025-12-28...

[93mNo picks ready for grading yet[0m

[96mFetching REAL NBA player 3-pointers statistics...[0m
[92m✓ Using cached player 3-pointers stats (less than 6 hours old)[0m

[96mFetching opponent 3-pointers factors...[0m
[92m✓ Using cached 3-pointers factors[0m

[96mFetching player 3-pointers prop odds...[0m
[96m  Found 12 upcoming games[0m
[96m  Filtered to 12 upcoming games[0m
[96m  Game 1/10: Golden State Warriors @ Toronto Raptors[0m
[96m  Game 2/10: Philadelphia 76ers @ Oklahoma City Thunder[0m
[96m  Game 3/10: Boston Celtics @ Portland Trail Blazers[0m
[96m  Game 4/10: Memphis Grizzlies @ Washington Wizards[0m
[96m  Game 5/10: Detroit Pistons @ Los Angeles Clippers[0m
[96m  Game 6/10: Sacramento Kings @ Los Angeles Lakers[0m
[96m  Game 7/10: Milwaukee Bucks @ Charlotte Hornets[0m
[96m  Game 8/10: Denver Nuggets @ Miami Heat[0m
[96m  Game 9/10: Minnesota Timberwolves @ Chicago Bulls[0m
[96m  Game 10/10: Cleveland Cavaliers @ San Antonio Spurs[0m
[92m✓ Fetched 55 player 3-pointers props (grouped)[0m

[96mAnalyzing 55 player props with REAL stats...[0m
[92m✓ Found 1 top OVER plays (A.I. Score >= 7.5)[0m
[92m✓ Found 2 top UNDER plays (A.I. Score >= 7.5)[0m
[93m  Skipped 1 props (no player stats found)[0m
[93m  Skipped 105 props (score below 7.5 or failed checks)[0m

[96m==========================================================================================[0m
[96m📊 TRACKING NEW PICKS[0m
[96m==========================================================================================[0m
[93m✓ Updated odds for 1 existing picks[0m

[1m[92m================================================================================[0m
[1m[92mTOP OVER PLAYS[0m
[1m[92m================================================================================[0m
  [96m 1. Sam Hauser               [0m | [92mOVER 1.5 3PT   [0m | Boston Celtics            vs Portland Trail Blazers    | [1mA.I.: 8.60[0m | Rating: 3.4 ⭐

[1m[91m================================================================================[0m
[1m[91mTOP UNDER PLAYS[0m
[1m[91m================================================================================[0m
  [96m 1. Keon Ellis               [0m | [91mUNDER 2.5 3PT  [0m | Sacramento Kings          vs Los Angeles Lakers        | [1mA.I.: 9.64[0m | Rating: 4.0 ⭐⭐
  [96m 2. Santi Aldama             [0m | [91mUNDER 2.5 3PT  [0m | Memphis Grizzlies         vs Washington Wizards        | [1mA.I.: 7.68[0m | Rating: 3.9 ⭐

[96mGenerating HTML report...[0m

[92m✓ HTML report saved: /Users/rico/sports-models/nba/nba_3pt_props.html[0m

[1m[92m================================================================================[0m
[1m[92m✓ Model execution complete![0m
[1m[92m================================================================================[0m

✅ Completed: nba_3pt_props at Sun Dec 28 15:00:15 EST 2025

📤 Auto-pushing model outputs to GitHub...
[main d8d1e71] Update model outputs - 2025-12-28 15:00:15
 Committer: Ricardo Hill <rico@Ricos-M1-Mac-2.local>
Your name and email address were configured automatically based
on your username and hostname. Please check that they are accurate.
You can suppress this message by setting them explicitly. Run the
following command and follow the instructions in your editor to edit
your configuration file:

    git config --global --edit

After doing this, you may fix the identity used for this commit with:

    git commit --amend --reset-author

 2 files changed, 29 insertions(+), 66 deletions(-)
To https://github.com/BangLetsGetIt/NBA-NCAA-Betting-Models.git
 ! [remote rejected] main -> main (cannot lock ref 'refs/heads/main': is at d8d1e71680034d694a10b51c676a10631a09a9f7 but expected 0c93e6ab592504cd4685bafe74e3c6e2748f0b69)
error: failed to push some refs to 'https://github.com/BangLetsGetIt/NBA-NCAA-Betting-Models.git'
⚠️  Push failed - you may need to set up the GitHub remote first
✅ Auto-push succeeded at Sun Dec 28 15:00:16 EST 2025
