==========================================
NBA Model Run: Tue Jan 13 10:00:00 EST 2026
==========================================
Running NBA model...

[1m==========================================================================================[0m
[1m[96m🎲 IMPROVED NBA BETTING MODEL 🎲[0m
[1m[92m⚡ Enhanced Stats + Rest Days + Stricter Filters ⚡[0m
[1m==========================================================================================[0m

[1m[96mSTEP 1: Checking for Completed Games[0m

[96m==========================================================================================[0m
[96m🔄 UPDATING RESULTS FOR COMPLETED GAMES[0m
[96m==========================================================================================[0m

[93m📋 Checking 10 pending picks...[0m
[96mFetching completed NBA game scores (via NBA API)...[0m
[93m  ⚠️  Error fetching for 01/13/2026: HTTPSConnectionPool(host='stats.nba.com', port=443): Max retries exceeded with url: /stats/scoreboardv2?DayOffset=0&GameDate=01%2F13%2F2026&LeagueID=00 (Caused by NameResolutionError("<urllib3.connection.HTTPSConnection object at 0x10990acf0>: Failed to resolve 'stats.nba.com' ([Errno 8] nodename nor servname provided, or not known)"))[0m
[93m  ⚠️  Error fetching for 01/12/2026: HTTPSConnectionPool(host='stats.nba.com', port=443): Max retries exceeded with url: /stats/scoreboardv2?DayOffset=0&GameDate=01%2F12%2F2026&LeagueID=00 (Caused by NameResolutionError("<urllib3.connection.HTTPSConnection object at 0x109bd02d0>: Failed to resolve 'stats.nba.com' ([Errno 8] nodename nor servname provided, or not known)"))[0m
[93m  ⚠️  Error fetching for 01/11/2026: HTTPSConnectionPool(host='stats.nba.com', port=443): Max retries exceeded with url: /stats/scoreboardv2?DayOffset=0&GameDate=01%2F11%2F2026&LeagueID=00 (Caused by NameResolutionError("<urllib3.connection.HTTPSConnection object at 0x109bd0b90>: Failed to resolve 'stats.nba.com' ([Errno 8] nodename nor servname provided, or not known)"))[0m
[92m✓ Found 0 completed games (Free API)[0m
[93m⚠️  No completed games found.[0m
[92m✓ Tracking data saved to /Users/rico/sports-models/nba/nba_picks_tracking.json[0m
[92m✓ Tracking dashboard saved: /Users/rico/sports-models/nba/nba_tracking_dashboard.html[0m

[1m[96mSTEP 2: Fetching Composite Stats (Season + Form)[0m
[96m🔄 Fetching new team stats from stats.nba.com...[0m
[93m⚠ Attempt 1/3 failed: HTTPSConnectionPool(host='stats.nba.com', port=443): Max retries exceeded with url: /stats/leaguedashteamstats?Conference=&DateFrom=&DateTo=&Division=&GameScope=&GameSegment=&LastNGames=0&LeagueID=&Location=&MeasureType=Advanced&Month=0&OpponentTeamID=0&Outcome=&PORound=&PaceAdjust=N&PerMode=Totals&Period=0&PlayerExperience=&PlayerPosition=&PlusMinus=N&Rank=N&Season=2024-25&SeasonSegment=&SeasonType=Regular+Season&ShotClockRange=&StarterBench=&TeamID=&TwoWay=&VsConference=&VsDivision= (Caused by NameResolutionError("<urllib3.connection.HTTPSConnection object at 0x1098f7610>: Failed to resolve 'stats.nba.com' ([Errno 8] nodename nor servname provided, or not known)"))[0m
[93m   Retrying in 2 seconds...[0m
[93m⚠ Attempt 2/3 failed: HTTPSConnectionPool(host='stats.nba.com', port=443): Max retries exceeded with url: /stats/leaguedashteamstats?Conference=&DateFrom=&DateTo=&Division=&GameScope=&GameSegment=&LastNGames=0&LeagueID=&Location=&MeasureType=Advanced&Month=0&OpponentTeamID=0&Outcome=&PORound=&PaceAdjust=N&PerMode=Totals&Period=0&PlayerExperience=&PlayerPosition=&PlusMinus=N&Rank=N&Season=2024-25&SeasonSegment=&SeasonType=Regular+Season&ShotClockRange=&StarterBench=&TeamID=&TwoWay=&VsConference=&VsDivision= (Caused by NameResolutionError("<urllib3.connection.HTTPSConnection object at 0x1098f7d90>: Failed to resolve 'stats.nba.com' ([Errno 8] nodename nor servname provided, or not known)"))[0m
[93m   Retrying in 5 seconds...[0m
[91m✗ Error fetching stats after 3 attempts: HTTPSConnectionPool(host='stats.nba.com', port=443): Max retries exceeded with url: /stats/leaguedashteamstats?Conference=&DateFrom=&DateTo=&Division=&GameScope=&GameSegment=&LastNGames=0&LeagueID=&Location=&MeasureType=Advanced&Month=0&OpponentTeamID=0&Outcome=&PORound=&PaceAdjust=N&PerMode=Totals&Period=0&PlayerExperience=&PlayerPosition=&PlusMinus=N&Rank=N&Season=2024-25&SeasonSegment=&SeasonType=Regular+Season&ShotClockRange=&StarterBench=&TeamID=&TwoWay=&VsConference=&VsDivision= (Caused by NameResolutionError("<urllib3.connection.HTTPSConnection object at 0x109bd1d10>: Failed to resolve 'stats.nba.com' ([Errno 8] nodename nor servname provided, or not known)"))[0m
[93m⚠ Falling back to cached stats (may be stale)[0m
[92m✓ Using cached stats for 76 teams[0m

[1m[96mSTEP 3: Fetching Home/Away Splits[0m
[96m🔄 Fetching home/away splits from stats.nba.com...[0m
[93m⚠ Attempt 1/3 failed: HTTPSConnectionPool(host='stats.nba.com', port=443): Max retries exceeded with url: /stats/leaguedashteamstats?Conference=&DateFrom=&DateTo=&Division=&GameScope=&GameSegment=&LastNGames=0&LeagueID=&Location=Home&MeasureType=Advanced&Month=0&OpponentTeamID=0&Outcome=&PORound=&PaceAdjust=N&PerMode=Totals&Period=0&PlayerExperience=&PlayerPosition=&PlusMinus=N&Rank=N&Season=2024-25&SeasonSegment=&SeasonType=Regular+Season&ShotClockRange=&StarterBench=&TeamID=&TwoWay=&VsConference=&VsDivision= (Caused by NameResolutionError("<urllib3.connection.HTTPSConnection object at 0x109bd20d0>: Failed to resolve 'stats.nba.com' ([Errno 8] nodename nor servname provided, or not known)"))[0m
[93m   Retrying in 2 seconds...[0m
[93m⚠ Attempt 2/3 failed: HTTPSConnectionPool(host='stats.nba.com', port=443): Max retries exceeded with url: /stats/leaguedashteamstats?Conference=&DateFrom=&DateTo=&Division=&GameScope=&GameSegment=&LastNGames=0&LeagueID=&Location=Home&MeasureType=Advanced&Month=0&OpponentTeamID=0&Outcome=&PORound=&PaceAdjust=N&PerMode=Totals&Period=0&PlayerExperience=&PlayerPosition=&PlusMinus=N&Rank=N&Season=2024-25&SeasonSegment=&SeasonType=Regular+Season&ShotClockRange=&StarterBench=&TeamID=&TwoWay=&VsConference=&VsDivision= (Caused by NameResolutionError("<urllib3.connection.HTTPSConnection object at 0x109bd2710>: Failed to resolve 'stats.nba.com' ([Errno 8] nodename nor servname provided, or not known)"))[0m
[93m   Retrying in 5 seconds...[0m
[93m⚠ Could not fetch splits after 3 attempts: HTTPSConnectionPool(host='stats.nba.com', port=443): Max retries exceeded with url: /stats/leaguedashteamstats?Conference=&DateFrom=&DateTo=&Division=&GameScope=&GameSegment=&LastNGames=0&LeagueID=&Location=Home&MeasureType=Advanced&Month=0&OpponentTeamID=0&Outcome=&PORound=&PaceAdjust=N&PerMode=Totals&Period=0&PlayerExperience=&PlayerPosition=&PlusMinus=N&Rank=N&Season=2024-25&SeasonSegment=&SeasonType=Regular+Season&ShotClockRange=&StarterBench=&TeamID=&TwoWay=&VsConference=&VsDivision= (Caused by NameResolutionError("<urllib3.connection.HTTPSConnection object at 0x109bd2d50>: Failed to resolve 'stats.nba.com' ([Errno 8] nodename nor servname provided, or not known)"))[0m
[93m⚠ Falling back to cached splits (may be stale)[0m
[92m✓ Using cached splits[0m

[1m[96mSTEP 4: Fetching Team Schedules (Rest Days)[0m
[96m🔄 Fetching team schedules...[0m
[92m✓ Fetched schedules for 0 teams[0m

[1m[96mSTEP 5: Fetching Live Odds (Next 2 Days)[0m
[91m✗ Error fetching odds: HTTPSConnectionPool(host='api.the-odds-api.com', port=443): Max retries exceeded with url: /v4/sports/basketball_nba/odds/?apiKey=cf796adc9ac20a6df2247368d40fe0a0&regions=us%2Cus2&markets=h2h%2Cspreads%2Ctotals&oddsFormat=american&dateFormat=iso (Caused by NameResolutionError("<urllib3.connection.HTTPSConnection object at 0x1098f7b10>: Failed to resolve 'api.the-odds-api.com' ([Errno 8] nodename nor servname provided, or not known)"))[0m

[93m⚠️  No games found from The Odds API.[0m


==========================================
✅ Model completed successfully!
==========================================

📤 Pushing updates to GitHub...
No changes to commit
