============================================================
Scheduler run: nba_3pt_props
Time: Tue Dec 30 10:00:03 EST 2025
Working dir: /Users/rico/sports-models/nba
Script: nba_3pt_props_model.py
============================================================

[1m[96m================================================================================[0m
[1m[96mNBA 3PT PROPS A.I. MODEL[0m
[1m[96m================================================================================[0m

[96m==========================================================================================[0m
[96m🎯 GRADING PENDING PICKS[0m
[96m==========================================================================================[0m

[93m📋 Found 4 pending picks...[0m

  Fetching team stats to verify completed games for 2025-12-16...
[96m  Fetching batch stats for 12/16/2025...[0m
  Fetching team stats to verify completed games for 2025-12-30...

[93mNo picks ready for grading yet[0m

[96mFetching REAL NBA player 3-pointers statistics...[0m
[96m  Fetching season 3-pointers stats...[0m
[96m  Fetching recent form (last 10 games)...[0m
[92m✓ Fetched REAL 3-pointers stats for 505 players[0m

[96mFetching opponent 3-pointers factors...[0m
[92m✓ Fetched 3-pointers factors for 30 teams[0m

[96mFetching player 3-pointers prop odds...[0m
[96m  Found 5 upcoming games[0m
[96m  Filtered to 5 upcoming games[0m
[96m  Game 1/5: Philadelphia 76ers @ Memphis Grizzlies[0m
[96m  Game 2/5: Boston Celtics @ Utah Jazz[0m
[96m  Game 3/5: Detroit Pistons @ Los Angeles Lakers[0m
[96m  Game 4/5: Sacramento Kings @ Los Angeles Clippers[0m
[96m  Game 5/5: New York Knicks @ San Antonio Spurs[0m
[92m✓ Fetched 37 player 3-pointers props (grouped)[0m

[96mAnalyzing 37 player props with REAL stats...[0m
[92m✓ Found 2 top OVER plays (A.I. Score >= 7.5)[0m
[92m✓ Found 2 top UNDER plays (A.I. Score >= 7.5)[0m
[93m  Skipped 1 props (no player stats found)[0m
[93m  Skipped 68 props (score below 7.5 or failed checks)[0m

[96m==========================================================================================[0m
[96m📊 TRACKING NEW PICKS[0m
[96m==========================================================================================[0m
[92m✓ Tracked 1 new picks[0m
[93m✓ Updated odds for 1 existing picks[0m

[1m[92m================================================================================[0m
[1m[92mTOP OVER PLAYS[0m
[1m[92m================================================================================[0m
  [96m 1. Sam Hauser               [0m | [92mOVER 1.5 3PT   [0m | Boston Celtics            vs Utah Jazz                 | [1mA.I.: 9.80[0m | Rating: 3.6 ⭐
  [96m 2. Lauri Markkanen          [0m | [92mOVER 2.5 3PT   [0m | Utah Jazz                 vs Boston Celtics            | [1mA.I.: 7.70[0m | Rating: 3.5 ⭐

[1m[91m================================================================================[0m
[1m[91mTOP UNDER PLAYS[0m
[1m[91m================================================================================[0m
  [96m 1. Keyonte George           [0m | [91mUNDER 3.5 3PT  [0m | Utah Jazz                 vs Boston Celtics            | [1mA.I.: 7.62[0m | Rating: 3.3 ⭐
  [96m 2. Brice Sensabaugh         [0m | [91mUNDER 2.5 3PT  [0m | Utah Jazz                 vs Boston Celtics            | [1mA.I.: 7.54[0m | Rating: 2.9 

[96mGenerating HTML report...[0m

[92m✓ HTML report saved: /Users/rico/sports-models/nba/nba_3pt_props.html[0m

[1m[92m================================================================================[0m
[1m[92m✓ Model execution complete![0m
[1m[92m================================================================================[0m

✅ Completed: nba_3pt_props at Tue Dec 30 10:00:29 EST 2025

📤 Auto-pushing model outputs to GitHub...
[main 28363d2] Update model outputs - 2025-12-30 10:00:29
 Committer: Ricardo Hill <rico@Ricos-M1-Mac-2.local>
Your name and email address were configured automatically based
on your username and hostname. Please check that they are accurate.
You can suppress this message by setting them explicitly. Run the
following command and follow the instructions in your editor to edit
your configuration file:

    git config --global --edit

After doing this, you may fix the identity used for this commit with:

    git commit --amend --reset-author

 3 files changed, 88 insertions(+), 6 deletions(-)
To https://github.com/BangLetsGetIt/NBA-NCAA-Betting-Models.git
   8577d2a..28363d2  main -> main
✅ Successfully pushed to GitHub!
✅ Auto-push succeeded at Tue Dec 30 10:00:30 EST 2025
