============================================================
Scheduler run: nba_3pt_props
Time: Thu Jan  1 18:00:00 EST 2026
Working dir: /Users/rico/sports-models/nba
Script: nba_3pt_props_model.py
============================================================

[1m[96m================================================================================[0m
[1m[96mNBA 3PT PROPS A.I. MODEL[0m
[1m[96m================================================================================[0m

[96m==========================================================================================[0m
[96m🎯 GRADING PENDING PICKS[0m
[96m==========================================================================================[0m

[93m📋 Found 4 pending picks...[0m

  Fetching team stats to verify completed games for 2025-12-16...
[96m  Fetching batch stats for 12/16/2025...[0m
  Fetching team stats to verify completed games for 2026-01-01...

[93mNo picks ready for grading yet[0m

[96mFetching REAL NBA player 3-pointers statistics...[0m
[92m✓ Using cached player 3-pointers stats (less than 6 hours old)[0m

[96mFetching opponent 3-pointers factors...[0m
[92m✓ Using cached 3-pointers factors[0m

[96mFetching player 3-pointers prop odds...[0m
[96m  Found 9 upcoming games[0m
[96m  Filtered to 9 upcoming games[0m
[96m  Game 1/9: Houston Rockets @ Brooklyn Nets[0m
[96m  Game 2/9: Miami Heat @ Detroit Pistons[0m
[96m  Game 3/9: Philadelphia 76ers @ Dallas Mavericks[0m
[96m  Game 4/9: Boston Celtics @ Sacramento Kings[0m
[96m  Game 5/9: Utah Jazz @ Los Angeles Clippers[0m
[96m  Game 6/9: San Antonio Spurs @ Indiana Pacers[0m
[96m  Game 7/9: Atlanta Hawks @ New York Knicks[0m
[96m  Game 8/9: Denver Nuggets @ Cleveland Cavaliers[0m
[96m  Game 9/9: Orlando Magic @ Chicago Bulls[0m
[92m✓ Fetched 44 player 3-pointers props (grouped)[0m

[96mAnalyzing 44 player props with REAL stats...[0m
[92m✓ Found 1 top OVER plays (A.I. Score >= 7.5)[0m
[92m✓ Found 2 top UNDER plays (A.I. Score >= 7.5)[0m
[93m  Skipped 1 props (no player stats found)[0m
[93m  Skipped 83 props (score below 7.5 or failed checks)[0m

[96m==========================================================================================[0m
[96m📊 TRACKING NEW PICKS[0m
[96m==========================================================================================[0m
[92m✓ Tracked 1 new picks[0m
[93m✓ Updated odds for 2 existing picks[0m

[1m[92m================================================================================[0m
[1m[92mTOP OVER PLAYS[0m
[1m[92m================================================================================[0m
  [96m 1. Sam Hauser               [0m | [92mOVER 1.5 3PT   [0m | Boston Celtics            vs Sacramento Kings          | [1mA.I.: 8.80[0m | Rating: 2.5 

[1m[91m================================================================================[0m
[1m[91mTOP UNDER PLAYS[0m
[1m[91m================================================================================[0m
  [96m 1. Nique Clifford           [0m | [91mUNDER 1.5 3PT  [0m | Sacramento Kings          vs Boston Celtics            | [1mA.I.: 9.11[0m | Rating: 3.8 ⭐
  [96m 2. Brice Sensabaugh         [0m | [91mUNDER 3.5 3PT  [0m | Utah Jazz                 vs Los Angeles Clippers      | [1mA.I.: 10.00[0m | Rating: 3.2 ⭐

[96mGenerating HTML report...[0m

[92m✓ HTML report saved: /Users/rico/sports-models/nba/nba_3pt_props.html[0m

[1m[92m================================================================================[0m
[1m[92m✓ Model execution complete![0m
[1m[92m================================================================================[0m

✅ Completed: nba_3pt_props at Thu Jan  1 18:00:22 EST 2026

📤 Auto-pushing model outputs to GitHub...
[main ea80b56] Update model outputs - 2026-01-01 18:00:22
 Committer: Ricardo Hill <rico@Ricos-M1-Mac-2.local>
Your name and email address were configured automatically based
on your username and hostname. Please check that they are accurate.
You can suppress this message by setting them explicitly. Run the
following command and follow the instructions in your editor to edit
your configuration file:

    git config --global --edit

After doing this, you may fix the identity used for this commit with:

    git commit --amend --reset-author

 2 files changed, 62 insertions(+), 39 deletions(-)
To https://github.com/BangLetsGetIt/NBA-NCAA-Betting-Models.git
   3fc5854..ea80b56  main -> main
✅ Successfully pushed to GitHub!
✅ Auto-push succeeded at Thu Jan  1 18:00:23 EST 2026
