==========================================
NBA Assists Props Model Run: Sun Dec 28 07:00:04 EST 2025
==========================================
Running NBA Assists Props model...

[1m[96m================================================================================[0m
[1m[96mNBA ASSISTS PROPS A.I. MODEL[0m
[1m[96m================================================================================[0m

[96m==========================================================================================[0m
[96m🎯 GRADING PENDING PICKS[0m
[96m==========================================================================================[0m

[93m📋 Found 2 pending picks...[0m

  Fetching team stats to verify completed games for 2025-12-16...
[96m  Fetching batch stats for 12/16/2025...[0m
  Fetching team stats to verify completed games for 2025-12-28...

[93mNo picks ready for grading yet[0m

[96mFetching REAL NBA player assists statistics...[0m
[92m✓ Using cached player assists stats (less than 6 hours old)[0m

[96mFetching opponent assists factors...[0m
[92m✓ Using cached assists factors[0m

[96mFetching player assists prop odds...[0m
[96m  Found 8 upcoming games[0m
[96m  Filtered to 8 upcoming games[0m
[96m  Game 1/8: Golden State Warriors @ Toronto Raptors[0m
[96m  Game 2/8: Philadelphia 76ers @ Oklahoma City Thunder[0m
[96m  Game 3/8: Boston Celtics @ Portland Trail Blazers[0m
[96m  Game 4/8: Memphis Grizzlies @ Washington Wizards[0m
[96m  Game 5/8: Detroit Pistons @ Los Angeles Clippers[0m
[96m  Game 6/8: Sacramento Kings @ Los Angeles Lakers[0m
[96m  Game 7/8: Cleveland Cavaliers @ San Antonio Spurs[0m
[96m  Game 8/8: New York Knicks @ New Orleans Pelicans[0m
[92m✓ Fetched 45 player assists props (grouped)[0m

[96mAnalyzing 45 player props with REAL stats...[0m
[92m✓ Found 1 top OVER plays (A.I. Score >= 10.0)[0m
[92m✓ Found 0 top UNDER plays (A.I. Score >= 10.0)[0m
[93m  Skipped 1 props (no player stats found)[0m
[93m  Skipped 87 props (score below 10.0 or failed checks)[0m

[96m==========================================================================================[0m
[96m📊 TRACKING NEW PICKS[0m
[96m==========================================================================================[0m
[96mNo new picks to track[0m

[1m[92m================================================================================[0m
[1m[92mTOP OVER PLAYS[0m
[1m[92m================================================================================[0m
  [96m 1. Ja Morant                [0m | [92mOVER 6.5 AST   [0m | Memphis Grizzlies         vs Washington Wizards        | [1mA.I.: 10.00[0m | Rating: 4.1 ⭐⭐

[1m[91m================================================================================[0m
[1m[91mTOP UNDER PLAYS[0m
[1m[91m================================================================================[0m

[96mGenerating HTML report...[0m

[92m✓ HTML report saved: /Users/rico/sports-models/nba/nba_assists_props.html[0m

[1m[92m================================================================================[0m
[1m[92m✓ Model execution complete![0m
[1m[92m================================================================================[0m


==========================================
✅ Model completed successfully!
==========================================

📤 Pushing updates to GitHub...
