==========================================
NBA Assists Props Model Run: Tue Jan 13 07:00:49 EST 2026
==========================================
Running NBA Assists Props model...

[1m[96m================================================================================[0m
[1m[96mNBA ASSISTS PROPS A.I. MODEL[0m
[1m[96m================================================================================[0m

[96m==========================================================================================[0m
[96m🎯 GRADING PENDING PICKS[0m
[96m==========================================================================================[0m

[93m📋 Found 2 pending picks...[0m

  Fetching team stats to verify completed games for 2025-12-16...
  Error fetching completed teams: HTTPSConnectionPool(host='stats.nba.com', port=443): Max retries exceeded with url: /stats/leaguedashteamstats?Conference=&DateFrom=2025-12-16&DateTo=2025-12-16&Division=&GameScope=&GameSegment=&LastNGames=0&LeagueID=&Location=&MeasureType=Base&Month=0&OpponentTeamID=0&Outcome=&PORound=&PaceAdjust=N&PerMode=Totals&Period=0&PlayerExperience=&PlayerPosition=&PlusMinus=N&Rank=N&Season=2025-26&SeasonSegment=&SeasonType=Regular+Season&ShotClockRange=&StarterBench=&TeamID=&TwoWay=&VsConference=&VsDivision= (Caused by NameResolutionError("<urllib3.connection.HTTPSConnection object at 0x11f3782f0>: Failed to resolve 'stats.nba.com' ([Errno 8] nodename nor servname provided, or not known)"))
[93m  Error fetching stats from NBA API for De'Aaron Fox: HTTPSConnectionPool(host='stats.nba.com', port=443): Max retries exceeded with url: /stats/playergamelog?DateFrom=&DateTo=&LeagueID=&PlayerID=1628368&Season=2025-26&SeasonType=Regular+Season (Caused by NameResolutionError("<urllib3.connection.HTTPSConnection object at 0x11f0ff4d0>: Failed to resolve 'stats.nba.com' ([Errno 8] nodename nor servname provided, or not known)"))[0m
[93m  ⚠ Could not find stats for De'Aaron Fox on 2025-12-16[0m
  Fetching team stats to verify completed games for 2026-01-13...
  Error fetching completed teams: HTTPSConnectionPool(host='stats.nba.com', port=443): Max retries exceeded with url: /stats/leaguedashteamstats?Conference=&DateFrom=2026-01-13&DateTo=2026-01-13&Division=&GameScope=&GameSegment=&LastNGames=0&LeagueID=&Location=&MeasureType=Base&Month=0&OpponentTeamID=0&Outcome=&PORound=&PaceAdjust=N&PerMode=Totals&Period=0&PlayerExperience=&PlayerPosition=&PlusMinus=N&Rank=N&Season=2025-26&SeasonSegment=&SeasonType=Regular+Season&ShotClockRange=&StarterBench=&TeamID=&TwoWay=&VsConference=&VsDivision= (Caused by NameResolutionError("<urllib3.connection.HTTPSConnection object at 0x11f0ffb10>: Failed to resolve 'stats.nba.com' ([Errno 8] nodename nor servname provided, or not known)"))

[93mNo picks ready for grading yet[0m

[96mFetching REAL NBA player assists statistics...[0m
[92m✓ Using cached player assists stats (less than 6 hours old)[0m

[96mFetching opponent assists factors...[0m
[92m✓ Using cached assists factors[0m

[96mFetching player assists prop odds...[0m
[91m✗ Error fetching props: HTTPSConnectionPool(host='api.the-odds-api.com', port=443): Max retries exceeded with url: /v4/sports/basketball_nba/events?apiKey=cf796adc9ac20a6df2247368d40fe0a0 (Caused by NameResolutionError("<urllib3.connection.HTTPSConnection object at 0x11f0ffb10>: Failed to resolve 'api.the-odds-api.com' ([Errno 8] nodename nor servname provided, or not known)"))[0m

[96mAnalyzing 0 player props with REAL stats...[0m
[92m✓ Found 0 top OVER plays (A.I. Score >= 10.0)[0m
[92m✓ Found 0 top UNDER plays (A.I. Score >= 10.0)[0m

[96m==========================================================================================[0m
[96m📊 TRACKING NEW PICKS[0m
[96m==========================================================================================[0m
[96mNo new picks to track[0m

[1m[92m================================================================================[0m
[1m[92mTOP OVER PLAYS[0m
[1m[92m================================================================================[0m

[1m[91m================================================================================[0m
[1m[91mTOP UNDER PLAYS[0m
[1m[91m================================================================================[0m

[96mGenerating HTML report...[0m

[92m✓ HTML report saved: /Users/rico/sports-models/nba/nba_assists_props.html[0m

[1m[92m================================================================================[0m
[1m[92m✓ Model execution complete![0m
[1m[92m================================================================================[0m


==========================================
✅ Model completed successfully!
==========================================

📤 Pushing updates to GitHub...
