============================================================
Scheduler run: nba_points_props
Time: Sun Jan 18 10:00:03 EST 2026
Working dir: /Users/rico/sports-models/nba
Script: nba_points_props_model.py
============================================================

[1m[96m================================================================================[0m
[1m[96mNBA POINTS PROPS A.I. MODEL[0m
[1m[96m================================================================================[0m

[96m==========================================================================================[0m
[96m🎯 GRADING PENDING PICKS (BATCH MODE)[0m
[96m==========================================================================================[0m

[93m📋 Found 29 pending picks...[0m


[96mProcessing 9 picks for 2025-12-16...[0m
[96m  Fetching batch stats for 12/16/2025...[0m
  Fetching team stats to verify completed games for 2025-12-16...
[93m  ⚠️  No stats found for 2025-12-16 yet[0m

[96mProcessing 2 picks for 2025-12-23...[0m
[96m  Fetching batch stats for 12/23/2025...[0m
  Fetching team stats to verify completed games for 2025-12-23...

[96mProcessing 1 picks for 2026-01-03...[0m
[96m  Fetching batch stats for 01/03/2026...[0m
  Fetching team stats to verify completed games for 2026-01-03...

[96mProcessing 2 picks for 2026-01-08...[0m
[96m  Fetching batch stats for 01/08/2026...[0m
  Fetching team stats to verify completed games for 2026-01-08...

[96mProcessing 1 picks for 2026-01-09...[0m
[96m  Fetching batch stats for 01/09/2026...[0m
  Fetching team stats to verify completed games for 2026-01-09...

[96mProcessing 3 picks for 2026-01-10...[0m
[96m  Fetching batch stats for 01/10/2026...[0m
  Fetching team stats to verify completed games for 2026-01-10...

[96mProcessing 1 picks for 2026-01-16...[0m
[96m  Fetching batch stats for 01/16/2026...[0m
  Fetching team stats to verify completed games for 2026-01-16...

[93mNo picks ready for grading yet[0m

[96mFetching REAL NBA player points statistics...[0m
[96m  Fetching season points stats...[0m
[96m  Fetching recent form (last 10 games)...[0m
[92m✓ Fetched REAL stats for 510 players[0m

[96mFetching opponent defense factors...[0m
[92m✓ Fetched defense factors for 30 teams[0m

[96mFetching player points prop odds...[0m
[96m  Found 6 upcoming games[0m
[96m  Filtered to 6 upcoming games[0m
[96m  Game 1/6: Orlando Magic @ Memphis Grizzlies[0m
[96m  Game 2/6: Brooklyn Nets @ Chicago Bulls[0m
[96m  Game 3/6: New Orleans Pelicans @ Houston Rockets[0m
[96m  Game 4/6: Charlotte Hornets @ Denver Nuggets[0m
[96m  Game 5/6: Portland Trail Blazers @ Sacramento Kings[0m
[96m  Game 6/6: Toronto Raptors @ Los Angeles Lakers[0m
[92m✓ Fetched 148 total player props[0m

[96mAnalyzing 148 player props with REAL stats...[0m
[92m✓ Found 10 top OVER plays (A.I. Score >= 10.0)[0m
[92m✓ Found 7 top UNDER plays (A.I. Score >= 10.0)[0m
[93m  Skipped 6 props (no player stats found)[0m
[93m  Skipped 248 props (score below 10.0)[0m

[96m==========================================================================================[0m
[96m📊 TRACKING NEW PICKS[0m
[96m==========================================================================================[0m
[92m✓ Tracked 3 new picks[0m
[93m✓ Updated odds for 4 existing picks[0m

[1m[92m================================================================================[0m
[1m[92mTOP OVER PLAYS[0m
[1m[92m================================================================================[0m
  [96m 1. Franz Wagner             [0m | [92mOVER 17.5 PTS  [0m | Orlando Magic vs Memphis Grizzlies | [1mA.I.: 10.00[0m | Rating: 4.9 ⭐⭐
  [96m 2. Cam Spencer              [0m | [92mOVER 9.5 PTS   [0m | Memphis Grizzlies vs Orlando Magic | [1mA.I.: 10.00[0m | Rating: 4.9 ⭐⭐
  [96m 3. Tristan da Silva         [0m | [92mOVER 7.5 PTS   [0m | Orlando Magic vs Memphis Grizzlies | [1mA.I.: 10.00[0m | Rating: 4.9 ⭐⭐
  [96m 4. Saddiq Bey               [0m | [92mOVER 12.5 PTS  [0m | New Orleans Pelicans vs Houston Rockets | [1mA.I.: 10.00[0m | Rating: 4.9 ⭐⭐
  [96m 5. Jordan Poole             [0m | [92mOVER 10.5 PTS  [0m | New Orleans Pelicans vs Houston Rockets | [1mA.I.: 10.00[0m | Rating: 4.9 ⭐⭐
  [96m 6. Tari Eason               [0m | [92mOVER 10.5 PTS  [0m | Houston Rockets vs New Orleans Pelicans | [1mA.I.: 10.00[0m | Rating: 4.9 ⭐⭐
  [96m 7. Trey Murphy III          [0m | [92mOVER 20.5 PTS  [0m | New Orleans Pelicans vs Houston Rockets | [1mA.I.: 10.00[0m | Rating: 4.9 ⭐⭐
  [96m 8. LaMelo Ball              [0m | [92mOVER 18.5 PTS  [0m | Charlotte Hornets vs Denver Nuggets | [1mA.I.: 10.00[0m | Rating: 4.9 ⭐⭐
  [96m 9. Kon Knueppel             [0m | [92mOVER 16.5 PTS  [0m | Charlotte Hornets vs Denver Nuggets | [1mA.I.: 10.00[0m | Rating: 4.9 ⭐⭐
  [96m10. Collin Sexton            [0m | [92mOVER 12.5 PTS  [0m | Charlotte Hornets vs Denver Nuggets | [1mA.I.: 10.00[0m | Rating: 4.9 ⭐⭐

[1m[91m================================================================================[0m
[1m[91mTOP UNDER PLAYS[0m
[1m[91m================================================================================[0m
  [96m 1. Danny Wolf               [0m | [91mUNDER 10.5 PTS [0m | Brooklyn Nets vs Chicago Bulls | [1mA.I.: 10.00[0m | Rating: 4.9 ⭐⭐
  [96m 2. Shaedon Sharpe           [0m | [91mUNDER 25.5 PTS [0m | Portland Trail Blazers vs Sacramento Kings | [1mA.I.: 10.00[0m | Rating: 4.9 ⭐⭐
  [96m 3. Toumani Camara           [0m | [91mUNDER 14.5 PTS [0m | Portland Trail Blazers vs Sacramento Kings | [1mA.I.: 10.00[0m | Rating: 4.9 ⭐⭐
  [96m 4. Collin Murray-Boyles     [0m | [91mUNDER 10.5 PTS [0m | Toronto Raptors vs Los Angeles Lakers | [1mA.I.: 10.00[0m | Rating: 4.9 ⭐⭐
  [96m 5. Brandon Ingram           [0m | [91mUNDER 24.5 PTS [0m | Toronto Raptors vs Los Angeles Lakers | [1mA.I.: 10.00[0m | Rating: 4.9 ⭐⭐
  [96m 6. Jamal Shead              [0m | [91mUNDER 11.5 PTS [0m | Toronto Raptors vs Los Angeles Lakers | [1mA.I.: 10.00[0m | Rating: 4.9 ⭐⭐
  [96m 7. Marcus Smart             [0m | [91mUNDER 11.5 PTS [0m | Los Angeles Lakers vs Toronto Raptors | [1mA.I.: 10.00[0m | Rating: 4.9 ⭐⭐

[96mGenerating HTML report...[0m

[92m✓ HTML report saved: /Users/rico/sports-models/nba/nba_points_props.html[0m

[1m[92m================================================================================[0m
[1m[92m✓ Model execution complete![0m
[1m[92m================================================================================[0m

✅ Completed: nba_points_props at Sun Jan 18 10:01:11 EST 2026

📤 Auto-pushing model outputs to GitHub...
[main 6548f08] Update model outputs - 2026-01-18 10:01:12
 Committer: Ricardo Hill <rico@Ricos-M1-Mac-2.local>
Your name and email address were configured automatically based
on your username and hostname. Please check that they are accurate.
You can suppress this message by setting them explicitly. Run the
following command and follow the instructions in your editor to edit
your configuration file:

    git config --global --edit

After doing this, you may fix the identity used for this commit with:

    git commit --amend --reset-author

 2 files changed, 138 insertions(+), 71 deletions(-)
To https://github.com/BangLetsGetIt/NBA-NCAA-Betting-Models.git
   fcb4b3c..6548f08  main -> main
✅ Successfully pushed to GitHub!
✅ Auto-push succeeded at Sun Jan 18 10:01:12 EST 2026
