============================================================
Scheduler run: nba_3pt_props
Time: Mon Jan 26 18:00:02 EST 2026
Working dir: /Users/rico/sports-models/nba
Script: nba_3pt_props_model.py
============================================================

[1m[96m================================================================================[0m
[1m[96mNBA 3PT PROPS A.I. MODEL[0m
[1m[96m================================================================================[0m

[96m==========================================================================================[0m
[96m🎯 GRADING PENDING PICKS[0m
[96m==========================================================================================[0m

[93m📋 Found 7 pending picks...[0m

  Fetching team stats to verify completed games for 2025-12-16...
[96m  Fetching batch stats for 12/16/2025...[0m
  Fetching team stats to verify completed games for 2026-01-08...
[96m  Fetching batch stats for 01/08/2026...[0m
  Fetching team stats to verify completed games for 2026-01-14...
[96m  Fetching batch stats for 01/14/2026...[0m
  Fetching team stats to verify completed games for 2026-01-24...
[96m  Fetching batch stats for 01/24/2026...[0m
  Fetching team stats to verify completed games for 2026-01-26...
[96m  Fetching batch stats for 01/26/2026...[0m

[93mNo picks ready for grading yet[0m

[96mFetching REAL NBA player 3-pointers statistics...[0m
[92m✓ Using cached player 3-pointers stats (less than 6 hours old)[0m

[96mFetching opponent 3-pointers factors...[0m
[92m✓ Using cached 3-pointers factors[0m

[96mFetching player 3-pointers prop odds...[0m
[96m  Found 8 upcoming games[0m
[96m  Filtered to 8 upcoming games[0m
[96m  Game 1/8: Orlando Magic @ Cleveland Cavaliers[0m
[96m  Game 2/8: Portland Trail Blazers @ Boston Celtics[0m
[96m  Game 3/8: Los Angeles Lakers @ Chicago Bulls[0m
[96m  Game 4/8: Memphis Grizzlies @ Houston Rockets[0m
[96m  Game 5/8: Golden State Warriors @ Minnesota Timberwolves[0m
[96m  Game 6/8: Sacramento Kings @ New York Knicks[0m
[96m  Game 7/8: New Orleans Pelicans @ Oklahoma City Thunder[0m
[96m  Game 8/8: Brooklyn Nets @ Phoenix Suns[0m
[92m✓ Fetched 53 player 3-pointers props (grouped)[0m

[96mAnalyzing 53 player props with REAL stats...[0m
[92m✓ Found 2 top OVER plays (A.I. Score >= 7.5)[0m
[92m✓ Found 0 top UNDER plays (A.I. Score >= 7.5)[0m
[93m  Skipped 2 props (no player stats found)[0m
[93m  Skipped 100 props (score below 7.5 or failed checks)[0m

[96m==========================================================================================[0m
[96m📊 TRACKING NEW PICKS[0m
[96m==========================================================================================[0m
[96mNo new picks to track[0m

[1m[92m================================================================================[0m
[1m[92mTOP OVER PLAYS[0m
[1m[92m================================================================================[0m
  [96m 1. Jaylon Tyson             [0m | [92mOVER 1.5 3PT   [0m | Cleveland Cavaliers       vs Orlando Magic             | [1mA.I.: 8.09[0m | Rating: 2.4 
  [96m 2. Jrue Holiday             [0m | [92mOVER 1.5 3PT   [0m | Portland Trail Blazers    vs Boston Celtics            | [1mA.I.: 7.69[0m | Rating: 2.4 

[1m[91m================================================================================[0m
[1m[91mTOP UNDER PLAYS[0m
[1m[91m================================================================================[0m

[96mGenerating HTML report...[0m

[92m✓ HTML report saved: /Users/rico/sports-models/nba/nba_3pt_props.html[0m

[1m[92m================================================================================[0m
[1m[92m✓ Model execution complete![0m
[1m[92m================================================================================[0m

✅ Completed: nba_3pt_props at Mon Jan 26 18:00:07 EST 2026

📤 Auto-pushing model outputs to GitHub...
No changes to commit
✅ Auto-push succeeded at Mon Jan 26 18:00:07 EST 2026
