============================================================
Scheduler run: nba_rebounds_props
Time: Mon Jan 12 02:51:53 EST 2026
Working dir: /Users/rico/sports-models/nba
Script: nba_rebounds_props_model.py
============================================================

[1m[96m================================================================================[0m
[1m[96mNBA REBOUNDS PROPS A.I. MODEL[0m
[1m[96m================================================================================[0m

[96m==========================================================================================[0m
[96m🎯 GRADING PENDING PICKS[0m
[96m==========================================================================================[0m

[93m📋 Found 17 pending picks...[0m

  Fetching team stats to verify completed games for 2025-12-16...
[96m  Fetching batch stats for 12/16/2025...[0m
  Fetching team stats to verify completed games for 2025-12-30...
  Error fetching completed teams: HTTPSConnectionPool(host='stats.nba.com', port=443): Read timed out. (read timeout=30)
[96m  Fetching batch stats for 12/30/2025...[0m
[93m  Error fetching batch stats for 2025-12-30: HTTPSConnectionPool(host='stats.nba.com', port=443): Read timed out. (read timeout=30)[0m
  Fetching team stats to verify completed games for 2026-01-01...
[96m  Fetching batch stats for 01/01/2026...[0m
  Fetching team stats to verify completed games for 2026-01-08...
[96m  Fetching batch stats for 01/08/2026...[0m
  Fetching team stats to verify completed games for 2026-01-11...
[96m  Fetching batch stats for 01/11/2026...[0m
    [92mWIN[0m: Micah Peavy had 1 rebounds (line: 3.5, bet: UNDER) | Profit: 0.57 units
[93m  ⚠️  Player Moe Wagner has no stats but game is final -> Marking as DNP/Void[0m
    [91mLOSS[0m: Josh Hart had 3 rebounds (line: 6.5, bet: OVER) | Profit: -1.00 units
    [92mWIN[0m: Andre Drummond had 5 rebounds (line: 10.5, bet: UNDER) | Profit: 0.74 units
    [92mWIN[0m: Aaron Wiggins had 2 rebounds (line: 4.5, bet: UNDER) | Profit: 0.95 units
    [91mLOSS[0m: Victor Wembanyama had 7 rebounds (line: 8.5, bet: OVER) | Profit: -1.00 units
    [91mLOSS[0m: Kel'el Ware had 1 rebounds (line: 8.5, bet: OVER) | Profit: -1.00 units

[92m✓ Graded 7 picks[0m

[96mFetching REAL NBA player rebounding statistics...[0m
[96m  Fetching season rebounding stats...[0m
[96m  Fetching recent form (last 10 games)...[0m
[92m✓ Fetched REAL rebounding stats for 508 players[0m

[96mFetching opponent rebounding factors...[0m
[92m✓ Fetched rebounding factors for 30 teams[0m

[96mFetching player rebounds prop odds...[0m
[96m  Found 6 upcoming games[0m
[96m  Filtered to 6 upcoming games[0m
[96m  Game 1/6: Utah Jazz @ Cleveland Cavaliers[0m
[96m  Game 2/6: Boston Celtics @ Indiana Pacers[0m
[96m  Game 3/6: Philadelphia 76ers @ Toronto Raptors[0m
[96m  Game 4/6: Brooklyn Nets @ Dallas Mavericks[0m
[96m  Game 5/6: Los Angeles Lakers @ Sacramento Kings[0m
[96m  Game 6/6: Charlotte Hornets @ Los Angeles Clippers[0m
[92m✓ Fetched 70 player rebounds props (grouped)[0m

[96mAnalyzing 70 player props with REAL stats...[0m
[92m✓ Found 0 top OVER plays (A.I. Score >= 10.0)[0m
[92m✓ Found 2 top UNDER plays (A.I. Score >= 10.0)[0m
[93m  Skipped 4 props (no player stats found)[0m
[93m  Skipped 130 props (score below 10.0 or failed checks)[0m

[96m==========================================================================================[0m
[96m📊 TRACKING NEW PICKS[0m
[96m==========================================================================================[0m
[92m✓ Tracked 2 new picks[0m

[1m[92m================================================================================[0m
[1m[92mTOP OVER PLAYS[0m
[1m[92m================================================================================[0m

[1m[91m================================================================================[0m
[1m[91mTOP UNDER PLAYS[0m
[1m[91m================================================================================[0m
  [96m 1. Naji Marshall            [0m | [91mUNDER 5.5 REB  [0m | Dallas Mavericks          vs Brooklyn Nets             | [1mA.I.: 10.00[0m | Rating: 4.7 ⭐⭐
  [96m 2. Sam Hauser               [0m | [91mUNDER 4.5 REB  [0m | Boston Celtics            vs Indiana Pacers            | [1mA.I.: 10.00[0m | Rating: 4.1 ⭐⭐

[96mGenerating HTML report...[0m

[92m✓ HTML report saved: /Users/rico/sports-models/nba/nba_rebounds_props.html[0m

[1m[92m================================================================================[0m
[1m[92m✓ Model execution complete![0m
[1m[92m================================================================================[0m

✅ Completed: nba_rebounds_props at Mon Jan 12 04:08:43 EST 2026

📤 Auto-pushing model outputs to GitHub...
[main 9790a21] Update model outputs - 2026-01-12 04:08:43
 Committer: Ricardo Hill <rico@MacBookAir.lan>
Your name and email address were configured automatically based
on your username and hostname. Please check that they are accurate.
You can suppress this message by setting them explicitly. Run the
following command and follow the instructions in your editor to edit
your configuration file:

    git config --global --edit

After doing this, you may fix the identity used for this commit with:

    git commit --amend --reset-author

 2 files changed, 223 insertions(+), 46 deletions(-)
To https://github.com/BangLetsGetIt/NBA-NCAA-Betting-Models.git
   37677fa..9790a21  main -> main
✅ Successfully pushed to GitHub!
✅ Auto-push succeeded at Mon Jan 12 04:08:44 EST 2026
