============================================================
Scheduler run: nba_3pt_props
Time: Mon Jan 19 18:00:05 EST 2026
Working dir: /Users/rico/sports-models/nba
Script: nba_3pt_props_model.py
============================================================

[1m[96m================================================================================[0m
[1m[96mNBA 3PT PROPS A.I. MODEL[0m
[1m[96m================================================================================[0m

[96m==========================================================================================[0m
[96m🎯 GRADING PENDING PICKS[0m
[96m==========================================================================================[0m

[93m📋 Found 14 pending picks...[0m

  Fetching team stats to verify completed games for 2025-12-16...
[96m  Fetching batch stats for 12/16/2025...[0m
  Fetching team stats to verify completed games for 2026-01-08...
[96m  Fetching batch stats for 01/08/2026...[0m
  Fetching team stats to verify completed games for 2026-01-14...
[96m  Fetching batch stats for 01/14/2026...[0m
  Fetching team stats to verify completed games for 2026-01-19...
  Error fetching completed teams: HTTPSConnectionPool(host='stats.nba.com', port=443): Read timed out. (read timeout=30)
[96m  Fetching batch stats for 01/19/2026...[0m
    [92mWIN[0m: Nickeil Alexander-Walker had 7 3-pointers (line: 2.5, bet: OVER) | Profit: 0.64 units
    [92mWIN[0m: Jaylon Tyson had 2 3-pointers (line: 1.5, bet: OVER) | Profit: 0.54 units

[92m✓ Graded 2 picks[0m

[96mFetching REAL NBA player 3-pointers statistics...[0m
[96m  Fetching season 3-pointers stats...[0m
[96m  Fetching recent form (last 10 games)...[0m
[92m✓ Fetched REAL 3-pointers stats for 510 players[0m

[96mFetching opponent 3-pointers factors...[0m
[92m✓ Fetched 3-pointers factors for 30 teams[0m

[96mFetching player 3-pointers prop odds...[0m
[96m  Found 6 upcoming games[0m
[96m  Filtered to 4 upcoming games[0m
[96m  Game 1/6: Indiana Pacers @ Philadelphia 76ers[0m
[96m  Game 2/6: Phoenix Suns @ Brooklyn Nets[0m
[96m  Game 3/6: Boston Celtics @ Detroit Pistons[0m
[96m  Game 4/6: Miami Heat @ Golden State Warriors[0m
[92m✓ Fetched 32 player 3-pointers props (grouped)[0m

[96mAnalyzing 32 player props with REAL stats...[0m
[92m✓ Found 2 top OVER plays (A.I. Score >= 7.5)[0m
[92m✓ Found 3 top UNDER plays (A.I. Score >= 7.5)[0m
[93m  Skipped 59 props (score below 7.5 or failed checks)[0m

[96m==========================================================================================[0m
[96m📊 TRACKING NEW PICKS[0m
[96m==========================================================================================[0m
[93m✓ Updated odds for 4 existing picks[0m

[1m[92m================================================================================[0m
[1m[92mTOP OVER PLAYS[0m
[1m[92m================================================================================[0m
  [96m 1. Norman Powell            [0m | [92mOVER 2.5 3PT   [0m | Miami Heat                vs Golden State Warriors     | [1mA.I.: 9.30[0m | Rating: 4.1 ⭐⭐
  [96m 2. Grayson Allen            [0m | [92mOVER 2.5 3PT   [0m | Phoenix Suns              vs Brooklyn Nets             | [1mA.I.: 8.80[0m | Rating: 3.1 ⭐

[1m[91m================================================================================[0m
[1m[91mTOP UNDER PLAYS[0m
[1m[91m================================================================================[0m
  [96m 1. Pelle Larsson            [0m | [91mUNDER 1.5 3PT  [0m | Miami Heat                vs Golden State Warriors     | [1mA.I.: 7.78[0m | Rating: 3.4 ⭐
  [96m 2. Joel Embiid              [0m | [91mUNDER 1.5 3PT  [0m | Philadelphia 76ers        vs Indiana Pacers            | [1mA.I.: 7.62[0m | Rating: 3.0 ⭐
  [96m 3. Drake Powell             [0m | [91mUNDER 1.5 3PT  [0m | Brooklyn Nets             vs Phoenix Suns              | [1mA.I.: 9.61[0m | Rating: 2.7 

[96mGenerating HTML report...[0m

[92m✓ HTML report saved: /Users/rico/sports-models/nba/nba_3pt_props.html[0m

[1m[92m================================================================================[0m
[1m[92m✓ Model execution complete![0m
[1m[92m================================================================================[0m

✅ Completed: nba_3pt_props at Mon Jan 19 18:02:10 EST 2026

📤 Auto-pushing model outputs to GitHub...
[main 8c0e72b] Update model outputs - 2026-01-19 18:02:11
 Committer: Ricardo Hill <rico@Ricos-M1-Mac-2.local>
Your name and email address were configured automatically based
on your username and hostname. Please check that they are accurate.
You can suppress this message by setting them explicitly. Run the
following command and follow the instructions in your editor to edit
your configuration file:

    git config --global --edit

After doing this, you may fix the identity used for this commit with:

    git commit --amend --reset-author

 2 files changed, 68 insertions(+), 207 deletions(-)
To https://github.com/BangLetsGetIt/NBA-NCAA-Betting-Models.git
   2baa7e2..8c0e72b  main -> main
✅ Successfully pushed to GitHub!
✅ Auto-push succeeded at Mon Jan 19 18:02:13 EST 2026
