==========================================
NBA Model Run: Sun Jan 25 01:03:00 EST 2026
==========================================
Running NBA model...

[1m==========================================================================================[0m
[1m[96m🎲 IMPROVED NBA BETTING MODEL 🎲[0m
[1m[92m⚡ Enhanced Stats + Rest Days + Stricter Filters ⚡[0m
[1m==========================================================================================[0m

[1m[96mSTEP 1: Checking for Completed Games[0m

[96m==========================================================================================[0m
[96m🔄 UPDATING RESULTS FOR COMPLETED GAMES[0m
[96m==========================================================================================[0m

[93m📋 Checking 10 pending picks...[0m
[96mFetching completed NBA game scores (via NBA API)...[0m
[92m✓ Found 14 completed games (Free API)[0m
[92m✓ Tracking data saved to /Users/rico/sports-models/nba/nba_picks_tracking.json[0m
[93mNo picks were updated (games may not be complete yet)[0m
[92m✓ Tracking dashboard saved: /Users/rico/sports-models/nba/nba_tracking_dashboard.html[0m

[1m[96mSTEP 2: Fetching Composite Stats (Season + Form)[0m
[92m✓ Using cached composite stats (less than 6 hours old)[0m

[1m[96mSTEP 3: Fetching Home/Away Splits[0m
[92m✓ Using cached home/away splits (less than 6 hours old)[0m

[1m[96mSTEP 4: Fetching Team Schedules (Rest Days)[0m

[1m[96mSTEP 5: Fetching Live Odds (Next 2 Days)[0m
[92m✓ Fetched odds for 8 total games[0m
[92m✓ Filtered to 8 games in next 2 days[0m

[1m[96mSTEP 6: Processing Games & Generating Picks[0m

[92m✓ Tracking data saved to /Users/rico/sports-models/nba/nba_picks_tracking.json[0m
[92m📝 LOGGED PICK: ✅ BET: UNDER 239.0 (Edge: -12.0)[0m
[91m❌ Missing stats for Los Angeles Clippers or Brooklyn Nets[0m
[91m❌ Missing stats for Los Angeles Clippers or Brooklyn Nets[0m
[91m❌ Skipping Brooklyn Nets @ Los Angeles Clippers - missing model data[0m

[1m[92m✅ Analyzed 7 games with complete odds[0m

[93m📊 All picks sorted by A.I. Rating (quality/confidence first)[0m


[1m==========================================================================================[0m
[1m[93m🏀 NBA MODEL PREDICTIONS 🏀[0m
[1m==========================================================================================[0m

[1m[96mDallas Mavericks @ Milwaukee Bucks[0m
  🕐 01/25/26 07:10 PM EST
  [92m[1m🎯 A.I. Rating: 4.7 ⭐⭐ (PREMIUM PLAY)[0m
  [91m🚫 COLD: Milwaukee Bucks - Poor performer: 2-9 (18%) | -7.99u over 11 picks[0m
  📊 Spread: Market -1.0 | Model +12.0
  🎯 Total: Market 220.0 | Model 234.4
  [92m✅ BET: Milwaukee Bucks -1.0[0m
     [96mModel projects Milwaukee Bucks to win by 12.0, covering -1.0.[0m
  [92m✅ BET: OVER 220.0[0m
     [96mModel projects 234 total points, bet the OVER[0m
  📈 Predicted: Dallas Mavericks 111, Milwaukee Bucks 123

[1m[96mNew Orleans Pelicans @ San Antonio Spurs[0m
  🕐 01/25/26 07:10 PM EST
  [92m[1m🎯 A.I. Rating: 4.4 ⭐⭐ (STRONG PLAY)[0m
  📊 Spread: Market -12.0 | Model +14.2
  🎯 Total: Market 239.0 | Model 227.0
  [93m⚠️ NO BET - Too close to call[0m
     [96mEdge too small (+2.2)[0m
  [92m✅ BET: UNDER 239.0[0m
     [96mModel projects 227 total points, bet the UNDER[0m
  📈 Predicted: New Orleans Pelicans 106, San Antonio Spurs 121

[1m[96mToronto Raptors @ Oklahoma City Thunder[0m
  🕐 01/25/26 07:10 PM EST
  [92m[1m🎯 A.I. Rating: 4.1 ⭐⭐ (STRONG PLAY)[0m
  [93m📉 NEUTRAL-: Oklahoma City Thunder - Slightly below average: 4-5 (44%) | -1.50u over 9 picks[0m
  📊 Spread: Market -12.0 | Model +22.8
  🎯 Total: Market 225.0 | Model 230.1
  [92m✅ BET: Oklahoma City Thunder -12.0[0m
     [96mModel projects Oklahoma City Thunder to win by 22.8, covering -12.0.[0m
  [93m⚠️ NO BET - Too close to call[0m
  📈 Predicted: Toronto Raptors 104, Oklahoma City Thunder 126

[1m[96mDenver Nuggets @ Memphis Grizzlies[0m
  🕐 01/25/26 03:40 PM EST
  [92m[1m🎯 A.I. Rating: 4.0 ⭐⭐ (STRONG PLAY)[0m
  📊 Spread: Market -3.0 | Model +8.6
  🎯 Total: Market 225.0 | Model 235.5
  [93m⚠️ NO BET - Too close to call[0m
     [96mEdge too small (+5.6)[0m
  [92m✅ BET: OVER 225.0[0m
     [96mModel projects 236 total points, bet the OVER[0m
  📈 Predicted: Denver Nuggets 113, Memphis Grizzlies 122

[1m[96mSacramento Kings @ Detroit Pistons[0m
  🕐 01/25/26 03:10 PM EST
  [96m[1m🎯 A.I. Rating: 3.7 ⭐ (GOOD PLAY)[0m
  [93m📉 NEUTRAL-: Sacramento Kings - Slightly below average: 8-9 (47%) | -1.90u over 17 picks[0m
  📊 Spread: Market -13.5 | Model +5.1
  🎯 Total: Market 226.0 | Model 229.8
  [92m✅ BET: Sacramento Kings +13.5[0m
     [96mModel projects Detroit Pistons to win by only 5.1, not enough to cover -13.5.[0m
  [93m⚠️ NO BET - Too close to call[0m
  📈 Predicted: Sacramento Kings 112, Detroit Pistons 117

[1m[96mGolden State Warriors @ Minnesota Timberwolves[0m
  🕐 01/25/26 05:40 PM EST
  [96m[1m🎯 A.I. Rating: 3.5 ⭐ (GOOD PLAY)[0m
  📊 Spread: Market -6.5 | Model +5.1
  🎯 Total: Market 235.5 | Model 227.7
  [93m⚠️ NO BET - Too close to call[0m
     [96mEdge too small (-1.4)[0m
  [93m⚠️ NO BET - Too close to call[0m
  📈 Predicted: Golden State Warriors 111, Minnesota Timberwolves 116

[1m[96mMiami Heat @ Phoenix Suns[0m
  🕐 01/25/26 08:10 PM EST
  [93m[1m🎯 A.I. Rating: 2.7  (MARGINAL PLAY)[0m
  📊 Spread: Market -2.5 | Model +3.8
  🎯 Total: Market 229.0 | Model 231.7
  [93m⚠️ NO BET - Too close to call[0m
     [96mEdge too small (+1.3)[0m
  [93m⚠️ NO BET - Too close to call[0m
  📈 Predicted: Miami Heat 114, Phoenix Suns 118

[92m✓ CSV saved: /Users/rico/sports-models/nba/nba_model_output.csv[0m
Loaded 10 Auto-Bet teams: Dallas Mavericks, Portland Trail Blazers, Brooklyn Nets, New Orleans Pelicans, Boston Celtics...
[92m✓ HTML saved: /Users/rico/sports-models/nba/nba_model_output.html[0m

[1m[96mSTEP 7: Generating Final Tracking Dashboard[0m
[92m✓ Tracking dashboard saved: /Users/rico/sports-models/nba/nba_tracking_dashboard.html[0m

[1m==========================================================================================[0m
[1m[93m📊 TRACKING SUMMARY 📊[0m
[1m==========================================================================================[0m
[92mTotal Tracked Bets: 460[0m
[92mRecord: 228-218-3[0m
[92mWin Rate: 51.1%[0m
[91mProfit: -12.64 units[0m
[91mROI: -2.6%[0m
[1m==========================================================================================[0m

[96mUpdating unified dashboard...[0m
[92m✓ Dashboard updated[0m


==========================================
✅ Model completed successfully!
==========================================

📊 Updating Analysis Dashboard...
HTML Report generated at: /Users/rico/sports-models/nba/nba_analysis_report.html
Top 10 Auto-Bet Teams JSON saved: /Users/rico/sports-models/nba/nba_auto_bet_teams.json

🔥 Updating Best Plays & Analytics...
🎯 Best Plays Aggregator
==================================================
📊 Scanning all models...
   Found 13 pending plays across all models
🔥 Updating Fire plays tracking...
   🧹 Cleaned 13 duplicate entries
   Fire Record: 10-6 (62.5%)
   Solid Record: 30-13 (69.8%)
📋 Calculating breakdown stats...
📄 Generating HTML...
✅ Created: /Users/rico/sports-models/best_plays.html

🔥 TOP 5 PLAYS:
--------------------------------------------------
  #1 [70] Kyren Williams OVER 55.5
      NFL Rushing Yards (20-15)
  #2 [63] Puka Nacua OVER 92.5
      NFL Receiving Yards (12-17)
  #3 [62] Brandin Podziemski UNDER 4.5
      NBA Assists Props (60-46)
  #4 [62] Russell Westbrook OVER 4.5
      NBA Assists Props (60-46)
  #5 [61] Domantas Sabonis OVER 9.5
      NBA Rebounds Props (153-110)

📊 Regenerating Analytics Dashboard...
✅ Analytics Dashboard updated!

🚀 Pushing to GitHub...
✅ Pushed to GitHub successfully!
✅ Best Plays updated

📤 Pushing updates to GitHub...
[main d063932c] Update model outputs - 2026-01-25 01:03:07
 Committer: Ricardo Hill <rico@MacBookAir.lan>
Your name and email address were configured automatically based
on your username and hostname. Please check that they are accurate.
You can suppress this message by setting them explicitly. Run the
following command and follow the instructions in your editor to edit
your configuration file:

    git config --global --edit

After doing this, you may fix the identity used for this commit with:

    git commit --amend --reset-author

 5 files changed, 159 insertions(+), 141 deletions(-)
To https://github.com/BangLetsGetIt/NBA-NCAA-Betting-Models.git
   265e0f48..d063932c  main -> main
✅ Successfully pushed to GitHub!
