============================================================
Scheduler run: nba_assists_props
Time: Tue Jan 20 18:12:54 EST 2026
Working dir: /Users/rico/sports-models/nba
Script: nba_assists_props_model.py
============================================================

[1m[96m================================================================================[0m
[1m[96mNBA ASSISTS PROPS A.I. MODEL[0m
[1m[96m================================================================================[0m

[96m==========================================================================================[0m
[96m🎯 GRADING PENDING PICKS[0m
[96m==========================================================================================[0m

[93m📋 Found 5 pending picks...[0m

  Fetching team stats to verify completed games for 2025-12-16...
[93m  ⚠ Could not find stats for De'Aaron Fox on 2025-12-16[0m
  Fetching team stats to verify completed games for 2026-01-20...

[93mNo picks ready for grading yet[0m

[96mFetching REAL NBA player assists statistics...[0m
[96m  Fetching season assists stats...[0m
[96m  Fetching recent form (last 10 games)...[0m
[92m✓ Fetched REAL assists stats for 512 players[0m

[96mFetching opponent assists factors...[0m
[92m✓ Fetched assists factors for 30 teams[0m

[96mFetching player assists prop odds...[0m
[96m  Found 8 upcoming games[0m
[96m  Filtered to 8 upcoming games[0m
[96m  Game 1/8: Phoenix Suns @ Philadelphia 76ers[0m
[96m  Game 2/8: Los Angeles Clippers @ Chicago Bulls[0m
[96m  Game 3/8: San Antonio Spurs @ Houston Rockets[0m
[96m  Game 4/8: Minnesota Timberwolves @ Utah Jazz[0m
[96m  Game 5/8: Los Angeles Lakers @ Denver Nuggets[0m
[96m  Game 6/8: Toronto Raptors @ Golden State Warriors[0m
[96m  Game 7/8: Miami Heat @ Sacramento Kings[0m
[96m  Game 8/8: Cleveland Cavaliers @ Charlotte Hornets[0m
[92m✓ Fetched 57 player assists props (grouped)[0m

[96mAnalyzing 57 player props with REAL stats...[0m
[92m✓ Found 3 top OVER plays (A.I. Score >= 10.0)[0m
[92m✓ Found 0 top UNDER plays (A.I. Score >= 10.0)[0m
[93m  Skipped 3 props (no player stats found)[0m
[93m  Skipped 105 props (score below 10.0 or failed checks)[0m

[96m==========================================================================================[0m
[96m📊 TRACKING NEW PICKS[0m
[96m==========================================================================================[0m
[92m✓ Tracked 1 new picks[0m
[93m✓ Updated odds for 2 existing picks[0m

[1m[92m================================================================================[0m
[1m[92mTOP OVER PLAYS[0m
[1m[92m================================================================================[0m
  [96m 1. Josh Giddey              [0m | [92mOVER 6.5 AST   [0m | Chicago Bulls             vs Los Angeles Clippers      | [1mA.I.: 10.00[0m | Rating: 4.9 ⭐⭐
  [96m 2. De'Aaron Fox             [0m | [92mOVER 4.5 AST   [0m | San Antonio Spurs         vs Houston Rockets           | [1mA.I.: 10.00[0m | Rating: 3.9 ⭐
  [96m 3. Davion Mitchell          [0m | [92mOVER 5.5 AST   [0m | Sacramento Kings          vs Miami Heat                | [1mA.I.: 10.00[0m | Rating: 3.0 ⭐

[1m[91m================================================================================[0m
[1m[91mTOP UNDER PLAYS[0m
[1m[91m================================================================================[0m

[96mGenerating HTML report...[0m

[92m✓ HTML report saved: /Users/rico/sports-models/nba/nba_assists_props.html[0m

[1m[92m================================================================================[0m
[1m[92m✓ Model execution complete![0m
[1m[92m================================================================================[0m

✅ Completed: nba_assists_props at Tue Jan 20 18:13:10 EST 2026

📤 Auto-pushing model outputs to GitHub...
[main 37963f2] Update model outputs - 2026-01-20 18:13:10
 Committer: Ricardo Hill <rico@Ricos-M1-Mac-2.local>
Your name and email address were configured automatically based
on your username and hostname. Please check that they are accurate.
You can suppress this message by setting them explicitly. Run the
following command and follow the instructions in your editor to edit
your configuration file:

    git config --global --edit

After doing this, you may fix the identity used for this commit with:

    git commit --amend --reset-author

 2 files changed, 101 insertions(+), 8 deletions(-)
To https://github.com/BangLetsGetIt/NBA-NCAA-Betting-Models.git
   e406708..37963f2  main -> main
✅ Successfully pushed to GitHub!
✅ Auto-push succeeded at Tue Jan 20 18:13:11 EST 2026
