============================================================
Scheduler run: nba_points_props
Time: Wed Jan 21 02:35:05 EST 2026
Working dir: /Users/rico/sports-models/nba
Script: nba_points_props_model.py
============================================================

[1m[96m================================================================================[0m
[1m[96mNBA POINTS PROPS A.I. MODEL[0m
[1m[96m================================================================================[0m

[96m==========================================================================================[0m
[96m🎯 GRADING PENDING PICKS (BATCH MODE)[0m
[96m==========================================================================================[0m

[93m📋 Found 37 pending picks...[0m


[96mProcessing 9 picks for 2025-12-16...[0m
[96m  Fetching batch stats for 12/16/2025...[0m
  Fetching team stats to verify completed games for 2025-12-16...
[93m  ⚠️  No stats found for 2025-12-16 yet[0m

[96mProcessing 2 picks for 2025-12-23...[0m
[96m  Fetching batch stats for 12/23/2025...[0m
  Fetching team stats to verify completed games for 2025-12-23...

[96mProcessing 1 picks for 2026-01-03...[0m
[96m  Fetching batch stats for 01/03/2026...[0m
  Fetching team stats to verify completed games for 2026-01-03...

[96mProcessing 2 picks for 2026-01-08...[0m
[96m  Fetching batch stats for 01/08/2026...[0m
  Fetching team stats to verify completed games for 2026-01-08...

[96mProcessing 1 picks for 2026-01-09...[0m
[96m  Fetching batch stats for 01/09/2026...[0m
  Fetching team stats to verify completed games for 2026-01-09...

[96mProcessing 3 picks for 2026-01-10...[0m
[96m  Fetching batch stats for 01/10/2026...[0m
  Fetching team stats to verify completed games for 2026-01-10...

[96mProcessing 1 picks for 2026-01-16...[0m
[96m  Fetching batch stats for 01/16/2026...[0m
  Fetching team stats to verify completed games for 2026-01-16...

[96mProcessing 18 picks for 2026-01-20...[0m
[96m  Fetching batch stats for 01/20/2026...[0m
  Fetching team stats to verify completed games for 2026-01-20...
    [91mLOSS[0m: Dillon Brooks had 6 points (line: 16.5, bet: OVER) | Profit: -1.00 units
    [91mLOSS[0m: Mark Williams had 4 points (line: 9.5, bet: OVER) | Profit: -1.00 units
    [92mWIN[0m: Grayson Allen had 16 points (line: 12.5, bet: OVER) | Profit: 0.86 units
    [92mWIN[0m: Royce O'Neale had 9 points (line: 8.5, bet: OVER) | Profit: 0.95 units
[93m  ⚠️  Player Josh Giddey has no stats but game is final -> Marking as DNP/Void[0m
    [91mLOSS[0m: Victor Wembanyama had 14 points (line: 22.5, bet: OVER) | Profit: -1.00 units
    [92mWIN[0m: Keldon Johnson had 12 points (line: 11.5, bet: OVER) | Profit: 0.95 units
    [91mLOSS[0m: De'Aaron Fox had 14 points (line: 16.5, bet: OVER) | Profit: -1.00 units
    [91mLOSS[0m: Tari Eason had 6 points (line: 9.5, bet: OVER) | Profit: -1.00 units
[93m  ⚠️  Player Lauri Markkanen has no stats but game is final -> Marking as DNP/Void[0m
    [91mLOSS[0m: Maxime Raynaud had 7 points (line: 7.5, bet: OVER) | Profit: -1.00 units
    [92mWIN[0m: Royce O'Neale had 9 points (line: 7.5, bet: OVER) | Profit: 0.76 units
[93m  ⚠️  Player Josh Giddey has no stats but game is final -> Marking as DNP/Void[0m
    [92mWIN[0m: Ayo Dosunmu had 18 points (line: 12.5, bet: OVER) | Profit: 0.95 units
    [92mWIN[0m: Tre Jones had 15 points (line: 9.5, bet: OVER) | Profit: 0.90 units
    [92mWIN[0m: Collin Gillespie had 12 points (line: 10.5, bet: OVER) | Profit: 0.76 units
[93m  ⚠️  Player Josh Giddey has no stats but game is final -> Marking as DNP/Void[0m
    [92mWIN[0m: Ayo Dosunmu had 18 points (line: 11.5, bet: OVER) | Profit: 1.15 units

[92m✓ Graded 18 picks[0m

[96mFetching REAL NBA player points statistics...[0m
[96m  Fetching season points stats...[0m
[96m  Fetching recent form (last 10 games)...[0m
[92m✓ Fetched REAL stats for 513 players[0m

[96mFetching opponent defense factors...[0m
[92m✓ Fetched defense factors for 30 teams[0m

[96mFetching player points prop odds...[0m
[96m  Found 7 upcoming games[0m
[96m  Filtered to 7 upcoming games[0m
[96m  Game 1/7: Cleveland Cavaliers @ Charlotte Hornets[0m
[96m  Game 2/7: Indiana Pacers @ Boston Celtics[0m
[96m  Game 3/7: Brooklyn Nets @ New York Knicks[0m
[96m  Game 4/7: Atlanta Hawks @ Memphis Grizzlies[0m
[96m  Game 5/7: Detroit Pistons @ New Orleans Pelicans[0m
[96m  Game 6/7: Oklahoma City Thunder @ Milwaukee Bucks[0m
[96m  Game 7/7: Toronto Raptors @ Sacramento Kings[0m
[92m✓ Fetched 158 total player props[0m

[96mAnalyzing 158 player props with REAL stats...[0m
[92m✓ Found 10 top OVER plays (A.I. Score >= 10.0)[0m
[92m✓ Found 2 top UNDER plays (A.I. Score >= 10.0)[0m
[93m  Skipped 4 props (no player stats found)[0m
[93m  Skipped 280 props (score below 10.0)[0m

[96m==========================================================================================[0m
[96m📊 TRACKING NEW PICKS[0m
[96m==========================================================================================[0m
[92m✓ Tracked 10 new picks[0m

[1m[92m================================================================================[0m
[1m[92mTOP OVER PLAYS[0m
[1m[92m================================================================================[0m
  [96m 1. Kon Knueppel             [0m | [92mOVER 16.5 PTS  [0m | Charlotte Hornets vs Cleveland Cavaliers | [1mA.I.: 10.00[0m | Rating: 4.9 ⭐⭐
  [96m 2. Collin Sexton            [0m | [92mOVER 11.5 PTS  [0m | Charlotte Hornets vs Cleveland Cavaliers | [1mA.I.: 10.00[0m | Rating: 4.9 ⭐⭐
  [96m 3. LaMelo Ball              [0m | [92mOVER 17.5 PTS  [0m | Charlotte Hornets vs Cleveland Cavaliers | [1mA.I.: 10.00[0m | Rating: 4.9 ⭐⭐
  [96m 4. Mikal Bridges            [0m | [92mOVER 13.5 PTS  [0m | New York Knicks vs Brooklyn Nets | [1mA.I.: 10.00[0m | Rating: 4.9 ⭐⭐
  [96m 5. Miles McBride            [0m | [92mOVER 10.5 PTS  [0m | New York Knicks vs Brooklyn Nets | [1mA.I.: 10.00[0m | Rating: 4.9 ⭐⭐
  [96m 6. Cedric Coward            [0m | [92mOVER 12.5 PTS  [0m | Memphis Grizzlies vs Atlanta Hawks | [1mA.I.: 10.00[0m | Rating: 4.9 ⭐⭐
  [96m 7. Cam Spencer              [0m | [92mOVER 8.5 PTS   [0m | Memphis Grizzlies vs Atlanta Hawks | [1mA.I.: 10.00[0m | Rating: 4.9 ⭐⭐
  [96m 8. Trey Murphy III          [0m | [92mOVER 19.5 PTS  [0m | New Orleans Pelicans vs Detroit Pistons | [1mA.I.: 10.00[0m | Rating: 4.9 ⭐⭐
  [96m 9. Saddiq Bey               [0m | [92mOVER 11.5 PTS  [0m | New Orleans Pelicans vs Detroit Pistons | [1mA.I.: 10.00[0m | Rating: 4.9 ⭐⭐
  [96m10. Zion Williamson          [0m | [92mOVER 19.5 PTS  [0m | New Orleans Pelicans vs Detroit Pistons | [1mA.I.: 10.00[0m | Rating: 4.9 ⭐⭐

[1m[91m================================================================================[0m
[1m[91mTOP UNDER PLAYS[0m
[1m[91m================================================================================[0m
  [96m 1. Jaylon Tyson             [0m | [91mUNDER 15.5 PTS [0m | Cleveland Cavaliers vs Charlotte Hornets | [1mA.I.: 10.00[0m | Rating: 4.9 ⭐⭐
  [96m 2. Donovan Mitchell         [0m | [91mUNDER 30.5 PTS [0m | Cleveland Cavaliers vs Charlotte Hornets | [1mA.I.: 10.00[0m | Rating: 4.9 ⭐⭐

[96mGenerating HTML report...[0m

[92m✓ HTML report saved: /Users/rico/sports-models/nba/nba_points_props.html[0m

[1m[92m================================================================================[0m
[1m[92m✓ Model execution complete![0m
[1m[92m================================================================================[0m

✅ Completed: nba_points_props at Wed Jan 21 02:37:12 EST 2026

📤 Auto-pushing model outputs to GitHub...
[main c123ee6] Update model outputs - 2026-01-21 02:37:12
 Committer: Ricardo Hill <rico@Ricos-M1-Mac-2.local>
Your name and email address were configured automatically based
on your username and hostname. Please check that they are accurate.
You can suppress this message by setting them explicitly. Run the
following command and follow the instructions in your editor to edit
your configuration file:

    git config --global --edit

After doing this, you may fix the identity used for this commit with:

    git commit --amend --reset-author

 3 files changed, 531 insertions(+), 262 deletions(-)
To https://github.com/BangLetsGetIt/NBA-NCAA-Betting-Models.git
   a9a5bf4..c123ee6  main -> main
✅ Successfully pushed to GitHub!
✅ Auto-push succeeded at Wed Jan 21 02:37:13 EST 2026
