============================================================
Scheduler run: nba_main_model
Time: Tue Dec 30 18:20:04 EST 2025
Working dir: /Users/rico/sports-models/nba
Script: nba_model_IMPROVED.py
============================================================

[1m==========================================================================================[0m
[1m[96m🎲 IMPROVED NBA BETTING MODEL 🎲[0m
[1m[92m⚡ Enhanced Stats + Rest Days + Stricter Filters ⚡[0m
[1m==========================================================================================[0m

[1m[96mSTEP 1: Checking for Completed Games[0m

[96m==========================================================================================[0m
[96m🔄 UPDATING RESULTS FOR COMPLETED GAMES[0m
[96m==========================================================================================[0m

[93m📋 Checking 4 pending picks...[0m
[96mFetching completed NBA game scores (via NBA API)...[0m
[92m✓ Found 19 completed games (Free API)[0m
[92m✓ Tracking data saved to /Users/rico/sports-models/nba/nba_picks_tracking.json[0m
[93mNo picks were updated (games may not be complete yet)[0m
[92m✓ Tracking dashboard saved: /Users/rico/sports-models/nba/nba_tracking_dashboard.html[0m

[1m[96mSTEP 2: Fetching Composite Stats (Season + Form)[0m
[96m🔄 Fetching new team stats from stats.nba.com...[0m
[92m✓ Fetched and cached stats for 76 teams[0m

[1m[96mSTEP 3: Fetching Home/Away Splits[0m
[96m🔄 Fetching home/away splits from stats.nba.com...[0m
[92m✓ Fetched and cached home/away splits[0m

[1m[96mSTEP 4: Fetching Team Schedules (Rest Days)[0m

[1m[96mSTEP 5: Fetching Live Odds (Next 2 Days)[0m
[92m✓ Fetched odds for 8 total games[0m
[92m✓ Filtered to 8 games in next 2 days[0m

[1m[96mSTEP 6: Processing Games & Generating Picks[0m

[92m✓ Tracking data saved to /Users/rico/sports-models/nba/nba_picks_tracking.json[0m
[92m📝 LOGGED PICK: ✅ BET: UNDER 242.5 (Edge: -6.0)[0m
[91m❌ Missing stats for Los Angeles Clippers or Sacramento Kings[0m
[91m❌ Missing stats for Los Angeles Clippers or Sacramento Kings[0m
[91m❌ Skipping Sacramento Kings @ Los Angeles Clippers - missing model data[0m
[92m✓ Tracking data saved to /Users/rico/sports-models/nba/nba_picks_tracking.json[0m
[92m📝 LOGGED PICK: ✅ BET: Indiana Pacers +4.0 (Edge: +13.6)[0m
[92m✓ Tracking data saved to /Users/rico/sports-models/nba/nba_picks_tracking.json[0m
[92m📝 LOGGED PICK: ✅ BET: OVER 225.0 (Edge: +9.1)[0m
[92m✓ Tracking data saved to /Users/rico/sports-models/nba/nba_picks_tracking.json[0m
[92m📝 LOGGED PICK: ✅ BET: Cleveland Cavaliers -6.5 (Edge: +12.4)[0m

[1m[92m✅ Analyzed 7 games with complete odds[0m

[93m📊 All picks sorted by A.I. Rating (quality/confidence first)[0m


[1m==========================================================================================[0m
[1m[93m🏀 NBA MODEL PREDICTIONS 🏀[0m
[1m==========================================================================================[0m

[1m[96mPhiladelphia 76ers @ Memphis Grizzlies[0m
  🕐 12/30/25 08:10 PM EST
  [92m[1m🎯 A.I. Rating: 4.9 ⭐⭐ (PREMIUM PLAY)[0m
  [93m⚠️ CAUTION: Memphis Grizzlies - Below average: 3-5 (38%) | -2.50u over 8 picks[0m
  📊 Spread: Market -1.0 | Model +15.5
  🎯 Total: Market 234.5 | Model 239.8
  [92m✅ BET: Memphis Grizzlies -1.0[0m
     [96mModel projects Memphis Grizzlies to win by 15.5, covering -1.0.[0m
  [93m⚠️ NO BET - Too close to call[0m
  📈 Predicted: Philadelphia 76ers 112, Memphis Grizzlies 128

[1m[96mOrlando Magic @ Indiana Pacers[0m
  🕐 12/31/25 03:10 PM EST
  [92m[1m🎯 A.I. Rating: 4.9 ⭐⭐ (PREMIUM PLAY)[0m
  [96m📊 NEUTRAL+: Indiana Pacers - Slightly above average: 7-5 (58%) | +1.50u over 12 picks[0m
  📊 Spread: Market +4.0 | Model +9.6
  🎯 Total: Market 225.0 | Model 234.1
  [92m✅ BET: Indiana Pacers +4.0[0m
     [96mModel projects Indiana Pacers to win outright, easily covering +4.0.[0m
  [92m✅ BET: OVER 225.0[0m
     [96mModel projects 234 total points, bet the OVER[0m
  📈 Predicted: Orlando Magic 112, Indiana Pacers 122

[1m[96mPhoenix Suns @ Cleveland Cavaliers[0m
  🕐 12/31/25 03:40 PM EST
  [92m[1m🎯 A.I. Rating: 4.5 ⭐⭐ (PREMIUM PLAY)[0m
  [93m⚠️ CAUTION: Cleveland Cavaliers - Below average: 4-6 (40%) | -2.60u over 10 picks[0m
  📊 Spread: Market -6.5 | Model +18.9
  🎯 Total: Market 236.0 | Model 241.3
  [92m✅ BET: Cleveland Cavaliers -6.5[0m
     [96mModel projects Cleveland Cavaliers to win by 18.9, covering -6.5.[0m
  [93m⚠️ NO BET - Too close to call[0m
  📈 Predicted: Phoenix Suns 111, Cleveland Cavaliers 130

[1m[96mDetroit Pistons @ Los Angeles Lakers[0m
  🕐 12/30/25 10:40 PM EST
  [93m[1m🎯 A.I. Rating: 3.4 ⭐ (STANDARD PLAY)[0m
  [93m⚠️ CAUTION: Los Angeles Lakers - Below average: 1-2 (33%) | -1.29u over 3 picks[0m
  📊 Spread: Market +2.5 | Model +4.6
  🎯 Total: Market 232.5 | Model 236.0
  [92m✅ BET: Los Angeles Lakers +2.5[0m
     [96mModel projects Los Angeles Lakers to win outright, easily covering +2.5.[0m
  [93m⚠️ NO BET - Too close to call[0m
  📈 Predicted: Detroit Pistons 116, Los Angeles Lakers 120

[1m[96mBoston Celtics @ Utah Jazz[0m
  🕐 12/30/25 09:10 PM EST
  [93m[1m🎯 A.I. Rating: 3.4 ⭐ (STANDARD PLAY)[0m
  [92m🔥 HOT: Boston Celtics - Strong performer: 5-1 (83%) | +3.90u over 6 picks[0m
  📊 Spread: Market +8.5 | Model -15.1
  🎯 Total: Market 242.5 | Model 236.5
  [92m✅ BET: Boston Celtics -8.5[0m
     [96mModel projects Utah Jazz to lose by 15.1, Boston Celtics covers -8.5.[0m
  [92m✅ BET: UNDER 242.5[0m
     [96mModel projects 236 total points, bet the UNDER[0m
  📈 Predicted: Boston Celtics 126, Utah Jazz 111

[1m[96mNew York Knicks @ San Antonio Spurs[0m
  🕐 12/31/25 07:10 PM EST
  [93m[1m🎯 A.I. Rating: 3.0 ⭐ (STANDARD PLAY)[0m
  📊 Spread: Market -1.5 | Model -0.2
  🎯 Total: Market 237.5 | Model 232.8
  [93m⚠️ NO BET - Too close to call[0m
     [96mEdge too small (-1.7)[0m
  [93m⚠️ NO BET - Too close to call[0m
  📈 Predicted: New York Knicks 116, San Antonio Spurs 116

[1m[96mMinnesota Timberwolves @ Atlanta Hawks[0m
  🕐 12/31/25 03:10 PM EST
  [93m[1m🎯 A.I. Rating: 2.8  (MARGINAL PLAY)[0m
  📊 Spread: Market +3.5 | Model -2.4
  🎯 Total: Market 243.5 | Model 240.2
  [93m⚠️ NO BET - Too close to call[0m
     [96mEdge too small (+1.1)[0m
  [93m⚠️ NO BET - Too close to call[0m
  📈 Predicted: Minnesota Timberwolves 121, Atlanta Hawks 119

[92m✓ CSV saved: /Users/rico/sports-models/nba/nba_model_output.csv[0m
[92m✓ HTML saved: /Users/rico/sports-models/nba/nba_model_output.html[0m

[1m[96mSTEP 7: Generating Final Tracking Dashboard[0m
[92m✓ Tracking dashboard saved: /Users/rico/sports-models/nba/nba_tracking_dashboard.html[0m

[1m==========================================================================================[0m
[1m[93m📊 TRACKING SUMMARY 📊[0m
[1m==========================================================================================[0m
[92mTotal Tracked Bets: 245[0m
[92mRecord: 129-106-2[0m
[92mWin Rate: 54.9%[0m
[92mProfit: +11.56 units[0m
[92mROI: +4.5%[0m
[1m==========================================================================================[0m

[96mUpdating unified dashboard...[0m
[92m✓ Dashboard updated[0m

✅ Completed: nba_main_model at Tue Dec 30 18:21:10 EST 2025

📤 Auto-pushing model outputs to GitHub...
[main 15b6e3c] Update model outputs - 2025-12-30 18:21:10
 Committer: Ricardo Hill <rico@Ricos-M1-Mac-2.local>
Your name and email address were configured automatically based
on your username and hostname. Please check that they are accurate.
You can suppress this message by setting them explicitly. Run the
following command and follow the instructions in your editor to edit
your configuration file:

    git config --global --edit

After doing this, you may fix the identity used for this commit with:

    git commit --amend --reset-author

 4 files changed, 427 insertions(+), 16 deletions(-)
To https://github.com/BangLetsGetIt/NBA-NCAA-Betting-Models.git
   7f04a27..15b6e3c  main -> main
✅ Successfully pushed to GitHub!
✅ Auto-push succeeded at Tue Dec 30 18:21:12 EST 2025
