============================================================
Scheduler run: nba_rebounds_props
Time: Fri Jan  2 16:27:14 EST 2026
Working dir: /Users/rico/sports-models/nba
Script: nba_rebounds_props_model.py
============================================================

[1m[96m================================================================================[0m
[1m[96mNBA REBOUNDS PROPS A.I. MODEL[0m
[1m[96m================================================================================[0m

[96m==========================================================================================[0m
[96m🎯 GRADING PENDING PICKS[0m
[96m==========================================================================================[0m

[93m📋 Found 19 pending picks...[0m

  Fetching team stats to verify completed games for 2025-12-16...
[96m  Fetching batch stats for 12/16/2025...[0m
  Fetching team stats to verify completed games for 2025-12-30...
[96m  Fetching batch stats for 12/30/2025...[0m
  Fetching team stats to verify completed games for 2026-01-01...
[96m  Fetching batch stats for 01/01/2026...[0m
  Fetching team stats to verify completed games for 2026-01-02...

[93mNo picks ready for grading yet[0m

[96mFetching REAL NBA player rebounding statistics...[0m
[96m  Fetching season rebounding stats...[0m
[96m  Fetching recent form (last 10 games)...[0m
[92m✓ Fetched REAL rebounding stats for 506 players[0m

[96mFetching opponent rebounding factors...[0m
[92m✓ Fetched rebounding factors for 30 teams[0m

[96mFetching player rebounds prop odds...[0m
[96m  Found 10 upcoming games[0m
[96m  Filtered to 10 upcoming games[0m
[96m  Game 1/10: Brooklyn Nets @ Washington Wizards[0m
[96m  Game 2/10: San Antonio Spurs @ Indiana Pacers[0m
[96m  Game 3/10: Atlanta Hawks @ New York Knicks[0m
[96m  Game 4/10: Denver Nuggets @ Cleveland Cavaliers[0m
[96m  Game 5/10: Charlotte Hornets @ Milwaukee Bucks[0m
[96m  Game 6/10: Orlando Magic @ Chicago Bulls[0m
[96m  Game 7/10: Portland Trail Blazers @ New Orleans Pelicans[0m
[96m  Game 8/10: Sacramento Kings @ Phoenix Suns[0m
[96m  Game 9/10: Oklahoma City Thunder @ Golden State Warriors[0m
[96m  Game 10/10: Memphis Grizzlies @ Los Angeles Lakers[0m
[92m✓ Fetched 132 player rebounds props (grouped)[0m

[96mAnalyzing 132 player props with REAL stats...[0m
[92m✓ Found 0 top OVER plays (A.I. Score >= 10.0)[0m
[92m✓ Found 8 top UNDER plays (A.I. Score >= 10.0)[0m
[93m  Skipped 6 props (no player stats found)[0m
[93m  Skipped 244 props (score below 10.0 or failed checks)[0m

[96m==========================================================================================[0m
[96m📊 TRACKING NEW PICKS[0m
[96m==========================================================================================[0m
[92m✓ Tracked 1 new picks[0m
[93m✓ Updated odds for 3 existing picks[0m

[1m[92m================================================================================[0m
[1m[92mTOP OVER PLAYS[0m
[1m[92m================================================================================[0m

[1m[91m================================================================================[0m
[1m[91mTOP UNDER PLAYS[0m
[1m[91m================================================================================[0m
  [96m 1. Jalen Smith              [0m | [91mUNDER 8.5 REB  [0m | Chicago Bulls             vs Orlando Magic             | [1mA.I.: 10.00[0m | Rating: 4.9 ⭐⭐
  [96m 2. Jarrett Allen            [0m | [91mUNDER 9.5 REB  [0m | Cleveland Cavaliers       vs Denver Nuggets            | [1mA.I.: 10.00[0m | Rating: 4.9 ⭐⭐
  [96m 3. Danny Wolf               [0m | [91mUNDER 6.5 REB  [0m | Brooklyn Nets             vs Washington Wizards        | [1mA.I.: 10.00[0m | Rating: 4.2 ⭐⭐
  [96m 4. Peyton Watson            [0m | [91mUNDER 6.5 REB  [0m | Denver Nuggets            vs Cleveland Cavaliers       | [1mA.I.: 10.00[0m | Rating: 4.2 ⭐⭐
  [96m 5. Deni Avdija              [0m | [91mUNDER 8.5 REB  [0m | Portland Trail Blazers    vs New Orleans Pelicans      | [1mA.I.: 10.00[0m | Rating: 4.2 ⭐⭐
  [96m 6. Harrison Barnes          [0m | [91mUNDER 4.5 REB  [0m | San Antonio Spurs         vs Indiana Pacers            | [1mA.I.: 10.00[0m | Rating: 3.8 ⭐
  [96m 7. Sam Merrill              [0m | [91mUNDER 3.5 REB  [0m | Cleveland Cavaliers       vs Denver Nuggets            | [1mA.I.: 10.00[0m | Rating: 3.1 ⭐
  [96m 8. Andrew Nembhard          [0m | [91mUNDER 3.5 REB  [0m | Indiana Pacers            vs San Antonio Spurs         | [1mA.I.: 10.00[0m | Rating: 2.7 

[96mGenerating HTML report...[0m

[92m✓ HTML report saved: /Users/rico/sports-models/nba/nba_rebounds_props.html[0m

[1m[92m================================================================================[0m
[1m[92m✓ Model execution complete![0m
[1m[92m================================================================================[0m

✅ Completed: nba_rebounds_props at Fri Jan  2 16:27:45 EST 2026

📤 Auto-pushing model outputs to GitHub...
fatal: Unable to create '/Users/rico/sports-models/.git/index.lock': File exists.

Another git process seems to be running in this repository, e.g.
an editor opened by 'git commit'. Please make sure all processes
are terminated then try again. If it still fails, a git process
may have crashed in this repository earlier:
remove the file manually to continue.
To https://github.com/BangLetsGetIt/NBA-NCAA-Betting-Models.git
 ! [remote rejected] main -> main (cannot lock ref 'refs/heads/main': is at b78f5abac6905ee30035a8e4d2d5905bcacc56a6 but expected 9e0d46237d2d7f17a95cd56774aed742b5a1bdd9)
error: failed to push some refs to 'https://github.com/BangLetsGetIt/NBA-NCAA-Betting-Models.git'
⚠️  Push failed - you may need to set up the GitHub remote first
✅ Auto-push succeeded at Fri Jan  2 16:27:50 EST 2026
