============================================================
Scheduler run: nba_assists_props
Time: Sat Jan 17 11:36:55 EST 2026
Working dir: /Users/rico/sports-models/nba
Script: nba_assists_props_model.py
============================================================

[1m[96m================================================================================[0m
[1m[96mNBA ASSISTS PROPS A.I. MODEL[0m
[1m[96m================================================================================[0m

[96m==========================================================================================[0m
[96m🎯 GRADING PENDING PICKS[0m
[96m==========================================================================================[0m

[93m📋 Found 3 pending picks...[0m

  Fetching team stats to verify completed games for 2025-12-16...
[93m  ⚠ Could not find stats for De'Aaron Fox on 2025-12-16[0m
  Fetching team stats to verify completed games for 2026-01-16...
    [91mLOSS[0m: Jamal Shead had 13 assists (line: 7.5, bet: UNDER) | Profit: -1.00 units
  Fetching team stats to verify completed games for 2026-01-17...

[92m✓ Graded 1 picks[0m

[96mFetching REAL NBA player assists statistics...[0m
[96m  Fetching season assists stats...[0m
[96m  Fetching recent form (last 10 games)...[0m
[92m✓ Fetched REAL assists stats for 510 players[0m

[96mFetching opponent assists factors...[0m
[92m✓ Fetched assists factors for 30 teams[0m

[96mFetching player assists prop odds...[0m
[96m  Found 10 upcoming games[0m
[96m  Filtered to 10 upcoming games[0m
[96m  Game 1/10: Utah Jazz @ Dallas Mavericks[0m
[96m  Game 2/10: Boston Celtics @ Atlanta Hawks[0m
[96m  Game 3/10: Indiana Pacers @ Detroit Pistons[0m
[96m  Game 4/10: Phoenix Suns @ New York Knicks[0m
[96m  Game 5/10: Oklahoma City Thunder @ Miami Heat[0m
[96m  Game 6/10: Minnesota Timberwolves @ San Antonio Spurs[0m
[96m  Game 7/10: Charlotte Hornets @ Golden State Warriors[0m
[96m  Game 8/10: Washington Wizards @ Denver Nuggets[0m
[96m  Game 9/10: Los Angeles Lakers @ Portland Trail Blazers[0m
[96m  Game 10/10: Orlando Magic @ Memphis Grizzlies[0m
[92m✓ Fetched 84 player assists props (grouped)[0m

[96mAnalyzing 84 player props with REAL stats...[0m
[92m✓ Found 1 top OVER plays (A.I. Score >= 10.0)[0m
[92m✓ Found 2 top UNDER plays (A.I. Score >= 10.0)[0m
[93m  Skipped 2 props (no player stats found)[0m
[93m  Skipped 161 props (score below 10.0 or failed checks)[0m

[96m==========================================================================================[0m
[96m📊 TRACKING NEW PICKS[0m
[96m==========================================================================================[0m
[92m✓ Tracked 3 new picks[0m

[1m[92m================================================================================[0m
[1m[92mTOP OVER PLAYS[0m
[1m[92m================================================================================[0m
  [96m 1. Keyonte George           [0m | [92mOVER 5.5 AST   [0m | Dallas Mavericks          vs Utah Jazz                 | [1mA.I.: 10.00[0m | Rating: 4.1 ⭐⭐

[1m[91m================================================================================[0m
[1m[91mTOP UNDER PLAYS[0m
[1m[91m================================================================================[0m
  [96m 1. Marcus Smart             [0m | [91mUNDER 4.5 AST  [0m | Portland Trail Blazers    vs Los Angeles Lakers        | [1mA.I.: 10.00[0m | Rating: 4.7 ⭐⭐
  [96m 2. Jake LaRavia             [0m | [91mUNDER 3.5 AST  [0m | Portland Trail Blazers    vs Los Angeles Lakers        | [1mA.I.: 10.00[0m | Rating: 3.2 ⭐

[96mGenerating HTML report...[0m

[92m✓ HTML report saved: /Users/rico/sports-models/nba/nba_assists_props.html[0m

[1m[92m================================================================================[0m
[1m[92m✓ Model execution complete![0m
[1m[92m================================================================================[0m

✅ Completed: nba_assists_props at Sat Jan 17 11:37:47 EST 2026

📤 Auto-pushing model outputs to GitHub...
fatal: Unable to create '/Users/rico/sports-models/.git/index.lock': File exists.

Another git process seems to be running in this repository, e.g.
an editor opened by 'git commit'. Please make sure all processes
are terminated then try again. If it still fails, a git process
may have crashed in this repository earlier:
remove the file manually to continue.
To https://github.com/BangLetsGetIt/NBA-NCAA-Betting-Models.git
 ! [remote rejected] main -> main (cannot lock ref 'refs/heads/main': is at 16fd544c1d81d20e7ca0f3244c164d961c263cfb but expected a989b9d876cb0502af9c673c66ebca9c462e4fab)
error: failed to push some refs to 'https://github.com/BangLetsGetIt/NBA-NCAA-Betting-Models.git'
⚠️  Push failed - you may need to set up the GitHub remote first
✅ Auto-push succeeded at Sat Jan 17 11:38:11 EST 2026
