============================================================
Scheduler run: nba_main_model
Time: Sun Jan 18 18:20:05 EST 2026
Working dir: /Users/rico/sports-models/nba
Script: nba_model_IMPROVED.py
============================================================

[1m==========================================================================================[0m
[1m[96m🎲 IMPROVED NBA BETTING MODEL 🎲[0m
[1m[92m⚡ Enhanced Stats + Rest Days + Stricter Filters ⚡[0m
[1m==========================================================================================[0m

[1m[96mSTEP 1: Checking for Completed Games[0m

[96m==========================================================================================[0m
[96m🔄 UPDATING RESULTS FOR COMPLETED GAMES[0m
[96m==========================================================================================[0m

[93m📋 Checking 8 pending picks...[0m
[96mFetching completed NBA game scores (via NBA API)...[0m
[92m✓ Found 16 completed games (Free API)[0m
[92m✓ Tracking data saved to /Users/rico/sports-models/nba/nba_picks_tracking.json[0m
[93mNo picks were updated (games may not be complete yet)[0m
[92m✓ Tracking dashboard saved: /Users/rico/sports-models/nba/nba_tracking_dashboard.html[0m

[1m[96mSTEP 2: Fetching Composite Stats (Season + Form)[0m
[96m🔄 Fetching new team stats from stats.nba.com...[0m
[92m✓ Fetched and cached stats for 76 teams[0m

[1m[96mSTEP 3: Fetching Home/Away Splits[0m
[96m🔄 Fetching home/away splits from stats.nba.com...[0m
[92m✓ Fetched and cached home/away splits[0m

[1m[96mSTEP 4: Fetching Team Schedules (Rest Days)[0m

[1m[96mSTEP 5: Fetching Live Odds (Next 2 Days)[0m
[92m✓ Fetched odds for 10 total games[0m
[92m✓ Filtered to 10 games in next 2 days[0m

[1m[96mSTEP 6: Processing Games & Generating Picks[0m

[92m✓ Tracking data saved to /Users/rico/sports-models/nba/nba_picks_tracking.json[0m
[92m📝 LOGGED PICK: ✅ BET: OVER 230.5 (Edge: +14.4)[0m
[92m✓ Tracking data saved to /Users/rico/sports-models/nba/nba_picks_tracking.json[0m
[92m📝 LOGGED PICK: ✅ BET: Cleveland Cavaliers +6.5 (Edge: +10.6)[0m
[92m✓ Tracking data saved to /Users/rico/sports-models/nba/nba_picks_tracking.json[0m
[92m📝 LOGGED PICK: ✅ BET: OVER 234.5 (Edge: +6.2)[0m
[91m❌ Missing stats for Washington Wizards or Los Angeles Clippers[0m
[91m❌ Missing stats for Washington Wizards or Los Angeles Clippers[0m
[91m❌ Skipping Los Angeles Clippers @ Washington Wizards - missing model data[0m
[92m✓ Tracking data saved to /Users/rico/sports-models/nba/nba_picks_tracking.json[0m
[92m📝 LOGGED PICK: ✅ BET: Boston Celtics +3.5 (Edge: -8.8)[0m
[92m✓ Tracking data saved to /Users/rico/sports-models/nba/nba_picks_tracking.json[0m
[92m📝 LOGGED PICK: ✅ BET: OVER 222.5 (Edge: +12.3)[0m
[92m✓ Tracking data saved to /Users/rico/sports-models/nba/nba_picks_tracking.json[0m
[92m✓ Updated CLV data for existing picks[0m

[1m[92m✅ Analyzed 9 games with complete odds[0m

[93m📊 All picks sorted by A.I. Rating (quality/confidence first)[0m


[1m==========================================================================================[0m
[1m[93m🏀 NBA MODEL PREDICTIONS 🏀[0m
[1m==========================================================================================[0m

[1m[96mCharlotte Hornets @ Denver Nuggets[0m
  🕐 01/18/26 08:10 PM EST
  [92m[1m🎯 A.I. Rating: 4.9 ⭐⭐ (PREMIUM PLAY)[0m
  [96m📊 NEUTRAL+: Denver Nuggets - Slightly above average: 4-3 (57%) | +0.70u over 7 picks[0m
  📊 Spread: Market +1.5 | Model +17.6
  🎯 Total: Market 227.5 | Model 231.4
  [92m✅ BET: Denver Nuggets +1.5[0m
     [96mModel projects Denver Nuggets to win outright, easily covering +1.5.[0m
  [93m⚠️ NO BET - Too close to call[0m
  📈 Predicted: Charlotte Hornets 107, Denver Nuggets 124

[1m[96mBrooklyn Nets @ Chicago Bulls[0m
  🕐 01/18/26 07:10 PM EST
  [92m[1m🎯 A.I. Rating: 4.9 ⭐⭐ (PREMIUM PLAY)[0m
  📊 Spread: Market -6.5 | Model +6.0
  🎯 Total: Market 222.5 | Model 237.8
  [93m⚠️ NO BET - Too close to call[0m
     [96mEdge too small (-0.5)[0m
  [92m✅ BET: OVER 222.5[0m
     [96mModel projects 238 total points, bet the OVER[0m
  📈 Predicted: Brooklyn Nets 116, Chicago Bulls 122

[1m[96mMilwaukee Bucks @ Atlanta Hawks[0m
  🕐 01/19/26 01:10 PM EST
  [92m[1m🎯 A.I. Rating: 4.8 ⭐⭐ (PREMIUM PLAY)[0m
  📊 Spread: Market -2.0 | Model +2.9
  🎯 Total: Market 230.5 | Model 244.9
  [93m⚠️ NO BET - Too close to call[0m
     [96mEdge too small (+0.9)[0m
  [92m✅ BET: OVER 230.5[0m
     [96mModel projects 245 total points, bet the OVER[0m
  📈 Predicted: Milwaukee Bucks 121, Atlanta Hawks 124

[1m[96mBoston Celtics @ Detroit Pistons[0m
  🕐 01/19/26 08:10 PM EST
  [92m[1m🎯 A.I. Rating: 4.6 ⭐⭐ (PREMIUM PLAY)[0m
  [92m🔥 HOT: Boston Celtics - Strong performer: 7-3 (70%) | +3.70u over 10 picks[0m
  📊 Spread: Market -3.5 | Model -5.3
  🎯 Total: Market 222.5 | Model 234.8
  [92m✅ BET: Boston Celtics +3.5[0m
     [96mModel projects Detroit Pistons to win by only 5.3, not enough to cover -3.5.[0m
  [92m✅ BET: OVER 222.5[0m
     [96mModel projects 235 total points, bet the OVER[0m
  📈 Predicted: Boston Celtics 120, Detroit Pistons 115

[1m[96mToronto Raptors @ Los Angeles Lakers[0m
  🕐 01/18/26 09:40 PM EST
  [92m[1m🎯 A.I. Rating: 4.4 ⭐⭐ (STRONG PLAY)[0m
  [91m🚫 COLD: Los Angeles Lakers - Poor performer: 2-5 (29%) | -3.59u over 7 picks[0m
  📊 Spread: Market -1.0 | Model +13.3
  🎯 Total: Market 224.0 | Model 234.2
  [92m✅ BET: Los Angeles Lakers -1.0[0m
     [96mModel projects Los Angeles Lakers to win by 13.3, covering -1.0.[0m
  [92m✅ BET: OVER 224.0[0m
     [96mModel projects 234 total points, bet the OVER[0m
  📈 Predicted: Toronto Raptors 110, Los Angeles Lakers 124

[1m[96mOklahoma City Thunder @ Cleveland Cavaliers[0m
  🕐 01/19/26 02:40 PM EST
  [92m[1m🎯 A.I. Rating: 4.1 ⭐⭐ (STRONG PLAY)[0m
  [0m➖ NEUTRAL: Cleveland Cavaliers - Average performance: 8-8 (50%) | -0.80u over 16 picks[0m
  📊 Spread: Market +6.5 | Model +4.1
  🎯 Total: Market 234.5 | Model 240.7
  [92m✅ BET: Cleveland Cavaliers +6.5[0m
     [96mModel projects Cleveland Cavaliers to win outright, easily covering +6.5.[0m
  [92m✅ BET: OVER 234.5[0m
     [96mModel projects 241 total points, bet the OVER[0m
  📈 Predicted: Oklahoma City Thunder 118, Cleveland Cavaliers 122

[1m[96mNew Orleans Pelicans @ Houston Rockets[0m
  🕐 01/18/26 07:10 PM EST
  [96m[1m🎯 A.I. Rating: 3.7 ⭐ (GOOD PLAY)[0m
  [93m⚠️ CAUTION: Houston Rockets - Below average: 1-2 (33%) | -1.29u over 3 picks[0m
  📊 Spread: Market -13.5 | Model +21.5
  🎯 Total: Market 232.0 | Model 236.0
  [92m✅ BET: Houston Rockets -13.5[0m
     [96mModel projects Houston Rockets to win by 21.5, covering -13.5.[0m
  [93m⚠️ NO BET - Too close to call[0m
  📈 Predicted: New Orleans Pelicans 107, Houston Rockets 129

[1m[96mPortland Trail Blazers @ Sacramento Kings[0m
  🕐 01/18/26 09:10 PM EST
  [96m[1m🎯 A.I. Rating: 3.5 ⭐ (GOOD PLAY)[0m
  [96m📊 NEUTRAL+: Sacramento Kings - Slightly above average: 8-6 (57%) | +1.40u over 14 picks[0m
  📊 Spread: Market -2.5 | Model +9.9
  🎯 Total: Market 229.0 | Model 232.8
  [92m✅ BET: Sacramento Kings -2.5[0m
     [96mModel projects Sacramento Kings to win by 9.9, covering -2.5.[0m
  [93m⚠️ NO BET - Too close to call[0m
  📈 Predicted: Portland Trail Blazers 111, Sacramento Kings 121

[1m[96mDallas Mavericks @ New York Knicks[0m
  🕐 01/19/26 05:10 PM EST
  [93m[1m🎯 A.I. Rating: 3.0 ⭐ (STANDARD PLAY)[0m
  📊 Spread: Market -10.0 | Model +14.2
  🎯 Total: Market 229.5 | Model 234.4
  [93m⚠️ NO BET - Too close to call[0m
     [96mEdge too small (+4.2)[0m
  [93m⚠️ NO BET - Too close to call[0m
  📈 Predicted: Dallas Mavericks 110, New York Knicks 124

[92m✓ CSV saved: /Users/rico/sports-models/nba/nba_model_output.csv[0m
Loaded 10 Auto-Bet teams: Indiana Pacers, Dallas Mavericks, New York Knicks, Minnesota Timberwolves, Portland Trail Blazers...
[92m✓ HTML saved: /Users/rico/sports-models/nba/nba_model_output.html[0m

[1m[96mSTEP 7: Generating Final Tracking Dashboard[0m
[92m✓ Tracking dashboard saved: /Users/rico/sports-models/nba/nba_tracking_dashboard.html[0m

[1m==========================================================================================[0m
[1m[93m📊 TRACKING SUMMARY 📊[0m
[1m==========================================================================================[0m
[92mTotal Tracked Bets: 399[0m
[92mRecord: 208-180-3[0m
[92mWin Rate: 53.6%[0m
[92mProfit: +9.16 units[0m
[92mROI: +2.1%[0m
[1m==========================================================================================[0m

[96mUpdating unified dashboard...[0m
[92m✓ Dashboard updated[0m

✅ Completed: nba_main_model at Sun Jan 18 18:21:01 EST 2026

📤 Auto-pushing model outputs to GitHub...
[main 9545708] Update model outputs - 2026-01-18 18:21:01
 Committer: Ricardo Hill <rico@Ricos-M1-Mac-2.local>
Your name and email address were configured automatically based
on your username and hostname. Please check that they are accurate.
You can suppress this message by setting them explicitly. Run the
following command and follow the instructions in your editor to edit
your configuration file:

    git config --global --edit

After doing this, you may fix the identity used for this commit with:

    git commit --amend --reset-author

 4 files changed, 422 insertions(+), 14 deletions(-)
To https://github.com/BangLetsGetIt/NBA-NCAA-Betting-Models.git
   88f5b06..9545708  main -> main
✅ Successfully pushed to GitHub!
✅ Auto-push succeeded at Sun Jan 18 18:21:02 EST 2026
