==========================================
NBA Model Run: Sat Jan 10 10:00:00 EST 2026
==========================================
Running NBA model...

[1m==========================================================================================[0m
[1m[96m🎲 IMPROVED NBA BETTING MODEL 🎲[0m
[1m[92m⚡ Enhanced Stats + Rest Days + Stricter Filters ⚡[0m
[1m==========================================================================================[0m

[1m[96mSTEP 1: Checking for Completed Games[0m

[96m==========================================================================================[0m
[96m🔄 UPDATING RESULTS FOR COMPLETED GAMES[0m
[96m==========================================================================================[0m

[93m📋 Checking 7 pending picks...[0m
[96mFetching completed NBA game scores (via NBA API)...[0m
[92m✓ Found 13 completed games (Free API)[0m
[92m✓ Tracking data saved to /Users/rico/sports-models/nba/nba_picks_tracking.json[0m
[93mNo picks were updated (games may not be complete yet)[0m
[92m✓ Tracking dashboard saved: /Users/rico/sports-models/nba/nba_tracking_dashboard.html[0m

[1m[96mSTEP 2: Fetching Composite Stats (Season + Form)[0m
[96m🔄 Fetching new team stats from stats.nba.com...[0m
[93m⚠ Attempt 1/3 failed: HTTPSConnectionPool(host='stats.nba.com', port=443): Read timed out. (read timeout=60)[0m
[93m   Retrying in 2 seconds...[0m
[92m✓ Fetched and cached stats for 76 teams[0m

[1m[96mSTEP 3: Fetching Home/Away Splits[0m
[92m✓ Using cached home/away splits (less than 6 hours old)[0m

[1m[96mSTEP 4: Fetching Team Schedules (Rest Days)[0m

[1m[96mSTEP 5: Fetching Live Odds (Next 2 Days)[0m
[92m✓ Fetched odds for 6 total games[0m
[92m✓ Filtered to 6 games in next 2 days[0m

[1m[96mSTEP 6: Processing Games & Generating Picks[0m

[91m❌ Missing stats for Detroit Pistons or Los Angeles Clippers[0m
[91m❌ Missing stats for Detroit Pistons or Los Angeles Clippers[0m
[91m❌ Skipping Los Angeles Clippers @ Detroit Pistons - missing model data[0m

[1m[92m✅ Analyzed 5 games with complete odds[0m

[93m📊 All picks sorted by A.I. Rating (quality/confidence first)[0m


[1m==========================================================================================[0m
[1m[93m🏀 NBA MODEL PREDICTIONS 🏀[0m
[1m==========================================================================================[0m

[1m[96mSan Antonio Spurs @ Boston Celtics[0m
  🕐 01/10/26 08:10 PM EST
  [92m[1m🎯 A.I. Rating: 4.9 ⭐⭐ (PREMIUM PLAY)[0m
  [92m🔥 HOT: Boston Celtics - Strong performer: 6-2 (75%) | +3.80u over 8 picks[0m
  📊 Spread: Market +1.5 | Model +14.9
  🎯 Total: Market 231.5 | Model 232.8
  [92m✅ BET: Boston Celtics +1.5[0m
     [96mModel projects Boston Celtics to win outright, easily covering +1.5.[0m
  [93m⚠️ NO BET - Too close to call[0m
  📈 Predicted: San Antonio Spurs 109, Boston Celtics 124

[1m[96mMiami Heat @ Indiana Pacers[0m
  🕐 01/10/26 07:10 PM EST
  [92m[1m🎯 A.I. Rating: 4.9 ⭐⭐ (PREMIUM PLAY)[0m
  [92m✅ GOOD: Indiana Pacers - Good record: 9-6 (60%) | +2.40u over 15 picks[0m
  📊 Spread: Market +7.5 | Model +7.8
  🎯 Total: Market 234.5 | Model 238.3
  [92m✅ BET: Indiana Pacers +7.5[0m
     [96mModel projects Indiana Pacers to win outright, easily covering +7.5.[0m
  [93m⚠️ NO BET - Too close to call[0m
  📈 Predicted: Miami Heat 115, Indiana Pacers 123

[1m[96mCharlotte Hornets @ Utah Jazz[0m
  🕐 01/10/26 09:40 PM EST
  [96m[1m🎯 A.I. Rating: 3.8 ⭐ (GOOD PLAY)[0m
  [96mℹ️ LIMITED: Utah Jazz - Limited data: 2-0 (100%) | +2.00u (2 picks)[0m
  📊 Spread: Market +4.5 | Model +4.3
  🎯 Total: Market 239.5 | Model 232.5
  [92m✅ BET: Utah Jazz +4.5[0m
     [96mModel projects Utah Jazz to win outright, easily covering +4.5.[0m
  [92m✅ BET: UNDER 239.5[0m
     [96mModel projects 232 total points, bet the UNDER[0m
  📈 Predicted: Charlotte Hornets 114, Utah Jazz 118

[1m[96mDallas Mavericks @ Chicago Bulls[0m
  🕐 01/10/26 08:10 PM EST
  [96m[1m🎯 A.I. Rating: 3.5 ⭐ (GOOD PLAY)[0m
  📊 Spread: Market -2.5 | Model +5.9
  🎯 Total: Market 233.0 | Model 240.9
  [93m⚠️ NO BET - Too close to call[0m
     [96mEdge too small (+3.4)[0m
  [92m✅ BET: OVER 233.0[0m
     [96mModel projects 241 total points, bet the OVER[0m
  📈 Predicted: Dallas Mavericks 118, Chicago Bulls 123

[1m[96mMinnesota Timberwolves @ Cleveland Cavaliers[0m
  🕐 01/10/26 01:10 PM EST
  [93m[1m🎯 A.I. Rating: 3.1 ⭐ (STANDARD PLAY)[0m
  📊 Spread: Market -4.5 | Model +9.5
  🎯 Total: Market 239.0 | Model 238.8
  [93m⚠️ NO BET - Too close to call[0m
     [96mEdge too small (+5.0)[0m
  [93m⚠️ NO BET - Too close to call[0m
  📈 Predicted: Minnesota Timberwolves 115, Cleveland Cavaliers 124

[92m✓ CSV saved: /Users/rico/sports-models/nba/nba_model_output.csv[0m
[92m✓ HTML saved: /Users/rico/sports-models/nba/nba_model_output.html[0m

[1m[96mSTEP 7: Generating Final Tracking Dashboard[0m
[92m✓ Tracking dashboard saved: /Users/rico/sports-models/nba/nba_tracking_dashboard.html[0m

[1m==========================================================================================[0m
[1m[93m📊 TRACKING SUMMARY 📊[0m
[1m==========================================================================================[0m
[92mTotal Tracked Bets: 327[0m
[92mRecord: 169-149-2[0m
[92mWin Rate: 53.1%[0m
[92mProfit: +4.26 units[0m
[92mROI: +1.2%[0m
[1m==========================================================================================[0m

[96mUpdating unified dashboard...[0m
[92m✓ Dashboard updated[0m


==========================================
✅ Model completed successfully!
==========================================

📤 Pushing updates to GitHub...
No changes to commit
