============================================================
Scheduler run: nba_main_model
Time: Fri Jan 16 15:20:05 EST 2026
Working dir: /Users/rico/sports-models/nba
Script: nba_model_IMPROVED.py
============================================================

[1m==========================================================================================[0m
[1m[96m🎲 IMPROVED NBA BETTING MODEL 🎲[0m
[1m[92m⚡ Enhanced Stats + Rest Days + Stricter Filters ⚡[0m
[1m==========================================================================================[0m

[1m[96mSTEP 1: Checking for Completed Games[0m

[96m==========================================================================================[0m
[96m🔄 UPDATING RESULTS FOR COMPLETED GAMES[0m
[96m==========================================================================================[0m

[93m📋 Checking 5 pending picks...[0m
[96mFetching completed NBA game scores (via NBA API)...[0m
[92m✓ Found 16 completed games (Free API)[0m
[92m✓ Tracking data saved to /Users/rico/sports-models/nba/nba_picks_tracking.json[0m
[93mNo picks were updated (games may not be complete yet)[0m
[92m✓ Tracking dashboard saved: /Users/rico/sports-models/nba/nba_tracking_dashboard.html[0m

[1m[96mSTEP 2: Fetching Composite Stats (Season + Form)[0m
[92m✓ Using cached composite stats (less than 6 hours old)[0m

[1m[96mSTEP 3: Fetching Home/Away Splits[0m
[92m✓ Using cached home/away splits (less than 6 hours old)[0m

[1m[96mSTEP 4: Fetching Team Schedules (Rest Days)[0m
[96m🔄 Fetching team schedules...[0m
[92m✓ Fetched schedules for 1 teams[0m

[1m[96mSTEP 5: Fetching Live Odds (Next 2 Days)[0m
[92m✓ Fetched odds for 7 total games[0m
[92m✓ Filtered to 6 games in next 2 days[0m

[1m[96mSTEP 6: Processing Games & Generating Picks[0m

[92m✓ Tracking data saved to /Users/rico/sports-models/nba/nba_picks_tracking.json[0m
[92m📝 LOGGED PICK: ✅ BET: OVER 233.0 (Edge: +6.0)[0m
[92m✓ Tracking data saved to /Users/rico/sports-models/nba/nba_picks_tracking.json[0m
[92m📝 LOGGED PICK: ✅ BET: Chicago Bulls +2.0 (Edge: -6.0)[0m
[91m❌ Missing stats for Toronto Raptors or Los Angeles Clippers[0m
[91m❌ Missing stats for Toronto Raptors or Los Angeles Clippers[0m
[91m❌ Skipping Los Angeles Clippers @ Toronto Raptors - missing model data[0m
[92m✓ Tracking data saved to /Users/rico/sports-models/nba/nba_picks_tracking.json[0m
[92m✓ Updated CLV data for existing picks[0m

[1m[92m✅ Analyzed 5 games with complete odds[0m

[93m📊 All picks sorted by A.I. Rating (quality/confidence first)[0m


[1m==========================================================================================[0m
[1m[93m🏀 NBA MODEL PREDICTIONS 🏀[0m
[1m==========================================================================================[0m

[1m[96mNew Orleans Pelicans @ Indiana Pacers[0m
  🕐 01/16/26 07:10 PM EST
  [92m[1m🎯 A.I. Rating: 4.9 ⭐⭐ (PREMIUM PLAY)[0m
  [92m✅ GOOD: Indiana Pacers - Good record: 11-7 (61%) | +3.30u over 18 picks[0m
  📊 Spread: Market -4.0 | Model +20.0
  🎯 Total: Market 241.0 | Model 236.9
  [92m✅ BET: Indiana Pacers -4.0[0m
     [96mModel projects Indiana Pacers to win by 20.0, covering -4.0.[0m
  [93m⚠️ NO BET - Too close to call[0m
  📈 Predicted: New Orleans Pelicans 108, Indiana Pacers 128

[1m[96mMinnesota Timberwolves @ Houston Rockets[0m
  🕐 01/16/26 09:40 PM EST
  [92m[1m🎯 A.I. Rating: 4.9 ⭐⭐ (PREMIUM PLAY)[0m
  📊 Spread: Market -4.5 | Model +5.0
  🎯 Total: Market 222.0 | Model 237.1
  [93m⚠️ NO BET - Too close to call[0m
     [96mEdge too small (+0.5)[0m
  [92m✅ BET: OVER 222.0[0m
     [96mModel projects 237 total points, bet the OVER[0m
  📈 Predicted: Minnesota Timberwolves 116, Houston Rockets 121

[1m[96mCleveland Cavaliers @ Philadelphia 76ers[0m
  🕐 01/16/26 07:10 PM EST
  [92m[1m🎯 A.I. Rating: 4.5 ⭐⭐ (PREMIUM PLAY)[0m
  [0m➖ NEUTRAL: Cleveland Cavaliers - Average performance: 8-8 (50%) | -0.80u over 16 picks[0m
  📊 Spread: Market -2.5 | Model -10.0
  🎯 Total: Market 233.0 | Model 239.0
  [92m✅ BET: Cleveland Cavaliers +2.5[0m
     [96mModel projects Philadelphia 76ers to win by only 10.0, not enough to cover -2.5.[0m
  [92m✅ BET: OVER 233.0[0m
     [96mModel projects 239 total points, bet the OVER[0m
  📈 Predicted: Cleveland Cavaliers 124, Philadelphia 76ers 114

[1m[96mChicago Bulls @ Brooklyn Nets[0m
  🕐 01/16/26 07:40 PM EST
  [92m[1m🎯 A.I. Rating: 4.5 ⭐⭐ (PREMIUM PLAY)[0m
  [93m⚠️ CAUTION: Chicago Bulls - Below average: 2-4 (33%) | -2.40u over 6 picks[0m
  📊 Spread: Market -2.0 | Model -4.0
  🎯 Total: Market 225.5 | Model 237.8
  [92m✅ BET: Chicago Bulls +2.0[0m
     [96mModel projects Brooklyn Nets to win by only 4.0, not enough to cover -2.0.[0m
  [92m✅ BET: OVER 225.5[0m
     [96mModel projects 238 total points, bet the OVER[0m
  📈 Predicted: Chicago Bulls 121, Brooklyn Nets 117

[1m[96mWashington Wizards @ Sacramento Kings[0m
  🕐 01/16/26 10:10 PM EST
  [96m[1m🎯 A.I. Rating: 3.7 ⭐ (GOOD PLAY)[0m
  [96m📊 NEUTRAL+: Sacramento Kings - Slightly above average: 7-6 (54%) | +0.40u over 13 picks[0m
  📊 Spread: Market -7.5 | Model +15.8
  🎯 Total: Market 234.0 | Model 233.9
  [92m✅ BET: Sacramento Kings -7.5[0m
     [96mModel projects Sacramento Kings to win by 15.8, covering -7.5.[0m
  [93m⚠️ NO BET - Too close to call[0m
  📈 Predicted: Washington Wizards 109, Sacramento Kings 125

[92m✓ CSV saved: /Users/rico/sports-models/nba/nba_model_output.csv[0m
[92m✓ HTML saved: /Users/rico/sports-models/nba/nba_model_output.html[0m

[1m[96mSTEP 7: Generating Final Tracking Dashboard[0m
[92m✓ Tracking dashboard saved: /Users/rico/sports-models/nba/nba_tracking_dashboard.html[0m

[1m==========================================================================================[0m
[1m[93m📊 TRACKING SUMMARY 📊[0m
[1m==========================================================================================[0m
[92mTotal Tracked Bets: 376[0m
[92mRecord: 196-172-3[0m
[92mWin Rate: 53.3%[0m
[92mProfit: +5.96 units[0m
[92mROI: +1.5%[0m
[1m==========================================================================================[0m

[96mUpdating unified dashboard...[0m
[92m✓ Dashboard updated[0m

✅ Completed: nba_main_model at Fri Jan 16 15:20:21 EST 2026

📤 Auto-pushing model outputs to GitHub...
[main aa2a683] Update model outputs - 2026-01-16 15:20:21
 Committer: Ricardo Hill <rico@Ricos-M1-Mac-2.local>
Your name and email address were configured automatically based
on your username and hostname. Please check that they are accurate.
You can suppress this message by setting them explicitly. Run the
following command and follow the instructions in your editor to edit
your configuration file:

    git config --global --edit

After doing this, you may fix the identity used for this commit with:

    git commit --amend --reset-author

 4 files changed, 25 insertions(+), 23 deletions(-)
To https://github.com/BangLetsGetIt/NBA-NCAA-Betting-Models.git
   6488f8d..aa2a683  main -> main
✅ Successfully pushed to GitHub!
✅ Auto-push succeeded at Fri Jan 16 15:20:22 EST 2026
