============================================================
Scheduler run: nba_3pt_props
Time: Fri Jan  2 16:27:13 EST 2026
Working dir: /Users/rico/sports-models/nba
Script: nba_3pt_props_model.py
============================================================

[1m[96m================================================================================[0m
[1m[96mNBA 3PT PROPS A.I. MODEL[0m
[1m[96m================================================================================[0m

[96m==========================================================================================[0m
[96m🎯 GRADING PENDING PICKS[0m
[96m==========================================================================================[0m

[93m📋 Found 16 pending picks...[0m

  Fetching team stats to verify completed games for 2025-12-16...
[96m  Fetching batch stats for 12/16/2025...[0m
  Fetching team stats to verify completed games for 2026-01-02...

[93mNo picks ready for grading yet[0m

[96mFetching REAL NBA player 3-pointers statistics...[0m
[96m  Fetching season 3-pointers stats...[0m
[96m  Fetching recent form (last 10 games)...[0m
[92m✓ Fetched REAL 3-pointers stats for 506 players[0m

[96mFetching opponent 3-pointers factors...[0m
[92m✓ Fetched 3-pointers factors for 30 teams[0m

[96mFetching player 3-pointers prop odds...[0m
[96m  Found 10 upcoming games[0m
[96m  Filtered to 10 upcoming games[0m
[96m  Game 1/10: Brooklyn Nets @ Washington Wizards[0m
[96m  Game 2/10: San Antonio Spurs @ Indiana Pacers[0m
[96m  Game 3/10: Atlanta Hawks @ New York Knicks[0m
[96m  Game 4/10: Denver Nuggets @ Cleveland Cavaliers[0m
[96m  Game 5/10: Charlotte Hornets @ Milwaukee Bucks[0m
[96m  Game 6/10: Orlando Magic @ Chicago Bulls[0m
[96m  Game 7/10: Portland Trail Blazers @ New Orleans Pelicans[0m
[96m  Game 8/10: Sacramento Kings @ Phoenix Suns[0m
[96m  Game 9/10: Oklahoma City Thunder @ Golden State Warriors[0m
[96m  Game 10/10: Memphis Grizzlies @ Los Angeles Lakers[0m
[92m✓ Fetched 96 player 3-pointers props (grouped)[0m

[96mAnalyzing 96 player props with REAL stats...[0m
[92m✓ Found 8 top OVER plays (A.I. Score >= 7.5)[0m
[92m✓ Found 4 top UNDER plays (A.I. Score >= 7.5)[0m
[93m  Skipped 5 props (no player stats found)[0m
[93m  Skipped 170 props (score below 7.5 or failed checks)[0m

[96m==========================================================================================[0m
[96m📊 TRACKING NEW PICKS[0m
[96m==========================================================================================[0m
[92m✓ Tracked 1 new picks[0m
[93m✓ Updated odds for 4 existing picks[0m

[1m[92m================================================================================[0m
[1m[92mTOP OVER PLAYS[0m
[1m[92m================================================================================[0m
  [96m 1. Jamal Murray             [0m | [92mOVER 2.5 3PT   [0m | Denver Nuggets            vs Cleveland Cavaliers       | [1mA.I.: 10.00[0m | Rating: 3.8 ⭐
  [96m 2. Ryan Rollins             [0m | [92mOVER 1.5 3PT   [0m | Milwaukee Bucks           vs Charlotte Hornets         | [1mA.I.: 7.63[0m | Rating: 3.6 ⭐
  [96m 3. Brandin Podziemski       [0m | [92mOVER 1.5 3PT   [0m | Golden State Warriors     vs Oklahoma City Thunder     | [1mA.I.: 7.60[0m | Rating: 3.1 ⭐
  [96m 4. Mikal Bridges            [0m | [92mOVER 1.5 3PT   [0m | New York Knicks           vs Atlanta Hawks             | [1mA.I.: 7.54[0m | Rating: 3.1 ⭐
  [96m 5. Cam Spencer              [0m | [92mOVER 1.5 3PT   [0m | Memphis Grizzlies         vs Los Angeles Lakers        | [1mA.I.: 10.00[0m | Rating: 3.0 ⭐
  [96m 6. Kevin Porter Jr.         [0m | [92mOVER 1.5 3PT   [0m | Milwaukee Bucks           vs Charlotte Hornets         | [1mA.I.: 7.52[0m | Rating: 3.0 ⭐
  [96m 7. Carlton Carrington       [0m | [92mOVER 1.5 3PT   [0m | Washington Wizards        vs Brooklyn Nets             | [1mA.I.: 8.11[0m | Rating: 2.7 
  [96m 8. Shaedon Sharpe           [0m | [92mOVER 1.5 3PT   [0m | Portland Trail Blazers    vs New Orleans Pelicans      | [1mA.I.: 9.06[0m | Rating: 2.6 

[1m[91m================================================================================[0m
[1m[91mTOP UNDER PLAYS[0m
[1m[91m================================================================================[0m
  [96m 1. Bilal Coulibaly          [0m | [91mUNDER 1.5 3PT  [0m | Washington Wizards        vs Brooklyn Nets             | [1mA.I.: 7.60[0m | Rating: 4.4 ⭐⭐
  [96m 2. Jeremiah Fears           [0m | [91mUNDER 1.5 3PT  [0m | New Orleans Pelicans      vs Portland Trail Blazers    | [1mA.I.: 8.30[0m | Rating: 3.4 ⭐
  [96m 3. Kevin Huerter            [0m | [91mUNDER 2.5 3PT  [0m | Chicago Bulls             vs Orlando Magic             | [1mA.I.: 9.13[0m | Rating: 2.9 
  [96m 4. Jordan Poole             [0m | [91mUNDER 3.5 3PT  [0m | New Orleans Pelicans      vs Portland Trail Blazers    | [1mA.I.: 10.00[0m | Rating: 2.4 

[96mGenerating HTML report...[0m

[92m✓ HTML report saved: /Users/rico/sports-models/nba/nba_3pt_props.html[0m

[1m[92m================================================================================[0m
[1m[92m✓ Model execution complete![0m
[1m[92m================================================================================[0m

✅ Completed: nba_3pt_props at Fri Jan  2 16:27:45 EST 2026

📤 Auto-pushing model outputs to GitHub...
[main b78f5ab] Update model outputs - 2026-01-02 16:27:48
 Committer: Ricardo Hill <rico@Ricos-M1-Mac-2.local>
Your name and email address were configured automatically based
on your username and hostname. Please check that they are accurate.
You can suppress this message by setting them explicitly. Run the
following command and follow the instructions in your editor to edit
your configuration file:

    git config --global --edit

After doing this, you may fix the identity used for this commit with:

    git commit --amend --reset-author

 9 files changed, 417 insertions(+), 174 deletions(-)
To https://github.com/BangLetsGetIt/NBA-NCAA-Betting-Models.git
 ! [remote rejected] main -> main (cannot lock ref 'refs/heads/main': is at b78f5abac6905ee30035a8e4d2d5905bcacc56a6 but expected 9e0d46237d2d7f17a95cd56774aed742b5a1bdd9)
error: failed to push some refs to 'https://github.com/BangLetsGetIt/NBA-NCAA-Betting-Models.git'
⚠️  Push failed - you may need to set up the GitHub remote first
✅ Auto-push succeeded at Fri Jan  2 16:27:50 EST 2026
