============================================================
Scheduler run: nba_main_model
Time: Tue Jan 27 15:20:05 EST 2026
Working dir: /Users/rico/sports-models/nba
Script: nba_model_IMPROVED.py
============================================================

[1m==========================================================================================[0m
[1m[96m🎲 IMPROVED NBA BETTING MODEL 🎲[0m
[1m[92m⚡ Enhanced Stats + Rest Days + Stricter Filters ⚡[0m
[1m==========================================================================================[0m

[1m[96mSTEP 1: Checking for Completed Games[0m

[96m==========================================================================================[0m
[96m🔄 UPDATING RESULTS FOR COMPLETED GAMES[0m
[96m==========================================================================================[0m

[93m📋 Checking 6 pending picks...[0m
[96mFetching completed NBA game scores (via NBA API)...[0m
[92m✓ Found 13 completed games (Free API)[0m
[92m✓ Tracking data saved to /Users/rico/sports-models/nba/nba_picks_tracking.json[0m
[93mNo picks were updated (games may not be complete yet)[0m
[92m✓ Tracking dashboard saved: /Users/rico/sports-models/nba/nba_tracking_dashboard.html[0m

[1m[96mSTEP 2: Fetching Composite Stats (Season + Form)[0m
[92m✓ Using cached composite stats (less than 6 hours old)[0m

[1m[96mSTEP 3: Fetching Home/Away Splits[0m
[92m✓ Using cached home/away splits (less than 6 hours old)[0m

[1m[96mSTEP 4: Fetching Team Schedules (Rest Days)[0m

[1m[96mSTEP 5: Fetching Live Odds (Next 2 Days)[0m
[92m✓ Fetched odds for 7 total games[0m
[92m✓ Filtered to 7 games in next 2 days[0m

[1m[96mSTEP 6: Processing Games & Generating Picks[0m

[91m❌ Missing stats for Utah Jazz or Los Angeles Clippers[0m
[91m❌ Missing stats for Utah Jazz or Los Angeles Clippers[0m
[91m❌ Skipping Los Angeles Clippers @ Utah Jazz - missing model data[0m
[92m✓ Tracking data saved to /Users/rico/sports-models/nba/nba_picks_tracking.json[0m
[92m✓ Updated CLV data for existing picks[0m

[1m[92m✅ Analyzed 6 games with complete odds[0m

[93m📊 All picks sorted by A.I. Rating (quality/confidence first)[0m


[1m==========================================================================================[0m
[1m[93m🏀 NBA MODEL PREDICTIONS 🏀[0m
[1m==========================================================================================[0m

[1m[96mBrooklyn Nets @ Phoenix Suns[0m
  🕐 01/27/26 09:10 PM EST
  [92m[1m🎯 A.I. Rating: 4.9 ⭐⭐ (PREMIUM PLAY)[0m
  📊 Spread: Market -9.0 | Model +8.4
  🎯 Total: Market 210.5 | Model 229.2
  [93m⚠️ NO BET - Too close to call[0m
     [96mEdge too small (-0.6)[0m
  [92m✅ BET: OVER 210.5[0m
     [96mModel projects 229 total points, bet the OVER[0m
  📈 Predicted: Brooklyn Nets 110, Phoenix Suns 119

[1m[96mDetroit Pistons @ Denver Nuggets[0m
  🕐 01/27/26 09:10 PM EST
  [92m[1m🎯 A.I. Rating: 4.9 ⭐⭐ (PREMIUM PLAY)[0m
  📊 Spread: Market +7.0 | Model +5.6
  🎯 Total: Market 214.5 | Model 231.9
  [92m✅ BET: Denver Nuggets +7.0[0m
     [96mModel projects Denver Nuggets to win outright, easily covering +7.0.[0m
  [92m✅ BET: OVER 214.5[0m
     [96mModel projects 232 total points, bet the OVER[0m
  📈 Predicted: Detroit Pistons 113, Denver Nuggets 119

[1m[96mNew Orleans Pelicans @ Oklahoma City Thunder[0m
  🕐 01/27/26 08:10 PM EST
  [92m[1m🎯 A.I. Rating: 4.9 ⭐⭐ (PREMIUM PLAY)[0m
  [96mℹ️ LIMITED: Oklahoma City Thunder - Limited data: 1-0 (100%) | +1.00u (1 pick)[0m
  📊 Spread: Market -14.5 | Model +29.4
  🎯 Total: Market 233.5 | Model 229.7
  [92m✅ BET: Oklahoma City Thunder -14.5[0m
     [96mModel projects Oklahoma City Thunder to win by 29.4, covering -14.5.[0m
  [93m⚠️ NO BET - Too close to call[0m
  📈 Predicted: New Orleans Pelicans 100, Oklahoma City Thunder 130

[1m[96mMilwaukee Bucks @ Philadelphia 76ers[0m
  🕐 01/27/26 08:10 PM EST
  [92m[1m🎯 A.I. Rating: 4.8 ⭐⭐ (PREMIUM PLAY)[0m
  [96mℹ️ LIMITED: Milwaukee Bucks - Limited data: 0-1 (0%) | -1.10u (1 pick)[0m
  📊 Spread: Market -10.0 | Model -1.3
  🎯 Total: Market 219.5 | Model 233.7
  [92m✅ BET: Milwaukee Bucks +10.0[0m
     [96mModel projects Philadelphia 76ers to win by only 1.3, not enough to cover -10.0.[0m
  [92m✅ BET: OVER 219.5[0m
     [96mModel projects 234 total points, bet the OVER[0m
  📈 Predicted: Milwaukee Bucks 118, Philadelphia 76ers 116

[1m[96mPortland Trail Blazers @ Washington Wizards[0m
  🕐 01/27/26 07:10 PM EST
  [93m[1m🎯 A.I. Rating: 3.2 ⭐ (STANDARD PLAY)[0m
  📊 Spread: Market +7.0 | Model -3.7
  🎯 Total: Market 231.5 | Model 226.3
  [93m⚠️ NO BET - Too close to call[0m
     [96mEdge too small (+3.3)[0m
  [93m⚠️ NO BET - Too close to call[0m
  📈 Predicted: Portland Trail Blazers 115, Washington Wizards 111

[1m[96mSacramento Kings @ New York Knicks[0m
  🕐 01/27/26 07:40 PM EST
  [93m[1m🎯 A.I. Rating: 3.1 ⭐ (STANDARD PLAY)[0m
  📊 Spread: Market -14.5 | Model +9.6
  🎯 Total: Market 226.0 | Model 227.2
  [93m⚠️ NO BET - Too close to call[0m
     [96mEdge too small (-4.9)[0m
  [93m⚠️ NO BET - Too close to call[0m
  📈 Predicted: Sacramento Kings 109, New York Knicks 118

[92m✓ CSV saved: /Users/rico/sports-models/nba/nba_model_output.csv[0m
Loaded 10 Auto-Bet teams: Portland Trail Blazers, Utah Jazz, Indiana Pacers, Dallas Mavericks, Brooklyn Nets...
[92m✓ HTML saved: /Users/rico/sports-models/nba/nba_model_output.html[0m

[1m[96mSTEP 7: Generating Final Tracking Dashboard[0m
[92m✓ Tracking dashboard saved: /Users/rico/sports-models/nba/nba_tracking_dashboard.html[0m

[1m==========================================================================================[0m
[1m[93m📊 TRACKING SUMMARY 📊[0m
[1m==========================================================================================[0m
[92mTotal Tracked Bets: 41[0m
[92mRecord: 19-16-0[0m
[92mWin Rate: 54.3%[0m
[92mProfit: +1.40 units[0m
[92mROI: +3.6%[0m
[1m==========================================================================================[0m

[96mUpdating unified dashboard...[0m
[92m✓ Dashboard updated[0m

✅ Completed: nba_main_model at Tue Jan 27 15:20:12 EST 2026

📤 Auto-pushing model outputs to GitHub...
[main 6b5c6b5f] Update model outputs - 2026-01-27 15:20:12
 Committer: Ricardo Hill <rico@Ricos-M1-Mac-2.local>
Your name and email address were configured automatically based
on your username and hostname. Please check that they are accurate.
You can suppress this message by setting them explicitly. Run the
following command and follow the instructions in your editor to edit
your configuration file:

    git config --global --edit

After doing this, you may fix the identity used for this commit with:

    git commit --amend --reset-author

 4 files changed, 36 insertions(+), 34 deletions(-)
To https://github.com/BangLetsGetIt/NBA-NCAA-Betting-Models.git
   16b4f368..6b5c6b5f  main -> main
✅ Successfully pushed to GitHub!
✅ Auto-push succeeded at Tue Jan 27 15:20:13 EST 2026
