============================================================
Scheduler run: nba_3pt_props
Time: Wed Jan  7 15:00:05 EST 2026
Working dir: /Users/rico/sports-models/nba
Script: nba_3pt_props_model.py
============================================================

[1m[96m================================================================================[0m
[1m[96mNBA 3PT PROPS A.I. MODEL[0m
[1m[96m================================================================================[0m

[96m==========================================================================================[0m
[96m🎯 GRADING PENDING PICKS[0m
[96m==========================================================================================[0m

[93m📋 Found 11 pending picks...[0m

  Fetching team stats to verify completed games for 2025-12-16...
[96m  Fetching batch stats for 12/16/2025...[0m
  Fetching team stats to verify completed games for 2026-01-07...

[93mNo picks ready for grading yet[0m

[96mFetching REAL NBA player 3-pointers statistics...[0m
[92m✓ Using cached player 3-pointers stats (less than 6 hours old)[0m

[96mFetching opponent 3-pointers factors...[0m
[92m✓ Using cached 3-pointers factors[0m

[96mFetching player 3-pointers prop odds...[0m
[96m  Found 12 upcoming games[0m
[96m  Filtered to 12 upcoming games[0m
[96m  Game 1/10: Denver Nuggets @ Boston Celtics[0m
[96m  Game 2/10: Toronto Raptors @ Charlotte Hornets[0m
[96m  Game 3/10: Chicago Bulls @ Detroit Pistons[0m
[96m  Game 4/10: Washington Wizards @ Philadelphia 76ers[0m
[96m  Game 5/10: New Orleans Pelicans @ Atlanta Hawks[0m
[96m  Game 6/10: Orlando Magic @ Brooklyn Nets[0m
[96m  Game 7/10: Los Angeles Clippers @ New York Knicks[0m
[96m  Game 8/10: Phoenix Suns @ Memphis Grizzlies[0m
[96m  Game 9/10: Utah Jazz @ Oklahoma City Thunder[0m
[96m  Game 10/10: Los Angeles Lakers @ San Antonio Spurs[0m
[92m✓ Fetched 96 player 3-pointers props (grouped)[0m

[96mAnalyzing 96 player props with REAL stats...[0m
[92m✓ Found 5 top OVER plays (A.I. Score >= 7.5)[0m
[92m✓ Found 3 top UNDER plays (A.I. Score >= 7.5)[0m
[93m  Skipped 5 props (no player stats found)[0m
[93m  Skipped 174 props (score below 7.5 or failed checks)[0m

[96m==========================================================================================[0m
[96m📊 TRACKING NEW PICKS[0m
[96m==========================================================================================[0m
[93m✓ Updated odds for 5 existing picks[0m

[1m[92m================================================================================[0m
[1m[92mTOP OVER PLAYS[0m
[1m[92m================================================================================[0m
  [96m 1. Miles McBride            [0m | [92mOVER 2.5 3PT   [0m | New York Knicks           vs Los Angeles Clippers      | [1mA.I.: 9.80[0m | Rating: 4.9 ⭐⭐
  [96m 2. Grayson Allen            [0m | [92mOVER 2.5 3PT   [0m | Phoenix Suns              vs Memphis Grizzlies         | [1mA.I.: 8.10[0m | Rating: 4.0 ⭐⭐
  [96m 3. Aaron Gordon             [0m | [92mOVER 1.5 3PT   [0m | Denver Nuggets            vs Boston Celtics            | [1mA.I.: 7.59[0m | Rating: 3.7 ⭐
  [96m 4. Collin Gillespie         [0m | [92mOVER 2.5 3PT   [0m | Phoenix Suns              vs Memphis Grizzlies         | [1mA.I.: 8.30[0m | Rating: 3.2 ⭐
  [96m 5. Jalen Brunson            [0m | [92mOVER 2.5 3PT   [0m | New York Knicks           vs Los Angeles Clippers      | [1mA.I.: 8.70[0m | Rating: 2.6 

[1m[91m================================================================================[0m
[1m[91mTOP UNDER PLAYS[0m
[1m[91m================================================================================[0m
  [96m 1. Marcus Smart             [0m | [91mUNDER 2.5 3PT  [0m | Los Angeles Lakers        vs San Antonio Spurs         | [1mA.I.: 8.01[0m | Rating: 3.6 ⭐
  [96m 2. Kevin Huerter            [0m | [91mUNDER 2.5 3PT  [0m | Chicago Bulls             vs Detroit Pistons           | [1mA.I.: 8.44[0m | Rating: 3.5 ⭐
  [96m 3. Tyus Jones               [0m | [91mUNDER 1.5 3PT  [0m | Orlando Magic             vs Brooklyn Nets             | [1mA.I.: 10.00[0m | Rating: 2.7 

[96mGenerating HTML report...[0m

[92m✓ HTML report saved: /Users/rico/sports-models/nba/nba_3pt_props.html[0m

[1m[92m================================================================================[0m
[1m[92m✓ Model execution complete![0m
[1m[92m================================================================================[0m

✅ Completed: nba_3pt_props at Wed Jan  7 15:00:35 EST 2026

📤 Auto-pushing model outputs to GitHub...
[main 93cd6f5] Update model outputs - 2026-01-07 15:00:35
 Committer: Ricardo Hill <rico@Ricos-M1-Mac-2.local>
Your name and email address were configured automatically based
on your username and hostname. Please check that they are accurate.
You can suppress this message by setting them explicitly. Run the
following command and follow the instructions in your editor to edit
your configuration file:

    git config --global --edit

After doing this, you may fix the identity used for this commit with:

    git commit --amend --reset-author

 2 files changed, 24 insertions(+), 167 deletions(-)
To https://github.com/BangLetsGetIt/NBA-NCAA-Betting-Models.git
   9036e9c..93cd6f5  main -> main
✅ Successfully pushed to GitHub!
✅ Auto-push succeeded at Wed Jan  7 15:00:36 EST 2026
