============================================================
Scheduler run: nba_main_model
Time: Tue Dec 23 15:20:05 EST 2025
Working dir: /Users/rico/sports-models/nba
Script: nba_model_IMPROVED.py
============================================================

[1m==========================================================================================[0m
[1m[96m🎲 IMPROVED NBA BETTING MODEL 🎲[0m
[1m[92m⚡ Enhanced Stats + Rest Days + Stricter Filters ⚡[0m
[1m==========================================================================================[0m

[1m[96mSTEP 1: Checking for Completed Games[0m

[96m==========================================================================================[0m
[96m🔄 UPDATING RESULTS FOR COMPLETED GAMES[0m
[96m==========================================================================================[0m

[93m📋 Checking 6 pending picks...[0m
[96mFetching completed NBA game scores...[0m
[92m✓ Fetched 42 games from API[0m
[92m✓ Found 23 completed games[0m
[92m✓ Tracking data saved to /Users/rico/sports-models/nba/nba_picks_tracking.json[0m
[93mNo picks were updated (games may not be complete yet)[0m
[92m✓ Tracking dashboard saved: /Users/rico/sports-models/nba/nba_tracking_dashboard.html[0m

[1m[96mSTEP 2: Fetching Composite Stats (Season + Form)[0m
[92m✓ Using cached composite stats (less than 6 hours old)[0m

[1m[96mSTEP 3: Fetching Home/Away Splits[0m
[92m✓ Using cached home/away splits (less than 6 hours old)[0m

[1m[96mSTEP 4: Fetching Team Schedules (Rest Days)[0m

[1m[96mSTEP 5: Fetching Live Odds (Next 2 Days)[0m
[92m✓ Fetched odds for 19 total games[0m
[92m✓ Filtered to 14 games in next 2 days[0m

[1m[96mSTEP 6: Processing Games & Generating Picks[0m

[91m❌ Missing stats for Los Angeles Clippers or Houston Rockets[0m
[91m❌ Missing stats for Los Angeles Clippers or Houston Rockets[0m
[91m❌ Skipping Houston Rockets @ Los Angeles Clippers - missing model data[0m
[92m✓ Tracking data saved to /Users/rico/sports-models/nba/nba_picks_tracking.json[0m
[92m✓ Updated CLV data for existing picks[0m

[1m[92m✅ Analyzed 13 games with complete odds[0m

[93m📊 All picks sorted by A.I. Rating (quality/confidence first)[0m


[1m==========================================================================================[0m
[1m[93m🏀 NBA MODEL PREDICTIONS 🏀[0m
[1m==========================================================================================[0m

[1m[96mMilwaukee Bucks @ Indiana Pacers[0m
  🕐 12/23/25 07:40 PM EST
  [92m[1m🎯 A.I. Rating: 4.9 ⭐⭐ (PREMIUM PLAY)[0m
  [92m✅ GOOD: Indiana Pacers - Good record: 6-4 (60%) | +1.60u over 10 picks[0m
  📊 Spread: Market +1.5 | Model +9.3
  🎯 Total: Market 218.5 | Model 242.2
  [92m✅ BET: Indiana Pacers +1.5[0m
     [96mModel projects Indiana Pacers to win outright, easily covering +1.5.[0m
  [92m✅ BET: OVER 218.5[0m
     [96mModel projects 242 total points, bet the OVER[0m
  📈 Predicted: Milwaukee Bucks 116, Indiana Pacers 126

[1m[96mNew Orleans Pelicans @ Cleveland Cavaliers[0m
  🕐 12/23/25 07:40 PM EST
  [92m[1m🎯 A.I. Rating: 4.8 ⭐⭐ (PREMIUM PLAY)[0m
  [91m🚫 COLD: Cleveland Cavaliers - Poor performer: 2-6 (25%) | -4.60u over 8 picks[0m
  📊 Spread: Market -9.0 | Model +26.5
  🎯 Total: Market 247.5 | Model 238.8
  [92m✅ BET: Cleveland Cavaliers -9.0[0m
     [96mModel projects Cleveland Cavaliers to win by 26.5, covering -9.0.[0m
  [92m✅ BET: UNDER 247.5[0m
     [96mModel projects 239 total points, bet the UNDER[0m
  📈 Predicted: New Orleans Pelicans 106, Cleveland Cavaliers 133

[1m[96mBrooklyn Nets @ Philadelphia 76ers[0m
  🕐 12/23/25 07:10 PM EST
  [92m[1m🎯 A.I. Rating: 4.8 ⭐⭐ (PREMIUM PLAY)[0m
  [92m🔥 HOT: Brooklyn Nets - Strong performer: 3-1 (75%) | +1.90u over 4 picks[0m
  📊 Spread: Market -10.0 | Model +2.8
  🎯 Total: Market 219.5 | Model 232.7
  [92m✅ BET: Brooklyn Nets +10.0[0m
     [96mModel projects Philadelphia 76ers to win by only 2.8, not enough to cover -10.0.[0m
  [92m✅ BET: OVER 219.5[0m
     [96mModel projects 233 total points, bet the OVER[0m
  📈 Predicted: Brooklyn Nets 115, Philadelphia 76ers 118

[1m[96mDetroit Pistons @ Sacramento Kings[0m
  🕐 12/23/25 10:10 PM EST
  [92m[1m🎯 A.I. Rating: 4.3 ⭐⭐ (STRONG PLAY)[0m
  [93m⚠️ CAUTION: Sacramento Kings - Below average: 2-3 (40%) | -1.30u over 5 picks[0m
  📊 Spread: Market +9.0 | Model +2.7
  🎯 Total: Market 227.5 | Model 236.6
  [92m✅ BET: Sacramento Kings +9.0[0m
     [96mModel projects Sacramento Kings to win outright, easily covering +9.0.[0m
  [92m✅ BET: OVER 227.5[0m
     [96mModel projects 237 total points, bet the OVER[0m
  📈 Predicted: Detroit Pistons 117, Sacramento Kings 120

[1m[96mDenver Nuggets @ Dallas Mavericks[0m
  🕐 12/23/25 08:10 PM EST
  [92m[1m🎯 A.I. Rating: 4.1 ⭐⭐ (STRONG PLAY)[0m
  [92m🔥 HOT: Dallas Mavericks - Strong performer: 5-2 (71%) | +2.90u over 7 picks[0m
  📊 Spread: Market +6.0 | Model +3.4
  🎯 Total: Market 236.5 | Model 239.0
  [92m✅ BET: Dallas Mavericks +6.0[0m
     [96mModel projects Dallas Mavericks to win outright, easily covering +6.0.[0m
  [93m⚠️ NO BET - Too close to call[0m
  📈 Predicted: Denver Nuggets 118, Dallas Mavericks 121

[1m[96mLos Angeles Lakers @ Phoenix Suns[0m
  🕐 12/23/25 09:10 PM EST
  [92m[1m🎯 A.I. Rating: 4.0 ⭐⭐ (STRONG PLAY)[0m
  📊 Spread: Market -5.0 | Model +6.4
  🎯 Total: Market 227.5 | Model 237.6
  [93m⚠️ NO BET - Too close to call[0m
     [96mEdge too small (+1.4)[0m
  [92m✅ BET: OVER 227.5[0m
     [96mModel projects 238 total points, bet the OVER[0m
  📈 Predicted: Los Angeles Lakers 116, Phoenix Suns 122

[1m[96mWashington Wizards @ Charlotte Hornets[0m
  🕐 12/23/25 07:10 PM EST
  [96m[1m🎯 A.I. Rating: 3.8 ⭐ (GOOD PLAY)[0m
  📊 Spread: Market -6.5 | Model +10.2
  🎯 Total: Market 238.5 | Model 230.1
  [93m⚠️ NO BET - Too close to call[0m
     [96mEdge too small (+3.7)[0m
  [92m✅ BET: UNDER 238.5[0m
     [96mModel projects 230 total points, bet the UNDER[0m
  📈 Predicted: Washington Wizards 110, Charlotte Hornets 120

[1m[96mChicago Bulls @ Atlanta Hawks[0m
  🕐 12/23/25 07:40 PM EST
  [96m[1m🎯 A.I. Rating: 3.8 ⭐ (GOOD PLAY)[0m
  📊 Spread: Market -4.0 | Model +3.3
  🎯 Total: Market 254.0 | Model 245.8
  [93m⚠️ NO BET - Too close to call[0m
     [96mEdge too small (-0.7)[0m
  [92m✅ BET: UNDER 254.0[0m
     [96mModel projects 246 total points, bet the UNDER[0m
  📈 Predicted: Chicago Bulls 121, Atlanta Hawks 125

[1m[96mToronto Raptors @ Miami Heat[0m
  🕐 12/23/25 07:40 PM EST
  [93m[1m🎯 A.I. Rating: 3.4 ⭐ (STANDARD PLAY)[0m
  📊 Spread: Market -5.5 | Model +12.4
  🎯 Total: Market 227.5 | Model 234.2
  [92m✅ BET: Miami Heat -5.5[0m
     [96mModel projects Miami Heat to win by 12.4, covering -5.5.[0m
  [92m✅ BET: OVER 227.5[0m
     [96mModel projects 234 total points, bet the OVER[0m
  📈 Predicted: Toronto Raptors 111, Miami Heat 123

[1m[96mOrlando Magic @ Portland Trail Blazers[0m
  🕐 12/23/25 10:10 PM EST
  [93m[1m🎯 A.I. Rating: 3.3 ⭐ (STANDARD PLAY)[0m
  [96mℹ️ LIMITED: Portland Trail Blazers - Limited data: 1-1 (50%) | -0.10u (2 picks)[0m
  📊 Spread: Market +1.0 | Model +5.7
  🎯 Total: Market 232.0 | Model 229.2
  [92m✅ BET: Portland Trail Blazers +1.0[0m
     [96mModel projects Portland Trail Blazers to win outright, easily covering +1.0.[0m
  [93m⚠️ NO BET - Too close to call[0m
  📈 Predicted: Orlando Magic 112, Portland Trail Blazers 117

[1m[96mNew York Knicks @ Minnesota Timberwolves[0m
  🕐 12/23/25 08:10 PM EST
  [93m[1m🎯 A.I. Rating: 3.0 ⭐ (STANDARD PLAY)[0m
  📊 Spread: Market -7.0 | Model +8.7
  🎯 Total: Market 229.5 | Model 234.0
  [93m⚠️ NO BET - Too close to call[0m
     [96mEdge too small (+1.7)[0m
  [93m⚠️ NO BET - Too close to call[0m
  📈 Predicted: New York Knicks 113, Minnesota Timberwolves 121

[1m[96mOklahoma City Thunder @ San Antonio Spurs[0m
  🕐 12/23/25 08:40 PM EST
  [93m[1m🎯 A.I. Rating: 2.9  (MARGINAL PLAY)[0m
  📊 Spread: Market +5.5 | Model -7.2
  🎯 Total: Market 233.0 | Model 236.9
  [93m⚠️ NO BET - Too close to call[0m
     [96mEdge too small (-1.7)[0m
  [93m⚠️ NO BET - Too close to call[0m
  📈 Predicted: Oklahoma City Thunder 122, San Antonio Spurs 115

[1m[96mMemphis Grizzlies @ Utah Jazz[0m
  🕐 12/23/25 09:10 PM EST
  [93m[1m🎯 A.I. Rating: 2.8  (MARGINAL PLAY)[0m
  📊 Spread: Market +4.0 | Model -7.0
  🎯 Total: Market 243.5 | Model 243.3
  [93m⚠️ NO BET - Too close to call[0m
     [96mEdge too small (-3.0)[0m
  [93m⚠️ NO BET - Too close to call[0m
  📈 Predicted: Memphis Grizzlies 125, Utah Jazz 118

[92m✓ CSV saved: /Users/rico/sports-models/nba/nba_model_output.csv[0m
[92m✓ HTML saved: /Users/rico/sports-models/nba/nba_model_output.html[0m

[1m[96mSTEP 7: Generating Final Tracking Dashboard[0m
[92m✓ Tracking dashboard saved: /Users/rico/sports-models/nba/nba_tracking_dashboard.html[0m

[1m==========================================================================================[0m
[1m[93m📊 TRACKING SUMMARY 📊[0m
[1m==========================================================================================[0m
[92mTotal Tracked Bets: 217[0m
[92mRecord: 114-96-1[0m
[92mWin Rate: 54.3%[0m
[92mProfit: +7.56 units[0m
[92mROI: +3.3%[0m
[1m==========================================================================================[0m

[96mUpdating unified dashboard...[0m
[92m✓ Dashboard updated[0m

✅ Completed: nba_main_model at Tue Dec 23 15:20:07 EST 2025

📤 Auto-pushing model outputs to GitHub...
[main d154c92] Update model outputs - 2025-12-23 15:20:07
 Committer: Ricardo Hill <rico@Ricos-M1-Mac-2.local>
Your name and email address were configured automatically based
on your username and hostname. Please check that they are accurate.
You can suppress this message by setting them explicitly. Run the
following command and follow the instructions in your editor to edit
your configuration file:

    git config --global --edit

After doing this, you may fix the identity used for this commit with:

    git commit --amend --reset-author

 4 files changed, 229 insertions(+), 221 deletions(-)
To https://github.com/BangLetsGetIt/NBA-NCAA-Betting-Models.git
   4b73b31..d154c92  main -> main
✅ Successfully pushed to GitHub!
✅ Auto-push succeeded at Tue Dec 23 15:20:08 EST 2025
