============================================================
Scheduler run: nba_main_model
Time: Tue Jan  6 15:20:04 EST 2026
Working dir: /Users/rico/sports-models/nba
Script: nba_model_IMPROVED.py
============================================================

[1m==========================================================================================[0m
[1m[96m🎲 IMPROVED NBA BETTING MODEL 🎲[0m
[1m[92m⚡ Enhanced Stats + Rest Days + Stricter Filters ⚡[0m
[1m==========================================================================================[0m

[1m[96mSTEP 1: Checking for Completed Games[0m

[96m==========================================================================================[0m
[96m🔄 UPDATING RESULTS FOR COMPLETED GAMES[0m
[96m==========================================================================================[0m

[93m📋 Checking 5 pending picks...[0m
[96mFetching completed NBA game scores (via NBA API)...[0m
[92m✓ Found 16 completed games (Free API)[0m
[92m✓ Tracking data saved to /Users/rico/sports-models/nba/nba_picks_tracking.json[0m
[93mNo picks were updated (games may not be complete yet)[0m
[92m✓ Tracking dashboard saved: /Users/rico/sports-models/nba/nba_tracking_dashboard.html[0m

[1m[96mSTEP 2: Fetching Composite Stats (Season + Form)[0m
[92m✓ Using cached composite stats (less than 6 hours old)[0m

[1m[96mSTEP 3: Fetching Home/Away Splits[0m
[92m✓ Using cached home/away splits (less than 6 hours old)[0m

[1m[96mSTEP 4: Fetching Team Schedules (Rest Days)[0m
[96m🔄 Fetching team schedules...[0m
[92m✓ Fetched schedules for 1 teams[0m

[1m[96mSTEP 5: Fetching Live Odds (Next 2 Days)[0m
[92m✓ Fetched odds for 6 total games[0m
[92m✓ Filtered to 6 games in next 2 days[0m

[1m[96mSTEP 6: Processing Games & Generating Picks[0m

[92m✓ Tracking data saved to /Users/rico/sports-models/nba/nba_picks_tracking.json[0m
[92m📝 LOGGED PICK: ✅ BET: New Orleans Pelicans +6.0 (Edge: +6.0)[0m
[92m✓ Tracking data saved to /Users/rico/sports-models/nba/nba_picks_tracking.json[0m
[92m📝 LOGGED PICK: ✅ BET: Minnesota Timberwolves -4.0 (Edge: +6.4)[0m
[92m✓ Tracking data saved to /Users/rico/sports-models/nba/nba_picks_tracking.json[0m
[92m✓ Updated CLV data for existing picks[0m

[1m[92m✅ Analyzed 6 games with complete odds[0m

[93m📊 All picks sorted by A.I. Rating (quality/confidence first)[0m


[1m==========================================================================================[0m
[1m[93m🏀 NBA MODEL PREDICTIONS 🏀[0m
[1m==========================================================================================[0m

[1m[96mSan Antonio Spurs @ Memphis Grizzlies[0m
  🕐 01/06/26 08:10 PM EST
  [92m[1m🎯 A.I. Rating: 4.9 ⭐⭐ (PREMIUM PLAY)[0m
  [93m⚠️ CAUTION: Memphis Grizzlies - Below average: 3-6 (33%) | -3.60u over 9 picks[0m
  📊 Spread: Market +6.0 | Model +14.7
  🎯 Total: Market 239.0 | Model 238.9
  [92m✅ BET: Memphis Grizzlies +6.0[0m
     [96mModel projects Memphis Grizzlies to win outright, easily covering +6.0.[0m
  [93m⚠️ NO BET - Too close to call[0m
  📈 Predicted: San Antonio Spurs 112, Memphis Grizzlies 127

[1m[96mDallas Mavericks @ Sacramento Kings[0m
  🕐 01/06/26 11:10 PM EST
  [92m[1m🎯 A.I. Rating: 4.9 ⭐⭐ (PREMIUM PLAY)[0m
  [93m⚠️ CAUTION: Sacramento Kings - Below average: 3-5 (38%) | -2.50u over 8 picks[0m
  📊 Spread: Market +5.0 | Model +9.8
  🎯 Total: Market 232.5 | Model 235.5
  [92m✅ BET: Sacramento Kings +5.0[0m
     [96mModel projects Sacramento Kings to win outright, easily covering +5.0.[0m
  [93m⚠️ NO BET - Too close to call[0m
  📈 Predicted: Dallas Mavericks 113, Sacramento Kings 123

[1m[96mLos Angeles Lakers @ New Orleans Pelicans[0m
  🕐 01/06/26 08:10 PM EST
  [92m[1m🎯 A.I. Rating: 4.0 ⭐⭐ (STRONG PLAY)[0m
  [96m📊 NEUTRAL+: New Orleans Pelicans - Slightly above average: 4-3 (57%) | +0.70u over 7 picks[0m
  📊 Spread: Market +6.0 | Model +0.0
  🎯 Total: Market 243.5 | Model 233.7
  [92m✅ BET: New Orleans Pelicans +6.0[0m
     [96mModel projects New Orleans Pelicans to lose by only 0.0, covering +6.0.[0m
  [92m✅ BET: UNDER 243.5[0m
     [96mModel projects 234 total points, bet the UNDER[0m
  📈 Predicted: Los Angeles Lakers 117, New Orleans Pelicans 117

[1m[96mCleveland Cavaliers @ Indiana Pacers[0m
  🕐 01/06/26 07:10 PM EST
  [93m[1m🎯 A.I. Rating: 3.4 ⭐ (STANDARD PLAY)[0m
  [96m📊 NEUTRAL+: Indiana Pacers - Slightly above average: 8-6 (57%) | +1.40u over 14 picks[0m
  📊 Spread: Market +6.5 | Model +0.1
  🎯 Total: Market 236.0 | Model 242.0
  [92m✅ BET: Indiana Pacers +6.5[0m
     [96mModel projects Indiana Pacers to win outright, easily covering +6.5.[0m
  [92m✅ BET: OVER 236.0[0m
     [96mModel projects 242 total points, bet the OVER[0m
  📈 Predicted: Cleveland Cavaliers 121, Indiana Pacers 121

[1m[96mMiami Heat @ Minnesota Timberwolves[0m
  🕐 01/06/26 08:10 PM EST
  [93m[1m🎯 A.I. Rating: 3.3 ⭐ (STANDARD PLAY)[0m
  [92m✅ GOOD: Minnesota Timberwolves - Good record: 3-2 (60%) | +0.71u over 5 picks[0m
  📊 Spread: Market -4.0 | Model +10.4
  🎯 Total: Market 238.0 | Model 235.2
  [92m✅ BET: Minnesota Timberwolves -4.0[0m
     [96mModel projects Minnesota Timberwolves to win by 10.4, covering -4.0.[0m
  [93m⚠️ NO BET - Too close to call[0m
  📈 Predicted: Miami Heat 112, Minnesota Timberwolves 123

[1m[96mOrlando Magic @ Washington Wizards[0m
  🕐 01/06/26 07:10 PM EST
  [93m[1m🎯 A.I. Rating: 3.0 ⭐ (STANDARD PLAY)[0m
  📊 Spread: Market +7.5 | Model -6.5
  🎯 Total: Market 234.5 | Model 230.2
  [93m⚠️ NO BET - Too close to call[0m
     [96mEdge too small (+1.0)[0m
  [93m⚠️ NO BET - Too close to call[0m
  📈 Predicted: Orlando Magic 118, Washington Wizards 112

[92m✓ CSV saved: /Users/rico/sports-models/nba/nba_model_output.csv[0m
[92m✓ HTML saved: /Users/rico/sports-models/nba/nba_model_output.html[0m

[1m[96mSTEP 7: Generating Final Tracking Dashboard[0m
[92m✓ Tracking dashboard saved: /Users/rico/sports-models/nba/nba_tracking_dashboard.html[0m

[1m==========================================================================================[0m
[1m[93m📊 TRACKING SUMMARY 📊[0m
[1m==========================================================================================[0m
[92mTotal Tracked Bets: 293[0m
[92mRecord: 153-133-2[0m
[92mWin Rate: 53.5%[0m
[92mProfit: +5.86 units[0m
[92mROI: +1.9%[0m
[1m==========================================================================================[0m

[96mUpdating unified dashboard...[0m
[92m✓ Dashboard updated[0m

✅ Completed: nba_main_model at Tue Jan  6 15:20:23 EST 2026

📤 Auto-pushing model outputs to GitHub...
[main a8df4c0] Update model outputs - 2026-01-06 15:20:23
 Committer: Ricardo Hill <rico@Ricos-M1-Mac-2.local>
Your name and email address were configured automatically based
on your username and hostname. Please check that they are accurate.
You can suppress this message by setting them explicitly. Run the
following command and follow the instructions in your editor to edit
your configuration file:

    git config --global --edit

After doing this, you may fix the identity used for this commit with:

    git commit --amend --reset-author

 4 files changed, 41 insertions(+), 35 deletions(-)
To https://github.com/BangLetsGetIt/NBA-NCAA-Betting-Models.git
   ca7ed28..a8df4c0  main -> main
✅ Successfully pushed to GitHub!
✅ Auto-push succeeded at Tue Jan  6 15:20:24 EST 2026
