==========================================
NBA Rebounds Props Model Run: Mon Dec 29 06:00:05 EST 2025
==========================================
Running NBA Rebounds Props model...

[1m[96m================================================================================[0m
[1m[96mNBA REBOUNDS PROPS A.I. MODEL[0m
[1m[96m================================================================================[0m

[96m==========================================================================================[0m
[96m🎯 GRADING PENDING PICKS[0m
[96m==========================================================================================[0m

[93m📋 Found 13 pending picks...[0m

  Fetching team stats to verify completed games for 2025-12-16...
[96m  Fetching batch stats for 12/16/2025...[0m
  Fetching team stats to verify completed games for 2025-12-29...

[93mNo picks ready for grading yet[0m

[96mFetching REAL NBA player rebounding statistics...[0m
[92m✓ Using cached player rebounding stats (less than 6 hours old)[0m

[96mFetching opponent rebounding factors...[0m
[92m✓ Using cached rebounding factors[0m

[96mFetching player rebounds prop odds...[0m
[96m  Found 11 upcoming games[0m
[96m  Filtered to 11 upcoming games[0m
[96m  Game 1/10: Milwaukee Bucks @ Charlotte Hornets[0m
[96m  Game 2/10: Phoenix Suns @ Washington Wizards[0m
[96m  Game 3/10: Golden State Warriors @ Brooklyn Nets[0m
[96m  Game 4/10: Denver Nuggets @ Miami Heat[0m
[96m  Game 5/10: Orlando Magic @ Toronto Raptors[0m
[96m  Game 6/10: Atlanta Hawks @ Oklahoma City Thunder[0m
[96m  Game 7/10: Minnesota Timberwolves @ Chicago Bulls[0m
[96m  Game 8/10: Cleveland Cavaliers @ San Antonio Spurs[0m
[96m  Game 9/10: Indiana Pacers @ Houston Rockets[0m
[96m  Game 10/10: New York Knicks @ New Orleans Pelicans[0m
[92m✓ Fetched 119 player rebounds props (grouped)[0m

[96mAnalyzing 119 player props with REAL stats...[0m
[92m✓ Found 1 top OVER plays (A.I. Score >= 10.0)[0m
[92m✓ Found 5 top UNDER plays (A.I. Score >= 10.0)[0m
[93m  Skipped 6 props (no player stats found)[0m
[93m  Skipped 220 props (score below 10.0 or failed checks)[0m

[96m==========================================================================================[0m
[96m📊 TRACKING NEW PICKS[0m
[96m==========================================================================================[0m
[93m✓ Updated odds for 2 existing picks[0m

[1m[92m================================================================================[0m
[1m[92mTOP OVER PLAYS[0m
[1m[92m================================================================================[0m
  [96m 1. Evan Mobley              [0m | [92mOVER 7.5 REB   [0m | Cleveland Cavaliers       vs San Antonio Spurs         | [1mA.I.: 10.00[0m | Rating: 4.9 ⭐⭐

[1m[91m================================================================================[0m
[1m[91mTOP UNDER PLAYS[0m
[1m[91m================================================================================[0m
  [96m 1. Mouhamed Gueye           [0m | [91mUNDER 5.5 REB  [0m | Atlanta Hawks             vs Oklahoma City Thunder     | [1mA.I.: 10.00[0m | Rating: 4.9 ⭐⭐
  [96m 2. Onyeka Okongwu           [0m | [91mUNDER 9.5 REB  [0m | Atlanta Hawks             vs Oklahoma City Thunder     | [1mA.I.: 10.00[0m | Rating: 4.9 ⭐⭐
  [96m 3. Sandro Mamukelashvili    [0m | [91mUNDER 7.5 REB  [0m | Toronto Raptors           vs Orlando Magic             | [1mA.I.: 10.00[0m | Rating: 4.4 ⭐⭐
  [96m 4. Ja'Kobe Walter           [0m | [91mUNDER 3.5 REB  [0m | Toronto Raptors           vs Orlando Magic             | [1mA.I.: 10.00[0m | Rating: 3.6 ⭐
  [96m 5. Trae Young               [0m | [91mUNDER 2.5 REB  [0m | Atlanta Hawks             vs Oklahoma City Thunder     | [1mA.I.: 10.00[0m | Rating: 3.1 ⭐

[96mGenerating HTML report...[0m

[92m✓ HTML report saved: /Users/rico/sports-models/nba/nba_rebounds_props.html[0m

[1m[92m================================================================================[0m
[1m[92m✓ Model execution complete![0m
[1m[92m================================================================================[0m


==========================================
✅ Model completed successfully!
==========================================

📤 Pushing updates to GitHub...
