============================================================
Scheduler run: nba_3pt_props
Time: Fri Jan 23 02:50:03 EST 2026
Working dir: /Users/rico/sports-models/nba
Script: nba_3pt_props_model.py
============================================================

[1m[96m================================================================================[0m
[1m[96mNBA 3PT PROPS A.I. MODEL[0m
[1m[96m================================================================================[0m

[96m==========================================================================================[0m
[96m🎯 GRADING PENDING PICKS[0m
[96m==========================================================================================[0m

[93m📋 Found 14 pending picks...[0m

  Fetching team stats to verify completed games for 2025-12-16...
[96m  Fetching batch stats for 12/16/2025...[0m
  Fetching team stats to verify completed games for 2026-01-08...
[96m  Fetching batch stats for 01/08/2026...[0m
  Fetching team stats to verify completed games for 2026-01-14...
[96m  Fetching batch stats for 01/14/2026...[0m
  Fetching team stats to verify completed games for 2026-01-23...

[93mNo picks ready for grading yet[0m

[96mFetching REAL NBA player 3-pointers statistics...[0m
[92m✓ Using cached player 3-pointers stats (less than 6 hours old)[0m

[96mFetching opponent 3-pointers factors...[0m
[92m✓ Using cached 3-pointers factors[0m

[96mFetching player 3-pointers prop odds...[0m
[96m  Found 8 upcoming games[0m
[96m  Filtered to 8 upcoming games[0m
[96m  Game 1/8: Houston Rockets @ Detroit Pistons[0m
[96m  Game 2/8: Phoenix Suns @ Atlanta Hawks[0m
[96m  Game 3/8: Boston Celtics @ Brooklyn Nets[0m
[96m  Game 4/8: Sacramento Kings @ Cleveland Cavaliers[0m
[96m  Game 5/8: Denver Nuggets @ Milwaukee Bucks[0m
[96m  Game 6/8: New Orleans Pelicans @ Memphis Grizzlies[0m
[96m  Game 7/8: Indiana Pacers @ Oklahoma City Thunder[0m
[96m  Game 8/8: Toronto Raptors @ Portland Trail Blazers[0m
[92m✓ Fetched 78 player 3-pointers props (grouped)[0m

[96mAnalyzing 78 player props with REAL stats...[0m
[92m✓ Found 6 top OVER plays (A.I. Score >= 7.5)[0m
[92m✓ Found 0 top UNDER plays (A.I. Score >= 7.5)[0m
[93m  Skipped 2 props (no player stats found)[0m
[93m  Skipped 146 props (score below 7.5 or failed checks)[0m

[96m==========================================================================================[0m
[96m📊 TRACKING NEW PICKS[0m
[96m==========================================================================================[0m
[93m✓ Updated odds for 3 existing picks[0m

[1m[92m================================================================================[0m
[1m[92mTOP OVER PLAYS[0m
[1m[92m================================================================================[0m
  [96m 1. A.J. Green               [0m | [92mOVER 2.5 3PT   [0m | Milwaukee Bucks           vs Denver Nuggets            | [1mA.I.: 8.30[0m | Rating: 3.6 ⭐
  [96m 2. C.J. McCollum            [0m | [92mOVER 1.5 3PT   [0m | Atlanta Hawks             vs Phoenix Suns              | [1mA.I.: 9.18[0m | Rating: 3.5 ⭐
  [96m 3. Jamal Murray             [0m | [92mOVER 2.5 3PT   [0m | Denver Nuggets            vs Milwaukee Bucks           | [1mA.I.: 8.29[0m | Rating: 3.2 ⭐
  [96m 4. Reed Sheppard            [0m | [92mOVER 1.5 3PT   [0m | Houston Rockets           vs Detroit Pistons           | [1mA.I.: 10.00[0m | Rating: 3.0 ⭐
  [96m 5. Bobby Portis             [0m | [92mOVER 1.5 3PT   [0m | Milwaukee Bucks           vs Denver Nuggets            | [1mA.I.: 8.20[0m | Rating: 2.8 
  [96m 6. Nickeil Alexander-Walker [0m | [92mOVER 2.5 3PT   [0m | Atlanta Hawks             vs Phoenix Suns              | [1mA.I.: 8.78[0m | Rating: 2.4 

[1m[91m================================================================================[0m
[1m[91mTOP UNDER PLAYS[0m
[1m[91m================================================================================[0m

[96mGenerating HTML report...[0m

[92m✓ HTML report saved: /Users/rico/sports-models/nba/nba_3pt_props.html[0m

[1m[92m================================================================================[0m
[1m[92m✓ Model execution complete![0m
[1m[92m================================================================================[0m

✅ Completed: nba_3pt_props at Fri Jan 23 02:50:07 EST 2026

📤 Auto-pushing model outputs to GitHub...
[main 96d40245] Update model outputs - 2026-01-23 02:50:07
 Committer: Ricardo Hill <rico@MacBookAir.lan>
Your name and email address were configured automatically based
on your username and hostname. Please check that they are accurate.
You can suppress this message by setting them explicitly. Run the
following command and follow the instructions in your editor to edit
your configuration file:

    git config --global --edit

After doing this, you may fix the identity used for this commit with:

    git commit --amend --reset-author

 2 files changed, 12 insertions(+), 12 deletions(-)
To https://github.com/BangLetsGetIt/NBA-NCAA-Betting-Models.git
   8af31329..96d40245  main -> main
✅ Successfully pushed to GitHub!
✅ Auto-push succeeded at Fri Jan 23 02:50:08 EST 2026
