============================================================
Scheduler run: nba_rebounds_props
Time: Sat Jan 17 15:10:04 EST 2026
Working dir: /Users/rico/sports-models/nba
Script: nba_rebounds_props_model.py
============================================================

[1m[96m================================================================================[0m
[1m[96mNBA REBOUNDS PROPS A.I. MODEL[0m
[1m[96m================================================================================[0m

[96m==========================================================================================[0m
[96m🎯 GRADING PENDING PICKS[0m
[96m==========================================================================================[0m

[93m📋 Found 14 pending picks...[0m

  Fetching team stats to verify completed games for 2025-12-16...
[96m  Fetching batch stats for 12/16/2025...[0m
  Fetching team stats to verify completed games for 2025-12-30...
[96m  Fetching batch stats for 12/30/2025...[0m
  Fetching team stats to verify completed games for 2026-01-01...
[96m  Fetching batch stats for 01/01/2026...[0m
  Fetching team stats to verify completed games for 2026-01-08...
[96m  Fetching batch stats for 01/08/2026...[0m
  Fetching team stats to verify completed games for 2026-01-17...
  Fetching team stats to verify completed games for 2026-01-18...

[93mNo picks ready for grading yet[0m

[96mFetching REAL NBA player rebounding statistics...[0m
[92m✓ Using cached player rebounding stats (less than 6 hours old)[0m

[96mFetching opponent rebounding factors...[0m
[92m✓ Using cached rebounding factors[0m

[96mFetching player rebounds prop odds...[0m
[96m  Found 10 upcoming games[0m
[96m  Filtered to 10 upcoming games[0m
[96m  Game 1/10: Utah Jazz @ Dallas Mavericks[0m
[96m  Game 2/10: Boston Celtics @ Atlanta Hawks[0m
[96m  Game 3/10: Indiana Pacers @ Detroit Pistons[0m
[96m  Game 4/10: Phoenix Suns @ New York Knicks[0m
[96m  Game 5/10: Oklahoma City Thunder @ Miami Heat[0m
[96m  Game 6/10: Minnesota Timberwolves @ San Antonio Spurs[0m
[96m  Game 7/10: Charlotte Hornets @ Golden State Warriors[0m
[96m  Game 8/10: Washington Wizards @ Denver Nuggets[0m
[96m  Game 9/10: Los Angeles Lakers @ Portland Trail Blazers[0m
[96m  Game 10/10: Orlando Magic @ Memphis Grizzlies[0m
[92m✓ Fetched 127 player rebounds props (grouped)[0m

[96mAnalyzing 127 player props with REAL stats...[0m
[92m✓ Found 1 top OVER plays (A.I. Score >= 10.0)[0m
[92m✓ Found 2 top UNDER plays (A.I. Score >= 10.0)[0m
[93m  Skipped 5 props (no player stats found)[0m
[93m  Skipped 241 props (score below 10.0 or failed checks)[0m

[96m==========================================================================================[0m
[96m📊 TRACKING NEW PICKS[0m
[96m==========================================================================================[0m
[93m✓ Updated odds for 1 existing picks[0m

[1m[92m================================================================================[0m
[1m[92mTOP OVER PLAYS[0m
[1m[92m================================================================================[0m
  [96m 1. Franz Wagner             [0m | [92mOVER 4.5 REB   [0m | Orlando Magic             vs Memphis Grizzlies         | [1mA.I.: 10.00[0m | Rating: 4.9 ⭐⭐

[1m[91m================================================================================[0m
[1m[91mTOP UNDER PLAYS[0m
[1m[91m================================================================================[0m
  [96m 1. Jake LaRavia             [0m | [91mUNDER 5.5 REB  [0m | Los Angeles Lakers        vs Portland Trail Blazers    | [1mA.I.: 10.00[0m | Rating: 4.6 ⭐⭐
  [96m 2. Ace Bailey               [0m | [91mUNDER 4.5 REB  [0m | Utah Jazz                 vs Dallas Mavericks          | [1mA.I.: 10.00[0m | Rating: 4.4 ⭐⭐

[96mGenerating HTML report...[0m

[92m✓ HTML report saved: /Users/rico/sports-models/nba/nba_rebounds_props.html[0m

[1m[92m================================================================================[0m
[1m[92m✓ Model execution complete![0m
[1m[92m================================================================================[0m

✅ Completed: nba_rebounds_props at Sat Jan 17 15:10:45 EST 2026

📤 Auto-pushing model outputs to GitHub...
[main 15264ad] Update model outputs - 2026-01-17 15:10:46
 Committer: Ricardo Hill <rico@Ricos-M1-Mac-2.local>
Your name and email address were configured automatically based
on your username and hostname. Please check that they are accurate.
You can suppress this message by setting them explicitly. Run the
following command and follow the instructions in your editor to edit
your configuration file:

    git config --global --edit

After doing this, you may fix the identity used for this commit with:

    git commit --amend --reset-author

 2 files changed, 27 insertions(+), 86 deletions(-)
To https://github.com/BangLetsGetIt/NBA-NCAA-Betting-Models.git
   ab13359..15264ad  main -> main
✅ Successfully pushed to GitHub!
✅ Auto-push succeeded at Sat Jan 17 15:10:47 EST 2026
