============================================================
Scheduler run: nba_points_props
Time: Sat Jan 17 18:00:04 EST 2026
Working dir: /Users/rico/sports-models/nba
Script: nba_points_props_model.py
============================================================

[1m[96m================================================================================[0m
[1m[96mNBA POINTS PROPS A.I. MODEL[0m
[1m[96m================================================================================[0m

[96m==========================================================================================[0m
[96m🎯 GRADING PENDING PICKS (BATCH MODE)[0m
[96m==========================================================================================[0m

[93m📋 Found 33 pending picks...[0m


[96mProcessing 9 picks for 2025-12-16...[0m
[96m  Fetching batch stats for 12/16/2025...[0m
  Fetching team stats to verify completed games for 2025-12-16...
[93m  ⚠️  No stats found for 2025-12-16 yet[0m

[96mProcessing 2 picks for 2025-12-23...[0m
[96m  Fetching batch stats for 12/23/2025...[0m
  Fetching team stats to verify completed games for 2025-12-23...

[96mProcessing 1 picks for 2026-01-03...[0m
[96m  Fetching batch stats for 01/03/2026...[0m
  Fetching team stats to verify completed games for 2026-01-03...

[96mProcessing 2 picks for 2026-01-08...[0m
[96m  Fetching batch stats for 01/08/2026...[0m
  Fetching team stats to verify completed games for 2026-01-08...

[96mProcessing 1 picks for 2026-01-09...[0m
[96m  Fetching batch stats for 01/09/2026...[0m
  Fetching team stats to verify completed games for 2026-01-09...

[96mProcessing 3 picks for 2026-01-10...[0m
[96m  Fetching batch stats for 01/10/2026...[0m
  Fetching team stats to verify completed games for 2026-01-10...

[96mProcessing 1 picks for 2026-01-16...[0m
[96m  Fetching batch stats for 01/16/2026...[0m
  Fetching team stats to verify completed games for 2026-01-16...

[93mNo picks ready for grading yet[0m

[96mFetching REAL NBA player points statistics...[0m
[96m  Fetching season points stats...[0m
[96m  Fetching recent form (last 10 games)...[0m
[92m✓ Fetched REAL stats for 510 players[0m

[96mFetching opponent defense factors...[0m
[92m✓ Fetched defense factors for 30 teams[0m

[96mFetching player points prop odds...[0m
[96m  Found 11 upcoming games[0m
[96m  Filtered to 10 upcoming games[0m
[96m  Game 1/10: Boston Celtics @ Atlanta Hawks[0m
[96m  Game 2/10: Indiana Pacers @ Detroit Pistons[0m
[96m  Game 3/10: Phoenix Suns @ New York Knicks[0m
[96m  Game 4/10: Oklahoma City Thunder @ Miami Heat[0m
[96m  Game 5/10: Minnesota Timberwolves @ San Antonio Spurs[0m
[96m  Game 6/10: Charlotte Hornets @ Golden State Warriors[0m
[96m  Game 7/10: Washington Wizards @ Denver Nuggets[0m
[96m  Game 8/10: Los Angeles Lakers @ Portland Trail Blazers[0m
[96m  Game 9/10: Orlando Magic @ Memphis Grizzlies[0m
[96m  Game 10/10: Brooklyn Nets @ Chicago Bulls[0m
[92m✓ Fetched 222 total player props[0m

[96mAnalyzing 222 player props with REAL stats...[0m
[92m✓ Found 10 top OVER plays (A.I. Score >= 10.0)[0m
[92m✓ Found 10 top UNDER plays (A.I. Score >= 10.0)[0m
[93m  Skipped 4 props (no player stats found)[0m
[93m  Skipped 386 props (score below 10.0)[0m

[96m==========================================================================================[0m
[96m📊 TRACKING NEW PICKS[0m
[96m==========================================================================================[0m
[92m✓ Tracked 2 new picks[0m
[93m✓ Updated odds for 7 existing picks[0m

[1m[92m================================================================================[0m
[1m[92mTOP OVER PLAYS[0m
[1m[92m================================================================================[0m
  [96m 1. Nickeil Alexander-Walker [0m | [92mOVER 18.5 PTS  [0m | Atlanta Hawks vs Boston Celtics | [1mA.I.: 10.00[0m | Rating: 4.9 ⭐⭐
  [96m 2. Duncan Robinson          [0m | [92mOVER 9.5 PTS   [0m | Detroit Pistons vs Indiana Pacers | [1mA.I.: 10.00[0m | Rating: 4.9 ⭐⭐
  [96m 3. Dillon Brooks            [0m | [92mOVER 19.5 PTS  [0m | Phoenix Suns vs New York Knicks | [1mA.I.: 10.00[0m | Rating: 4.9 ⭐⭐
  [96m 4. Ajay Mitchell            [0m | [92mOVER 12.5 PTS  [0m | Oklahoma City Thunder vs Miami Heat | [1mA.I.: 10.00[0m | Rating: 4.9 ⭐⭐
  [96m 5. Tyler Herro              [0m | [92mOVER 19.5 PTS  [0m | Miami Heat vs Oklahoma City Thunder | [1mA.I.: 10.00[0m | Rating: 4.9 ⭐⭐
  [96m 6. Norman Powell            [0m | [92mOVER 21.5 PTS  [0m | Miami Heat vs Oklahoma City Thunder | [1mA.I.: 10.00[0m | Rating: 4.9 ⭐⭐
  [96m 7. Kel'el Ware              [0m | [92mOVER 8.5 PTS   [0m | Miami Heat vs Oklahoma City Thunder | [1mA.I.: 10.00[0m | Rating: 4.9 ⭐⭐
  [96m 8. Anthony Edwards          [0m | [92mOVER 26.5 PTS  [0m | Minnesota Timberwolves vs San Antonio Spurs | [1mA.I.: 10.00[0m | Rating: 4.9 ⭐⭐
  [96m 9. Julius Randle            [0m | [92mOVER 20.5 PTS  [0m | Minnesota Timberwolves vs San Antonio Spurs | [1mA.I.: 10.00[0m | Rating: 4.9 ⭐⭐
  [96m10. LaMelo Ball              [0m | [92mOVER 18.5 PTS  [0m | Charlotte Hornets vs Golden State Warriors | [1mA.I.: 10.00[0m | Rating: 4.9 ⭐⭐

[1m[91m================================================================================[0m
[1m[91mTOP UNDER PLAYS[0m
[1m[91m================================================================================[0m
  [96m 1. Derrick White            [0m | [91mUNDER 20.5 PTS [0m | Boston Celtics vs Atlanta Hawks | [1mA.I.: 10.00[0m | Rating: 4.9 ⭐⭐
  [96m 2. Jay Huff                 [0m | [91mUNDER 13.5 PTS [0m | Indiana Pacers vs Detroit Pistons | [1mA.I.: 10.00[0m | Rating: 4.9 ⭐⭐
  [96m 3. Johnny Furphy            [0m | [91mUNDER 9.5 PTS  [0m | Indiana Pacers vs Detroit Pistons | [1mA.I.: 10.00[0m | Rating: 4.9 ⭐⭐
  [96m 4. Ben Sheppard             [0m | [91mUNDER 9.5 PTS  [0m | Indiana Pacers vs Detroit Pistons | [1mA.I.: 10.00[0m | Rating: 4.9 ⭐⭐
  [96m 5. Jarace Walker            [0m | [91mUNDER 15.5 PTS [0m | Indiana Pacers vs Detroit Pistons | [1mA.I.: 10.00[0m | Rating: 4.9 ⭐⭐
  [96m 6. Pelle Larsson            [0m | [91mUNDER 10.5 PTS [0m | Miami Heat vs Oklahoma City Thunder | [1mA.I.: 10.00[0m | Rating: 4.9 ⭐⭐
  [96m 7. Aaron Gordon             [0m | [91mUNDER 20.5 PTS [0m | Denver Nuggets vs Washington Wizards | [1mA.I.: 10.00[0m | Rating: 4.9 ⭐⭐
  [96m 8. Marcus Smart             [0m | [91mUNDER 11.5 PTS [0m | Los Angeles Lakers vs Portland Trail Blazers | [1mA.I.: 10.00[0m | Rating: 4.9 ⭐⭐
  [96m 9. Shaedon Sharpe           [0m | [91mUNDER 24.5 PTS [0m | Portland Trail Blazers vs Los Angeles Lakers | [1mA.I.: 10.00[0m | Rating: 4.9 ⭐⭐
  [96m10. Gabe Vincent             [0m | [91mUNDER 7.5 PTS  [0m | Los Angeles Lakers vs Portland Trail Blazers | [1mA.I.: 10.00[0m | Rating: 4.9 ⭐⭐

[96mGenerating HTML report...[0m

[92m✓ HTML report saved: /Users/rico/sports-models/nba/nba_points_props.html[0m

[1m[92m================================================================================[0m
[1m[92m✓ Model execution complete![0m
[1m[92m================================================================================[0m

✅ Completed: nba_points_props at Sat Jan 17 18:01:40 EST 2026

📤 Auto-pushing model outputs to GitHub...
[main add359e] Update model outputs - 2026-01-17 18:01:40
 Committer: Ricardo Hill <rico@Ricos-M1-Mac-2.local>
Your name and email address were configured automatically based
on your username and hostname. Please check that they are accurate.
You can suppress this message by setting them explicitly. Run the
following command and follow the instructions in your editor to edit
your configuration file:

    git config --global --edit

After doing this, you may fix the identity used for this commit with:

    git commit --amend --reset-author

 2 files changed, 303 insertions(+), 258 deletions(-)
To https://github.com/BangLetsGetIt/NBA-NCAA-Betting-Models.git
   f7318c3..add359e  main -> main
✅ Successfully pushed to GitHub!
✅ Auto-push succeeded at Sat Jan 17 18:01:41 EST 2026
