============================================================
Scheduler run: nba_points_props
Time: Tue Jan 27 18:00:03 EST 2026
Working dir: /Users/rico/sports-models/nba
Script: nba_points_props_model.py
============================================================

[1m[96m================================================================================[0m
[1m[96mNBA POINTS PROPS A.I. MODEL[0m
[1m[96m================================================================================[0m

[96m==========================================================================================[0m
[96m🎯 GRADING PENDING PICKS (BATCH MODE)[0m
[96m==========================================================================================[0m

[93m📋 Found 26 pending picks...[0m


[96mProcessing 9 picks for 2025-12-16...[0m
[96m  Fetching batch stats for 12/16/2025...[0m
  Fetching team stats to verify completed games for 2025-12-16...
[93m  ⚠️  No stats found for 2025-12-16 yet[0m

[96mProcessing 2 picks for 2025-12-23...[0m
[96m  Fetching batch stats for 12/23/2025...[0m
  Fetching team stats to verify completed games for 2025-12-23...

[96mProcessing 2 picks for 2026-01-08...[0m
[96m  Fetching batch stats for 01/08/2026...[0m
  Fetching team stats to verify completed games for 2026-01-08...

[96mProcessing 1 picks for 2026-01-16...[0m
[96m  Fetching batch stats for 01/16/2026...[0m
  Fetching team stats to verify completed games for 2026-01-16...

[96mProcessing 1 picks for 2026-01-24...[0m
[96m  Fetching batch stats for 01/24/2026...[0m
  Fetching team stats to verify completed games for 2026-01-24...

[93mNo picks ready for grading yet[0m

[96mFetching REAL NBA player points statistics...[0m
[96m  Fetching season points stats...[0m
[96m  Fetching recent form (last 10 games)...[0m
[92m✓ Fetched REAL stats for 513 players[0m

[96mFetching opponent defense factors...[0m
[92m✓ Fetched defense factors for 30 teams[0m

[96mFetching player points prop odds...[0m
[96m  Found 7 upcoming games[0m
[96m  Filtered to 7 upcoming games[0m
[96m  Game 1/7: Portland Trail Blazers @ Washington Wizards[0m
[96m  Game 2/7: Sacramento Kings @ New York Knicks[0m
[96m  Game 3/7: Milwaukee Bucks @ Philadelphia 76ers[0m
[96m  Game 4/7: New Orleans Pelicans @ Oklahoma City Thunder[0m
[96m  Game 5/7: Brooklyn Nets @ Phoenix Suns[0m
[96m  Game 6/7: Detroit Pistons @ Denver Nuggets[0m
[96m  Game 7/7: Los Angeles Clippers @ Utah Jazz[0m
[92m✓ Fetched 194 total player props[0m

[96mAnalyzing 194 player props with REAL stats...[0m
[92m✓ Found 10 top OVER plays (A.I. Score >= 10.0)[0m
[92m✓ Found 10 top UNDER plays (A.I. Score >= 10.0)[0m
[93m  Skipped 4 props (no player stats found)[0m
[93m  Skipped 328 props (score below 10.0)[0m

[96m==========================================================================================[0m
[96m📊 TRACKING NEW PICKS[0m
[96m==========================================================================================[0m
[92m✓ Tracked 2 new picks[0m
[93m✓ Updated odds for 8 existing picks[0m

[1m[92m================================================================================[0m
[1m[92mTOP OVER PLAYS[0m
[1m[92m================================================================================[0m
  [96m 1. Deni Avdija              [0m | [92mOVER 23.5 PTS  [0m | Portland Trail Blazers vs Washington Wizards | [1mA.I.: 10.00[0m | Rating: 4.9 ⭐⭐
  [96m 2. Jrue Holiday             [0m | [92mOVER 11.5 PTS  [0m | Portland Trail Blazers vs Washington Wizards | [1mA.I.: 10.00[0m | Rating: 4.9 ⭐⭐
  [96m 3. Landry Shamet            [0m | [92mOVER 6.5 PTS   [0m | New York Knicks vs Sacramento Kings | [1mA.I.: 10.00[0m | Rating: 4.9 ⭐⭐
  [96m 4. Miles McBride            [0m | [92mOVER 10.5 PTS  [0m | New York Knicks vs Sacramento Kings | [1mA.I.: 10.00[0m | Rating: 4.9 ⭐⭐
  [96m 5. Trey Murphy III          [0m | [92mOVER 20.5 PTS  [0m | New Orleans Pelicans vs Oklahoma City Thunder | [1mA.I.: 10.00[0m | Rating: 4.9 ⭐⭐
  [96m 6. Jeremiah Fears           [0m | [92mOVER 9.5 PTS   [0m | New Orleans Pelicans vs Oklahoma City Thunder | [1mA.I.: 10.00[0m | Rating: 4.9 ⭐⭐
  [96m 7. Javonte Green            [0m | [92mOVER 4.5 PTS   [0m | Detroit Pistons vs Denver Nuggets | [1mA.I.: 10.00[0m | Rating: 4.9 ⭐⭐
  [96m 8. Lauri Markkanen          [0m | [92mOVER 23.5 PTS  [0m | Utah Jazz vs Los Angeles Clippers | [1mA.I.: 10.00[0m | Rating: 4.9 ⭐⭐
  [96m 9. Kawhi Leonard            [0m | [92mOVER 25.5 PTS  [0m | Los Angeles Clippers vs Utah Jazz | [1mA.I.: 10.00[0m | Rating: 4.9 ⭐⭐
  [96m10. James Harden             [0m | [92mOVER 24.5 PTS  [0m | Los Angeles Clippers vs Utah Jazz | [1mA.I.: 10.00[0m | Rating: 4.9 ⭐⭐

[1m[91m================================================================================[0m
[1m[91mTOP UNDER PLAYS[0m
[1m[91m================================================================================[0m
  [96m 1. Alex Sarr                [0m | [91mUNDER 20.5 PTS [0m | Washington Wizards vs Portland Trail Blazers | [1mA.I.: 10.00[0m | Rating: 4.9 ⭐⭐
  [96m 2. Tre Johnson              [0m | [91mUNDER 16.5 PTS [0m | Washington Wizards vs Portland Trail Blazers | [1mA.I.: 10.00[0m | Rating: 4.9 ⭐⭐
  [96m 3. Keon Ellis               [0m | [91mUNDER 7.5 PTS  [0m | Sacramento Kings vs New York Knicks | [1mA.I.: 10.00[0m | Rating: 4.9 ⭐⭐
  [96m 4. Nique Clifford           [0m | [91mUNDER 9.5 PTS  [0m | Sacramento Kings vs New York Knicks | [1mA.I.: 10.00[0m | Rating: 4.9 ⭐⭐
  [96m 5. Kyle Kuzma               [0m | [91mUNDER 14.5 PTS [0m | Milwaukee Bucks vs Philadelphia 76ers | [1mA.I.: 10.00[0m | Rating: 4.9 ⭐⭐
  [96m 6. Bobby Portis             [0m | [91mUNDER 15.5 PTS [0m | Milwaukee Bucks vs Philadelphia 76ers | [1mA.I.: 10.00[0m | Rating: 4.9 ⭐⭐
  [96m 7. Ryan Rollins             [0m | [91mUNDER 21.5 PTS [0m | Milwaukee Bucks vs Philadelphia 76ers | [1mA.I.: 10.00[0m | Rating: 4.9 ⭐⭐
  [96m 8. Jaylin Williams          [0m | [91mUNDER 7.5 PTS  [0m | Oklahoma City Thunder vs New Orleans Pelicans | [1mA.I.: 10.00[0m | Rating: 4.9 ⭐⭐
  [96m 9. Chet Holmgren            [0m | [91mUNDER 19.5 PTS [0m | Oklahoma City Thunder vs New Orleans Pelicans | [1mA.I.: 10.00[0m | Rating: 4.9 ⭐⭐
  [96m10. Cason Wallace            [0m | [91mUNDER 8.5 PTS  [0m | Oklahoma City Thunder vs New Orleans Pelicans | [1mA.I.: 10.00[0m | Rating: 4.9 ⭐⭐

[96mGenerating HTML report...[0m

[92m✓ HTML report saved: /Users/rico/sports-models/nba/nba_points_props.html[0m

[1m[92m================================================================================[0m
[1m[92m✓ Model execution complete![0m
[1m[92m================================================================================[0m

✅ Completed: nba_points_props at Tue Jan 27 18:00:13 EST 2026

📤 Auto-pushing model outputs to GitHub...
[main 3536c4a7] Update model outputs - 2026-01-27 18:00:13
 Committer: Ricardo Hill <rico@Ricos-M1-Mac-2.local>
Your name and email address were configured automatically based
on your username and hostname. Please check that they are accurate.
You can suppress this message by setting them explicitly. Run the
following command and follow the instructions in your editor to edit
your configuration file:

    git config --global --edit

After doing this, you may fix the identity used for this commit with:

    git commit --amend --reset-author

 2 files changed, 11483 insertions(+), 75 deletions(-)
To https://github.com/BangLetsGetIt/NBA-NCAA-Betting-Models.git
   f40bdacf..3536c4a7  main -> main
✅ Successfully pushed to GitHub!
✅ Auto-push succeeded at Tue Jan 27 18:00:14 EST 2026
