============================================================
Scheduler run: nba_main_model
Time: Fri Dec 26 05:21:02 EST 2025
Working dir: /Users/rico/sports-models/nba
Script: nba_model_IMPROVED.py
============================================================

[1m==========================================================================================[0m
[1m[96m🎲 IMPROVED NBA BETTING MODEL 🎲[0m
[1m[92m⚡ Enhanced Stats + Rest Days + Stricter Filters ⚡[0m
[1m==========================================================================================[0m

[1m[96mSTEP 1: Checking for Completed Games[0m

[96m==========================================================================================[0m
[96m🔄 UPDATING RESULTS FOR COMPLETED GAMES[0m
[96m==========================================================================================[0m

[93m📋 Checking 3 pending picks...[0m
[96mFetching completed NBA game scores...[0m
[92m✓ Fetched 28 games from API[0m
[92m✓ Found 19 completed games[0m
[92m✓ Tracking data saved to /Users/rico/sports-models/nba/nba_picks_tracking.json[0m
[93mNo picks were updated (games may not be complete yet)[0m
[92m✓ Tracking dashboard saved: /Users/rico/sports-models/nba/nba_tracking_dashboard.html[0m

[1m[96mSTEP 2: Fetching Composite Stats (Season + Form)[0m
[92m✓ Using cached composite stats (less than 6 hours old)[0m

[1m[96mSTEP 3: Fetching Home/Away Splits[0m
[92m✓ Using cached home/away splits (less than 6 hours old)[0m

[1m[96mSTEP 4: Fetching Team Schedules (Rest Days)[0m

[1m[96mSTEP 5: Fetching Live Odds (Next 2 Days)[0m
[92m✓ Fetched odds for 9 total games[0m
[92m✓ Filtered to 9 games in next 2 days[0m

[1m[96mSTEP 6: Processing Games & Generating Picks[0m

[91m❌ Missing stats for Portland Trail Blazers or Los Angeles Clippers[0m
[91m❌ Missing stats for Portland Trail Blazers or Los Angeles Clippers[0m
[91m❌ Skipping Los Angeles Clippers @ Portland Trail Blazers - missing model data[0m
[92m✓ Tracking data saved to /Users/rico/sports-models/nba/nba_picks_tracking.json[0m
[92m✓ Updated CLV data for existing picks[0m

[1m[92m✅ Analyzed 8 games with complete odds[0m

[93m📊 All picks sorted by A.I. Rating (quality/confidence first)[0m


[1m==========================================================================================[0m
[1m[93m🏀 NBA MODEL PREDICTIONS 🏀[0m
[1m==========================================================================================[0m

[1m[96mMilwaukee Bucks @ Memphis Grizzlies[0m
  🕐 12/26/25 08:10 PM EST
  [92m[1m🎯 A.I. Rating: 4.9 ⭐⭐ (PREMIUM PLAY)[0m
  [93m⚠️ CAUTION: Memphis Grizzlies - Below average: 3-5 (38%) | -2.50u over 8 picks[0m
  📊 Spread: Market -5.5 | Model +12.8
  🎯 Total: Market 226.5 | Model 244.3
  [92m✅ BET: Memphis Grizzlies -5.5[0m
     [96mModel projects Memphis Grizzlies to win by 12.8, covering -5.5.[0m
  [92m✅ BET: OVER 226.5[0m
     [96mModel projects 244 total points, bet the OVER[0m
  📈 Predicted: Milwaukee Bucks 116, Memphis Grizzlies 129

[1m[96mBoston Celtics @ Indiana Pacers[0m
  🕐 12/26/25 07:10 PM EST
  [92m[1m🎯 A.I. Rating: 4.9 ⭐⭐ (PREMIUM PLAY)[0m
  [96m📊 NEUTRAL+: Indiana Pacers - Slightly above average: 6-5 (55%) | +0.50u over 11 picks[0m
  📊 Spread: Market +8.5 | Model -2.2
  🎯 Total: Market 220.5 | Model 237.0
  [92m✅ BET: Indiana Pacers +8.5[0m
     [96mModel projects Indiana Pacers to lose by only 2.2, covering +8.5.[0m
  [92m✅ BET: OVER 220.5[0m
     [96mModel projects 237 total points, bet the OVER[0m
  📈 Predicted: Boston Celtics 120, Indiana Pacers 117

[1m[96mCharlotte Hornets @ Orlando Magic[0m
  🕐 12/26/25 07:10 PM EST
  [92m[1m🎯 A.I. Rating: 4.1 ⭐⭐ (STRONG PLAY)[0m
  [92m🔥 HOT: Orlando Magic - Strong performer: 4-1 (80%) | +2.81u over 5 picks[0m
  📊 Spread: Market -6.0 | Model +15.4
  🎯 Total: Market 230.5 | Model 225.8
  [92m✅ BET: Orlando Magic -6.0[0m
     [96mModel projects Orlando Magic to win by 15.4, covering -6.0.[0m
  [93m⚠️ NO BET - Too close to call[0m
  📈 Predicted: Charlotte Hornets 105, Orlando Magic 121

[1m[96mPhoenix Suns @ New Orleans Pelicans[0m
  🕐 12/26/25 08:00 PM EST
  [96m[1m🎯 A.I. Rating: 3.5 ⭐ (GOOD PLAY)[0m
  [92m🔥 HOT: New Orleans Pelicans - Strong performer: 4-1 (80%) | +2.90u over 5 picks[0m
  📊 Spread: Market +4.0 | Model +3.5
  🎯 Total: Market 240.0 | Model 237.2
  [92m✅ BET: New Orleans Pelicans +4.0[0m
     [96mModel projects New Orleans Pelicans to win outright, easily covering +4.0.[0m
  [93m⚠️ NO BET - Too close to call[0m
  📈 Predicted: Phoenix Suns 117, New Orleans Pelicans 120

[1m[96mToronto Raptors @ Washington Wizards[0m
  🕐 12/26/25 07:10 PM EST
  [96m[1m🎯 A.I. Rating: 3.5 ⭐ (GOOD PLAY)[0m
  [96mℹ️ LIMITED: Washington Wizards - Limited data: 1-0 (100%) | +1.00u (1 pick)[0m
  📊 Spread: Market +8.0 | Model -2.2
  🎯 Total: Market 227.0 | Model 234.4
  [92m✅ BET: Washington Wizards +8.0[0m
     [96mModel projects Washington Wizards to lose by only 2.2, covering +8.0.[0m
  [92m✅ BET: OVER 227.0[0m
     [96mModel projects 234 total points, bet the OVER[0m
  📈 Predicted: Toronto Raptors 118, Washington Wizards 116

[1m[96mMiami Heat @ Atlanta Hawks[0m
  🕐 12/26/25 07:10 PM EST
  [93m[1m🎯 A.I. Rating: 3.2 ⭐ (STANDARD PLAY)[0m
  📊 Spread: Market -4.0 | Model +2.4
  🎯 Total: Market 246.0 | Model 240.1
  [93m⚠️ NO BET - Too close to call[0m
     [96mEdge too small (-1.6)[0m
  [93m⚠️ NO BET - Too close to call[0m
  📈 Predicted: Miami Heat 119, Atlanta Hawks 121

[1m[96mDetroit Pistons @ Utah Jazz[0m
  🕐 12/26/25 09:40 PM EST
  [93m[1m🎯 A.I. Rating: 3.1 ⭐ (STANDARD PLAY)[0m
  📊 Spread: Market +9.0 | Model -7.2
  🎯 Total: Market 244.5 | Model 239.3
  [93m⚠️ NO BET - Too close to call[0m
     [96mEdge too small (+1.8)[0m
  [93m⚠️ NO BET - Too close to call[0m
  📈 Predicted: Detroit Pistons 123, Utah Jazz 116

[1m[96mPhiladelphia 76ers @ Chicago Bulls[0m
  🕐 12/26/25 07:40 PM EST
  [93m[1m🎯 A.I. Rating: 3.1 ⭐ (STANDARD PLAY)[0m
  [96mℹ️ LIMITED: Chicago Bulls - Limited data: 0-2 (0%) | -2.20u (2 picks)[0m
  📊 Spread: Market -1.0 | Model +6.1
  🎯 Total: Market 239.0 | Model 240.6
  [92m✅ BET: Chicago Bulls -1.0[0m
     [96mModel projects Chicago Bulls to win by 6.1, covering -1.0.[0m
  [93m⚠️ NO BET - Too close to call[0m
  📈 Predicted: Philadelphia 76ers 117, Chicago Bulls 123

[92m✓ CSV saved: /Users/rico/sports-models/nba/nba_model_output.csv[0m
[92m✓ HTML saved: /Users/rico/sports-models/nba/nba_model_output.html[0m

[1m[96mSTEP 7: Generating Final Tracking Dashboard[0m
[92m✓ Tracking dashboard saved: /Users/rico/sports-models/nba/nba_tracking_dashboard.html[0m

[1m==========================================================================================[0m
[1m[93m📊 TRACKING SUMMARY 📊[0m
[1m==========================================================================================[0m
[92mTotal Tracked Bets: 221[0m
[92mRecord: 117-99-2[0m
[92mWin Rate: 54.2%[0m
[92mProfit: +7.26 units[0m
[92mROI: +3.1%[0m
[1m==========================================================================================[0m

[96mUpdating unified dashboard...[0m
[92m✓ Dashboard updated[0m

✅ Completed: nba_main_model at Fri Dec 26 05:22:10 EST 2025

📤 Auto-pushing model outputs to GitHub...
No changes to commit
✅ Auto-push succeeded at Fri Dec 26 05:22:12 EST 2025
