============================================================
Scheduler run: nba_main_model
Time: Fri Jan 30 17:03:59 EST 2026
Working dir: /Users/rico/Dev/sports-models/nba
Script: nba_model_IMPROVED.py
============================================================

[1m==========================================================================================[0m
[1m[96m🎲 IMPROVED NBA BETTING MODEL 🎲[0m
[1m[92m⚡ Enhanced Stats + Rest Days + Stricter Filters ⚡[0m
[1m==========================================================================================[0m

[1m[96mSTEP 1: Checking for Completed Games[0m

[96m==========================================================================================[0m
[96m🔄 UPDATING RESULTS FOR COMPLETED GAMES[0m
[96m==========================================================================================[0m

[93m📋 Checking 8 pending picks...[0m
[96mFetching completed NBA game scores (via NBA API)...[0m
[92m✓ Found 17 completed games (Free API)[0m
[92m✓ Tracking data saved to /Users/rico/Dev/sports-models/nba/nba_picks_tracking.json[0m
[93mNo picks were updated (games may not be complete yet)[0m
[92m✓ Tracking dashboard saved: /Users/rico/Dev/sports-models/nba/nba_tracking_dashboard.html[0m

[1m[96mSTEP 2: Fetching Composite Stats (Season + Form)[0m
[96m🔄 Fetching new team stats from stats.nba.com...[0m
[92m✓ Fetched and cached stats for 76 teams[0m

[1m[96mSTEP 3: Fetching Home/Away Splits[0m
[96m🔄 Fetching home/away splits from stats.nba.com...[0m
[92m✓ Fetched and cached home/away splits[0m

[1m[96mSTEP 4: Fetching Team Schedules (Rest Days)[0m
[96m🔄 Fetching team schedules...[0m
[92m✓ Fetched schedules for 1 teams[0m

[1m[96mSTEP 5: Fetching Live Odds (Next 2 Days)[0m
[92m✓ Fetched odds for 10 total games[0m
[92m✓ Filtered to 10 games in next 2 days[0m

[1m[96mSTEP 6: Processing Games & Generating Picks[0m

[91m❌ Missing stats for Denver Nuggets or Los Angeles Clippers[0m
[91m❌ Missing stats for Denver Nuggets or Los Angeles Clippers[0m
[91m❌ Skipping Los Angeles Clippers @ Denver Nuggets - missing model data[0m
[92m✓ Tracking data saved to /Users/rico/Dev/sports-models/nba/nba_picks_tracking.json[0m
[92m📝 LOGGED PICK: ✅ BET: Charlotte Hornets +3.5 (Edge: +6.1)[0m
[92m✓ Tracking data saved to /Users/rico/Dev/sports-models/nba/nba_picks_tracking.json[0m
[92m✓ Updated CLV data for existing picks[0m

[1m[92m✅ Analyzed 9 games with complete odds[0m

[93m📊 All picks sorted by A.I. Rating (quality/confidence first)[0m


[1m==========================================================================================[0m
[1m[93m🏀 NBA MODEL PREDICTIONS 🏀[0m
[1m==========================================================================================[0m

[1m[96mCleveland Cavaliers @ Phoenix Suns[0m
  🕐 01/30/26 09:00 PM EST
  [92m[1m🎯 A.I. Rating: 4.4 ⭐⭐ (STRONG PLAY)[0m
  📊 Spread: Market +2.5 | Model -3.9
  🎯 Total: Market 223.0 | Model 235.3
  [93m⚠️ NO BET - Too close to call[0m
     [96mEdge too small (-1.4)[0m
  [92m✅ BET: OVER 223.0[0m
     [96mModel projects 235 total points, bet the OVER[0m
  📈 Predicted: Cleveland Cavaliers 120, Phoenix Suns 116

[1m[96mToronto Raptors @ Orlando Magic[0m
  🕐 01/30/26 07:40 PM EST
  [92m[1m🎯 A.I. Rating: 4.0 ⭐⭐ (STRONG PLAY)[0m
  [92m✅ GOOD: Orlando Magic - Good record: 6-4 (60%) | +1.51u over 10 picks[0m
  📊 Spread: Market -2.0 | Model +11.6
  🎯 Total: Market 219.0 | Model 224.3
  [92m✅ BET: Orlando Magic -2.0[0m
     [96mModel projects Orlando Magic to win by 11.6, covering -2.0.[0m
  [93m⚠️ NO BET - Too close to call[0m
  📈 Predicted: Toronto Raptors 106, Orlando Magic 118

[1m[96mSacramento Kings @ Boston Celtics[0m
  🕐 01/30/26 07:40 PM EST
  [96m[1m🎯 A.I. Rating: 3.9 ⭐ (GOOD PLAY)[0m
  📊 Spread: Market -11.5 | Model +11.4
  🎯 Total: Market 217.5 | Model 227.2
  [93m⚠️ NO BET - Too close to call[0m
     [96mEdge too small (-0.1)[0m
  [93m⚠️ NO BET - Too close to call[0m
  📈 Predicted: Sacramento Kings 108, Boston Celtics 119

[1m[96mMemphis Grizzlies @ New Orleans Pelicans[0m
  🕐 01/30/26 07:40 PM EST
  [96m[1m🎯 A.I. Rating: 3.5 ⭐ (GOOD PLAY)[0m
  [93m⚠️ CAUTION: Memphis Grizzlies - Below average: 6-12 (33%) | -7.20u over 18 picks[0m
  📊 Spread: Market -2.5 | Model -5.0
  🎯 Total: Market 232.0 | Model 232.5
  [92m✅ BET: Memphis Grizzlies +2.5[0m
     [96mModel projects New Orleans Pelicans to win by only 5.0, not enough to cover -2.5.[0m
  [93m⚠️ NO BET - Too close to call[0m
  📈 Predicted: Memphis Grizzlies 119, New Orleans Pelicans 114

[1m[96mPortland Trail Blazers @ New York Knicks[0m
  🕐 01/30/26 07:40 PM EST
  [93m[1m🎯 A.I. Rating: 3.4 ⭐ (STANDARD PLAY)[0m
  [92m✅ GOOD: New York Knicks - Good record: 6-3 (67%) | +2.61u over 9 picks[0m
  📊 Spread: Market -7.5 | Model +14.3
  🎯 Total: Market 224.5 | Model 225.8
  [92m✅ BET: New York Knicks -7.5[0m
     [96mModel projects New York Knicks to win by 14.3, covering -7.5.[0m
  [93m⚠️ NO BET - Too close to call[0m
  📈 Predicted: Portland Trail Blazers 106, New York Knicks 120

[1m[96mSan Antonio Spurs @ Charlotte Hornets[0m
  🕐 01/31/26 03:10 PM EST
  [93m[1m🎯 A.I. Rating: 3.3 ⭐ (STANDARD PLAY)[0m
  [92m🔥 HOT: Charlotte Hornets - Strong performer: 3-1 (75%) | +2.00u over 4 picks[0m
  📊 Spread: Market +3.5 | Model +2.6
  🎯 Total: Market 225.5 | Model 222.9
  [92m✅ BET: Charlotte Hornets +3.5[0m
     [96mModel projects Charlotte Hornets to win outright, easily covering +3.5.[0m
  [93m⚠️ NO BET - Too close to call[0m
  📈 Predicted: San Antonio Spurs 110, Charlotte Hornets 113

[1m[96mDetroit Pistons @ Golden State Warriors[0m
  🕐 01/30/26 10:10 PM EST
  [93m[1m🎯 A.I. Rating: 3.0 ⭐ (STANDARD PLAY)[0m
  📊 Spread: Market -2.5 | Model +4.3
  🎯 Total: Market 224.5 | Model 228.9
  [93m⚠️ NO BET - Too close to call[0m
     [96mEdge too small (+1.8)[0m
  [93m⚠️ NO BET - Too close to call[0m
  📈 Predicted: Detroit Pistons 112, Golden State Warriors 117

[1m[96mBrooklyn Nets @ Utah Jazz[0m
  🕐 01/30/26 09:30 PM EST
  [93m[1m🎯 A.I. Rating: 2.9  (MARGINAL PLAY)[0m
  📊 Spread: Market -3.0 | Model +0.0
  🎯 Total: Market 226.0 | Model 229.6
  [93m⚠️ NO BET - Too close to call[0m
     [96mEdge too small (-3.0)[0m
  [93m⚠️ NO BET - Too close to call[0m
  📈 Predicted: Brooklyn Nets 115, Utah Jazz 115

[1m[96mLos Angeles Lakers @ Washington Wizards[0m
  🕐 01/30/26 07:10 PM EST
  [93m[1m🎯 A.I. Rating: 2.7  (MARGINAL PLAY)[0m
  📊 Spread: Market +8.5 | Model -6.2
  🎯 Total: Market 228.0 | Model 228.1
  [93m⚠️ NO BET - Too close to call[0m
     [96mEdge too small (+2.3)[0m
  [93m⚠️ NO BET - Too close to call[0m
  📈 Predicted: Los Angeles Lakers 117, Washington Wizards 111

[92m✓ CSV saved: /Users/rico/Dev/sports-models/nba/nba_model_output.csv[0m
Loaded 10 Auto-Bet teams: Orlando Magic, Dallas Mavericks, New Orleans Pelicans, Boston Celtics, Brooklyn Nets...
[92m✓ HTML saved: /Users/rico/Dev/sports-models/nba/nba_model_output.html[0m

[1m[96mSTEP 7: Generating Final Tracking Dashboard[0m
[92m✓ Tracking dashboard saved: /Users/rico/Dev/sports-models/nba/nba_tracking_dashboard.html[0m

[1m==========================================================================================[0m
[1m[93m📊 TRACKING SUMMARY 📊[0m
[1m==========================================================================================[0m
[92mTotal Tracked Bets: 489[0m
[92mRecord: 241-236-4[0m
[92mWin Rate: 50.5%[0m
[91mProfit: -19.44 units[0m
[91mROI: -3.7%[0m
[1m==========================================================================================[0m

[96mUpdating unified dashboard...[0m
[92m✓ Dashboard updated[0m

✅ Completed: nba_main_model at Fri Jan 30 17:05:02 EST 2026

📤 Auto-pushing model outputs to GitHub...
📥 Pulling latest changes from remote...
Already up to date.
[main 37466942] Update model outputs - 2026-01-30 17:05:03
 Committer: Ricardo Hill <rico@MacBookAir.lan>
Your name and email address were configured automatically based
on your username and hostname. Please check that they are accurate.
You can suppress this message by setting them explicitly. Run the
following command and follow the instructions in your editor to edit
your configuration file:

    git config --global --edit

After doing this, you may fix the identity used for this commit with:

    git commit --amend --reset-author

 4 files changed, 175 insertions(+), 70 deletions(-)
📤 Pushing to GitHub...
To https://github.com/BangLetsGetIt/NBA-NCAA-Betting-Models.git
   05ae7e49..37466942  main -> main
✅ Successfully pushed to GitHub!
✅ Auto-push succeeded at Fri Jan 30 17:05:04 EST 2026
