============================================================
Scheduler run: nba_3pt_props
Time: Wed Jan 21 02:50:04 EST 2026
Working dir: /Users/rico/sports-models/nba
Script: nba_3pt_props_model.py
============================================================

[1m[96m================================================================================[0m
[1m[96mNBA 3PT PROPS A.I. MODEL[0m
[1m[96m================================================================================[0m

[96m==========================================================================================[0m
[96m🎯 GRADING PENDING PICKS[0m
[96m==========================================================================================[0m

[93m📋 Found 10 pending picks...[0m

  Fetching team stats to verify completed games for 2025-12-16...
[96m  Fetching batch stats for 12/16/2025...[0m
  Fetching team stats to verify completed games for 2026-01-08...
[96m  Fetching batch stats for 01/08/2026...[0m
  Fetching team stats to verify completed games for 2026-01-14...
[96m  Fetching batch stats for 01/14/2026...[0m
  Fetching team stats to verify completed games for 2026-01-20...
[96m  Fetching batch stats for 01/20/2026...[0m
    [92mWIN[0m: Grayson Allen had 4 3-pointers (line: 2.5, bet: OVER) | Profit: 0.71 units
    [91mLOSS[0m: Tari Eason had 0 3-pointers (line: 1.5, bet: OVER) | Profit: -1.00 units
    [92mWIN[0m: Dorian Finney-Smith had 0 3-pointers (line: 1.5, bet: UNDER) | Profit: 0.43 units
[93m  ⚠️  Player Brice Sensabaugh has no stats but game is final -> Marking as DNP/Void[0m
    [92mWIN[0m: Norman Powell had 4 3-pointers (line: 2.5, bet: OVER) | Profit: 0.64 units
    [92mWIN[0m: Pelle Larsson had 0 3-pointers (line: 1.5, bet: UNDER) | Profit: 0.41 units

[92m✓ Graded 6 picks[0m

[96mFetching REAL NBA player 3-pointers statistics...[0m
[96m  Fetching season 3-pointers stats...[0m
[96m  Fetching recent form (last 10 games)...[0m
[92m✓ Fetched REAL 3-pointers stats for 513 players[0m

[96mFetching opponent 3-pointers factors...[0m
[92m✓ Fetched 3-pointers factors for 30 teams[0m

[96mFetching player 3-pointers prop odds...[0m
[96m  Found 7 upcoming games[0m
[96m  Filtered to 7 upcoming games[0m
[96m  Game 1/7: Cleveland Cavaliers @ Charlotte Hornets[0m
[96m  Game 2/7: Indiana Pacers @ Boston Celtics[0m
[96m  Game 3/7: Brooklyn Nets @ New York Knicks[0m
[96m  Game 4/7: Atlanta Hawks @ Memphis Grizzlies[0m
[96m  Game 5/7: Detroit Pistons @ New Orleans Pelicans[0m
[96m  Game 6/7: Oklahoma City Thunder @ Milwaukee Bucks[0m
[96m  Game 7/7: Toronto Raptors @ Sacramento Kings[0m
[92m✓ Fetched 66 player 3-pointers props (grouped)[0m

[96mAnalyzing 66 player props with REAL stats...[0m
[92m✓ Found 2 top OVER plays (A.I. Score >= 7.5)[0m
[92m✓ Found 0 top UNDER plays (A.I. Score >= 7.5)[0m
[93m  Skipped 2 props (no player stats found)[0m
[93m  Skipped 126 props (score below 7.5 or failed checks)[0m

[96m==========================================================================================[0m
[96m📊 TRACKING NEW PICKS[0m
[96m==========================================================================================[0m
[92m✓ Tracked 2 new picks[0m

[1m[92m================================================================================[0m
[1m[92mTOP OVER PLAYS[0m
[1m[92m================================================================================[0m
  [96m 1. Miles McBride            [0m | [92mOVER 2.5 3PT   [0m | New York Knicks           vs Brooklyn Nets             | [1mA.I.: 8.80[0m | Rating: 4.4 ⭐⭐
  [96m 2. Jordan Poole             [0m | [92mOVER 1.5 3PT   [0m | New Orleans Pelicans      vs Detroit Pistons           | [1mA.I.: 10.00[0m | Rating: 3.0 ⭐

[1m[91m================================================================================[0m
[1m[91mTOP UNDER PLAYS[0m
[1m[91m================================================================================[0m

[96mGenerating HTML report...[0m

[92m✓ HTML report saved: /Users/rico/sports-models/nba/nba_3pt_props.html[0m

[1m[92m================================================================================[0m
[1m[92m✓ Model execution complete![0m
[1m[92m================================================================================[0m

✅ Completed: nba_3pt_props at Wed Jan 21 02:50:27 EST 2026

📤 Auto-pushing model outputs to GitHub...
[main 3c6ff15] Update model outputs - 2026-01-21 02:50:27
 Committer: Ricardo Hill <rico@Ricos-M1-Mac-2.local>
Your name and email address were configured automatically based
on your username and hostname. Please check that they are accurate.
You can suppress this message by setting them explicitly. Run the
following command and follow the instructions in your editor to edit
your configuration file:

    git config --global --edit

After doing this, you may fix the identity used for this commit with:

    git commit --amend --reset-author

 2 files changed, 134 insertions(+), 285 deletions(-)
To https://github.com/BangLetsGetIt/NBA-NCAA-Betting-Models.git
   79318e0..3c6ff15  main -> main
✅ Successfully pushed to GitHub!
✅ Auto-push succeeded at Wed Jan 21 02:50:28 EST 2026
