==========================================
NBA Rebounds Props Model Run: Mon Jan 19 06:00:04 EST 2026
==========================================
Running NBA Rebounds Props model...

[1m[96m================================================================================[0m
[1m[96mNBA REBOUNDS PROPS A.I. MODEL[0m
[1m[96m================================================================================[0m

[96m==========================================================================================[0m
[96m🎯 GRADING PENDING PICKS[0m
[96m==========================================================================================[0m

[93m📋 Found 12 pending picks...[0m

  Fetching team stats to verify completed games for 2025-12-16...
[96m  Fetching batch stats for 12/16/2025...[0m
  Fetching team stats to verify completed games for 2025-12-30...
[96m  Fetching batch stats for 12/30/2025...[0m
  Fetching team stats to verify completed games for 2026-01-01...
[96m  Fetching batch stats for 01/01/2026...[0m
  Fetching team stats to verify completed games for 2026-01-08...
[96m  Fetching batch stats for 01/08/2026...[0m
  Fetching team stats to verify completed games for 2026-01-19...

[93mNo picks ready for grading yet[0m

[96mFetching REAL NBA player rebounding statistics...[0m
[92m✓ Using cached player rebounding stats (less than 6 hours old)[0m

[96mFetching opponent rebounding factors...[0m
[92m✓ Using cached rebounding factors[0m

[96mFetching player rebounds prop odds...[0m
[96m  Found 9 upcoming games[0m
[96m  Filtered to 9 upcoming games[0m
[96m  Game 1/9: Milwaukee Bucks @ Atlanta Hawks[0m
[96m  Game 2/9: Oklahoma City Thunder @ Cleveland Cavaliers[0m
[96m  Game 3/9: Los Angeles Clippers @ Washington Wizards[0m
[96m  Game 4/9: Dallas Mavericks @ New York Knicks[0m
[96m  Game 5/9: Utah Jazz @ San Antonio Spurs[0m
[96m  Game 6/9: Indiana Pacers @ Philadelphia 76ers[0m
[96m  Game 7/9: Phoenix Suns @ Brooklyn Nets[0m
[96m  Game 8/9: Boston Celtics @ Detroit Pistons[0m
[96m  Game 9/9: Miami Heat @ Golden State Warriors[0m
[92m✓ Fetched 112 player rebounds props (grouped)[0m

[96mAnalyzing 112 player props with REAL stats...[0m
[92m✓ Found 0 top OVER plays (A.I. Score >= 10.0)[0m
[92m✓ Found 2 top UNDER plays (A.I. Score >= 10.0)[0m
[93m  Skipped 2 props (no player stats found)[0m
[93m  Skipped 218 props (score below 10.0 or failed checks)[0m

[96m==========================================================================================[0m
[96m📊 TRACKING NEW PICKS[0m
[96m==========================================================================================[0m
[93m✓ Updated odds for 1 existing picks[0m

[1m[92m================================================================================[0m
[1m[92mTOP OVER PLAYS[0m
[1m[92m================================================================================[0m

[1m[91m================================================================================[0m
[1m[91mTOP UNDER PLAYS[0m
[1m[91m================================================================================[0m
  [96m 1. Mark Williams            [0m | [91mUNDER 9.5 REB  [0m | Phoenix Suns              vs Brooklyn Nets             | [1mA.I.: 10.00[0m | Rating: 4.6 ⭐⭐
  [96m 2. Onyeka Okongwu           [0m | [91mUNDER 9.5 REB  [0m | Atlanta Hawks             vs Milwaukee Bucks           | [1mA.I.: 10.00[0m | Rating: 4.2 ⭐⭐

[96mGenerating HTML report...[0m

[92m✓ HTML report saved: /Users/rico/sports-models/nba/nba_rebounds_props.html[0m

[1m[92m================================================================================[0m
[1m[92m✓ Model execution complete![0m
[1m[92m================================================================================[0m


==========================================
✅ Model completed successfully!
==========================================

📤 Pushing updates to GitHub...
