============================================================
Scheduler run: nba_points_props
Time: Fri Jan  2 15:00:04 EST 2026
Working dir: /Users/rico/sports-models/nba
Script: nba_points_props_model.py
============================================================

[1m[96m================================================================================[0m
[1m[96mNBA POINTS PROPS A.I. MODEL[0m
[1m[96m================================================================================[0m

[96m==========================================================================================[0m
[96m🎯 GRADING PENDING PICKS (BATCH MODE)[0m
[96m==========================================================================================[0m

[93m📋 Found 23 pending picks...[0m


[96mProcessing 9 picks for 2025-12-16...[0m
[96m  Fetching batch stats for 12/16/2025...[0m
  Fetching team stats to verify completed games for 2025-12-16...
[93m  ⚠️  No stats found for 2025-12-16 yet[0m

[96mProcessing 2 picks for 2025-12-23...[0m
[96m  Fetching batch stats for 12/23/2025...[0m
  Fetching team stats to verify completed games for 2025-12-23...

[93mNo picks ready for grading yet[0m

[96mFetching REAL NBA player points statistics...[0m
[92m✓ Using cached player stats (less than 6 hours old)[0m

[96mFetching opponent defense factors...[0m
[92m✓ Using cached defense factors[0m

[96mFetching player points prop odds...[0m
[96m  Found 10 upcoming games[0m
[96m  Filtered to 10 upcoming games[0m
[96m  Game 1/10: Brooklyn Nets @ Washington Wizards[0m
[96m  Game 2/10: San Antonio Spurs @ Indiana Pacers[0m
[96m  Game 3/10: Atlanta Hawks @ New York Knicks[0m
[96m  Game 4/10: Denver Nuggets @ Cleveland Cavaliers[0m
[96m  Game 5/10: Charlotte Hornets @ Milwaukee Bucks[0m
[96m  Game 6/10: Orlando Magic @ Chicago Bulls[0m
[96m  Game 7/10: Portland Trail Blazers @ New Orleans Pelicans[0m
[96m  Game 8/10: Sacramento Kings @ Phoenix Suns[0m
[96m  Game 9/10: Oklahoma City Thunder @ Golden State Warriors[0m
[96m  Game 10/10: Memphis Grizzlies @ Los Angeles Lakers[0m
[92m✓ Fetched 230 total player props[0m

[96mAnalyzing 230 player props with REAL stats...[0m
[92m✓ Found 10 top OVER plays (A.I. Score >= 10.0)[0m
[92m✓ Found 10 top UNDER plays (A.I. Score >= 10.0)[0m
[93m  Skipped 12 props (no player stats found)[0m
[93m  Skipped 384 props (score below 10.0)[0m

[96m==========================================================================================[0m
[96m📊 TRACKING NEW PICKS[0m
[96m==========================================================================================[0m
[92m✓ Tracked 1 new picks[0m
[93m✓ Updated odds for 5 existing picks[0m

[1m[92m================================================================================[0m
[1m[92mTOP OVER PLAYS[0m
[1m[92m================================================================================[0m
  [96m 1. T.J. McConnell           [0m | [92mOVER 8.5 PTS   [0m | Indiana Pacers vs San Antonio Spurs | [1mA.I.: 10.00[0m | Rating: 4.9 ⭐⭐
  [96m 2. Miles McBride            [0m | [92mOVER 10.5 PTS  [0m | New York Knicks vs Atlanta Hawks | [1mA.I.: 10.00[0m | Rating: 4.9 ⭐⭐
  [96m 3. Onyeka Okongwu           [0m | [92mOVER 14.5 PTS  [0m | Atlanta Hawks vs New York Knicks | [1mA.I.: 10.00[0m | Rating: 4.9 ⭐⭐
  [96m 4. Zaccharie Risacher       [0m | [92mOVER 8.5 PTS   [0m | Atlanta Hawks vs New York Knicks | [1mA.I.: 10.00[0m | Rating: 4.9 ⭐⭐
  [96m 5. Kon Knueppel             [0m | [92mOVER 16.5 PTS  [0m | Charlotte Hornets vs Milwaukee Bucks | [1mA.I.: 10.00[0m | Rating: 4.9 ⭐⭐
  [96m 6. Collin Sexton            [0m | [92mOVER 12.5 PTS  [0m | Charlotte Hornets vs Milwaukee Bucks | [1mA.I.: 10.00[0m | Rating: 4.9 ⭐⭐
  [96m 7. Kyle Kuzma               [0m | [92mOVER 10.5 PTS  [0m | Milwaukee Bucks vs Charlotte Hornets | [1mA.I.: 10.00[0m | Rating: 4.9 ⭐⭐
  [96m 8. Dillon Brooks            [0m | [92mOVER 19.5 PTS  [0m | Phoenix Suns vs Sacramento Kings | [1mA.I.: 10.00[0m | Rating: 4.9 ⭐⭐
  [96m 9. Ajay Mitchell            [0m | [92mOVER 10.5 PTS  [0m | Oklahoma City Thunder vs Golden State Warriors | [1mA.I.: 10.00[0m | Rating: 4.9 ⭐⭐
  [96m10. Cam Spencer              [0m | [92mOVER 10.5 PTS  [0m | Memphis Grizzlies vs Los Angeles Lakers | [1mA.I.: 10.00[0m | Rating: 4.9 ⭐⭐

[1m[91m================================================================================[0m
[1m[91mTOP UNDER PLAYS[0m
[1m[91m================================================================================[0m
  [96m 1. Danny Wolf               [0m | [91mUNDER 13.5 PTS [0m | Brooklyn Nets vs Washington Wizards | [1mA.I.: 10.00[0m | Rating: 4.9 ⭐⭐
  [96m 2. Day'Ron Sharpe           [0m | [91mUNDER 11.5 PTS [0m | Brooklyn Nets vs Washington Wizards | [1mA.I.: 10.00[0m | Rating: 4.9 ⭐⭐
  [96m 3. Tre Johnson              [0m | [91mUNDER 14.5 PTS [0m | Washington Wizards vs Brooklyn Nets | [1mA.I.: 10.00[0m | Rating: 4.9 ⭐⭐
  [96m 4. Noah Clowney             [0m | [91mUNDER 19.5 PTS [0m | Brooklyn Nets vs Washington Wizards | [1mA.I.: 10.00[0m | Rating: 4.9 ⭐⭐
  [96m 5. De'Aaron Fox             [0m | [91mUNDER 24.5 PTS [0m | San Antonio Spurs vs Indiana Pacers | [1mA.I.: 10.00[0m | Rating: 4.9 ⭐⭐
  [96m 6. Dylan Harper             [0m | [91mUNDER 13.5 PTS [0m | San Antonio Spurs vs Indiana Pacers | [1mA.I.: 10.00[0m | Rating: 4.9 ⭐⭐
  [96m 7. Stephon Castle           [0m | [91mUNDER 20.5 PTS [0m | San Antonio Spurs vs Indiana Pacers | [1mA.I.: 10.00[0m | Rating: 4.9 ⭐⭐
  [96m 8. OG Anunoby               [0m | [91mUNDER 17.5 PTS [0m | New York Knicks vs Atlanta Hawks | [1mA.I.: 10.00[0m | Rating: 4.9 ⭐⭐
  [96m 9. Jamal Murray             [0m | [91mUNDER 27.5 PTS [0m | Denver Nuggets vs Cleveland Cavaliers | [1mA.I.: 10.00[0m | Rating: 4.9 ⭐⭐
  [96m10. Kevin Huerter            [0m | [91mUNDER 13.5 PTS [0m | Chicago Bulls vs Orlando Magic | [1mA.I.: 10.00[0m | Rating: 4.9 ⭐⭐

[96mGenerating HTML report...[0m

[92m✓ HTML report saved: /Users/rico/sports-models/nba/nba_points_props.html[0m

[1m[92m================================================================================[0m
[1m[92m✓ Model execution complete![0m
[1m[92m================================================================================[0m

✅ Completed: nba_points_props at Fri Jan  2 15:00:39 EST 2026

📤 Auto-pushing model outputs to GitHub...
[main bc0b149] Update model outputs - 2026-01-02 15:00:39
 Committer: Ricardo Hill <rico@Ricos-M1-Mac-2.local>
Your name and email address were configured automatically based
on your username and hostname. Please check that they are accurate.
You can suppress this message by setting them explicitly. Run the
following command and follow the instructions in your editor to edit
your configuration file:

    git config --global --edit

After doing this, you may fix the identity used for this commit with:

    git commit --amend --reset-author

 2 files changed, 213 insertions(+), 187 deletions(-)
To https://github.com/BangLetsGetIt/NBA-NCAA-Betting-Models.git
   3429949..bc0b149  main -> main
✅ Successfully pushed to GitHub!
✅ Auto-push succeeded at Fri Jan  2 15:00:40 EST 2026
