============================================================
Scheduler run: nba_points_props
Time: Thu Jan 15 18:00:03 EST 2026
Working dir: /Users/rico/sports-models/nba
Script: nba_points_props_model.py
============================================================

[1m[96m================================================================================[0m
[1m[96mNBA POINTS PROPS A.I. MODEL[0m
[1m[96m================================================================================[0m

[96m==========================================================================================[0m
[96m🎯 GRADING PENDING PICKS (BATCH MODE)[0m
[96m==========================================================================================[0m

[93m📋 Found 31 pending picks...[0m


[96mProcessing 9 picks for 2025-12-16...[0m
[96m  Fetching batch stats for 12/16/2025...[0m
  Fetching team stats to verify completed games for 2025-12-16...
[93m  ⚠️  No stats found for 2025-12-16 yet[0m

[96mProcessing 2 picks for 2025-12-23...[0m
[96m  Fetching batch stats for 12/23/2025...[0m
  Fetching team stats to verify completed games for 2025-12-23...

[96mProcessing 1 picks for 2026-01-03...[0m
[96m  Fetching batch stats for 01/03/2026...[0m
  Fetching team stats to verify completed games for 2026-01-03...

[96mProcessing 2 picks for 2026-01-08...[0m
[96m  Fetching batch stats for 01/08/2026...[0m
  Fetching team stats to verify completed games for 2026-01-08...

[96mProcessing 1 picks for 2026-01-09...[0m
[96m  Fetching batch stats for 01/09/2026...[0m
  Fetching team stats to verify completed games for 2026-01-09...

[96mProcessing 3 picks for 2026-01-10...[0m
[96m  Fetching batch stats for 01/10/2026...[0m
  Fetching team stats to verify completed games for 2026-01-10...

[96mProcessing 1 picks for 2026-01-15...[0m
[96m  Fetching batch stats for 01/15/2026...[0m
  Fetching team stats to verify completed games for 2026-01-15...
    [92mWIN[0m: Franz Wagner had 18 points (line: 15.5, bet: OVER) | Profit: 0.80 units

[92m✓ Graded 1 picks[0m

[96mFetching REAL NBA player points statistics...[0m
[96m  Fetching season points stats...[0m
[96m  Fetching recent form (last 10 games)...[0m
[92m✓ Fetched REAL stats for 509 players[0m

[96mFetching opponent defense factors...[0m
[92m✓ Fetched defense factors for 30 teams[0m

[96mFetching player points prop odds...[0m
[96m  Found 11 upcoming games[0m
[96m  Filtered to 11 upcoming games[0m
[96m  Game 1/10: Phoenix Suns @ Detroit Pistons[0m
[96m  Game 2/10: Boston Celtics @ Miami Heat[0m
[96m  Game 3/10: Oklahoma City Thunder @ Houston Rockets[0m
[96m  Game 4/10: Milwaukee Bucks @ San Antonio Spurs[0m
[96m  Game 5/10: Utah Jazz @ Dallas Mavericks[0m
[96m  Game 6/10: Atlanta Hawks @ Portland Trail Blazers[0m
[96m  Game 7/10: New York Knicks @ Golden State Warriors[0m
[96m  Game 8/10: Charlotte Hornets @ Los Angeles Lakers[0m
[96m  Game 9/10: Cleveland Cavaliers @ Philadelphia 76ers[0m
[96m  Game 10/10: New Orleans Pelicans @ Indiana Pacers[0m
[92m✓ Fetched 200 total player props[0m

[96mAnalyzing 200 player props with REAL stats...[0m
[92m✓ Found 10 top OVER plays (A.I. Score >= 10.0)[0m
[92m✓ Found 8 top UNDER plays (A.I. Score >= 10.0)[0m
[93m  Skipped 10 props (no player stats found)[0m
[93m  Skipped 334 props (score below 10.0)[0m

[96m==========================================================================================[0m
[96m📊 TRACKING NEW PICKS[0m
[96m==========================================================================================[0m
[92m✓ Tracked 1 new picks[0m
[93m✓ Updated odds for 7 existing picks[0m

[1m[92m================================================================================[0m
[1m[92mTOP OVER PLAYS[0m
[1m[92m================================================================================[0m
  [96m 1. Jalen Duren              [0m | [92mOVER 14.5 PTS  [0m | Detroit Pistons vs Phoenix Suns | [1mA.I.: 10.00[0m | Rating: 4.9 ⭐⭐
  [96m 2. Duncan Robinson          [0m | [92mOVER 9.5 PTS   [0m | Detroit Pistons vs Phoenix Suns | [1mA.I.: 10.00[0m | Rating: 4.9 ⭐⭐
  [96m 3. Tobias Harris            [0m | [92mOVER 10.5 PTS  [0m | Detroit Pistons vs Phoenix Suns | [1mA.I.: 10.00[0m | Rating: 4.9 ⭐⭐
  [96m 4. Anfernee Simons          [0m | [92mOVER 12.5 PTS  [0m | Boston Celtics vs Miami Heat | [1mA.I.: 10.00[0m | Rating: 4.9 ⭐⭐
  [96m 5. Kel'el Ware              [0m | [92mOVER 8.5 PTS   [0m | Miami Heat vs Boston Celtics | [1mA.I.: 10.00[0m | Rating: 4.9 ⭐⭐
  [96m 6. Norman Powell            [0m | [92mOVER 21.5 PTS  [0m | Miami Heat vs Boston Celtics | [1mA.I.: 10.00[0m | Rating: 4.9 ⭐⭐
  [96m 7. Ajay Mitchell            [0m | [92mOVER 11.5 PTS  [0m | Oklahoma City Thunder vs Houston Rockets | [1mA.I.: 10.00[0m | Rating: 4.9 ⭐⭐
  [96m 8. Chet Holmgren            [0m | [92mOVER 15.5 PTS  [0m | Oklahoma City Thunder vs Houston Rockets | [1mA.I.: 10.00[0m | Rating: 4.9 ⭐⭐
  [96m 9. Kevin Durant             [0m | [92mOVER 24.5 PTS  [0m | Houston Rockets vs Oklahoma City Thunder | [1mA.I.: 10.00[0m | Rating: 4.9 ⭐⭐
  [96m10. Reed Sheppard            [0m | [92mOVER 10.5 PTS  [0m | Houston Rockets vs Oklahoma City Thunder | [1mA.I.: 10.00[0m | Rating: 4.9 ⭐⭐

[1m[91m================================================================================[0m
[1m[91mTOP UNDER PLAYS[0m
[1m[91m================================================================================[0m
  [96m 1. Daniel Gafford           [0m | [91mUNDER 10.5 PTS [0m | Dallas Mavericks vs Utah Jazz | [1mA.I.: 10.00[0m | Rating: 4.9 ⭐⭐
  [96m 2. Keyonte George           [0m | [91mUNDER 25.5 PTS [0m | Utah Jazz vs Dallas Mavericks | [1mA.I.: 10.00[0m | Rating: 4.9 ⭐⭐
  [96m 3. Naji Marshall            [0m | [91mUNDER 19.5 PTS [0m | Dallas Mavericks vs Utah Jazz | [1mA.I.: 10.00[0m | Rating: 4.9 ⭐⭐
  [96m 4. P.J. Washington          [0m | [91mUNDER 17.5 PTS [0m | Dallas Mavericks vs Utah Jazz | [1mA.I.: 10.00[0m | Rating: 4.9 ⭐⭐
  [96m 5. Kyle Filipowski          [0m | [91mUNDER 12.5 PTS [0m | Utah Jazz vs Dallas Mavericks | [1mA.I.: 10.00[0m | Rating: 4.9 ⭐⭐
  [96m 6. Ace Bailey               [0m | [91mUNDER 12.5 PTS [0m | Utah Jazz vs Dallas Mavericks | [1mA.I.: 10.00[0m | Rating: 4.9 ⭐⭐
  [96m 7. Shaedon Sharpe           [0m | [91mUNDER 24.5 PTS [0m | Portland Trail Blazers vs Atlanta Hawks | [1mA.I.: 10.00[0m | Rating: 4.9 ⭐⭐
  [96m 8. Karl-Anthony Towns       [0m | [91mUNDER 23.5 PTS [0m | New York Knicks vs Golden State Warriors | [1mA.I.: 10.00[0m | Rating: 4.9 ⭐⭐

[96mGenerating HTML report...[0m

[92m✓ HTML report saved: /Users/rico/sports-models/nba/nba_points_props.html[0m

[1m[92m================================================================================[0m
[1m[92m✓ Model execution complete![0m
[1m[92m================================================================================[0m

✅ Completed: nba_points_props at Thu Jan 15 18:01:15 EST 2026

📤 Auto-pushing model outputs to GitHub...
[main 3ee381d] Update model outputs - 2026-01-15 18:01:15
 Committer: Ricardo Hill <rico@Ricos-M1-Mac-2.local>
Your name and email address were configured automatically based
on your username and hostname. Please check that they are accurate.
You can suppress this message by setting them explicitly. Run the
following command and follow the instructions in your editor to edit
your configuration file:

    git config --global --edit

After doing this, you may fix the identity used for this commit with:

    git commit --amend --reset-author

 2 files changed, 164 insertions(+), 136 deletions(-)
To https://github.com/BangLetsGetIt/NBA-NCAA-Betting-Models.git
   03c15a1..3ee381d  main -> main
✅ Successfully pushed to GitHub!
✅ Auto-push succeeded at Thu Jan 15 18:01:16 EST 2026
