============================================================
Scheduler run: nba_points_props
Time: Thu Jan  8 02:35:05 EST 2026
Working dir: /Users/rico/sports-models/nba
Script: nba_points_props_model.py
============================================================

[1m[96m================================================================================[0m
[1m[96mNBA POINTS PROPS A.I. MODEL[0m
[1m[96m================================================================================[0m

[96m==========================================================================================[0m
[96m🎯 GRADING PENDING PICKS (BATCH MODE)[0m
[96m==========================================================================================[0m

[93m📋 Found 36 pending picks...[0m


[96mProcessing 9 picks for 2025-12-16...[0m
[96m  Fetching batch stats for 12/16/2025...[0m
  Fetching team stats to verify completed games for 2025-12-16...
[93m  ⚠️  No stats found for 2025-12-16 yet[0m

[96mProcessing 2 picks for 2025-12-23...[0m
[96m  Fetching batch stats for 12/23/2025...[0m
  Fetching team stats to verify completed games for 2025-12-23...

[96mProcessing 1 picks for 2026-01-03...[0m
[96m  Fetching batch stats for 01/03/2026...[0m
  Fetching team stats to verify completed games for 2026-01-03...

[96mProcessing 24 picks for 2026-01-07...[0m
[96m  Fetching batch stats for 01/07/2026...[0m
  Fetching team stats to verify completed games for 2026-01-07...
    [91mLOSS[0m: Aaron Gordon had 12 points (line: 15.5, bet: OVER) | Profit: -1.00 units
    [92mWIN[0m: Collin Sexton had 22 points (line: 12.5, bet: OVER) | Profit: 1.00 units
    [91mLOSS[0m: Kon Knueppel had 11 points (line: 17.5, bet: OVER) | Profit: -1.00 units
    [91mLOSS[0m: LaMelo Ball had 15 points (line: 18.5, bet: OVER) | Profit: -1.00 units
    [92mWIN[0m: Jordan Clarkson had 12 points (line: 7.5, bet: OVER) | Profit: 0.95 units
    [92mWIN[0m: Miles McBride had 16 points (line: 10.5, bet: OVER) | Profit: 0.95 units
    [91mLOSS[0m: Ace Bailey had 2 points (line: 8.5, bet: OVER) | Profit: -1.00 units
    [92mWIN[0m: Lauri Markkanen had 29 points (line: 24.5, bet: OVER) | Profit: 0.86 units
    [92mWIN[0m: Keyonte George had 25 points (line: 22.5, bet: OVER) | Profit: 0.83 units
    [92mWIN[0m: Ajay Mitchell had 16 points (line: 11.5, bet: OVER) | Profit: 0.86 units
    [91mLOSS[0m: Aaron Gordon had 12 points (line: 14.5, bet: OVER) | Profit: -1.00 units
    [91mLOSS[0m: Kon Knueppel had 11 points (line: 18.5, bet: OVER) | Profit: -1.00 units
    [91mLOSS[0m: LaMelo Ball had 15 points (line: 17.5, bet: OVER) | Profit: -1.00 units
    [91mLOSS[0m: Tyrese Maxey had 22 points (line: 28.5, bet: OVER) | Profit: -1.00 units
[93m  ⚠️  Player Trey Murphy III has no stats but game is final -> Marking as DNP/Void[0m
    [91mLOSS[0m: Cam Thomas had 10 points (line: 17.5, bet: OVER) | Profit: -1.00 units
    [91mLOSS[0m: Noah Clowney had 10 points (line: 11.5, bet: OVER) | Profit: -1.00 units
[93m  ⚠️  Player R.J. Barrett has no stats but game is final -> Marking as DNP/Void[0m
    [91mLOSS[0m: Cam Thomas had 10 points (line: 16.5, bet: OVER) | Profit: -1.00 units
    [91mLOSS[0m: Tyrese Maxey had 22 points (line: 26.5, bet: OVER) | Profit: -1.00 units
    [92mWIN[0m: Paul George had 23 points (line: 13.5, bet: OVER) | Profit: 0.83 units
    [91mLOSS[0m: Aaron Gordon had 12 points (line: 13.5, bet: OVER) | Profit: -1.00 units
[93m  ⚠️  Player Nicolas Claxton has no stats but game is final -> Marking as DNP/Void[0m
    [92mWIN[0m: Keyonte George had 25 points (line: 21.5, bet: OVER) | Profit: 1.05 units

[92m✓ Graded 24 picks[0m

[96mFetching REAL NBA player points statistics...[0m
[96m  Fetching season points stats...[0m
[96m  Fetching recent form (last 10 games)...[0m
[92m✓ Fetched REAL stats for 506 players[0m

[96mFetching opponent defense factors...[0m
[92m✓ Fetched defense factors for 30 teams[0m

[96mFetching player points prop odds...[0m
[96m  Found 4 upcoming games[0m
[96m  Filtered to 4 upcoming games[0m
[96m  Game 1/4: Indiana Pacers @ Charlotte Hornets[0m
[96m  Game 2/4: Miami Heat @ Chicago Bulls[0m
[96m  Game 3/4: Cleveland Cavaliers @ Minnesota Timberwolves[0m
[96m  Game 4/4: Dallas Mavericks @ Utah Jazz[0m
[92m✓ Fetched 96 total player props[0m

[96mAnalyzing 96 player props with REAL stats...[0m
[92m✓ Found 6 top OVER plays (A.I. Score >= 10.0)[0m
[92m✓ Found 4 top UNDER plays (A.I. Score >= 10.0)[0m
[93m  Skipped 6 props (no player stats found)[0m
[93m  Skipped 160 props (score below 10.0)[0m

[96m==========================================================================================[0m
[96m📊 TRACKING NEW PICKS[0m
[96m==========================================================================================[0m
[92m✓ Tracked 6 new picks[0m

[1m[92m================================================================================[0m
[1m[92mTOP OVER PLAYS[0m
[1m[92m================================================================================[0m
  [96m 1. LaMelo Ball              [0m | [92mOVER 17.5 PTS  [0m | Charlotte Hornets vs Indiana Pacers | [1mA.I.: 10.00[0m | Rating: 4.9 ⭐⭐
  [96m 2. Andrew Wiggins           [0m | [92mOVER 13.5 PTS  [0m | Miami Heat vs Chicago Bulls | [1mA.I.: 10.00[0m | Rating: 4.9 ⭐⭐
  [96m 3. Kel'el Ware              [0m | [92mOVER 10.5 PTS  [0m | Miami Heat vs Chicago Bulls | [1mA.I.: 10.00[0m | Rating: 4.9 ⭐⭐
  [96m 4. De'Andre Hunter          [0m | [92mOVER 11.5 PTS  [0m | Cleveland Cavaliers vs Minnesota Timberwolves | [1mA.I.: 10.00[0m | Rating: 4.9 ⭐⭐
  [96m 5. Sam Merrill              [0m | [92mOVER 9.5 PTS   [0m | Cleveland Cavaliers vs Minnesota Timberwolves | [1mA.I.: 10.00[0m | Rating: 4.9 ⭐⭐
  [96m 6. Jaylon Tyson             [0m | [92mOVER 9.5 PTS   [0m | Cleveland Cavaliers vs Minnesota Timberwolves | [1mA.I.: 10.00[0m | Rating: 4.9 ⭐⭐

[1m[91m================================================================================[0m
[1m[91mTOP UNDER PLAYS[0m
[1m[91m================================================================================[0m
  [96m 1. Pascal Siakam            [0m | [91mUNDER 25.5 PTS [0m | Indiana Pacers vs Charlotte Hornets | [1mA.I.: 10.00[0m | Rating: 4.9 ⭐⭐
  [96m 2. Jay Huff                 [0m | [91mUNDER 9.5 PTS  [0m | Indiana Pacers vs Charlotte Hornets | [1mA.I.: 10.00[0m | Rating: 4.9 ⭐⭐
  [96m 3. Aaron Nesmith            [0m | [91mUNDER 17.5 PTS [0m | Indiana Pacers vs Charlotte Hornets | [1mA.I.: 10.00[0m | Rating: 4.9 ⭐⭐
  [96m 4. Klay Thompson            [0m | [91mUNDER 12.5 PTS [0m | Dallas Mavericks vs Utah Jazz | [1mA.I.: 10.00[0m | Rating: 4.9 ⭐⭐

[96mGenerating HTML report...[0m

[92m✓ HTML report saved: /Users/rico/sports-models/nba/nba_points_props.html[0m

[1m[92m================================================================================[0m
[1m[92m✓ Model execution complete![0m
[1m[92m================================================================================[0m

✅ Completed: nba_points_props at Thu Jan  8 02:35:50 EST 2026

📤 Auto-pushing model outputs to GitHub...
[main 480f79f] Update model outputs - 2026-01-08 02:35:51
 Committer: Ricardo Hill <rico@Ricos-M1-Mac-2.local>
Your name and email address were configured automatically based
on your username and hostname. Please check that they are accurate.
You can suppress this message by setting them explicitly. Run the
following command and follow the instructions in your editor to edit
your configuration file:

    git config --global --edit

After doing this, you may fix the identity used for this commit with:

    git commit --amend --reset-author

 2 files changed, 432 insertions(+), 922 deletions(-)
To https://github.com/BangLetsGetIt/NBA-NCAA-Betting-Models.git
   ff7476d..480f79f  main -> main
✅ Successfully pushed to GitHub!
✅ Auto-push succeeded at Thu Jan  8 02:35:52 EST 2026
