============================================================
Scheduler run: nba_main_model
Time: Mon Jan 26 03:10:01 EST 2026
Working dir: /Users/rico/sports-models/nba
Script: nba_model_IMPROVED.py
============================================================

[1m==========================================================================================[0m
[1m[96m🎲 IMPROVED NBA BETTING MODEL 🎲[0m
[1m[92m⚡ Enhanced Stats + Rest Days + Stricter Filters ⚡[0m
[1m==========================================================================================[0m

[1m[96mSTEP 1: Checking for Completed Games[0m

[96m==========================================================================================[0m
[96m🔄 UPDATING RESULTS FOR COMPLETED GAMES[0m
[96m==========================================================================================[0m

[93m📋 Checking 9 pending picks...[0m
[96mFetching completed NBA game scores (via NBA API)...[0m
[92m✓ Found 12 completed games (Free API)[0m
  ✓ Updating: Toronto Raptors 103 @ Oklahoma City Thunder 101
    Result: Loss
  ✓ Updating: Toronto Raptors 103 @ Oklahoma City Thunder 101
    Result: Loss
  ✓ Updating: Miami Heat 111 @ Phoenix Suns 102
    Result: Loss
  ✓ Updating: New Orleans Pelicans 104 @ San Antonio Spurs 95
    Result: Win
[92m✓ Tracking data saved to /Users/rico/sports-models/nba/nba_picks_tracking.json[0m
[92m✅ Updated 4 picks[0m
[92m✓ Tracking data saved to /Users/rico/sports-models/nba/nba_picks_tracking.json[0m
[92m✅ Updated 4 picks[0m
[92m✓ Tracking dashboard saved: /Users/rico/sports-models/nba/nba_tracking_dashboard.html[0m
[92m✓ Tracking dashboard saved: /Users/rico/sports-models/nba/nba_tracking_dashboard.html[0m

[1m[96mSTEP 2: Fetching Composite Stats (Season + Form)[0m
[96m🔄 Fetching new team stats from stats.nba.com...[0m
[92m✓ Fetched and cached stats for 76 teams[0m

[1m[96mSTEP 3: Fetching Home/Away Splits[0m
[96m🔄 Fetching home/away splits from stats.nba.com...[0m
[92m✓ Fetched and cached home/away splits[0m

[1m[96mSTEP 4: Fetching Team Schedules (Rest Days)[0m

[1m[96mSTEP 5: Fetching Live Odds (Next 2 Days)[0m
[92m✓ Fetched odds for 7 total games[0m
[92m✓ Filtered to 7 games in next 2 days[0m

[1m[96mSTEP 6: Processing Games & Generating Picks[0m

[92m✓ Tracking data saved to /Users/rico/sports-models/nba/nba_picks_tracking.json[0m
[92m📝 LOGGED PICK: ✅ BET: Cleveland Cavaliers -5.0 (Edge: +10.6)[0m
[92m✓ Tracking data saved to /Users/rico/sports-models/nba/nba_picks_tracking.json[0m
[92m📝 LOGGED PICK: ✅ BET: Boston Celtics -8.5 (Edge: +7.6)[0m
[92m✓ Tracking data saved to /Users/rico/sports-models/nba/nba_picks_tracking.json[0m
[92m📝 LOGGED PICK: ✅ BET: OVER 222.5 (Edge: +13.3)[0m

[1m[92m✅ Analyzed 7 games with complete odds[0m

[93m📊 All picks sorted by A.I. Rating (quality/confidence first)[0m


[1m==========================================================================================[0m
[1m[93m🏀 NBA MODEL PREDICTIONS 🏀[0m
[1m==========================================================================================[0m

[1m[96mMemphis Grizzlies @ Houston Rockets[0m
  🕐 01/26/26 08:10 PM EST
  [92m[1m🎯 A.I. Rating: 4.6 ⭐⭐ (PREMIUM PLAY)[0m
  📊 Spread: Market -10.5 | Model +6.4
  🎯 Total: Market 222.5 | Model 235.8
  [93m⚠️ NO BET - Too close to call[0m
     [96mEdge too small (-4.1)[0m
  [92m✅ BET: OVER 222.5[0m
     [96mModel projects 236 total points, bet the OVER[0m
  📈 Predicted: Memphis Grizzlies 115, Houston Rockets 121

[1m[96mOrlando Magic @ Cleveland Cavaliers[0m
  🕐 01/26/26 07:10 PM EST
  [92m[1m🎯 A.I. Rating: 4.0 ⭐⭐ (STRONG PLAY)[0m
  [0m➖ NEUTRAL: Cleveland Cavaliers - Average performance: 9-9 (50%) | -0.90u over 18 picks[0m
  📊 Spread: Market -5.0 | Model +15.6
  🎯 Total: Market 227.5 | Model 228.8
  [92m✅ BET: Cleveland Cavaliers -5.0[0m
     [96mModel projects Cleveland Cavaliers to win by 15.6, covering -5.0.[0m
  [93m⚠️ NO BET - Too close to call[0m
  📈 Predicted: Orlando Magic 107, Cleveland Cavaliers 122

[1m[96mPortland Trail Blazers @ Boston Celtics[0m
  🕐 01/26/26 08:10 PM EST
  [96m[1m🎯 A.I. Rating: 3.5 ⭐ (GOOD PLAY)[0m
  [92m✅ GOOD: Boston Celtics - Good record: 8-5 (62%) | +2.50u over 13 picks[0m
  📊 Spread: Market -8.5 | Model +16.1
  🎯 Total: Market 224.0 | Model 225.9
  [92m✅ BET: Boston Celtics -8.5[0m
     [96mModel projects Boston Celtics to win by 16.1, covering -8.5.[0m
  [93m⚠️ NO BET - Too close to call[0m
  📈 Predicted: Portland Trail Blazers 105, Boston Celtics 121

[1m[96mIndiana Pacers @ Atlanta Hawks[0m
  🕐 01/26/26 01:40 PM EST
  [93m[1m🎯 A.I. Rating: 3.1 ⭐ (STANDARD PLAY)[0m
  📊 Spread: Market -5.0 | Model +2.3
  🎯 Total: Market 232.0 | Model 237.3
  [93m⚠️ NO BET - Too close to call[0m
     [96mEdge too small (-2.7)[0m
  [93m⚠️ NO BET - Too close to call[0m
  📈 Predicted: Indiana Pacers 118, Atlanta Hawks 120

[1m[96mGolden State Warriors @ Minnesota Timberwolves[0m
  🕐 01/26/26 09:40 PM EST
  [93m[1m🎯 A.I. Rating: 3.0 ⭐ (STANDARD PLAY)[0m
  📊 Spread: Market -7.5 | Model +5.1
  🎯 Total: Market 232.5 | Model 227.7
  [93m⚠️ NO BET - Too close to call[0m
     [96mEdge too small (-2.4)[0m
  [93m⚠️ NO BET - Too close to call[0m
  📈 Predicted: Golden State Warriors 111, Minnesota Timberwolves 116

[1m[96mLos Angeles Lakers @ Chicago Bulls[0m
  🕐 01/26/26 08:10 PM EST
  [93m[1m🎯 A.I. Rating: 3.0 ⭐ (STANDARD PLAY)[0m
  📊 Spread: Market +1.0 | Model +3.5
  🎯 Total: Market 237.5 | Model 234.0
  [93m⚠️ NO BET - Too close to call[0m
     [96mEdge too small (+4.5)[0m
  [93m⚠️ NO BET - Too close to call[0m
  📈 Predicted: Los Angeles Lakers 115, Chicago Bulls 119

[1m[96mPhiladelphia 76ers @ Charlotte Hornets[0m
  🕐 01/26/26 03:10 PM EST
  [93m[1m🎯 A.I. Rating: 2.9  (MARGINAL PLAY)[0m
  📊 Spread: Market -3.0 | Model +3.4
  🎯 Total: Market 227.5 | Model 223.8
  [93m⚠️ NO BET - Too close to call[0m
     [96mEdge too small (+0.4)[0m
  [93m⚠️ NO BET - Too close to call[0m
  📈 Predicted: Philadelphia 76ers 110, Charlotte Hornets 114

[92m✓ CSV saved: /Users/rico/sports-models/nba/nba_model_output.csv[0m
Loaded 10 Auto-Bet teams: Dallas Mavericks, Portland Trail Blazers, Brooklyn Nets, Indiana Pacers, Utah Jazz...
[92m✓ HTML saved: /Users/rico/sports-models/nba/nba_model_output.html[0m

[1m[96mSTEP 7: Generating Final Tracking Dashboard[0m
[92m✓ Tracking dashboard saved: /Users/rico/sports-models/nba/nba_tracking_dashboard.html[0m

[1m==========================================================================================[0m
[1m[93m📊 TRACKING SUMMARY 📊[0m
[1m==========================================================================================[0m
[92mTotal Tracked Bets: 463[0m
[92mRecord: 230-222-3[0m
[92mWin Rate: 50.9%[0m
[91mProfit: -15.04 units[0m
[91mROI: -3.0%[0m
[1m==========================================================================================[0m

[96mUpdating unified dashboard...[0m
[92m✓ Dashboard updated[0m

✅ Completed: nba_main_model at Mon Jan 26 03:10:38 EST 2026

📤 Auto-pushing model outputs to GitHub...
[main 18ff5fb5] Update model outputs - 2026-01-26 03:10:38
 Committer: Ricardo Hill <rico@MacBookAir.lan>
Your name and email address were configured automatically based
on your username and hostname. Please check that they are accurate.
You can suppress this message by setting them explicitly. Run the
following command and follow the instructions in your editor to edit
your configuration file:

    git config --global --edit

After doing this, you may fix the identity used for this commit with:

    git commit --amend --reset-author

 4 files changed, 603 insertions(+), 179 deletions(-)
To https://github.com/BangLetsGetIt/NBA-NCAA-Betting-Models.git
   0073581e..18ff5fb5  main -> main
✅ Successfully pushed to GitHub!
✅ Auto-push succeeded at Mon Jan 26 03:10:39 EST 2026
