============================================================
Scheduler run: nba_points_props
Time: Tue Jan 20 18:00:03 EST 2026
Working dir: /Users/rico/sports-models/nba
Script: nba_points_props_model.py
============================================================

[1m[96m================================================================================[0m
[1m[96mNBA POINTS PROPS A.I. MODEL[0m
[1m[96m================================================================================[0m

[96m==========================================================================================[0m
[96m🎯 GRADING PENDING PICKS (BATCH MODE)[0m
[96m==========================================================================================[0m

[93m📋 Found 37 pending picks...[0m


[96mProcessing 9 picks for 2025-12-16...[0m
[96m  Fetching batch stats for 12/16/2025...[0m
  Fetching team stats to verify completed games for 2025-12-16...
[93m  ⚠️  No stats found for 2025-12-16 yet[0m

[96mProcessing 2 picks for 2025-12-23...[0m
[96m  Fetching batch stats for 12/23/2025...[0m
  Fetching team stats to verify completed games for 2025-12-23...

[96mProcessing 1 picks for 2026-01-03...[0m
[96m  Fetching batch stats for 01/03/2026...[0m
  Fetching team stats to verify completed games for 2026-01-03...

[96mProcessing 2 picks for 2026-01-08...[0m
[96m  Fetching batch stats for 01/08/2026...[0m
  Fetching team stats to verify completed games for 2026-01-08...

[96mProcessing 1 picks for 2026-01-09...[0m
[96m  Fetching batch stats for 01/09/2026...[0m
  Fetching team stats to verify completed games for 2026-01-09...
  Error fetching completed teams: HTTPSConnectionPool(host='stats.nba.com', port=443): Read timed out. (read timeout=30)

[96mProcessing 3 picks for 2026-01-10...[0m
[96m  Fetching batch stats for 01/10/2026...[0m
  Fetching team stats to verify completed games for 2026-01-10...

[96mProcessing 1 picks for 2026-01-16...[0m
[96m  Fetching batch stats for 01/16/2026...[0m
  Fetching team stats to verify completed games for 2026-01-16...
  Error fetching completed teams: HTTPSConnectionPool(host='stats.nba.com', port=443): Read timed out. (read timeout=30)

[93mNo picks ready for grading yet[0m

[96mFetching REAL NBA player points statistics...[0m
[96m  Fetching season points stats...[0m
[96m  Fetching recent form (last 10 games)...[0m
[92m✓ Fetched REAL stats for 512 players[0m

[96mFetching opponent defense factors...[0m
[92m✓ Fetched defense factors for 30 teams[0m

[96mFetching player points prop odds...[0m
[96m  Found 8 upcoming games[0m
[96m  Filtered to 8 upcoming games[0m
[96m  Game 1/8: Phoenix Suns @ Philadelphia 76ers[0m
[96m  Game 2/8: Los Angeles Clippers @ Chicago Bulls[0m
[96m  Game 3/8: San Antonio Spurs @ Houston Rockets[0m
[96m  Game 4/8: Minnesota Timberwolves @ Utah Jazz[0m
[96m  Game 5/8: Los Angeles Lakers @ Denver Nuggets[0m
[96m  Game 6/8: Toronto Raptors @ Golden State Warriors[0m
[96m  Game 7/8: Miami Heat @ Sacramento Kings[0m
[96m  Game 8/8: Cleveland Cavaliers @ Charlotte Hornets[0m
[92m✓ Fetched 176 total player props[0m

[96mAnalyzing 176 player props with REAL stats...[0m
[92m✓ Found 10 top OVER plays (A.I. Score >= 10.0)[0m
[92m✓ Found 10 top UNDER plays (A.I. Score >= 10.0)[0m
[93m  Skipped 6 props (no player stats found)[0m
[93m  Skipped 288 props (score below 10.0)[0m

[96m==========================================================================================[0m
[96m📊 TRACKING NEW PICKS[0m
[96m==========================================================================================[0m
[93m✓ Updated odds for 7 existing picks[0m

[1m[92m================================================================================[0m
[1m[92mTOP OVER PLAYS[0m
[1m[92m================================================================================[0m
  [96m 1. Dillon Brooks            [0m | [92mOVER 16.5 PTS  [0m | Phoenix Suns vs Philadelphia 76ers | [1mA.I.: 10.00[0m | Rating: 4.9 ⭐⭐
  [96m 2. Mark Williams            [0m | [92mOVER 9.5 PTS   [0m | Phoenix Suns vs Philadelphia 76ers | [1mA.I.: 10.00[0m | Rating: 4.9 ⭐⭐
  [96m 3. Grayson Allen            [0m | [92mOVER 12.5 PTS  [0m | Phoenix Suns vs Philadelphia 76ers | [1mA.I.: 10.00[0m | Rating: 4.9 ⭐⭐
  [96m 4. Royce O'Neale            [0m | [92mOVER 8.5 PTS   [0m | Phoenix Suns vs Philadelphia 76ers | [1mA.I.: 10.00[0m | Rating: 4.9 ⭐⭐
  [96m 5. Collin Gillespie         [0m | [92mOVER 10.5 PTS  [0m | Phoenix Suns vs Philadelphia 76ers | [1mA.I.: 10.00[0m | Rating: 4.9 ⭐⭐
  [96m 6. Josh Giddey              [0m | [92mOVER 14.5 PTS  [0m | Chicago Bulls vs Los Angeles Clippers | [1mA.I.: 10.00[0m | Rating: 4.9 ⭐⭐
  [96m 7. Tre Jones                [0m | [92mOVER 9.5 PTS   [0m | Chicago Bulls vs Los Angeles Clippers | [1mA.I.: 10.00[0m | Rating: 4.9 ⭐⭐
  [96m 8. Ayo Dosunmu              [0m | [92mOVER 11.5 PTS  [0m | Chicago Bulls vs Los Angeles Clippers | [1mA.I.: 10.00[0m | Rating: 4.9 ⭐⭐
  [96m 9. Keldon Johnson           [0m | [92mOVER 11.5 PTS  [0m | San Antonio Spurs vs Houston Rockets | [1mA.I.: 10.00[0m | Rating: 4.9 ⭐⭐
  [96m10. De'Aaron Fox             [0m | [92mOVER 16.5 PTS  [0m | San Antonio Spurs vs Houston Rockets | [1mA.I.: 10.00[0m | Rating: 4.9 ⭐⭐

[1m[91m================================================================================[0m
[1m[91mTOP UNDER PLAYS[0m
[1m[91m================================================================================[0m
  [96m 1. Paul George              [0m | [91mUNDER 17.5 PTS [0m | Philadelphia 76ers vs Phoenix Suns | [1mA.I.: 10.00[0m | Rating: 4.9 ⭐⭐
  [96m 2. James Harden             [0m | [91mUNDER 30.5 PTS [0m | Los Angeles Clippers vs Chicago Bulls | [1mA.I.: 10.00[0m | Rating: 4.9 ⭐⭐
  [96m 3. Ivica Zubac              [0m | [91mUNDER 16.5 PTS [0m | Los Angeles Clippers vs Chicago Bulls | [1mA.I.: 10.00[0m | Rating: 4.9 ⭐⭐
  [96m 4. Keyonte George           [0m | [91mUNDER 26.5 PTS [0m | Utah Jazz vs Minnesota Timberwolves | [1mA.I.: 10.00[0m | Rating: 4.9 ⭐⭐
  [96m 5. Ace Bailey               [0m | [91mUNDER 13.5 PTS [0m | Utah Jazz vs Minnesota Timberwolves | [1mA.I.: 10.00[0m | Rating: 4.9 ⭐⭐
  [96m 6. Isaiah Collier           [0m | [91mUNDER 10.5 PTS [0m | Utah Jazz vs Minnesota Timberwolves | [1mA.I.: 10.00[0m | Rating: 4.9 ⭐⭐
  [96m 7. Walter Clayton Jr.       [0m | [91mUNDER 11.5 PTS [0m | Utah Jazz vs Minnesota Timberwolves | [1mA.I.: 10.00[0m | Rating: 4.9 ⭐⭐
  [96m 8. Kyle Filipowski          [0m | [91mUNDER 12.5 PTS [0m | Utah Jazz vs Minnesota Timberwolves | [1mA.I.: 10.00[0m | Rating: 4.9 ⭐⭐
  [96m 9. Sandro Mamukelashvili    [0m | [91mUNDER 12.5 PTS [0m | Toronto Raptors vs Golden State Warriors | [1mA.I.: 10.00[0m | Rating: 4.9 ⭐⭐
  [96m10. Brandon Ingram           [0m | [91mUNDER 23.5 PTS [0m | Toronto Raptors vs Golden State Warriors | [1mA.I.: 10.00[0m | Rating: 4.9 ⭐⭐

[96mGenerating HTML report...[0m

[92m✓ HTML report saved: /Users/rico/sports-models/nba/nba_points_props.html[0m

[1m[92m================================================================================[0m
[1m[92m✓ Model execution complete![0m
[1m[92m================================================================================[0m

✅ Completed: nba_points_props at Tue Jan 20 18:13:29 EST 2026

📤 Auto-pushing model outputs to GitHub...
[main 65d46c9] Update model outputs - 2026-01-20 18:13:29
 Committer: Ricardo Hill <rico@Ricos-M1-Mac-2.local>
Your name and email address were configured automatically based
on your username and hostname. Please check that they are accurate.
You can suppress this message by setting them explicitly. Run the
following command and follow the instructions in your editor to edit
your configuration file:

    git config --global --edit

After doing this, you may fix the identity used for this commit with:

    git commit --amend --reset-author

 2 files changed, 199 insertions(+), 124 deletions(-)
To https://github.com/BangLetsGetIt/NBA-NCAA-Betting-Models.git
   eb3d4af..65d46c9  main -> main
✅ Successfully pushed to GitHub!
✅ Auto-push succeeded at Tue Jan 20 18:13:30 EST 2026
