============================================================
Scheduler run: nba_rebounds_props
Time: Sun Jan 18 18:10:05 EST 2026
Working dir: /Users/rico/sports-models/nba
Script: nba_rebounds_props_model.py
============================================================

[1m[96m================================================================================[0m
[1m[96mNBA REBOUNDS PROPS A.I. MODEL[0m
[1m[96m================================================================================[0m

[96m==========================================================================================[0m
[96m🎯 GRADING PENDING PICKS[0m
[96m==========================================================================================[0m

[93m📋 Found 15 pending picks...[0m

  Fetching team stats to verify completed games for 2025-12-16...
[96m  Fetching batch stats for 12/16/2025...[0m
  Fetching team stats to verify completed games for 2025-12-30...
[96m  Fetching batch stats for 12/30/2025...[0m
  Fetching team stats to verify completed games for 2026-01-01...
[96m  Fetching batch stats for 01/01/2026...[0m
  Fetching team stats to verify completed games for 2026-01-08...
[96m  Fetching batch stats for 01/08/2026...[0m
  Fetching team stats to verify completed games for 2026-01-18...
[96m  Fetching batch stats for 01/18/2026...[0m
    [91mLOSS[0m: Franz Wagner had 4 rebounds (line: 4.5, bet: OVER) | Profit: -1.00 units

[92m✓ Graded 1 picks[0m

[96mFetching REAL NBA player rebounding statistics...[0m
[96m  Fetching season rebounding stats...[0m
[96m  Fetching recent form (last 10 games)...[0m
[92m✓ Fetched REAL rebounding stats for 510 players[0m

[96mFetching opponent rebounding factors...[0m
[92m✓ Fetched rebounding factors for 30 teams[0m

[96mFetching player rebounds prop odds...[0m
[96m  Found 9 upcoming games[0m
[96m  Filtered to 9 upcoming games[0m
[96m  Game 1/9: Brooklyn Nets @ Chicago Bulls[0m
[96m  Game 2/9: New Orleans Pelicans @ Houston Rockets[0m
[96m  Game 3/9: Charlotte Hornets @ Denver Nuggets[0m
[96m  Game 4/9: Portland Trail Blazers @ Sacramento Kings[0m
[96m  Game 5/9: Toronto Raptors @ Los Angeles Lakers[0m
[96m  Game 6/9: Milwaukee Bucks @ Atlanta Hawks[0m
[96m  Game 7/9: Oklahoma City Thunder @ Cleveland Cavaliers[0m
[96m  Game 8/9: Los Angeles Clippers @ Washington Wizards[0m
[96m  Game 9/9: Dallas Mavericks @ New York Knicks[0m
[92m✓ Fetched 82 player rebounds props (grouped)[0m

[96mAnalyzing 82 player props with REAL stats...[0m
[92m✓ Found 1 top OVER plays (A.I. Score >= 10.0)[0m
[92m✓ Found 1 top UNDER plays (A.I. Score >= 10.0)[0m
[93m  Skipped 4 props (no player stats found)[0m
[93m  Skipped 154 props (score below 10.0 or failed checks)[0m

[96m==========================================================================================[0m
[96m📊 TRACKING NEW PICKS[0m
[96m==========================================================================================[0m
[93m✓ Updated odds for 2 existing picks[0m

[1m[92m================================================================================[0m
[1m[92mTOP OVER PLAYS[0m
[1m[92m================================================================================[0m
  [96m 1. Steven Adams             [0m | [92mOVER 7.5 REB   [0m | Houston Rockets           vs New Orleans Pelicans      | [1mA.I.: 10.00[0m | Rating: 4.7 ⭐⭐

[1m[91m================================================================================[0m
[1m[91mTOP UNDER PLAYS[0m
[1m[91m================================================================================[0m
  [96m 1. Danny Wolf               [0m | [91mUNDER 6.5 REB  [0m | Brooklyn Nets             vs Chicago Bulls             | [1mA.I.: 10.00[0m | Rating: 4.1 ⭐⭐

[96mGenerating HTML report...[0m

[92m✓ HTML report saved: /Users/rico/sports-models/nba/nba_rebounds_props.html[0m

[1m[92m================================================================================[0m
[1m[92m✓ Model execution complete![0m
[1m[92m================================================================================[0m

✅ Completed: nba_rebounds_props at Sun Jan 18 18:10:42 EST 2026

📤 Auto-pushing model outputs to GitHub...
[main 88f5b06] Update model outputs - 2026-01-18 18:10:42
 Committer: Ricardo Hill <rico@Ricos-M1-Mac-2.local>
Your name and email address were configured automatically based
on your username and hostname. Please check that they are accurate.
You can suppress this message by setting them explicitly. Run the
following command and follow the instructions in your editor to edit
your configuration file:

    git config --global --edit

After doing this, you may fix the identity used for this commit with:

    git commit --amend --reset-author

 2 files changed, 35 insertions(+), 92 deletions(-)
To https://github.com/BangLetsGetIt/NBA-NCAA-Betting-Models.git
   943cfbd..88f5b06  main -> main
✅ Successfully pushed to GitHub!
✅ Auto-push succeeded at Sun Jan 18 18:10:43 EST 2026
