============================================================
Scheduler run: nba_main_model
Time: Mon Jan 19 03:10:04 EST 2026
Working dir: /Users/rico/sports-models/nba
Script: nba_model_IMPROVED.py
============================================================

[1m==========================================================================================[0m
[1m[96m🎲 IMPROVED NBA BETTING MODEL 🎲[0m
[1m[92m⚡ Enhanced Stats + Rest Days + Stricter Filters ⚡[0m
[1m==========================================================================================[0m

[1m[96mSTEP 1: Checking for Completed Games[0m

[96m==========================================================================================[0m
[96m🔄 UPDATING RESULTS FOR COMPLETED GAMES[0m
[96m==========================================================================================[0m

[93m📋 Checking 14 pending picks...[0m
[96mFetching completed NBA game scores (via NBA API)...[0m
[92m✓ Found 15 completed games (Free API)[0m
  ✓ Updating: Portland Trail Blazers 117 @ Sacramento Kings 110
    Result: Loss
  ✓ Updating: Toronto Raptors 93 @ Los Angeles Lakers 110
    Result: Win
  ✓ Updating: Toronto Raptors 93 @ Los Angeles Lakers 110
    Result: Loss
[92m✓ Tracking data saved to /Users/rico/sports-models/nba/nba_picks_tracking.json[0m
[92m✅ Updated 3 picks[0m
[92m✓ Tracking data saved to /Users/rico/sports-models/nba/nba_picks_tracking.json[0m
[92m✅ Updated 3 picks[0m
[92m✓ Tracking dashboard saved: /Users/rico/sports-models/nba/nba_tracking_dashboard.html[0m
[92m✓ Tracking dashboard saved: /Users/rico/sports-models/nba/nba_tracking_dashboard.html[0m

[1m[96mSTEP 2: Fetching Composite Stats (Season + Form)[0m
[96m🔄 Fetching new team stats from stats.nba.com...[0m
[92m✓ Fetched and cached stats for 76 teams[0m

[1m[96mSTEP 3: Fetching Home/Away Splits[0m
[96m🔄 Fetching home/away splits from stats.nba.com...[0m
[92m✓ Fetched and cached home/away splits[0m

[1m[96mSTEP 4: Fetching Team Schedules (Rest Days)[0m

[1m[96mSTEP 5: Fetching Live Odds (Next 2 Days)[0m
[92m✓ Fetched odds for 9 total games[0m
[92m✓ Filtered to 9 games in next 2 days[0m

[1m[96mSTEP 6: Processing Games & Generating Picks[0m

[91m❌ Missing stats for Washington Wizards or Los Angeles Clippers[0m
[91m❌ Missing stats for Washington Wizards or Los Angeles Clippers[0m
[91m❌ Skipping Los Angeles Clippers @ Washington Wizards - missing model data[0m
[92m✓ Tracking data saved to /Users/rico/sports-models/nba/nba_picks_tracking.json[0m
[92m✓ Updated CLV data for existing picks[0m

[1m[92m✅ Analyzed 8 games with complete odds[0m

[93m📊 All picks sorted by A.I. Rating (quality/confidence first)[0m


[1m==========================================================================================[0m
[1m[93m🏀 NBA MODEL PREDICTIONS 🏀[0m
[1m==========================================================================================[0m

[1m[96mPhoenix Suns @ Brooklyn Nets[0m
  🕐 01/19/26 07:40 PM EST
  [92m[1m🎯 A.I. Rating: 4.9 ⭐⭐ (PREMIUM PLAY)[0m
  [92m🔥 HOT: Brooklyn Nets - Strong performer: 3-1 (75%) | +1.90u over 4 picks[0m
  📊 Spread: Market +7.5 | Model +0.2
  🎯 Total: Market 218.0 | Model 235.2
  [92m✅ BET: Brooklyn Nets +7.5[0m
     [96mModel projects Brooklyn Nets to win outright, easily covering +7.5.[0m
  [92m✅ BET: OVER 218.0[0m
     [96mModel projects 235 total points, bet the OVER[0m
  📈 Predicted: Phoenix Suns 118, Brooklyn Nets 118

[1m[96mMilwaukee Bucks @ Atlanta Hawks[0m
  🕐 01/19/26 01:10 PM EST
  [92m[1m🎯 A.I. Rating: 4.6 ⭐⭐ (PREMIUM PLAY)[0m
  📊 Spread: Market -2.5 | Model +2.9
  🎯 Total: Market 231.5 | Model 244.9
  [93m⚠️ NO BET - Too close to call[0m
     [96mEdge too small (+0.4)[0m
  [92m✅ BET: OVER 231.5[0m
     [96mModel projects 245 total points, bet the OVER[0m
  📈 Predicted: Milwaukee Bucks 121, Atlanta Hawks 124

[1m[96mBoston Celtics @ Detroit Pistons[0m
  🕐 01/19/26 08:10 PM EST
  [92m[1m🎯 A.I. Rating: 4.3 ⭐⭐ (STRONG PLAY)[0m
  [92m🔥 HOT: Boston Celtics - Strong performer: 7-3 (70%) | +3.70u over 10 picks[0m
  📊 Spread: Market -3.5 | Model -5.3
  🎯 Total: Market 223.5 | Model 234.8
  [92m✅ BET: Boston Celtics +3.5[0m
     [96mModel projects Detroit Pistons to win by only 5.3, not enough to cover -3.5.[0m
  [92m✅ BET: OVER 223.5[0m
     [96mModel projects 235 total points, bet the OVER[0m
  📈 Predicted: Boston Celtics 120, Detroit Pistons 115

[1m[96mOklahoma City Thunder @ Cleveland Cavaliers[0m
  🕐 01/19/26 02:40 PM EST
  [92m[1m🎯 A.I. Rating: 4.1 ⭐⭐ (STRONG PLAY)[0m
  [0m➖ NEUTRAL: Cleveland Cavaliers - Average performance: 8-8 (50%) | -0.80u over 16 picks[0m
  📊 Spread: Market +6.5 | Model +4.1
  🎯 Total: Market 234.5 | Model 240.7
  [92m✅ BET: Cleveland Cavaliers +6.5[0m
     [96mModel projects Cleveland Cavaliers to win outright, easily covering +6.5.[0m
  [92m✅ BET: OVER 234.5[0m
     [96mModel projects 241 total points, bet the OVER[0m
  📈 Predicted: Oklahoma City Thunder 118, Cleveland Cavaliers 122

[1m[96mIndiana Pacers @ Philadelphia 76ers[0m
  🕐 01/19/26 07:10 PM EST
  [92m[1m🎯 A.I. Rating: 4.1 ⭐⭐ (STRONG PLAY)[0m
  [92m✅ GOOD: Indiana Pacers - Good record: 12-8 (60%) | +3.20u over 20 picks[0m
  📊 Spread: Market -8.0 | Model -1.9
  🎯 Total: Market 228.0 | Model 238.2
  [92m✅ BET: Indiana Pacers +8.0[0m
     [96mModel projects Philadelphia 76ers to win by only 1.9, not enough to cover -8.0.[0m
  [92m✅ BET: OVER 228.0[0m
     [96mModel projects 238 total points, bet the OVER[0m
  📈 Predicted: Indiana Pacers 120, Philadelphia 76ers 118

[1m[96mUtah Jazz @ San Antonio Spurs[0m
  🕐 01/19/26 05:10 PM EST
  [93m[1m🎯 A.I. Rating: 3.2 ⭐ (STANDARD PLAY)[0m
  [92m✅ GOOD: Utah Jazz - Good record: 2-1 (67%) | +0.90u over 3 picks[0m
  📊 Spread: Market -16.5 | Model +10.6
  🎯 Total: Market 242.0 | Model 237.1
  [92m✅ BET: Utah Jazz +16.5[0m
     [96mModel projects San Antonio Spurs to win by only 10.6, not enough to cover -16.5.[0m
  [93m⚠️ NO BET - Too close to call[0m
  📈 Predicted: Utah Jazz 113, San Antonio Spurs 124

[1m[96mMiami Heat @ Golden State Warriors[0m
  🕐 01/19/26 10:10 PM EST
  [93m[1m🎯 A.I. Rating: 2.9  (MARGINAL PLAY)[0m
  📊 Spread: Market -6.0 | Model +7.4
  🎯 Total: Market 238.0 | Model 234.0
  [93m⚠️ NO BET - Too close to call[0m
     [96mEdge too small (+1.4)[0m
  [93m⚠️ NO BET - Too close to call[0m
  📈 Predicted: Miami Heat 113, Golden State Warriors 121

[1m[96mDallas Mavericks @ New York Knicks[0m
  🕐 01/19/26 05:10 PM EST
  [93m[1m🎯 A.I. Rating: 2.9  (MARGINAL PLAY)[0m
  📊 Spread: Market -10.5 | Model +14.2
  🎯 Total: Market 230.5 | Model 234.4
  [93m⚠️ NO BET - Too close to call[0m
     [96mEdge too small (+3.7)[0m
  [93m⚠️ NO BET - Too close to call[0m
  📈 Predicted: Dallas Mavericks 110, New York Knicks 124

[92m✓ CSV saved: /Users/rico/sports-models/nba/nba_model_output.csv[0m
Loaded 10 Auto-Bet teams: Dallas Mavericks, New Orleans Pelicans, Indiana Pacers, Sacramento Kings, Denver Nuggets...
[92m✓ HTML saved: /Users/rico/sports-models/nba/nba_model_output.html[0m

[1m[96mSTEP 7: Generating Final Tracking Dashboard[0m
[92m✓ Tracking dashboard saved: /Users/rico/sports-models/nba/nba_tracking_dashboard.html[0m

[1m==========================================================================================[0m
[1m[93m📊 TRACKING SUMMARY 📊[0m
[1m==========================================================================================[0m
[92mTotal Tracked Bets: 409[0m
[92mRecord: 210-185-3[0m
[92mWin Rate: 53.2%[0m
[92mProfit: +5.66 units[0m
[92mROI: +1.3%[0m
[1m==========================================================================================[0m

[96mUpdating unified dashboard...[0m
[92m✓ Dashboard updated[0m

✅ Completed: nba_main_model at Mon Jan 19 03:10:48 EST 2026

📤 Auto-pushing model outputs to GitHub...
[main 8a98442] Update model outputs - 2026-01-19 03:10:48
 Committer: Ricardo Hill <rico@Ricos-M1-Mac-2.local>
Your name and email address were configured automatically based
on your username and hostname. Please check that they are accurate.
You can suppress this message by setting them explicitly. Run the
following command and follow the instructions in your editor to edit
your configuration file:

    git config --global --edit

After doing this, you may fix the identity used for this commit with:

    git commit --amend --reset-author

 4 files changed, 157 insertions(+), 149 deletions(-)
To https://github.com/BangLetsGetIt/NBA-NCAA-Betting-Models.git
   bbe9ebc..8a98442  main -> main
✅ Successfully pushed to GitHub!
✅ Auto-push succeeded at Mon Jan 19 03:10:49 EST 2026
