==========================================
NBA 3PT Props Model Run: Mon Jan 26 05:00:01 EST 2026
==========================================
Running NBA 3PT Props model...

[1m[96m================================================================================[0m
[1m[96mNBA 3PT PROPS A.I. MODEL[0m
[1m[96m================================================================================[0m

[96m==========================================================================================[0m
[96m🎯 GRADING PENDING PICKS[0m
[96m==========================================================================================[0m

[93m📋 Found 8 pending picks...[0m

  Fetching team stats to verify completed games for 2025-12-16...
[96m  Fetching batch stats for 12/16/2025...[0m
  Fetching team stats to verify completed games for 2026-01-08...
[96m  Fetching batch stats for 01/08/2026...[0m
  Fetching team stats to verify completed games for 2026-01-14...
[96m  Fetching batch stats for 01/14/2026...[0m
  Fetching team stats to verify completed games for 2026-01-24...
[96m  Fetching batch stats for 01/24/2026...[0m
  Fetching team stats to verify completed games for 2026-01-26...

[93mNo picks ready for grading yet[0m

[96mFetching REAL NBA player 3-pointers statistics...[0m
[92m✓ Using cached player 3-pointers stats (less than 6 hours old)[0m

[96mFetching opponent 3-pointers factors...[0m
[92m✓ Using cached 3-pointers factors[0m

[96mFetching player 3-pointers prop odds...[0m
[96m  Found 7 upcoming games[0m
[96m  Filtered to 7 upcoming games[0m
[96m  Game 1/7: Indiana Pacers @ Atlanta Hawks[0m
[96m  Game 2/7: Philadelphia 76ers @ Charlotte Hornets[0m
[96m  Game 3/7: Orlando Magic @ Cleveland Cavaliers[0m
[96m  Game 4/7: Portland Trail Blazers @ Boston Celtics[0m
[96m  Game 5/7: Los Angeles Lakers @ Chicago Bulls[0m
[96m  Game 6/7: Memphis Grizzlies @ Houston Rockets[0m
[96m  Game 7/7: Golden State Warriors @ Minnesota Timberwolves[0m
[92m✓ Fetched 68 player 3-pointers props (grouped)[0m

[96mAnalyzing 68 player props with REAL stats...[0m
[92m✓ Found 3 top OVER plays (A.I. Score >= 7.5)[0m
[92m✓ Found 0 top UNDER plays (A.I. Score >= 7.5)[0m
[93m  Skipped 2 props (no player stats found)[0m
[93m  Skipped 129 props (score below 7.5 or failed checks)[0m

[96m==========================================================================================[0m
[96m📊 TRACKING NEW PICKS[0m
[96m==========================================================================================[0m
[93m✓ Updated odds for 2 existing picks[0m

[1m[92m================================================================================[0m
[1m[92mTOP OVER PLAYS[0m
[1m[92m================================================================================[0m
  [96m 1. Jrue Holiday             [0m | [92mOVER 1.5 3PT   [0m | Portland Trail Blazers    vs Boston Celtics            | [1mA.I.: 7.69[0m | Rating: 2.8 
  [96m 2. Onyeka Okongwu           [0m | [92mOVER 1.5 3PT   [0m | Atlanta Hawks             vs Indiana Pacers            | [1mA.I.: 7.51[0m | Rating: 2.7 
  [96m 3. Jaylon Tyson             [0m | [92mOVER 1.5 3PT   [0m | Cleveland Cavaliers       vs Orlando Magic             | [1mA.I.: 8.09[0m | Rating: 2.6 

[1m[91m================================================================================[0m
[1m[91mTOP UNDER PLAYS[0m
[1m[91m================================================================================[0m

[96mGenerating HTML report...[0m

[92m✓ HTML report saved: /Users/rico/sports-models/nba/nba_3pt_props.html[0m

[1m[92m================================================================================[0m
[1m[92m✓ Model execution complete![0m
[1m[92m================================================================================[0m


==========================================
✅ Model completed successfully!
==========================================

📤 Pushing updates to GitHub...
