============================================================
Scheduler run: nba_3pt_props
Time: Wed Jan 14 02:50:05 EST 2026
Working dir: /Users/rico/sports-models/nba
Script: nba_3pt_props_model.py
============================================================

[1m[96m================================================================================[0m
[1m[96mNBA 3PT PROPS A.I. MODEL[0m
[1m[96m================================================================================[0m

[96m==========================================================================================[0m
[96m🎯 GRADING PENDING PICKS[0m
[96m==========================================================================================[0m

[93m📋 Found 11 pending picks...[0m

  Fetching team stats to verify completed games for 2025-12-16...
[96m  Fetching batch stats for 12/16/2025...[0m
  Fetching team stats to verify completed games for 2026-01-08...
[96m  Fetching batch stats for 01/08/2026...[0m
  Fetching team stats to verify completed games for 2026-01-13...
[96m  Fetching batch stats for 01/13/2026...[0m
[93m  ⚠️  Player C.J. McCollum has no stats but game is final -> Marking as DNP/Void[0m
    [92mWIN[0m: Nickeil Alexander-Walker had 5 3-pointers (line: 2.5, bet: OVER) | Profit: 0.55 units
    [92mWIN[0m: Marcus Smart had 2 3-pointers (line: 2.5, bet: UNDER) | Profit: 0.50 units
    [92mWIN[0m: Nickeil Alexander-Walker had 5 3-pointers (line: 2.5, bet: OVER) | Profit: 0.58 units
    [92mWIN[0m: Jrue Holiday had 2 3-pointers (line: 1.5, bet: OVER) | Profit: 0.60 units
  Fetching team stats to verify completed games for 2026-01-14...

[92m✓ Graded 5 picks[0m

[96mFetching REAL NBA player 3-pointers statistics...[0m
[92m✓ Using cached player 3-pointers stats (less than 6 hours old)[0m

[96mFetching opponent 3-pointers factors...[0m
[92m✓ Using cached 3-pointers factors[0m

[96mFetching player 3-pointers prop odds...[0m
[96m  Found 7 upcoming games[0m
[96m  Filtered to 7 upcoming games[0m
[96m  Game 1/7: Cleveland Cavaliers @ Philadelphia 76ers[0m
[96m  Game 2/7: Toronto Raptors @ Indiana Pacers[0m
[96m  Game 3/7: Brooklyn Nets @ New Orleans Pelicans[0m
[96m  Game 4/7: Utah Jazz @ Chicago Bulls[0m
[96m  Game 5/7: Denver Nuggets @ Dallas Mavericks[0m
[96m  Game 6/7: New York Knicks @ Sacramento Kings[0m
[96m  Game 7/7: Washington Wizards @ Los Angeles Clippers[0m
[92m✓ Fetched 57 player 3-pointers props (grouped)[0m

[96mAnalyzing 57 player props with REAL stats...[0m
[92m✓ Found 4 top OVER plays (A.I. Score >= 7.5)[0m
[92m✓ Found 0 top UNDER plays (A.I. Score >= 7.5)[0m
[93m  Skipped 2 props (no player stats found)[0m
[93m  Skipped 106 props (score below 7.5 or failed checks)[0m

[96m==========================================================================================[0m
[96m📊 TRACKING NEW PICKS[0m
[96m==========================================================================================[0m
[92m✓ Tracked 2 new picks[0m
[93m✓ Updated odds for 1 existing picks[0m

[1m[92m================================================================================[0m
[1m[92mTOP OVER PLAYS[0m
[1m[92m================================================================================[0m
  [96m 1. Miles McBride            [0m | [92mOVER 2.5 3PT   [0m | New York Knicks           vs Sacramento Kings          | [1mA.I.: 9.30[0m | Rating: 4.9 ⭐⭐
  [96m 2. Jamal Murray             [0m | [92mOVER 2.5 3PT   [0m | Denver Nuggets            vs Dallas Mavericks          | [1mA.I.: 9.29[0m | Rating: 3.1 ⭐
  [96m 3. Carlton Carrington       [0m | [92mOVER 1.5 3PT   [0m | Washington Wizards        vs Los Angeles Clippers      | [1mA.I.: 8.60[0m | Rating: 2.5 
  [96m 4. Trey Murphy III          [0m | [92mOVER 2.5 3PT   [0m | New Orleans Pelicans      vs Brooklyn Nets             | [1mA.I.: 8.50[0m | Rating: 2.5 

[1m[91m================================================================================[0m
[1m[91mTOP UNDER PLAYS[0m
[1m[91m================================================================================[0m

[96mGenerating HTML report...[0m

[92m✓ HTML report saved: /Users/rico/sports-models/nba/nba_3pt_props.html[0m

[1m[92m================================================================================[0m
[1m[92m✓ Model execution complete![0m
[1m[92m================================================================================[0m

✅ Completed: nba_3pt_props at Wed Jan 14 02:50:10 EST 2026

📤 Auto-pushing model outputs to GitHub...
[main d851ca1] Update model outputs - 2026-01-14 02:50:10
 Committer: Ricardo Hill <rico@Ricos-M1-Mac-2.local>
Your name and email address were configured automatically based
on your username and hostname. Please check that they are accurate.
You can suppress this message by setting them explicitly. Run the
following command and follow the instructions in your editor to edit
your configuration file:

    git config --global --edit

After doing this, you may fix the identity used for this commit with:

    git commit --amend --reset-author

 2 files changed, 179 insertions(+), 55 deletions(-)
To https://github.com/BangLetsGetIt/NBA-NCAA-Betting-Models.git
   3823be2..d851ca1  main -> main
✅ Successfully pushed to GitHub!
✅ Auto-push succeeded at Wed Jan 14 02:50:11 EST 2026
