============================================================
Scheduler run: nba_main_model
Time: Sat Jan 10 18:20:05 EST 2026
Working dir: /Users/rico/sports-models/nba
Script: nba_model_IMPROVED.py
============================================================

[1m==========================================================================================[0m
[1m[96m🎲 IMPROVED NBA BETTING MODEL 🎲[0m
[1m[92m⚡ Enhanced Stats + Rest Days + Stricter Filters ⚡[0m
[1m==========================================================================================[0m

[1m[96mSTEP 1: Checking for Completed Games[0m

[96m==========================================================================================[0m
[96m🔄 UPDATING RESULTS FOR COMPLETED GAMES[0m
[96m==========================================================================================[0m

[93m📋 Checking 7 pending picks...[0m
[96mFetching completed NBA game scores (via NBA API)...[0m
[92m✓ Found 14 completed games (Free API)[0m
  ✓ Updating: Minnesota Timberwolves 134 @ Cleveland Cavaliers 146
    Result: Win
[92m✓ Tracking data saved to /Users/rico/sports-models/nba/nba_picks_tracking.json[0m
[92m✅ Updated 1 picks[0m
[92m✓ Tracking data saved to /Users/rico/sports-models/nba/nba_picks_tracking.json[0m
[92m✅ Updated 1 picks[0m
[92m✓ Tracking dashboard saved: /Users/rico/sports-models/nba/nba_tracking_dashboard.html[0m
[92m✓ Tracking dashboard saved: /Users/rico/sports-models/nba/nba_tracking_dashboard.html[0m

[1m[96mSTEP 2: Fetching Composite Stats (Season + Form)[0m
[96m🔄 Fetching new team stats from stats.nba.com...[0m
[93m⚠ Attempt 1/3 failed: HTTPSConnectionPool(host='stats.nba.com', port=443): Read timed out. (read timeout=60)[0m
[93m   Retrying in 2 seconds...[0m
[92m✓ Fetched and cached stats for 76 teams[0m

[1m[96mSTEP 3: Fetching Home/Away Splits[0m
[96m🔄 Fetching home/away splits from stats.nba.com...[0m
[93m⚠ Attempt 1/3 failed: HTTPSConnectionPool(host='stats.nba.com', port=443): Read timed out. (read timeout=60)[0m
[93m   Retrying in 2 seconds...[0m
[92m✓ Fetched and cached home/away splits[0m

[1m[96mSTEP 4: Fetching Team Schedules (Rest Days)[0m

[1m[96mSTEP 5: Fetching Live Odds (Next 2 Days)[0m
[92m✓ Fetched odds for 13 total games[0m
[92m✓ Filtered to 13 games in next 2 days[0m

[1m[96mSTEP 6: Processing Games & Generating Picks[0m

[92m✓ Tracking data saved to /Users/rico/sports-models/nba/nba_picks_tracking.json[0m
[92m📝 LOGGED PICK: ✅ BET: Indiana Pacers +6.5 (Edge: +14.3)[0m
[91m❌ Missing stats for Detroit Pistons or Los Angeles Clippers[0m
[91m❌ Missing stats for Detroit Pistons or Los Angeles Clippers[0m
[91m❌ Skipping Los Angeles Clippers @ Detroit Pistons - missing model data[0m
[92m✓ Tracking data saved to /Users/rico/sports-models/nba/nba_picks_tracking.json[0m
[92m📝 LOGGED PICK: ✅ BET: Orlando Magic -6.0 (Edge: +12.2)[0m
[92m✓ Tracking data saved to /Users/rico/sports-models/nba/nba_picks_tracking.json[0m
[92m📝 LOGGED PICK: ✅ BET: Memphis Grizzlies -7.0 (Edge: +8.9)[0m
[92m✓ Tracking data saved to /Users/rico/sports-models/nba/nba_picks_tracking.json[0m
[92m📝 LOGGED PICK: ✅ BET: OVER 222.5 (Edge: +14.9)[0m
[92m✓ Tracking data saved to /Users/rico/sports-models/nba/nba_picks_tracking.json[0m
[92m📝 LOGGED PICK: ✅ BET: Portland Trail Blazers +4.5 (Edge: +5.7)[0m
[92m✓ Tracking data saved to /Users/rico/sports-models/nba/nba_picks_tracking.json[0m
[92m📝 LOGGED PICK: ✅ BET: Toronto Raptors +4.0 (Edge: +9.6)[0m
[92m✓ Tracking data saved to /Users/rico/sports-models/nba/nba_picks_tracking.json[0m
[92m📝 LOGGED PICK: ✅ BET: OVER 224.0 (Edge: +10.4)[0m
[92m✓ Tracking data saved to /Users/rico/sports-models/nba/nba_picks_tracking.json[0m
[92m📝 LOGGED PICK: ✅ BET: Denver Nuggets +2.0 (Edge: +11.7)[0m
[92m✓ Tracking data saved to /Users/rico/sports-models/nba/nba_picks_tracking.json[0m
[92m📝 LOGGED PICK: ✅ BET: OVER 223.0 (Edge: +18.4)[0m
[92m✓ Tracking data saved to /Users/rico/sports-models/nba/nba_picks_tracking.json[0m
[92m📝 LOGGED PICK: ✅ BET: OVER 229.5 (Edge: +7.2)[0m
[92m✓ Tracking data saved to /Users/rico/sports-models/nba/nba_picks_tracking.json[0m
[92m📝 LOGGED PICK: ✅ BET: Sacramento Kings +12.5 (Edge: +13.5)[0m
[92m✓ Tracking data saved to /Users/rico/sports-models/nba/nba_picks_tracking.json[0m
[92m📝 LOGGED PICK: ✅ BET: OVER 222.5 (Edge: +14.3)[0m

[1m[92m✅ Analyzed 12 games with complete odds[0m

[93m📊 All picks sorted by A.I. Rating (quality/confidence first)[0m


[1m==========================================================================================[0m
[1m[93m🏀 NBA MODEL PREDICTIONS 🏀[0m
[1m==========================================================================================[0m

[1m[96mMilwaukee Bucks @ Denver Nuggets[0m
  🕐 01/11/26 08:10 PM EST
  [92m[1m🎯 A.I. Rating: 4.9 ⭐⭐ (PREMIUM PLAY)[0m
  [92m✅ GOOD: Denver Nuggets - Good record: 3-2 (60%) | +0.80u over 5 picks[0m
  📊 Spread: Market +2.0 | Model +9.7
  🎯 Total: Market 223.0 | Model 241.4
  [92m✅ BET: Denver Nuggets +2.0[0m
     [96mModel projects Denver Nuggets to win outright, easily covering +2.0.[0m
  [92m✅ BET: OVER 223.0[0m
     [96mModel projects 241 total points, bet the OVER[0m
  📈 Predicted: Milwaukee Bucks 116, Denver Nuggets 126

[1m[96mSan Antonio Spurs @ Boston Celtics[0m
  🕐 01/10/26 08:10 PM EST
  [92m[1m🎯 A.I. Rating: 4.9 ⭐⭐ (PREMIUM PLAY)[0m
  [92m🔥 HOT: Boston Celtics - Strong performer: 6-2 (75%) | +3.80u over 8 picks[0m
  📊 Spread: Market +1.0 | Model +14.9
  🎯 Total: Market 231.5 | Model 232.8
  [92m✅ BET: Boston Celtics +1.0[0m
     [96mModel projects Boston Celtics to win outright, easily covering +1.0.[0m
  [93m⚠️ NO BET - Too close to call[0m
  📈 Predicted: San Antonio Spurs 109, Boston Celtics 124

[1m[96mBrooklyn Nets @ Memphis Grizzlies[0m
  🕐 01/11/26 03:40 PM EST
  [92m[1m🎯 A.I. Rating: 4.9 ⭐⭐ (PREMIUM PLAY)[0m
  [93m📉 NEUTRAL-: Memphis Grizzlies - Slightly below average: 5-7 (42%) | -2.70u over 12 picks[0m
  📊 Spread: Market -7.0 | Model +15.9
  🎯 Total: Market 222.5 | Model 237.4
  [92m✅ BET: Memphis Grizzlies -7.0[0m
     [96mModel projects Memphis Grizzlies to win by 15.9, covering -7.0.[0m
  [92m✅ BET: OVER 222.5[0m
     [96mModel projects 237 total points, bet the OVER[0m
  📈 Predicted: Brooklyn Nets 111, Memphis Grizzlies 127

[1m[96mMiami Heat @ Indiana Pacers[0m
  🕐 01/10/26 07:12 PM EST
  [92m[1m🎯 A.I. Rating: 4.9 ⭐⭐ (PREMIUM PLAY)[0m
  [92m✅ GOOD: Indiana Pacers - Good record: 9-6 (60%) | +2.40u over 15 picks[0m
  📊 Spread: Market +6.5 | Model +7.8
  🎯 Total: Market 235.5 | Model 238.3
  [92m✅ BET: Indiana Pacers +6.5[0m
     [96mModel projects Indiana Pacers to win outright, easily covering +6.5.[0m
  [93m⚠️ NO BET - Too close to call[0m
  📈 Predicted: Miami Heat 115, Indiana Pacers 123

[1m[96mHouston Rockets @ Sacramento Kings[0m
  🕐 01/11/26 09:10 PM EST
  [92m[1m🎯 A.I. Rating: 4.8 ⭐⭐ (PREMIUM PLAY)[0m
  [93m⚠️ CAUTION: Sacramento Kings - Below average: 4-6 (40%) | -2.60u over 10 picks[0m
  📊 Spread: Market +12.5 | Model +1.0
  🎯 Total: Market 222.5 | Model 236.8
  [92m✅ BET: Sacramento Kings +12.5[0m
     [96mModel projects Sacramento Kings to win outright, easily covering +12.5.[0m
  [92m✅ BET: OVER 222.5[0m
     [96mModel projects 237 total points, bet the OVER[0m
  📈 Predicted: Houston Rockets 118, Sacramento Kings 119

[1m[96mNew Orleans Pelicans @ Orlando Magic[0m
  🕐 01/11/26 03:10 PM EST
  [92m[1m🎯 A.I. Rating: 4.5 ⭐⭐ (PREMIUM PLAY)[0m
  [92m✅ GOOD: Orlando Magic - Good record: 5-3 (62%) | +1.61u over 8 picks[0m
  📊 Spread: Market -6.0 | Model +18.2
  🎯 Total: Market 234.0 | Model 229.9
  [92m✅ BET: Orlando Magic -6.0[0m
     [96mModel projects Orlando Magic to win by 18.2, covering -6.0.[0m
  [93m⚠️ NO BET - Too close to call[0m
  📈 Predicted: New Orleans Pelicans 106, Orlando Magic 124

[1m[96mPhiladelphia 76ers @ Toronto Raptors[0m
  🕐 01/11/26 06:10 PM EST
  [92m[1m🎯 A.I. Rating: 4.1 ⭐⭐ (STRONG PLAY)[0m
  📊 Spread: Market +4.0 | Model +5.6
  🎯 Total: Market 224.0 | Model 234.4
  [92m✅ BET: Toronto Raptors +4.0[0m
     [96mModel projects Toronto Raptors to win outright, easily covering +4.0.[0m
  [92m✅ BET: OVER 224.0[0m
     [96mModel projects 234 total points, bet the OVER[0m
  📈 Predicted: Philadelphia 76ers 114, Toronto Raptors 120

[1m[96mCharlotte Hornets @ Utah Jazz[0m
  🕐 01/10/26 09:40 PM EST
  [96m[1m🎯 A.I. Rating: 3.9 ⭐ (GOOD PLAY)[0m
  [96mℹ️ LIMITED: Utah Jazz - Limited data: 2-0 (100%) | +2.00u (2 picks)[0m
  📊 Spread: Market +5.0 | Model +4.3
  🎯 Total: Market 239.0 | Model 232.5
  [92m✅ BET: Utah Jazz +5.0[0m
     [96mModel projects Utah Jazz to win outright, easily covering +5.0.[0m
  [92m✅ BET: UNDER 239.0[0m
     [96mModel projects 232 total points, bet the UNDER[0m
  📈 Predicted: Charlotte Hornets 114, Utah Jazz 118

[1m[96mDallas Mavericks @ Chicago Bulls[0m
  🕐 01/10/26 08:10 PM EST
  [96m[1m🎯 A.I. Rating: 3.5 ⭐ (GOOD PLAY)[0m
  📊 Spread: Market -2.0 | Model +5.9
  🎯 Total: Market 233.5 | Model 240.9
  [93m⚠️ NO BET - Too close to call[0m
     [96mEdge too small (+3.9)[0m
  [92m✅ BET: OVER 233.5[0m
     [96mModel projects 241 total points, bet the OVER[0m
  📈 Predicted: Dallas Mavericks 118, Chicago Bulls 123

[1m[96mWashington Wizards @ Phoenix Suns[0m
  🕐 01/11/26 08:10 PM EST
  [93m[1m🎯 A.I. Rating: 3.4 ⭐ (STANDARD PLAY)[0m
  📊 Spread: Market -14.0 | Model +14.3
  🎯 Total: Market 229.5 | Model 236.7
  [93m⚠️ NO BET - Too close to call[0m
     [96mEdge too small (+0.3)[0m
  [92m✅ BET: OVER 229.5[0m
     [96mModel projects 237 total points, bet the OVER[0m
  📈 Predicted: Washington Wizards 111, Phoenix Suns 126

[1m[96mNew York Knicks @ Portland Trail Blazers[0m
  🕐 01/11/26 06:10 PM EST
  [93m[1m🎯 A.I. Rating: 3.2 ⭐ (STANDARD PLAY)[0m
  [92m🔥 HOT: Portland Trail Blazers - Strong performer: 5-1 (83%) | +3.90u over 6 picks[0m
  📊 Spread: Market +4.5 | Model +1.2
  🎯 Total: Market 232.0 | Model 231.8
  [92m✅ BET: Portland Trail Blazers +4.5[0m
     [96mModel projects Portland Trail Blazers to win outright, easily covering +4.5.[0m
  [93m⚠️ NO BET - Too close to call[0m
  📈 Predicted: New York Knicks 115, Portland Trail Blazers 116

[1m[96mAtlanta Hawks @ Golden State Warriors[0m
  🕐 01/11/26 08:40 PM EST
  [93m[1m🎯 A.I. Rating: 2.9  (MARGINAL PLAY)[0m
  📊 Spread: Market -6.5 | Model +7.3
  🎯 Total: Market 235.0 | Model 238.9
  [93m⚠️ NO BET - Too close to call[0m
     [96mEdge too small (+0.8)[0m
  [93m⚠️ NO BET - Too close to call[0m
  📈 Predicted: Atlanta Hawks 116, Golden State Warriors 123

[92m✓ CSV saved: /Users/rico/sports-models/nba/nba_model_output.csv[0m
[92m✓ HTML saved: /Users/rico/sports-models/nba/nba_model_output.html[0m

[1m[96mSTEP 7: Generating Final Tracking Dashboard[0m
[92m✓ Tracking dashboard saved: /Users/rico/sports-models/nba/nba_tracking_dashboard.html[0m

[1m==========================================================================================[0m
[1m[93m📊 TRACKING SUMMARY 📊[0m
[1m==========================================================================================[0m
[92mTotal Tracked Bets: 339[0m
[92mRecord: 170-149-2[0m
[92mWin Rate: 53.3%[0m
[92mProfit: +5.26 units[0m
[92mROI: +1.5%[0m
[1m==========================================================================================[0m

[96mUpdating unified dashboard...[0m
[92m✓ Dashboard updated[0m

✅ Completed: nba_main_model at Sat Jan 10 18:50:14 EST 2026

📤 Auto-pushing model outputs to GitHub...
[main c330011] Update model outputs - 2026-01-10 18:50:14
 Committer: Ricardo Hill <rico@MacBookAir.lan>
Your name and email address were configured automatically based
on your username and hostname. Please check that they are accurate.
You can suppress this message by setting them explicitly. Run the
following command and follow the instructions in your editor to edit
your configuration file:

    git config --global --edit

After doing this, you may fix the identity used for this commit with:

    git commit --amend --reset-author

 4 files changed, 737 insertions(+), 74 deletions(-)
To https://github.com/BangLetsGetIt/NBA-NCAA-Betting-Models.git
   aa0724c..c330011  main -> main
✅ Successfully pushed to GitHub!
✅ Auto-push succeeded at Sat Jan 10 18:50:15 EST 2026
