============================================================
Scheduler run: nba_points_props
Time: Mon Jan 19 15:00:03 EST 2026
Working dir: /Users/rico/sports-models/nba
Script: nba_points_props_model.py
============================================================

[1m[96m================================================================================[0m
[1m[96mNBA POINTS PROPS A.I. MODEL[0m
[1m[96m================================================================================[0m

[96m==========================================================================================[0m
[96m🎯 GRADING PENDING PICKS (BATCH MODE)[0m
[96m==========================================================================================[0m

[93m📋 Found 26 pending picks...[0m


[96mProcessing 9 picks for 2025-12-16...[0m
[96m  Fetching batch stats for 12/16/2025...[0m
  Fetching team stats to verify completed games for 2025-12-16...
[93m  ⚠️  No stats found for 2025-12-16 yet[0m

[96mProcessing 2 picks for 2025-12-23...[0m
[96m  Fetching batch stats for 12/23/2025...[0m
  Fetching team stats to verify completed games for 2025-12-23...

[96mProcessing 1 picks for 2026-01-03...[0m
[96m  Fetching batch stats for 01/03/2026...[0m
  Fetching team stats to verify completed games for 2026-01-03...

[96mProcessing 2 picks for 2026-01-08...[0m
[96m  Fetching batch stats for 01/08/2026...[0m
  Fetching team stats to verify completed games for 2026-01-08...

[96mProcessing 1 picks for 2026-01-09...[0m
[96m  Fetching batch stats for 01/09/2026...[0m
  Fetching team stats to verify completed games for 2026-01-09...

[96mProcessing 3 picks for 2026-01-10...[0m
[96m  Fetching batch stats for 01/10/2026...[0m
  Fetching team stats to verify completed games for 2026-01-10...

[96mProcessing 1 picks for 2026-01-16...[0m
[96m  Fetching batch stats for 01/16/2026...[0m
  Fetching team stats to verify completed games for 2026-01-16...

[96mProcessing 2 picks for 2026-01-19...[0m
[96m  Fetching batch stats for 01/19/2026...[0m
  Fetching team stats to verify completed games for 2026-01-19...
[93m  ⚠️  No stats found for 2026-01-19 yet[0m

[93mNo picks ready for grading yet[0m

[96mFetching REAL NBA player points statistics...[0m
[92m✓ Using cached player stats (less than 6 hours old)[0m

[96mFetching opponent defense factors...[0m
[92m✓ Using cached defense factors[0m

[96mFetching player points prop odds...[0m
[96m  Found 9 upcoming games[0m
[96m  Filtered to 7 upcoming games[0m
[96m  Game 1/9: Los Angeles Clippers @ Washington Wizards[0m
[96m  Game 2/9: Dallas Mavericks @ New York Knicks[0m
[96m  Game 3/9: Utah Jazz @ San Antonio Spurs[0m
[96m  Game 4/9: Indiana Pacers @ Philadelphia 76ers[0m
[96m  Game 5/9: Phoenix Suns @ Brooklyn Nets[0m
[96m  Game 6/9: Boston Celtics @ Detroit Pistons[0m
[96m  Game 7/9: Miami Heat @ Golden State Warriors[0m
[92m✓ Fetched 158 total player props[0m

[96mAnalyzing 158 player props with REAL stats...[0m
[92m✓ Found 6 top OVER plays (A.I. Score >= 10.0)[0m
[92m✓ Found 8 top UNDER plays (A.I. Score >= 10.0)[0m
[93m  Skipped 288 props (score below 10.0)[0m

[96m==========================================================================================[0m
[96m📊 TRACKING NEW PICKS[0m
[96m==========================================================================================[0m
[92m✓ Tracked 3 new picks[0m
[93m✓ Updated odds for 2 existing picks[0m

[1m[92m================================================================================[0m
[1m[92mTOP OVER PLAYS[0m
[1m[92m================================================================================[0m
  [96m 1. T.J. McConnell           [0m | [92mOVER 8.5 PTS   [0m | Indiana Pacers vs Philadelphia 76ers | [1mA.I.: 10.00[0m | Rating: 4.9 ⭐⭐
  [96m 2. Dillon Brooks            [0m | [92mOVER 17.5 PTS  [0m | Phoenix Suns vs Brooklyn Nets | [1mA.I.: 10.00[0m | Rating: 4.9 ⭐⭐
  [96m 3. Grayson Allen            [0m | [92mOVER 13.5 PTS  [0m | Phoenix Suns vs Brooklyn Nets | [1mA.I.: 10.00[0m | Rating: 4.9 ⭐⭐
  [96m 4. Payton Pritchard         [0m | [92mOVER 14.5 PTS  [0m | Boston Celtics vs Detroit Pistons | [1mA.I.: 10.00[0m | Rating: 4.9 ⭐⭐
  [96m 5. Kel'el Ware              [0m | [92mOVER 7.5 PTS   [0m | Miami Heat vs Golden State Warriors | [1mA.I.: 10.00[0m | Rating: 4.9 ⭐⭐
  [96m 6. Norman Powell            [0m | [92mOVER 22.5 PTS  [0m | Miami Heat vs Golden State Warriors | [1mA.I.: 10.00[0m | Rating: 4.9 ⭐⭐

[1m[91m================================================================================[0m
[1m[91mTOP UNDER PLAYS[0m
[1m[91m================================================================================[0m
  [96m 1. Carlton Carrington       [0m | [91mUNDER 12.5 PTS [0m | Washington Wizards vs Los Angeles Clippers | [1mA.I.: 10.00[0m | Rating: 4.9 ⭐⭐
  [96m 2. Ivica Zubac              [0m | [91mUNDER 16.5 PTS [0m | Los Angeles Clippers vs Washington Wizards | [1mA.I.: 10.00[0m | Rating: 4.9 ⭐⭐
  [96m 3. James Harden             [0m | [91mUNDER 29.5 PTS [0m | Los Angeles Clippers vs Washington Wizards | [1mA.I.: 10.00[0m | Rating: 4.9 ⭐⭐
  [96m 4. Khris Middleton          [0m | [91mUNDER 11.5 PTS [0m | Washington Wizards vs Los Angeles Clippers | [1mA.I.: 10.00[0m | Rating: 4.9 ⭐⭐
  [96m 5. Cooper Flagg             [0m | [91mUNDER 20.5 PTS [0m | Dallas Mavericks vs New York Knicks | [1mA.I.: 10.00[0m | Rating: 4.9 ⭐⭐
  [96m 6. Josh Hart                [0m | [91mUNDER 13.5 PTS [0m | New York Knicks vs Dallas Mavericks | [1mA.I.: 10.00[0m | Rating: 4.9 ⭐⭐
  [96m 7. Ace Bailey               [0m | [91mUNDER 14.5 PTS [0m | Utah Jazz vs San Antonio Spurs | [1mA.I.: 10.00[0m | Rating: 4.9 ⭐⭐
  [96m 8. Kyle Filipowski          [0m | [91mUNDER 12.5 PTS [0m | Utah Jazz vs San Antonio Spurs | [1mA.I.: 10.00[0m | Rating: 4.9 ⭐⭐

[96mGenerating HTML report...[0m

[92m✓ HTML report saved: /Users/rico/sports-models/nba/nba_points_props.html[0m

[1m[92m================================================================================[0m
[1m[92m✓ Model execution complete![0m
[1m[92m================================================================================[0m

✅ Completed: nba_points_props at Mon Jan 19 15:01:26 EST 2026

📤 Auto-pushing model outputs to GitHub...
[main 276078b] Update model outputs - 2026-01-19 15:01:26
 Committer: Ricardo Hill <rico@Ricos-M1-Mac-2.local>
Your name and email address were configured automatically based
on your username and hostname. Please check that they are accurate.
You can suppress this message by setting them explicitly. Run the
following command and follow the instructions in your editor to edit
your configuration file:

    git config --global --edit

After doing this, you may fix the identity used for this commit with:

    git commit --amend --reset-author

 2 files changed, 300 insertions(+), 164 deletions(-)
To https://github.com/BangLetsGetIt/NBA-NCAA-Betting-Models.git
   e1aa74a..276078b  main -> main
✅ Successfully pushed to GitHub!
✅ Auto-push succeeded at Mon Jan 19 15:01:27 EST 2026
