============================================================
Scheduler run: nba_main_model
Time: Sat Jan 10 15:20:02 EST 2026
Working dir: /Users/rico/sports-models/nba
Script: nba_model_IMPROVED.py
============================================================

[1m==========================================================================================[0m
[1m[96m🎲 IMPROVED NBA BETTING MODEL 🎲[0m
[1m[92m⚡ Enhanced Stats + Rest Days + Stricter Filters ⚡[0m
[1m==========================================================================================[0m

[1m[96mSTEP 1: Checking for Completed Games[0m

[96m==========================================================================================[0m
[96m🔄 UPDATING RESULTS FOR COMPLETED GAMES[0m
[96m==========================================================================================[0m

[93m📋 Checking 7 pending picks...[0m
[96mFetching completed NBA game scores (via NBA API)...[0m
[92m✓ Found 13 completed games (Free API)[0m
[92m✓ Tracking data saved to /Users/rico/sports-models/nba/nba_picks_tracking.json[0m
[93mNo picks were updated (games may not be complete yet)[0m
[92m✓ Tracking dashboard saved: /Users/rico/sports-models/nba/nba_tracking_dashboard.html[0m

[1m[96mSTEP 2: Fetching Composite Stats (Season + Form)[0m
[92m✓ Using cached composite stats (less than 6 hours old)[0m

[1m[96mSTEP 3: Fetching Home/Away Splits[0m
[92m✓ Using cached home/away splits (less than 6 hours old)[0m

[1m[96mSTEP 4: Fetching Team Schedules (Rest Days)[0m
[96m🔄 Fetching team schedules...[0m
[92m✓ Fetched schedules for 1 teams[0m

[1m[96mSTEP 5: Fetching Live Odds (Next 2 Days)[0m
[93mℹ️  Skipped 1 games that have already started/finished.[0m
[92m✓ Fetched odds for 11 total games[0m
[92m✓ Filtered to 10 games in next 2 days[0m

[1m[96mSTEP 6: Processing Games & Generating Picks[0m

[91m❌ Missing stats for Detroit Pistons or Los Angeles Clippers[0m
[91m❌ Missing stats for Detroit Pistons or Los Angeles Clippers[0m
[91m❌ Skipping Los Angeles Clippers @ Detroit Pistons - missing model data[0m
[92m✓ Tracking data saved to /Users/rico/sports-models/nba/nba_picks_tracking.json[0m
[92m📝 LOGGED PICK: ✅ BET: Orlando Magic -6.0 (Edge: +12.2)[0m
[92m✓ Tracking data saved to /Users/rico/sports-models/nba/nba_picks_tracking.json[0m
[92m📝 LOGGED PICK: ✅ BET: Memphis Grizzlies -4.5 (Edge: +11.4)[0m
[92m✓ Tracking data saved to /Users/rico/sports-models/nba/nba_picks_tracking.json[0m
[92m📝 LOGGED PICK: ✅ BET: OVER 224.5 (Edge: +12.9)[0m
[92m✓ Tracking data saved to /Users/rico/sports-models/nba/nba_picks_tracking.json[0m
[92m📝 LOGGED PICK: ✅ BET: Portland Trail Blazers +5.0 (Edge: +6.2)[0m
[92m✓ Tracking data saved to /Users/rico/sports-models/nba/nba_picks_tracking.json[0m
[92m📝 LOGGED PICK: ✅ BET: OVER 229.5 (Edge: +7.2)[0m
[92m✓ Tracking data saved to /Users/rico/sports-models/nba/nba_picks_tracking.json[0m
[92m📝 LOGGED PICK: ✅ BET: Sacramento Kings +12.5 (Edge: +13.5)[0m
[92m✓ Tracking data saved to /Users/rico/sports-models/nba/nba_picks_tracking.json[0m
[92m📝 LOGGED PICK: ✅ BET: OVER 222.5 (Edge: +14.3)[0m
[92m✓ Tracking data saved to /Users/rico/sports-models/nba/nba_picks_tracking.json[0m
[92m✓ Updated CLV data for existing picks[0m

[1m[92m✅ Analyzed 9 games with complete odds[0m

[93m📊 All picks sorted by A.I. Rating (quality/confidence first)[0m


[1m==========================================================================================[0m
[1m[93m🏀 NBA MODEL PREDICTIONS 🏀[0m
[1m==========================================================================================[0m

[1m[96mSan Antonio Spurs @ Boston Celtics[0m
  🕐 01/10/26 08:10 PM EST
  [92m[1m🎯 A.I. Rating: 4.9 ⭐⭐ (PREMIUM PLAY)[0m
  [92m🔥 HOT: Boston Celtics - Strong performer: 6-2 (75%) | +3.80u over 8 picks[0m
  📊 Spread: Market +1.0 | Model +14.9
  🎯 Total: Market 231.0 | Model 232.8
  [92m✅ BET: Boston Celtics +1.0[0m
     [96mModel projects Boston Celtics to win outright, easily covering +1.0.[0m
  [93m⚠️ NO BET - Too close to call[0m
  📈 Predicted: San Antonio Spurs 109, Boston Celtics 124

[1m[96mMiami Heat @ Indiana Pacers[0m
  🕐 01/10/26 07:10 PM EST
  [92m[1m🎯 A.I. Rating: 4.9 ⭐⭐ (PREMIUM PLAY)[0m
  [92m✅ GOOD: Indiana Pacers - Good record: 9-6 (60%) | +2.40u over 15 picks[0m
  📊 Spread: Market +6.5 | Model +7.8
  🎯 Total: Market 236.0 | Model 238.3
  [92m✅ BET: Indiana Pacers +6.5[0m
     [96mModel projects Indiana Pacers to win outright, easily covering +6.5.[0m
  [93m⚠️ NO BET - Too close to call[0m
  📈 Predicted: Miami Heat 115, Indiana Pacers 123

[1m[96mHouston Rockets @ Sacramento Kings[0m
  🕐 01/11/26 09:10 PM EST
  [92m[1m🎯 A.I. Rating: 4.8 ⭐⭐ (PREMIUM PLAY)[0m
  [93m⚠️ CAUTION: Sacramento Kings - Below average: 4-6 (40%) | -2.60u over 10 picks[0m
  📊 Spread: Market +12.5 | Model +1.0
  🎯 Total: Market 222.5 | Model 236.8
  [92m✅ BET: Sacramento Kings +12.5[0m
     [96mModel projects Sacramento Kings to win outright, easily covering +12.5.[0m
  [92m✅ BET: OVER 222.5[0m
     [96mModel projects 237 total points, bet the OVER[0m
  📈 Predicted: Houston Rockets 118, Sacramento Kings 119

[1m[96mBrooklyn Nets @ Memphis Grizzlies[0m
  🕐 01/11/26 03:40 PM EST
  [92m[1m🎯 A.I. Rating: 4.6 ⭐⭐ (PREMIUM PLAY)[0m
  [93m📉 NEUTRAL-: Memphis Grizzlies - Slightly below average: 5-7 (42%) | -2.70u over 12 picks[0m
  📊 Spread: Market -4.5 | Model +15.9
  🎯 Total: Market 224.5 | Model 237.4
  [92m✅ BET: Memphis Grizzlies -4.5[0m
     [96mModel projects Memphis Grizzlies to win by 15.9, covering -4.5.[0m
  [92m✅ BET: OVER 224.5[0m
     [96mModel projects 237 total points, bet the OVER[0m
  📈 Predicted: Brooklyn Nets 111, Memphis Grizzlies 127

[1m[96mNew Orleans Pelicans @ Orlando Magic[0m
  🕐 01/11/26 03:10 PM EST
  [92m[1m🎯 A.I. Rating: 4.5 ⭐⭐ (PREMIUM PLAY)[0m
  [92m✅ GOOD: Orlando Magic - Good record: 5-3 (62%) | +1.61u over 8 picks[0m
  📊 Spread: Market -6.0 | Model +18.2
  🎯 Total: Market 234.5 | Model 229.9
  [92m✅ BET: Orlando Magic -6.0[0m
     [96mModel projects Orlando Magic to win by 18.2, covering -6.0.[0m
  [93m⚠️ NO BET - Too close to call[0m
  📈 Predicted: New Orleans Pelicans 106, Orlando Magic 124

[1m[96mCharlotte Hornets @ Utah Jazz[0m
  🕐 01/10/26 09:40 PM EST
  [96m[1m🎯 A.I. Rating: 3.9 ⭐ (GOOD PLAY)[0m
  [96mℹ️ LIMITED: Utah Jazz - Limited data: 2-0 (100%) | +2.00u (2 picks)[0m
  📊 Spread: Market +5.0 | Model +4.3
  🎯 Total: Market 239.0 | Model 232.5
  [92m✅ BET: Utah Jazz +5.0[0m
     [96mModel projects Utah Jazz to win outright, easily covering +5.0.[0m
  [92m✅ BET: UNDER 239.0[0m
     [96mModel projects 232 total points, bet the UNDER[0m
  📈 Predicted: Charlotte Hornets 114, Utah Jazz 118

[1m[96mDallas Mavericks @ Chicago Bulls[0m
  🕐 01/10/26 08:10 PM EST
  [96m[1m🎯 A.I. Rating: 3.5 ⭐ (GOOD PLAY)[0m
  📊 Spread: Market -2.0 | Model +5.9
  🎯 Total: Market 233.5 | Model 240.9
  [93m⚠️ NO BET - Too close to call[0m
     [96mEdge too small (+3.9)[0m
  [92m✅ BET: OVER 233.5[0m
     [96mModel projects 241 total points, bet the OVER[0m
  📈 Predicted: Dallas Mavericks 118, Chicago Bulls 123

[1m[96mWashington Wizards @ Phoenix Suns[0m
  🕐 01/11/26 08:10 PM EST
  [93m[1m🎯 A.I. Rating: 3.4 ⭐ (STANDARD PLAY)[0m
  📊 Spread: Market -14.0 | Model +14.3
  🎯 Total: Market 229.5 | Model 236.7
  [93m⚠️ NO BET - Too close to call[0m
     [96mEdge too small (+0.3)[0m
  [92m✅ BET: OVER 229.5[0m
     [96mModel projects 237 total points, bet the OVER[0m
  📈 Predicted: Washington Wizards 111, Phoenix Suns 126

[1m[96mNew York Knicks @ Portland Trail Blazers[0m
  🕐 01/11/26 06:10 PM EST
  [93m[1m🎯 A.I. Rating: 3.3 ⭐ (STANDARD PLAY)[0m
  [92m🔥 HOT: Portland Trail Blazers - Strong performer: 5-1 (83%) | +3.90u over 6 picks[0m
  📊 Spread: Market +5.0 | Model +1.2
  🎯 Total: Market 230.5 | Model 231.8
  [92m✅ BET: Portland Trail Blazers +5.0[0m
     [96mModel projects Portland Trail Blazers to win outright, easily covering +5.0.[0m
  [93m⚠️ NO BET - Too close to call[0m
  📈 Predicted: New York Knicks 115, Portland Trail Blazers 116

[92m✓ CSV saved: /Users/rico/sports-models/nba/nba_model_output.csv[0m
[92m✓ HTML saved: /Users/rico/sports-models/nba/nba_model_output.html[0m

[1m[96mSTEP 7: Generating Final Tracking Dashboard[0m
[92m✓ Tracking dashboard saved: /Users/rico/sports-models/nba/nba_tracking_dashboard.html[0m

[1m==========================================================================================[0m
[1m[93m📊 TRACKING SUMMARY 📊[0m
[1m==========================================================================================[0m
[92mTotal Tracked Bets: 327[0m
[92mRecord: 169-149-2[0m
[92mWin Rate: 53.1%[0m
[92mProfit: +4.26 units[0m
[92mROI: +1.2%[0m
[1m==========================================================================================[0m

[96mUpdating unified dashboard...[0m
[92m✓ Dashboard updated[0m

✅ Completed: nba_main_model at Sat Jan 10 15:20:34 EST 2026

📤 Auto-pushing model outputs to GitHub...
[main fc50725] Update model outputs - 2026-01-10 15:20:34
 Committer: Ricardo Hill <rico@Ricos-M1-Mac-2.local>
Your name and email address were configured automatically based
on your username and hostname. Please check that they are accurate.
You can suppress this message by setting them explicitly. Run the
following command and follow the instructions in your editor to edit
your configuration file:

    git config --global --edit

After doing this, you may fix the identity used for this commit with:

    git commit --amend --reset-author

 4 files changed, 440 insertions(+), 64 deletions(-)
To https://github.com/BangLetsGetIt/NBA-NCAA-Betting-Models.git
   2c911b6..fc50725  main -> main
✅ Successfully pushed to GitHub!
✅ Auto-push succeeded at Sat Jan 10 15:20:36 EST 2026
