==========================================
NBA 3PT Props Model Run: Mon Jan  5 05:00:05 EST 2026
==========================================
Running NBA 3PT Props model...

[1m[96m================================================================================[0m
[1m[96mNBA 3PT PROPS A.I. MODEL[0m
[1m[96m================================================================================[0m

[96m==========================================================================================[0m
[96m🎯 GRADING PENDING PICKS[0m
[96m==========================================================================================[0m

[93m📋 Found 8 pending picks...[0m

  Fetching team stats to verify completed games for 2025-12-16...
[96m  Fetching batch stats for 12/16/2025...[0m
  Fetching team stats to verify completed games for 2026-01-05...

[93mNo picks ready for grading yet[0m

[96mFetching REAL NBA player 3-pointers statistics...[0m
[92m✓ Using cached player 3-pointers stats (less than 6 hours old)[0m

[96mFetching opponent 3-pointers factors...[0m
[92m✓ Using cached 3-pointers factors[0m

[96mFetching player 3-pointers prop odds...[0m
[96m  Found 8 upcoming games[0m
[96m  Filtered to 8 upcoming games[0m
[96m  Game 1/8: New York Knicks @ Detroit Pistons[0m
[96m  Game 2/8: Atlanta Hawks @ Toronto Raptors[0m
[96m  Game 3/8: Chicago Bulls @ Boston Celtics[0m
[96m  Game 4/8: Charlotte Hornets @ Oklahoma City Thunder[0m
[96m  Game 5/8: Phoenix Suns @ Houston Rockets[0m
[96m  Game 6/8: Denver Nuggets @ Philadelphia 76ers[0m
[96m  Game 7/8: Golden State Warriors @ Los Angeles Clippers[0m
[96m  Game 8/8: Utah Jazz @ Portland Trail Blazers[0m
[92m✓ Fetched 70 player 3-pointers props (grouped)[0m

[96mAnalyzing 70 player props with REAL stats...[0m
[92m✓ Found 6 top OVER plays (A.I. Score >= 7.5)[0m
[92m✓ Found 1 top UNDER plays (A.I. Score >= 7.5)[0m
[93m  Skipped 3 props (no player stats found)[0m
[93m  Skipped 127 props (score below 7.5 or failed checks)[0m

[96m==========================================================================================[0m
[96m📊 TRACKING NEW PICKS[0m
[96m==========================================================================================[0m
[93m✓ Updated odds for 2 existing picks[0m

[1m[92m================================================================================[0m
[1m[92mTOP OVER PLAYS[0m
[1m[92m================================================================================[0m
  [96m 1. LaMelo Ball              [0m | [92mOVER 2.5 3PT   [0m | Charlotte Hornets         vs Oklahoma City Thunder     | [1mA.I.: 10.00[0m | Rating: 4.0 ⭐⭐
  [96m 2. Jamal Murray             [0m | [92mOVER 2.5 3PT   [0m | Denver Nuggets            vs Philadelphia 76ers        | [1mA.I.: 9.29[0m | Rating: 3.8 ⭐
  [96m 3. Kon Knueppel             [0m | [92mOVER 2.5 3PT   [0m | Charlotte Hornets         vs Oklahoma City Thunder     | [1mA.I.: 10.00[0m | Rating: 3.4 ⭐
  [96m 4. Luguentz Dort            [0m | [92mOVER 1.5 3PT   [0m | Oklahoma City Thunder     vs Charlotte Hornets         | [1mA.I.: 9.11[0m | Rating: 3.0 ⭐
  [96m 5. Royce O'Neale            [0m | [92mOVER 1.5 3PT   [0m | Phoenix Suns              vs Houston Rockets           | [1mA.I.: 10.00[0m | Rating: 2.9 
  [96m 6. Jalen Brunson            [0m | [92mOVER 2.5 3PT   [0m | New York Knicks           vs Detroit Pistons           | [1mA.I.: 9.00[0m | Rating: 2.7 

[1m[91m================================================================================[0m
[1m[91mTOP UNDER PLAYS[0m
[1m[91m================================================================================[0m
  [96m 1. Kevin Huerter            [0m | [91mUNDER 2.5 3PT  [0m | Chicago Bulls             vs Boston Celtics            | [1mA.I.: 7.64[0m | Rating: 2.7 

[96mGenerating HTML report...[0m

[92m✓ HTML report saved: /Users/rico/sports-models/nba/nba_3pt_props.html[0m

[1m[92m================================================================================[0m
[1m[92m✓ Model execution complete![0m
[1m[92m================================================================================[0m


==========================================
✅ Model completed successfully!
==========================================

📤 Pushing updates to GitHub...
