============================================================
Scheduler run: nba_points_props
Time: Thu Jan 15 02:35:05 EST 2026
Working dir: /Users/rico/sports-models/nba
Script: nba_points_props_model.py
============================================================

[1m[96m================================================================================[0m
[1m[96mNBA POINTS PROPS A.I. MODEL[0m
[1m[96m================================================================================[0m

[96m==========================================================================================[0m
[96m🎯 GRADING PENDING PICKS (BATCH MODE)[0m
[96m==========================================================================================[0m

[93m📋 Found 31 pending picks...[0m


[96mProcessing 9 picks for 2025-12-16...[0m
[96m  Fetching batch stats for 12/16/2025...[0m
  Fetching team stats to verify completed games for 2025-12-16...
[93m  ⚠️  No stats found for 2025-12-16 yet[0m

[96mProcessing 2 picks for 2025-12-23...[0m
[96m  Fetching batch stats for 12/23/2025...[0m
  Fetching team stats to verify completed games for 2025-12-23...

[96mProcessing 1 picks for 2026-01-03...[0m
[96m  Fetching batch stats for 01/03/2026...[0m
  Fetching team stats to verify completed games for 2026-01-03...

[96mProcessing 2 picks for 2026-01-08...[0m
[96m  Fetching batch stats for 01/08/2026...[0m
  Fetching team stats to verify completed games for 2026-01-08...

[96mProcessing 1 picks for 2026-01-09...[0m
[96m  Fetching batch stats for 01/09/2026...[0m
  Fetching team stats to verify completed games for 2026-01-09...

[96mProcessing 3 picks for 2026-01-10...[0m
[96m  Fetching batch stats for 01/10/2026...[0m
  Fetching team stats to verify completed games for 2026-01-10...

[96mProcessing 3 picks for 2026-01-14...[0m
[96m  Fetching batch stats for 01/14/2026...[0m
  Fetching team stats to verify completed games for 2026-01-14...
    [91mLOSS[0m: Miles McBride had 10 points (line: 10.5, bet: OVER) | Profit: -1.00 units
    [92mWIN[0m: Kyshawn George had 23 points (line: 12.5, bet: OVER) | Profit: 0.83 units
    [92mWIN[0m: Jordan Clarkson had 11 points (line: 7.5, bet: OVER) | Profit: 0.90 units

[92m✓ Graded 3 picks[0m

[96mFetching REAL NBA player points statistics...[0m
[92m✓ Using cached player stats (less than 6 hours old)[0m

[96mFetching opponent defense factors...[0m
[92m✓ Using cached defense factors[0m

[96mFetching player points prop odds...[0m
[96m  Found 9 upcoming games[0m
[96m  Filtered to 9 upcoming games[0m
[96m  Game 1/9: Memphis Grizzlies @ Orlando Magic[0m
[96m  Game 2/9: Phoenix Suns @ Detroit Pistons[0m
[96m  Game 3/9: Boston Celtics @ Miami Heat[0m
[96m  Game 4/9: Oklahoma City Thunder @ Houston Rockets[0m
[96m  Game 5/9: Milwaukee Bucks @ San Antonio Spurs[0m
[96m  Game 6/9: Utah Jazz @ Dallas Mavericks[0m
[96m  Game 7/9: Atlanta Hawks @ Portland Trail Blazers[0m
[96m  Game 8/9: New York Knicks @ Golden State Warriors[0m
[96m  Game 9/9: Charlotte Hornets @ Los Angeles Lakers[0m
[92m✓ Fetched 202 total player props[0m

[96mAnalyzing 202 player props with REAL stats...[0m
[92m✓ Found 10 top OVER plays (A.I. Score >= 10.0)[0m
[92m✓ Found 4 top UNDER plays (A.I. Score >= 10.0)[0m
[93m  Skipped 8 props (no player stats found)[0m
[93m  Skipped 338 props (score below 10.0)[0m

[96m==========================================================================================[0m
[96m📊 TRACKING NEW PICKS[0m
[96m==========================================================================================[0m
[93m✓ Updated odds for 4 existing picks[0m

[1m[92m================================================================================[0m
[1m[92mTOP OVER PLAYS[0m
[1m[92m================================================================================[0m
  [96m 1. Franz Wagner             [0m | [92mOVER 15.5 PTS  [0m | Orlando Magic vs Memphis Grizzlies | [1mA.I.: 10.00[0m | Rating: 4.9 ⭐⭐
  [96m 2. Jalen Duren              [0m | [92mOVER 14.5 PTS  [0m | Detroit Pistons vs Phoenix Suns | [1mA.I.: 10.00[0m | Rating: 4.9 ⭐⭐
  [96m 3. Duncan Robinson          [0m | [92mOVER 9.5 PTS   [0m | Detroit Pistons vs Phoenix Suns | [1mA.I.: 10.00[0m | Rating: 4.9 ⭐⭐
  [96m 4. Tobias Harris            [0m | [92mOVER 9.5 PTS   [0m | Detroit Pistons vs Phoenix Suns | [1mA.I.: 10.00[0m | Rating: 4.9 ⭐⭐
  [96m 5. Anfernee Simons          [0m | [92mOVER 12.5 PTS  [0m | Boston Celtics vs Miami Heat | [1mA.I.: 10.00[0m | Rating: 4.9 ⭐⭐
  [96m 6. Kel'el Ware              [0m | [92mOVER 8.5 PTS   [0m | Miami Heat vs Boston Celtics | [1mA.I.: 10.00[0m | Rating: 4.9 ⭐⭐
  [96m 7. Norman Powell            [0m | [92mOVER 21.5 PTS  [0m | Miami Heat vs Boston Celtics | [1mA.I.: 10.00[0m | Rating: 4.9 ⭐⭐
  [96m 8. Reed Sheppard            [0m | [92mOVER 9.5 PTS   [0m | Houston Rockets vs Oklahoma City Thunder | [1mA.I.: 10.00[0m | Rating: 4.9 ⭐⭐
  [96m 9. Ajay Mitchell            [0m | [92mOVER 11.5 PTS  [0m | Oklahoma City Thunder vs Houston Rockets | [1mA.I.: 10.00[0m | Rating: 4.9 ⭐⭐
  [96m10. Chet Holmgren            [0m | [92mOVER 15.5 PTS  [0m | Oklahoma City Thunder vs Houston Rockets | [1mA.I.: 10.00[0m | Rating: 4.9 ⭐⭐

[1m[91m================================================================================[0m
[1m[91mTOP UNDER PLAYS[0m
[1m[91m================================================================================[0m
  [96m 1. Cam Spencer              [0m | [91mUNDER 13.5 PTS [0m | Memphis Grizzlies vs Orlando Magic | [1mA.I.: 10.00[0m | Rating: 4.9 ⭐⭐
  [96m 2. Paolo Banchero           [0m | [91mUNDER 23.5 PTS [0m | Orlando Magic vs Memphis Grizzlies | [1mA.I.: 10.00[0m | Rating: 4.9 ⭐⭐
  [96m 3. Daniel Gafford           [0m | [91mUNDER 10.5 PTS [0m | Dallas Mavericks vs Utah Jazz | [1mA.I.: 10.00[0m | Rating: 4.9 ⭐⭐
  [96m 4. Shaedon Sharpe           [0m | [91mUNDER 24.5 PTS [0m | Portland Trail Blazers vs Atlanta Hawks | [1mA.I.: 10.00[0m | Rating: 4.9 ⭐⭐

[96mGenerating HTML report...[0m

[92m✓ HTML report saved: /Users/rico/sports-models/nba/nba_points_props.html[0m

[1m[92m================================================================================[0m
[1m[92m✓ Model execution complete![0m
[1m[92m================================================================================[0m

✅ Completed: nba_points_props at Thu Jan 15 02:35:11 EST 2026

📤 Auto-pushing model outputs to GitHub...
[main 2b14c44] Update model outputs - 2026-01-15 02:35:11
 Committer: Ricardo Hill <rico@Ricos-M1-Mac-2.local>
Your name and email address were configured automatically based
on your username and hostname. Please check that they are accurate.
You can suppress this message by setting them explicitly. Run the
following command and follow the instructions in your editor to edit
your configuration file:

    git config --global --edit

After doing this, you may fix the identity used for this commit with:

    git commit --amend --reset-author

 2 files changed, 387 insertions(+), 67 deletions(-)
To https://github.com/BangLetsGetIt/NBA-NCAA-Betting-Models.git
   1950d15..2b14c44  main -> main
✅ Successfully pushed to GitHub!
✅ Auto-push succeeded at Thu Jan 15 02:35:12 EST 2026
