============================================================
Scheduler run: nba_rebounds_props
Time: Tue Dec 30 18:10:05 EST 2025
Working dir: /Users/rico/sports-models/nba
Script: nba_rebounds_props_model.py
============================================================

[1m[96m================================================================================[0m
[1m[96mNBA REBOUNDS PROPS A.I. MODEL[0m
[1m[96m================================================================================[0m

[96m==========================================================================================[0m
[96m🎯 GRADING PENDING PICKS[0m
[96m==========================================================================================[0m

[93m📋 Found 7 pending picks...[0m

  Fetching team stats to verify completed games for 2025-12-16...
[96m  Fetching batch stats for 12/16/2025...[0m
  Fetching team stats to verify completed games for 2025-12-30...

[93mNo picks ready for grading yet[0m

[96mFetching REAL NBA player rebounding statistics...[0m
[96m  Fetching season rebounding stats...[0m
[96m  Fetching recent form (last 10 games)...[0m
[92m✓ Fetched REAL rebounding stats for 505 players[0m

[96mFetching opponent rebounding factors...[0m
[92m✓ Fetched rebounding factors for 30 teams[0m

[96mFetching player rebounds prop odds...[0m
[96m  Found 8 upcoming games[0m
[96m  Filtered to 8 upcoming games[0m
[96m  Game 1/8: Philadelphia 76ers @ Memphis Grizzlies[0m
[96m  Game 2/8: Boston Celtics @ Utah Jazz[0m
[96m  Game 3/8: Detroit Pistons @ Los Angeles Lakers[0m
[96m  Game 4/8: Sacramento Kings @ Los Angeles Clippers[0m
[96m  Game 5/8: Minnesota Timberwolves @ Atlanta Hawks[0m
[96m  Game 6/8: Orlando Magic @ Indiana Pacers[0m
[96m  Game 7/8: Phoenix Suns @ Cleveland Cavaliers[0m
[96m  Game 8/8: New York Knicks @ San Antonio Spurs[0m
[92m✓ Fetched 59 player rebounds props (grouped)[0m

[96mAnalyzing 59 player props with REAL stats...[0m
[92m✓ Found 0 top OVER plays (A.I. Score >= 10.0)[0m
[92m✓ Found 2 top UNDER plays (A.I. Score >= 10.0)[0m
[93m  Skipped 3 props (no player stats found)[0m
[93m  Skipped 110 props (score below 10.0 or failed checks)[0m

[96m==========================================================================================[0m
[96m📊 TRACKING NEW PICKS[0m
[96m==========================================================================================[0m
[93m✓ Updated odds for 2 existing picks[0m

[1m[92m================================================================================[0m
[1m[92mTOP OVER PLAYS[0m
[1m[92m================================================================================[0m

[1m[91m================================================================================[0m
[1m[91mTOP UNDER PLAYS[0m
[1m[91m================================================================================[0m
  [96m 1. John Collins             [0m | [91mUNDER 6.5 REB  [0m | Los Angeles Clippers      vs Sacramento Kings          | [1mA.I.: 10.00[0m | Rating: 4.4 ⭐⭐
  [96m 2. Brook Lopez              [0m | [91mUNDER 5.5 REB  [0m | Los Angeles Clippers      vs Sacramento Kings          | [1mA.I.: 10.00[0m | Rating: 4.2 ⭐⭐

[96mGenerating HTML report...[0m

[92m✓ HTML report saved: /Users/rico/sports-models/nba/nba_rebounds_props.html[0m

[1m[92m================================================================================[0m
[1m[92m✓ Model execution complete![0m
[1m[92m================================================================================[0m

✅ Completed: nba_rebounds_props at Tue Dec 30 18:10:14 EST 2025

📤 Auto-pushing model outputs to GitHub...
[main 7f04a27] Update model outputs - 2025-12-30 18:10:14
 Committer: Ricardo Hill <rico@Ricos-M1-Mac-2.local>
Your name and email address were configured automatically based
on your username and hostname. Please check that they are accurate.
You can suppress this message by setting them explicitly. Run the
following command and follow the instructions in your editor to edit
your configuration file:

    git config --global --edit

After doing this, you may fix the identity used for this commit with:

    git commit --amend --reset-author

 2 files changed, 28 insertions(+), 28 deletions(-)
To https://github.com/BangLetsGetIt/NBA-NCAA-Betting-Models.git
   a2f8a93..7f04a27  main -> main
✅ Successfully pushed to GitHub!
✅ Auto-push succeeded at Tue Dec 30 18:10:15 EST 2025
