============================================================
Scheduler run: nba_rebounds_props
Time: Sat Jan 10 10:17:03 EST 2026
Working dir: /Users/rico/sports-models/nba
Script: nba_rebounds_props_model.py
============================================================

[1m[96m================================================================================[0m
[1m[96mNBA REBOUNDS PROPS A.I. MODEL[0m
[1m[96m================================================================================[0m

[96m==========================================================================================[0m
[96m🎯 GRADING PENDING PICKS[0m
[96m==========================================================================================[0m

[93m📋 Found 14 pending picks...[0m

  Fetching team stats to verify completed games for 2025-12-16...
[96m  Fetching batch stats for 12/16/2025...[0m
  Fetching team stats to verify completed games for 2025-12-30...
  Error fetching completed teams: HTTPSConnectionPool(host='stats.nba.com', port=443): Read timed out. (read timeout=30)
[96m  Fetching batch stats for 12/30/2025...[0m
  Fetching team stats to verify completed games for 2026-01-01...
[96m  Fetching batch stats for 01/01/2026...[0m
  Fetching team stats to verify completed games for 2026-01-08...
[96m  Fetching batch stats for 01/08/2026...[0m
  Fetching team stats to verify completed games for 2026-01-10...

[93mNo picks ready for grading yet[0m

[96mFetching REAL NBA player rebounding statistics...[0m
[92m✓ Using cached player rebounding stats (less than 6 hours old)[0m

[96mFetching opponent rebounding factors...[0m
[92m✓ Fetched rebounding factors for 30 teams[0m

[96mFetching player rebounds prop odds...[0m
[96m  Found 6 upcoming games[0m
[96m  Filtered to 6 upcoming games[0m
[96m  Game 1/6: Minnesota Timberwolves @ Cleveland Cavaliers[0m
[96m  Game 2/6: Miami Heat @ Indiana Pacers[0m
[96m  Game 3/6: Los Angeles Clippers @ Detroit Pistons[0m
[96m  Game 4/6: San Antonio Spurs @ Boston Celtics[0m
[96m  Game 5/6: Dallas Mavericks @ Chicago Bulls[0m
[96m  Game 6/6: Charlotte Hornets @ Utah Jazz[0m
[92m✓ Fetched 76 player rebounds props (grouped)[0m

[96mAnalyzing 76 player props with REAL stats...[0m
[92m✓ Found 1 top OVER plays (A.I. Score >= 10.0)[0m
[92m✓ Found 2 top UNDER plays (A.I. Score >= 10.0)[0m
[93m  Skipped 3 props (no player stats found)[0m
[93m  Skipped 143 props (score below 10.0 or failed checks)[0m

[96m==========================================================================================[0m
[96m📊 TRACKING NEW PICKS[0m
[96m==========================================================================================[0m
[92m✓ Tracked 1 new picks[0m
[93m✓ Updated odds for 2 existing picks[0m

[1m[92m================================================================================[0m
[1m[92mTOP OVER PLAYS[0m
[1m[92m================================================================================[0m
  [96m 1. Kel'el Ware              [0m | [92mOVER 9.5 REB   [0m | Miami Heat                vs Indiana Pacers            | [1mA.I.: 10.00[0m | Rating: 4.9 ⭐⭐

[1m[91m================================================================================[0m
[1m[91mTOP UNDER PLAYS[0m
[1m[91m================================================================================[0m
  [96m 1. Kyle Filipowski          [0m | [91mUNDER 7.5 REB  [0m | Utah Jazz                 vs Charlotte Hornets         | [1mA.I.: 10.00[0m | Rating: 4.9 ⭐⭐
  [96m 2. Matas Buzelis            [0m | [91mUNDER 6.5 REB  [0m | Chicago Bulls             vs Dallas Mavericks          | [1mA.I.: 10.00[0m | Rating: 4.1 ⭐⭐

[96mGenerating HTML report...[0m

[92m✓ HTML report saved: /Users/rico/sports-models/nba/nba_rebounds_props.html[0m

[1m[92m================================================================================[0m
[1m[92m✓ Model execution complete![0m
[1m[92m================================================================================[0m

✅ Completed: nba_rebounds_props at Sat Jan 10 10:43:23 EST 2026

📤 Auto-pushing model outputs to GitHub...
[main 91bab62] Update model outputs - 2026-01-10 10:43:23
 Committer: Ricardo Hill <rico@Ricos-M1-Mac-2.local>
Your name and email address were configured automatically based
on your username and hostname. Please check that they are accurate.
You can suppress this message by setting them explicitly. Run the
following command and follow the instructions in your editor to edit
your configuration file:

    git config --global --edit

After doing this, you may fix the identity used for this commit with:

    git commit --amend --reset-author

 2 files changed, 62 insertions(+), 40 deletions(-)
To https://github.com/BangLetsGetIt/NBA-NCAA-Betting-Models.git
 ! [remote rejected] main -> main (cannot lock ref 'refs/heads/main': is at 91bab62c327d3fe96271af39d5b697a21f3de7fe but expected 44d1cb3a0af49f0a31646c5edb9e1359b32f2bae)
error: failed to push some refs to 'https://github.com/BangLetsGetIt/NBA-NCAA-Betting-Models.git'
⚠️  Push failed - you may need to set up the GitHub remote first
✅ Auto-push succeeded at Sat Jan 10 10:43:24 EST 2026
