============================================================
Scheduler run: nba_points_props
Time: Wed Jan  7 18:00:04 EST 2026
Working dir: /Users/rico/sports-models/nba
Script: nba_points_props_model.py
============================================================

[1m[96m================================================================================[0m
[1m[96mNBA POINTS PROPS A.I. MODEL[0m
[1m[96m================================================================================[0m

[96m==========================================================================================[0m
[96m🎯 GRADING PENDING PICKS (BATCH MODE)[0m
[96m==========================================================================================[0m

[93m📋 Found 33 pending picks...[0m


[96mProcessing 9 picks for 2025-12-16...[0m
[96m  Fetching batch stats for 12/16/2025...[0m
  Fetching team stats to verify completed games for 2025-12-16...
[93m  ⚠️  No stats found for 2025-12-16 yet[0m

[96mProcessing 2 picks for 2025-12-23...[0m
[96m  Fetching batch stats for 12/23/2025...[0m
  Fetching team stats to verify completed games for 2025-12-23...

[96mProcessing 1 picks for 2026-01-03...[0m
[96m  Fetching batch stats for 01/03/2026...[0m
  Fetching team stats to verify completed games for 2026-01-03...

[93mNo picks ready for grading yet[0m

[96mFetching REAL NBA player points statistics...[0m
[96m  Fetching season points stats...[0m
[96m  Fetching recent form (last 10 games)...[0m
[92m✓ Fetched REAL stats for 506 players[0m

[96mFetching opponent defense factors...[0m
[92m✓ Fetched defense factors for 30 teams[0m

[96mFetching player points prop odds...[0m
[96m  Found 13 upcoming games[0m
[96m  Filtered to 13 upcoming games[0m
[96m  Game 1/10: Denver Nuggets @ Boston Celtics[0m
[96m  Game 2/10: Toronto Raptors @ Charlotte Hornets[0m
[96m  Game 3/10: Chicago Bulls @ Detroit Pistons[0m
[96m  Game 4/10: Washington Wizards @ Philadelphia 76ers[0m
[96m  Game 5/10: New Orleans Pelicans @ Atlanta Hawks[0m
[96m  Game 6/10: Orlando Magic @ Brooklyn Nets[0m
[96m  Game 7/10: Los Angeles Clippers @ New York Knicks[0m
[96m  Game 8/10: Phoenix Suns @ Memphis Grizzlies[0m
[96m  Game 9/10: Utah Jazz @ Oklahoma City Thunder[0m
[96m  Game 10/10: Los Angeles Lakers @ San Antonio Spurs[0m
[92m✓ Fetched 238 total player props[0m

[96mAnalyzing 238 player props with REAL stats...[0m
[92m✓ Found 10 top OVER plays (A.I. Score >= 10.0)[0m
[92m✓ Found 9 top UNDER plays (A.I. Score >= 10.0)[0m
[93m  Skipped 12 props (no player stats found)[0m
[93m  Skipped 412 props (score below 10.0)[0m

[96m==========================================================================================[0m
[96m📊 TRACKING NEW PICKS[0m
[96m==========================================================================================[0m
[92m✓ Tracked 3 new picks[0m
[93m✓ Updated odds for 6 existing picks[0m

[1m[92m================================================================================[0m
[1m[92mTOP OVER PLAYS[0m
[1m[92m================================================================================[0m
  [96m 1. Aaron Gordon             [0m | [92mOVER 13.5 PTS  [0m | Denver Nuggets vs Boston Celtics | [1mA.I.: 10.00[0m | Rating: 4.9 ⭐⭐
  [96m 2. Tyrese Maxey             [0m | [92mOVER 28.5 PTS  [0m | Philadelphia 76ers vs Washington Wizards | [1mA.I.: 10.00[0m | Rating: 4.9 ⭐⭐
  [96m 3. Cam Thomas               [0m | [92mOVER 17.5 PTS  [0m | Brooklyn Nets vs Orlando Magic | [1mA.I.: 10.00[0m | Rating: 4.9 ⭐⭐
  [96m 4. Noah Clowney             [0m | [92mOVER 11.5 PTS  [0m | Brooklyn Nets vs Orlando Magic | [1mA.I.: 10.00[0m | Rating: 4.9 ⭐⭐
  [96m 5. Nicolas Claxton          [0m | [92mOVER 10.5 PTS  [0m | Brooklyn Nets vs Orlando Magic | [1mA.I.: 10.00[0m | Rating: 4.9 ⭐⭐
  [96m 6. Jordan Clarkson          [0m | [92mOVER 7.5 PTS   [0m | New York Knicks vs Los Angeles Clippers | [1mA.I.: 10.00[0m | Rating: 4.9 ⭐⭐
  [96m 7. Miles McBride            [0m | [92mOVER 10.5 PTS  [0m | New York Knicks vs Los Angeles Clippers | [1mA.I.: 10.00[0m | Rating: 4.9 ⭐⭐
  [96m 8. Ace Bailey               [0m | [92mOVER 8.5 PTS   [0m | Utah Jazz vs Oklahoma City Thunder | [1mA.I.: 10.00[0m | Rating: 4.9 ⭐⭐
  [96m 9. Lauri Markkanen          [0m | [92mOVER 24.5 PTS  [0m | Utah Jazz vs Oklahoma City Thunder | [1mA.I.: 10.00[0m | Rating: 4.9 ⭐⭐
  [96m10. Keyonte George           [0m | [92mOVER 21.5 PTS  [0m | Utah Jazz vs Oklahoma City Thunder | [1mA.I.: 10.00[0m | Rating: 4.9 ⭐⭐

[1m[91m================================================================================[0m
[1m[91mTOP UNDER PLAYS[0m
[1m[91m================================================================================[0m
  [96m 1. Collin Murray-Boyles     [0m | [91mUNDER 9.5 PTS  [0m | Toronto Raptors vs Charlotte Hornets | [1mA.I.: 10.00[0m | Rating: 4.9 ⭐⭐
  [96m 2. Ausar Thompson           [0m | [91mUNDER 13.5 PTS [0m | Detroit Pistons vs Chicago Bulls | [1mA.I.: 10.00[0m | Rating: 4.9 ⭐⭐
  [96m 3. Kevin Huerter            [0m | [91mUNDER 13.5 PTS [0m | Chicago Bulls vs Detroit Pistons | [1mA.I.: 10.00[0m | Rating: 4.9 ⭐⭐
  [96m 4. Dyson Daniels            [0m | [91mUNDER 13.5 PTS [0m | Atlanta Hawks vs New Orleans Pelicans | [1mA.I.: 10.00[0m | Rating: 4.9 ⭐⭐
  [96m 5. Jalen Johnson            [0m | [91mUNDER 25.5 PTS [0m | Atlanta Hawks vs New Orleans Pelicans | [1mA.I.: 10.00[0m | Rating: 4.9 ⭐⭐
  [96m 6. Nickeil Alexander-Walker [0m | [91mUNDER 23.5 PTS [0m | Atlanta Hawks vs New Orleans Pelicans | [1mA.I.: 10.00[0m | Rating: 4.9 ⭐⭐
  [96m 7. Paolo Banchero           [0m | [91mUNDER 23.5 PTS [0m | Orlando Magic vs Brooklyn Nets | [1mA.I.: 10.00[0m | Rating: 4.9 ⭐⭐
  [96m 8. Jaylen Wells             [0m | [91mUNDER 14.5 PTS [0m | Memphis Grizzlies vs Phoenix Suns | [1mA.I.: 10.00[0m | Rating: 4.9 ⭐⭐
  [96m 9. Julian Champagnie        [0m | [91mUNDER 12.5 PTS [0m | San Antonio Spurs vs Los Angeles Lakers | [1mA.I.: 10.00[0m | Rating: 4.9 ⭐⭐

[96mGenerating HTML report...[0m

[92m✓ HTML report saved: /Users/rico/sports-models/nba/nba_points_props.html[0m

[1m[92m================================================================================[0m
[1m[92m✓ Model execution complete![0m
[1m[92m================================================================================[0m

✅ Completed: nba_points_props at Wed Jan  7 18:00:52 EST 2026

📤 Auto-pushing model outputs to GitHub...
[main 61b41bb] Update model outputs - 2026-01-07 18:00:52
 Committer: Ricardo Hill <rico@Ricos-M1-Mac-2.local>
Your name and email address were configured automatically based
on your username and hostname. Please check that they are accurate.
You can suppress this message by setting them explicitly. Run the
following command and follow the instructions in your editor to edit
your configuration file:

    git config --global --edit

After doing this, you may fix the identity used for this commit with:

    git commit --amend --reset-author

 2 files changed, 442 insertions(+), 152 deletions(-)
To https://github.com/BangLetsGetIt/NBA-NCAA-Betting-Models.git
   942fc0b..61b41bb  main -> main
✅ Successfully pushed to GitHub!
✅ Auto-push succeeded at Wed Jan  7 18:00:53 EST 2026
