============================================================
Scheduler run: nba_main_model
Time: Fri Jan  2 18:20:05 EST 2026
Working dir: /Users/rico/sports-models/nba
Script: nba_model_IMPROVED.py
============================================================

[1m==========================================================================================[0m
[1m[96m🎲 IMPROVED NBA BETTING MODEL 🎲[0m
[1m[92m⚡ Enhanced Stats + Rest Days + Stricter Filters ⚡[0m
[1m==========================================================================================[0m

[1m[96mSTEP 1: Checking for Completed Games[0m

[96m==========================================================================================[0m
[96m🔄 UPDATING RESULTS FOR COMPLETED GAMES[0m
[96m==========================================================================================[0m

[93m📋 Checking 9 pending picks...[0m
[96mFetching completed NBA game scores (via NBA API)...[0m
[92m✓ Found 14 completed games (Free API)[0m
[92m✓ Tracking data saved to /Users/rico/sports-models/nba/nba_picks_tracking.json[0m
[93mNo picks were updated (games may not be complete yet)[0m
[92m✓ Tracking dashboard saved: /Users/rico/sports-models/nba/nba_tracking_dashboard.html[0m

[1m[96mSTEP 2: Fetching Composite Stats (Season + Form)[0m
[92m✓ Using cached composite stats (less than 6 hours old)[0m

[1m[96mSTEP 3: Fetching Home/Away Splits[0m
[92m✓ Using cached home/away splits (less than 6 hours old)[0m

[1m[96mSTEP 4: Fetching Team Schedules (Rest Days)[0m

[1m[96mSTEP 5: Fetching Live Odds (Next 2 Days)[0m
[92m✓ Fetched odds for 12 total games[0m
[92m✓ Filtered to 12 games in next 2 days[0m

[1m[96mSTEP 6: Processing Games & Generating Picks[0m

[92m✓ Tracking data saved to /Users/rico/sports-models/nba/nba_picks_tracking.json[0m
[92m📝 LOGGED PICK: ✅ BET: Brooklyn Nets +3.0 (Edge: -6.7)[0m
[92m✓ Tracking data saved to /Users/rico/sports-models/nba/nba_picks_tracking.json[0m
[92m📝 LOGGED PICK: ✅ BET: OVER 224.0 (Edge: +7.9)[0m
[92m✓ Tracking data saved to /Users/rico/sports-models/nba/nba_picks_tracking.json[0m
[92m📝 LOGGED PICK: ✅ BET: New Orleans Pelicans +3.5 (Edge: +6.0)[0m
[92m✓ Tracking data saved to /Users/rico/sports-models/nba/nba_picks_tracking.json[0m
[92m📝 LOGGED PICK: ✅ BET: Dallas Mavericks +7.5 (Edge: +8.8)[0m
[92m✓ Tracking data saved to /Users/rico/sports-models/nba/nba_picks_tracking.json[0m
[92m📝 LOGGED PICK: ✅ BET: OVER 226.5 (Edge: +11.4)[0m
[92m✓ Tracking data saved to /Users/rico/sports-models/nba/nba_picks_tracking.json[0m
[92m✓ Updated CLV data for existing picks[0m

[1m[92m✅ Analyzed 12 games with complete odds[0m

[93m📊 All picks sorted by A.I. Rating (quality/confidence first)[0m


[1m==========================================================================================[0m
[1m[93m🏀 NBA MODEL PREDICTIONS 🏀[0m
[1m==========================================================================================[0m

[1m[96mSan Antonio Spurs @ Indiana Pacers[0m
  🕐 01/02/26 07:10 PM EST
  [92m[1m🎯 A.I. Rating: 4.9 ⭐⭐ (PREMIUM PLAY)[0m
  [92m✅ GOOD: Indiana Pacers - Good record: 8-5 (62%) | +2.50u over 13 picks[0m
  📊 Spread: Market +5.0 | Model +11.2
  🎯 Total: Market 238.5 | Model 237.3
  [92m✅ BET: Indiana Pacers +5.0[0m
     [96mModel projects Indiana Pacers to win outright, easily covering +5.0.[0m
  [93m⚠️ NO BET - Too close to call[0m
  📈 Predicted: San Antonio Spurs 113, Indiana Pacers 124

[1m[96mHouston Rockets @ Dallas Mavericks[0m
  🕐 01/03/26 08:40 PM EST
  [92m[1m🎯 A.I. Rating: 4.4 ⭐⭐ (STRONG PLAY)[0m
  [92m✅ GOOD: Dallas Mavericks - Good record: 6-3 (67%) | +2.80u over 9 picks[0m
  📊 Spread: Market +7.5 | Model +1.3
  🎯 Total: Market 226.5 | Model 237.9
  [92m✅ BET: Dallas Mavericks +7.5[0m
     [96mModel projects Dallas Mavericks to win outright, easily covering +7.5.[0m
  [92m✅ BET: OVER 226.5[0m
     [96mModel projects 238 total points, bet the OVER[0m
  📈 Predicted: Houston Rockets 118, Dallas Mavericks 120

[1m[96mOklahoma City Thunder @ Golden State Warriors[0m
  🕐 01/02/26 10:10 PM EST
  [92m[1m🎯 A.I. Rating: 4.2 ⭐⭐ (STRONG PLAY)[0m
  [93m⚠️ CAUTION: Golden State Warriors - Below average: 2-3 (40%) | -1.30u over 5 picks[0m
  📊 Spread: Market +13.5 | Model -2.3
  🎯 Total: Market 226.0 | Model 235.6
  [92m✅ BET: Golden State Warriors +13.5[0m
     [96mModel projects Golden State Warriors to lose by only 2.3, covering +13.5.[0m
  [92m✅ BET: OVER 226.0[0m
     [96mModel projects 236 total points, bet the OVER[0m
  📈 Predicted: Oklahoma City Thunder 119, Golden State Warriors 117

[1m[96mSacramento Kings @ Phoenix Suns[0m
  🕐 01/02/26 09:10 PM EST
  [92m[1m🎯 A.I. Rating: 4.1 ⭐⭐ (STRONG PLAY)[0m
  [0m➖ NEUTRAL: Sacramento Kings - Average performance: 3-3 (50%) | -0.30u over 6 picks[0m
  📊 Spread: Market -13.0 | Model +3.7
  🎯 Total: Market 226.5 | Model 237.1
  [92m✅ BET: Sacramento Kings +13.0[0m
     [96mModel projects Phoenix Suns to win by only 3.7, not enough to cover -13.0.[0m
  [92m✅ BET: OVER 226.5[0m
     [96mModel projects 237 total points, bet the OVER[0m
  📈 Predicted: Sacramento Kings 117, Phoenix Suns 120

[1m[96mCharlotte Hornets @ Milwaukee Bucks[0m
  🕐 01/02/26 08:10 PM EST
  [92m[1m🎯 A.I. Rating: 4.0 ⭐⭐ (STRONG PLAY)[0m
  [91m🚫 COLD: Milwaukee Bucks - Poor performer: 2-7 (22%) | -5.79u over 9 picks[0m
  📊 Spread: Market -5.5 | Model +16.4
  🎯 Total: Market 231.5 | Model 234.2
  [92m✅ BET: Milwaukee Bucks -5.5[0m
     [96mModel projects Milwaukee Bucks to win by 16.4, covering -5.5.[0m
  [93m⚠️ NO BET - Too close to call[0m
  📈 Predicted: Charlotte Hornets 109, Milwaukee Bucks 125

[1m[96mPortland Trail Blazers @ New Orleans Pelicans[0m
  🕐 01/02/26 08:10 PM EST
  [96m[1m🎯 A.I. Rating: 3.9 ⭐ (GOOD PLAY)[0m
  [96m📊 NEUTRAL+: New Orleans Pelicans - Slightly above average: 4-3 (57%) | +0.70u over 7 picks[0m
  📊 Spread: Market +3.5 | Model +2.5
  🎯 Total: Market 241.5 | Model 232.0
  [92m✅ BET: New Orleans Pelicans +3.5[0m
     [96mModel projects New Orleans Pelicans to win outright, easily covering +3.5.[0m
  [92m✅ BET: UNDER 241.5[0m
     [96mModel projects 232 total points, bet the UNDER[0m
  📈 Predicted: Portland Trail Blazers 115, New Orleans Pelicans 117

[1m[96mOrlando Magic @ Chicago Bulls[0m
  🕐 01/02/26 08:10 PM EST
  [96m[1m🎯 A.I. Rating: 3.6 ⭐ (GOOD PLAY)[0m
  [93m⚠️ CAUTION: Chicago Bulls - Below average: 1-2 (33%) | -1.20u over 3 picks[0m
  📊 Spread: Market +5.0 | Model +3.2
  🎯 Total: Market 233.5 | Model 236.1
  [92m✅ BET: Chicago Bulls +5.0[0m
     [96mModel projects Chicago Bulls to win outright, easily covering +5.0.[0m
  [93m⚠️ NO BET - Too close to call[0m
  📈 Predicted: Orlando Magic 116, Chicago Bulls 120

[1m[96mBrooklyn Nets @ Washington Wizards[0m
  🕐 01/02/26 07:10 PM EST
  [96m[1m🎯 A.I. Rating: 3.6 ⭐ (GOOD PLAY)[0m
  [92m🔥 HOT: Brooklyn Nets - Strong performer: 3-1 (75%) | +1.90u over 4 picks[0m
  📊 Spread: Market -3.0 | Model -3.7
  🎯 Total: Market 224.0 | Model 231.9
  [92m✅ BET: Brooklyn Nets +3.0[0m
     [96mModel projects Washington Wizards to win by only 3.7, not enough to cover -3.0.[0m
  [92m✅ BET: OVER 224.0[0m
     [96mModel projects 232 total points, bet the OVER[0m
  📈 Predicted: Brooklyn Nets 118, Washington Wizards 114

[1m[96mMinnesota Timberwolves @ Miami Heat[0m
  🕐 01/03/26 05:10 PM EST
  [93m[1m🎯 A.I. Rating: 3.0 ⭐ (STANDARD PLAY)[0m
  📊 Spread: Market +2.5 | Model +2.0
  🎯 Total: Market 236.5 | Model 235.2
  [93m⚠️ NO BET - Too close to call[0m
     [96mEdge too small (+4.5)[0m
  [93m⚠️ NO BET - Too close to call[0m
  📈 Predicted: Minnesota Timberwolves 117, Miami Heat 119

[1m[96mDenver Nuggets @ Cleveland Cavaliers[0m
  🕐 01/02/26 07:40 PM EST
  [93m[1m🎯 A.I. Rating: 2.9  (MARGINAL PLAY)[0m
  📊 Spread: Market -14.5 | Model +11.1
  🎯 Total: Market 239.5 | Model 240.6
  [93m⚠️ NO BET - Too close to call[0m
     [96mEdge too small (-3.4)[0m
  [93m⚠️ NO BET - Too close to call[0m
  📈 Predicted: Denver Nuggets 115, Cleveland Cavaliers 126

[1m[96mAtlanta Hawks @ New York Knicks[0m
  🕐 01/02/26 07:40 PM EST
  [93m[1m🎯 A.I. Rating: 2.8  (MARGINAL PLAY)[0m
  📊 Spread: Market -6.5 | Model +9.6
  🎯 Total: Market 241.5 | Model 238.8
  [93m⚠️ NO BET - Too close to call[0m
     [96mEdge too small (+3.1)[0m
  [93m⚠️ NO BET - Too close to call[0m
  📈 Predicted: Atlanta Hawks 115, New York Knicks 124

[1m[96mMemphis Grizzlies @ Los Angeles Lakers[0m
  🕐 01/02/26 10:40 PM EST
  [93m[1m🎯 A.I. Rating: 2.4  (MARGINAL PLAY)[0m
  📊 Spread: Market -4.0 | Model +4.8
  🎯 Total: Market 240.5 | Model 239.6
  [93m⚠️ NO BET - Too close to call[0m
     [96mEdge too small (+0.8)[0m
  [93m⚠️ NO BET - Too close to call[0m
  📈 Predicted: Memphis Grizzlies 117, Los Angeles Lakers 122

[92m✓ CSV saved: /Users/rico/sports-models/nba/nba_model_output.csv[0m
[92m✓ HTML saved: /Users/rico/sports-models/nba/nba_model_output.html[0m

[1m[96mSTEP 7: Generating Final Tracking Dashboard[0m
[92m✓ Tracking dashboard saved: /Users/rico/sports-models/nba/nba_tracking_dashboard.html[0m

[1m==========================================================================================[0m
[1m[93m📊 TRACKING SUMMARY 📊[0m
[1m==========================================================================================[0m
[92mTotal Tracked Bets: 263[0m
[92mRecord: 136-116-2[0m
[92mWin Rate: 54.0%[0m
[92mProfit: +7.56 units[0m
[92mROI: +2.7%[0m
[1m==========================================================================================[0m

[96mUpdating unified dashboard...[0m
[92m✓ Dashboard updated[0m

✅ Completed: nba_main_model at Fri Jan  2 18:20:09 EST 2026

📤 Auto-pushing model outputs to GitHub...
[main 7dacc14] Update model outputs - 2026-01-02 18:20:09
 Committer: Ricardo Hill <rico@Ricos-M1-Mac-2.local>
Your name and email address were configured automatically based
on your username and hostname. Please check that they are accurate.
You can suppress this message by setting them explicitly. Run the
following command and follow the instructions in your editor to edit
your configuration file:

    git config --global --edit

After doing this, you may fix the identity used for this commit with:

    git commit --amend --reset-author

 4 files changed, 241 insertions(+), 55 deletions(-)
To https://github.com/BangLetsGetIt/NBA-NCAA-Betting-Models.git
   871bd9e..7dacc14  main -> main
✅ Successfully pushed to GitHub!
✅ Auto-push succeeded at Fri Jan  2 18:20:10 EST 2026
