============================================================
Scheduler run: nba_main_model
Time: Thu Jan 22 10:31:43 EST 2026
Working dir: /Users/rico/sports-models/nba
Script: nba_model_IMPROVED.py
============================================================

[1m==========================================================================================[0m
[1m[96m🎲 IMPROVED NBA BETTING MODEL 🎲[0m
[1m[92m⚡ Enhanced Stats + Rest Days + Stricter Filters ⚡[0m
[1m==========================================================================================[0m

[1m[96mSTEP 1: Checking for Completed Games[0m

[96m==========================================================================================[0m
[96m🔄 UPDATING RESULTS FOR COMPLETED GAMES[0m
[96m==========================================================================================[0m

[93m📋 Checking 6 pending picks...[0m
[96mFetching completed NBA game scores (via NBA API)...[0m
[93m  ⚠️  Error fetching for 01/22/2026: HTTPSConnectionPool(host='stats.nba.com', port=443): Max retries exceeded with url: /stats/scoreboardv2?DayOffset=0&GameDate=01%2F22%2F2026&LeagueID=00 (Caused by NameResolutionError("<urllib3.connection.HTTPSConnection object at 0x108287230>: Failed to resolve 'stats.nba.com' ([Errno 8] nodename nor servname provided, or not known)"))[0m
[93m  ⚠️  Error fetching for 01/21/2026: HTTPSConnectionPool(host='stats.nba.com', port=443): Max retries exceeded with url: /stats/scoreboardv2?DayOffset=0&GameDate=01%2F21%2F2026&LeagueID=00 (Caused by NameResolutionError("<urllib3.connection.HTTPSConnection object at 0x108580690>: Failed to resolve 'stats.nba.com' ([Errno 8] nodename nor servname provided, or not known)"))[0m
[93m  ⚠️  Error fetching for 01/20/2026: HTTPSConnectionPool(host='stats.nba.com', port=443): Max retries exceeded with url: /stats/scoreboardv2?DayOffset=0&GameDate=01%2F20%2F2026&LeagueID=00 (Caused by NameResolutionError("<urllib3.connection.HTTPSConnection object at 0x108580f50>: Failed to resolve 'stats.nba.com' ([Errno 8] nodename nor servname provided, or not known)"))[0m
[92m✓ Found 0 completed games (Free API)[0m
[93m⚠️  No completed games found.[0m
[92m✓ Tracking data saved to /Users/rico/sports-models/nba/nba_picks_tracking.json[0m
[92m✓ Tracking dashboard saved: /Users/rico/sports-models/nba/nba_tracking_dashboard.html[0m

[1m[96mSTEP 2: Fetching Composite Stats (Season + Form)[0m
[92m✓ Using cached composite stats (less than 6 hours old)[0m

[1m[96mSTEP 3: Fetching Home/Away Splits[0m
[92m✓ Using cached home/away splits (less than 6 hours old)[0m

[1m[96mSTEP 4: Fetching Team Schedules (Rest Days)[0m
[96m🔄 Fetching team schedules...[0m
[92m✓ Fetched schedules for 0 teams[0m

[1m[96mSTEP 5: Fetching Live Odds (Next 2 Days)[0m
[91m✗ Error fetching odds: HTTPSConnectionPool(host='api.the-odds-api.com', port=443): Max retries exceeded with url: /v4/sports/basketball_nba/odds/?apiKey=cf796adc9ac20a6df2247368d40fe0a0&regions=us%2Cus2&markets=h2h%2Cspreads%2Ctotals&oddsFormat=american&dateFormat=iso (Caused by NameResolutionError("<urllib3.connection.HTTPSConnection object at 0x10855c190>: Failed to resolve 'api.the-odds-api.com' ([Errno 8] nodename nor servname provided, or not known)"))[0m

[93m⚠️  No games found from The Odds API.[0m

✅ Completed: nba_main_model at Thu Jan 22 10:31:46 EST 2026

📤 Auto-pushing model outputs to GitHub...
[main c4984e8c] Update model outputs - 2026-01-22 10:31:46
 Committer: Ricardo Hill <rico@Ricos-M1-Mac-2.local>
Your name and email address were configured automatically based
on your username and hostname. Please check that they are accurate.
You can suppress this message by setting them explicitly. Run the
following command and follow the instructions in your editor to edit
your configuration file:

    git config --global --edit

After doing this, you may fix the identity used for this commit with:

    git commit --amend --reset-author

 1 file changed, 1 insertion(+), 1 deletion(-)
fatal: unable to access 'https://github.com/BangLetsGetIt/NBA-NCAA-Betting-Models.git/': Could not resolve host: github.com
⚠️  Push failed - you may need to set up the GitHub remote first
✅ Auto-push succeeded at Thu Jan 22 10:31:46 EST 2026
