============================================================
Scheduler run: nba_points_props
Time: Thu Jan 22 02:35:05 EST 2026
Working dir: /Users/rico/sports-models/nba
Script: nba_points_props_model.py
============================================================

[1m[96m================================================================================[0m
[1m[96mNBA POINTS PROPS A.I. MODEL[0m
[1m[96m================================================================================[0m

[96m==========================================================================================[0m
[96m🎯 GRADING PENDING PICKS (BATCH MODE)[0m
[96m==========================================================================================[0m

[93m📋 Found 36 pending picks...[0m


[96mProcessing 9 picks for 2025-12-16...[0m
[96m  Fetching batch stats for 12/16/2025...[0m
  Fetching team stats to verify completed games for 2025-12-16...
[93m  ⚠️  No stats found for 2025-12-16 yet[0m

[96mProcessing 2 picks for 2025-12-23...[0m
[96m  Fetching batch stats for 12/23/2025...[0m
  Fetching team stats to verify completed games for 2025-12-23...

[96mProcessing 1 picks for 2026-01-03...[0m
[96m  Fetching batch stats for 01/03/2026...[0m
  Fetching team stats to verify completed games for 2026-01-03...

[96mProcessing 2 picks for 2026-01-08...[0m
[96m  Fetching batch stats for 01/08/2026...[0m
  Fetching team stats to verify completed games for 2026-01-08...

[96mProcessing 1 picks for 2026-01-09...[0m
[96m  Fetching batch stats for 01/09/2026...[0m
  Fetching team stats to verify completed games for 2026-01-09...

[96mProcessing 3 picks for 2026-01-10...[0m
[96m  Fetching batch stats for 01/10/2026...[0m
  Fetching team stats to verify completed games for 2026-01-10...

[96mProcessing 1 picks for 2026-01-16...[0m
[96m  Fetching batch stats for 01/16/2026...[0m
  Fetching team stats to verify completed games for 2026-01-16...

[93mNo picks ready for grading yet[0m

[96mFetching REAL NBA player points statistics...[0m
[92m✓ Using cached player stats (less than 6 hours old)[0m

[96mFetching opponent defense factors...[0m
[92m✓ Using cached defense factors[0m

[96mFetching player points prop odds...[0m
[96m  Found 8 upcoming games[0m
[96m  Filtered to 8 upcoming games[0m
[96m  Game 1/8: Charlotte Hornets @ Orlando Magic[0m
[96m  Game 2/8: Denver Nuggets @ Washington Wizards[0m
[96m  Game 3/8: Houston Rockets @ Philadelphia 76ers[0m
[96m  Game 4/8: Golden State Warriors @ Dallas Mavericks[0m
[96m  Game 5/8: Chicago Bulls @ Minnesota Timberwolves[0m
[96m  Game 6/8: San Antonio Spurs @ Utah Jazz[0m
[96m  Game 7/8: Los Angeles Lakers @ Los Angeles Clippers[0m
[96m  Game 8/8: Miami Heat @ Portland Trail Blazers[0m
[92m✓ Fetched 188 total player props[0m

[96mAnalyzing 188 player props with REAL stats...[0m
[92m✓ Found 10 top OVER plays (A.I. Score >= 10.0)[0m
[92m✓ Found 5 top UNDER plays (A.I. Score >= 10.0)[0m
[93m  Skipped 8 props (no player stats found)[0m
[93m  Skipped 326 props (score below 10.0)[0m

[96m==========================================================================================[0m
[96m📊 TRACKING NEW PICKS[0m
[96m==========================================================================================[0m
[92m✓ Tracked 3 new picks[0m
[93m✓ Updated odds for 5 existing picks[0m

[1m[92m================================================================================[0m
[1m[92mTOP OVER PLAYS[0m
[1m[92m================================================================================[0m
  [96m 1. Miles Bridges            [0m | [92mOVER 14.5 PTS  [0m | Charlotte Hornets vs Orlando Magic | [1mA.I.: 10.00[0m | Rating: 4.9 ⭐⭐
  [96m 2. LaMelo Ball              [0m | [92mOVER 16.5 PTS  [0m | Charlotte Hornets vs Orlando Magic | [1mA.I.: 10.00[0m | Rating: 4.9 ⭐⭐
  [96m 3. Collin Sexton            [0m | [92mOVER 12.5 PTS  [0m | Charlotte Hornets vs Orlando Magic | [1mA.I.: 10.00[0m | Rating: 4.9 ⭐⭐
  [96m 4. VJ Edgecombe             [0m | [92mOVER 12.5 PTS  [0m | Philadelphia 76ers vs Houston Rockets | [1mA.I.: 10.00[0m | Rating: 4.9 ⭐⭐
  [96m 5. Kevin Durant             [0m | [92mOVER 24.5 PTS  [0m | Houston Rockets vs Philadelphia 76ers | [1mA.I.: 10.00[0m | Rating: 4.9 ⭐⭐
  [96m 6. Tari Eason               [0m | [92mOVER 8.5 PTS   [0m | Houston Rockets vs Philadelphia 76ers | [1mA.I.: 10.00[0m | Rating: 4.9 ⭐⭐
  [96m 7. Tyrese Maxey             [0m | [92mOVER 25.5 PTS  [0m | Philadelphia 76ers vs Houston Rockets | [1mA.I.: 10.00[0m | Rating: 4.9 ⭐⭐
  [96m 8. Paul George              [0m | [92mOVER 13.5 PTS  [0m | Philadelphia 76ers vs Houston Rockets | [1mA.I.: 10.00[0m | Rating: 4.9 ⭐⭐
  [96m 9. Josh Giddey              [0m | [92mOVER 13.5 PTS  [0m | Chicago Bulls vs Minnesota Timberwolves | [1mA.I.: 10.00[0m | Rating: 4.9 ⭐⭐
  [96m10. Tre Jones                [0m | [92mOVER 9.5 PTS   [0m | Chicago Bulls vs Minnesota Timberwolves | [1mA.I.: 10.00[0m | Rating: 4.9 ⭐⭐

[1m[91m================================================================================[0m
[1m[91mTOP UNDER PLAYS[0m
[1m[91m================================================================================[0m
  [96m 1. Tre Johnson              [0m | [91mUNDER 14.5 PTS [0m | Washington Wizards vs Denver Nuggets | [1mA.I.: 10.00[0m | Rating: 4.9 ⭐⭐
  [96m 2. Ace Bailey               [0m | [91mUNDER 14.5 PTS [0m | Utah Jazz vs San Antonio Spurs | [1mA.I.: 10.00[0m | Rating: 4.9 ⭐⭐
  [96m 3. Kyle Filipowski          [0m | [91mUNDER 11.5 PTS [0m | Utah Jazz vs San Antonio Spurs | [1mA.I.: 10.00[0m | Rating: 4.9 ⭐⭐
  [96m 4. Keyonte George           [0m | [91mUNDER 26.5 PTS [0m | Utah Jazz vs San Antonio Spurs | [1mA.I.: 10.00[0m | Rating: 4.9 ⭐⭐
  [96m 5. James Harden             [0m | [91mUNDER 27.5 PTS [0m | Los Angeles Clippers vs Los Angeles Lakers | [1mA.I.: 10.00[0m | Rating: 4.9 ⭐⭐

[96mGenerating HTML report...[0m

[92m✓ HTML report saved: /Users/rico/sports-models/nba/nba_points_props.html[0m

[1m[92m================================================================================[0m
[1m[92m✓ Model execution complete![0m
[1m[92m================================================================================[0m

✅ Completed: nba_points_props at Thu Jan 22 02:35:11 EST 2026

📤 Auto-pushing model outputs to GitHub...
[main 3c26388] Update model outputs - 2026-01-22 02:35:11
 Committer: Ricardo Hill <rico@Ricos-M1-Mac-2.local>
Your name and email address were configured automatically based
on your username and hostname. Please check that they are accurate.
You can suppress this message by setting them explicitly. Run the
following command and follow the instructions in your editor to edit
your configuration file:

    git config --global --edit

After doing this, you may fix the identity used for this commit with:

    git commit --amend --reset-author

 2 files changed, 233 insertions(+), 166 deletions(-)
To https://github.com/BangLetsGetIt/NBA-NCAA-Betting-Models.git
   aa6b4f8..3c26388  main -> main
✅ Successfully pushed to GitHub!
✅ Auto-push succeeded at Thu Jan 22 02:35:12 EST 2026
