============================================================
Scheduler run: nba_main_model
Time: Sat Jan  3 18:20:04 EST 2026
Working dir: /Users/rico/sports-models/nba
Script: nba_model_IMPROVED.py
============================================================

[1m==========================================================================================[0m
[1m[96m🎲 IMPROVED NBA BETTING MODEL 🎲[0m
[1m[92m⚡ Enhanced Stats + Rest Days + Stricter Filters ⚡[0m
[1m==========================================================================================[0m

[1m[96mSTEP 1: Checking for Completed Games[0m

[96m==========================================================================================[0m
[96m🔄 UPDATING RESULTS FOR COMPLETED GAMES[0m
[96m==========================================================================================[0m

[93m📋 Checking 6 pending picks...[0m
[96mFetching completed NBA game scores (via NBA API)...[0m
[92m✓ Found 15 completed games (Free API)[0m
[92m✓ Tracking data saved to /Users/rico/sports-models/nba/nba_picks_tracking.json[0m
[93mNo picks were updated (games may not be complete yet)[0m
[92m✓ Tracking dashboard saved: /Users/rico/sports-models/nba/nba_tracking_dashboard.html[0m

[1m[96mSTEP 2: Fetching Composite Stats (Season + Form)[0m
[96m🔄 Fetching new team stats from stats.nba.com...[0m
[92m✓ Fetched and cached stats for 76 teams[0m

[1m[96mSTEP 3: Fetching Home/Away Splits[0m
[96m🔄 Fetching home/away splits from stats.nba.com...[0m
[92m✓ Fetched and cached home/away splits[0m

[1m[96mSTEP 4: Fetching Team Schedules (Rest Days)[0m

[1m[96mSTEP 5: Fetching Live Odds (Next 2 Days)[0m
[93mℹ️  Skipped 1 games that have already started/finished.[0m
[92m✓ Fetched odds for 8 total games[0m
[92m✓ Filtered to 7 games in next 2 days[0m

[1m[96mSTEP 6: Processing Games & Generating Picks[0m

[92m✓ Tracking data saved to /Users/rico/sports-models/nba/nba_picks_tracking.json[0m
[92m📝 LOGGED PICK: ✅ BET: Golden State Warriors -10.5 (Edge: +5.5)[0m
[92m✓ Tracking data saved to /Users/rico/sports-models/nba/nba_picks_tracking.json[0m
[92m📝 LOGGED PICK: ✅ BET: UNDER 244.0 (Edge: -7.4)[0m
[91m❌ Missing stats for Los Angeles Clippers or Boston Celtics[0m
[91m❌ Missing stats for Los Angeles Clippers or Boston Celtics[0m
[91m❌ Skipping Boston Celtics @ Los Angeles Clippers - missing model data[0m
[92m✓ Tracking data saved to /Users/rico/sports-models/nba/nba_picks_tracking.json[0m
[92m✓ Updated CLV data for existing picks[0m

[1m[92m✅ Analyzed 6 games with complete odds[0m

[93m📊 All picks sorted by A.I. Rating (quality/confidence first)[0m


[1m==========================================================================================[0m
[1m[93m🏀 NBA MODEL PREDICTIONS 🏀[0m
[1m==========================================================================================[0m

[1m[96mPhiladelphia 76ers @ New York Knicks[0m
  🕐 01/03/26 07:40 PM EST
  [92m[1m🎯 A.I. Rating: 4.3 ⭐⭐ (STRONG PLAY)[0m
  [92m🔥 HOT: New York Knicks - Strong performer: 5-1 (83%) | +3.81u over 6 picks[0m
  📊 Spread: Market -2.5 | Model +13.9
  🎯 Total: Market 233.5 | Model 233.8
  [92m✅ BET: New York Knicks -2.5[0m
     [96mModel projects New York Knicks to win by 13.9, covering -2.5.[0m
  [93m⚠️ NO BET - Too close to call[0m
  📈 Predicted: Philadelphia 76ers 110, New York Knicks 124

[1m[96mHouston Rockets @ Dallas Mavericks[0m
  🕐 01/03/26 08:40 PM EST
  [92m[1m🎯 A.I. Rating: 4.2 ⭐⭐ (STRONG PLAY)[0m
  [92m✅ GOOD: Dallas Mavericks - Good record: 6-3 (67%) | +2.80u over 9 picks[0m
  📊 Spread: Market +8.0 | Model +1.3
  🎯 Total: Market 227.5 | Model 237.9
  [92m✅ BET: Dallas Mavericks +8.0[0m
     [96mModel projects Dallas Mavericks to win outright, easily covering +8.0.[0m
  [92m✅ BET: OVER 227.5[0m
     [96mModel projects 238 total points, bet the OVER[0m
  📈 Predicted: Houston Rockets 118, Dallas Mavericks 120

[1m[96mAtlanta Hawks @ Toronto Raptors[0m
  🕐 01/03/26 07:40 PM EST
  [96m[1m🎯 A.I. Rating: 3.8 ⭐ (GOOD PLAY)[0m
  📊 Spread: Market -4.5 | Model +1.3
  🎯 Total: Market 230.5 | Model 239.4
  [93m⚠️ NO BET - Too close to call[0m
     [96mEdge too small (-3.2)[0m
  [92m✅ BET: OVER 230.5[0m
     [96mModel projects 239 total points, bet the OVER[0m
  📈 Predicted: Atlanta Hawks 119, Toronto Raptors 120

[1m[96mCharlotte Hornets @ Chicago Bulls[0m
  🕐 01/03/26 08:10 PM EST
  [96m[1m🎯 A.I. Rating: 3.7 ⭐ (GOOD PLAY)[0m
  [0m➖ NEUTRAL: Chicago Bulls - Average performance: 2-2 (50%) | -0.20u over 4 picks[0m
  📊 Spread: Market -1.5 | Model +10.3
  🎯 Total: Market 240.0 | Model 234.7
  [92m✅ BET: Chicago Bulls -1.5[0m
     [96mModel projects Chicago Bulls to win by 10.3, covering -1.5.[0m
  [93m⚠️ NO BET - Too close to call[0m
  📈 Predicted: Charlotte Hornets 112, Chicago Bulls 122

[1m[96mUtah Jazz @ Golden State Warriors[0m
  🕐 01/03/26 10:10 PM EST
  [96m[1m🎯 A.I. Rating: 3.5 ⭐ (GOOD PLAY)[0m
  [93m⚠️ CAUTION: Golden State Warriors - Below average: 2-4 (33%) | -2.40u over 6 picks[0m
  📊 Spread: Market -10.5 | Model +16.0
  🎯 Total: Market 244.0 | Model 236.6
  [92m✅ BET: Golden State Warriors -10.5[0m
     [96mModel projects Golden State Warriors to win by 16.0, covering -10.5.[0m
  [92m✅ BET: UNDER 244.0[0m
     [96mModel projects 237 total points, bet the UNDER[0m
  📈 Predicted: Utah Jazz 110, Golden State Warriors 126

[1m[96mPortland Trail Blazers @ San Antonio Spurs[0m
  🕐 01/03/26 08:10 PM EST
  [93m[1m🎯 A.I. Rating: 2.8  (MARGINAL PLAY)[0m
  📊 Spread: Market -7.5 | Model +6.6
  🎯 Total: Market 235.5 | Model 232.3
  [93m⚠️ NO BET - Too close to call[0m
     [96mEdge too small (-0.9)[0m
  [93m⚠️ NO BET - Too close to call[0m
  📈 Predicted: Portland Trail Blazers 113, San Antonio Spurs 119

[92m✓ CSV saved: /Users/rico/sports-models/nba/nba_model_output.csv[0m
[92m✓ HTML saved: /Users/rico/sports-models/nba/nba_model_output.html[0m

[1m[96mSTEP 7: Generating Final Tracking Dashboard[0m
[92m✓ Tracking dashboard saved: /Users/rico/sports-models/nba/nba_tracking_dashboard.html[0m

[1m==========================================================================================[0m
[1m[93m📊 TRACKING SUMMARY 📊[0m
[1m==========================================================================================[0m
[92mTotal Tracked Bets: 269[0m
[92mRecord: 140-121-2[0m
[92mWin Rate: 53.6%[0m
[92mProfit: +6.06 units[0m
[92mROI: +2.1%[0m
[1m==========================================================================================[0m

[96mUpdating unified dashboard...[0m
[92m✓ Dashboard updated[0m

✅ Completed: nba_main_model at Sat Jan  3 18:20:53 EST 2026

📤 Auto-pushing model outputs to GitHub...
[main 4e42c1f] Update model outputs - 2026-01-03 18:20:54
 Committer: Ricardo Hill <rico@Ricos-M1-Mac-2.local>
Your name and email address were configured automatically based
on your username and hostname. Please check that they are accurate.
You can suppress this message by setting them explicitly. Run the
following command and follow the instructions in your editor to edit
your configuration file:

    git config --global --edit

After doing this, you may fix the identity used for this commit with:

    git commit --amend --reset-author

 4 files changed, 19 insertions(+), 104 deletions(-)
To https://github.com/BangLetsGetIt/NBA-NCAA-Betting-Models.git
   e708d3b..4e42c1f  main -> main
✅ Successfully pushed to GitHub!
✅ Auto-push succeeded at Sat Jan  3 18:20:54 EST 2026
