============================================================
Scheduler run: nba_assists_props
Time: Mon Jan 26 02:40:05 EST 2026
Working dir: /Users/rico/sports-models/nba
Script: nba_assists_props_model.py
============================================================

[1m[96m================================================================================[0m
[1m[96mNBA ASSISTS PROPS A.I. MODEL[0m
[1m[96m================================================================================[0m

[96m==========================================================================================[0m
[96m🎯 GRADING PENDING PICKS[0m
[96m==========================================================================================[0m

[93m📋 Found 7 pending picks...[0m

  Fetching team stats to verify completed games for 2025-12-16...
[93m  ⚠ Could not find stats for De'Aaron Fox on 2025-12-16[0m
  Fetching team stats to verify completed games for 2026-01-24...
[93m  ⚠ Could not find stats for Brandin Podziemski on 2026-01-24[0m
  Fetching team stats to verify completed games for 2026-01-25...
    [91mLOSS[0m: Brandin Podziemski had 6 assists (line: 4.5, bet: UNDER) | Profit: -1.00 units
    [91mLOSS[0m: Russell Westbrook had 4 assists (line: 4.5, bet: OVER) | Profit: -1.00 units
[93m  ⚠ Could not find stats for Ryan Rollins on 2026-01-25[0m
[93m  ⚠ Could not find stats for Kyle Kuzma on 2026-01-25[0m
    [91mLOSS[0m: Immanuel Quickley had 2 assists (line: 4.5, bet: OVER) | Profit: -1.00 units

[92m✓ Graded 3 picks[0m

[96mFetching REAL NBA player assists statistics...[0m
[96m  Fetching season assists stats...[0m
[96m  Fetching recent form (last 10 games)...[0m
[92m✓ Fetched REAL assists stats for 513 players[0m

[96mFetching opponent assists factors...[0m
[92m✓ Fetched assists factors for 30 teams[0m

[96mFetching player assists prop odds...[0m
[96m  Found 7 upcoming games[0m
[96m  Filtered to 7 upcoming games[0m
[96m  Game 1/7: Indiana Pacers @ Atlanta Hawks[0m
[96m  Game 2/7: Philadelphia 76ers @ Charlotte Hornets[0m
[96m  Game 3/7: Orlando Magic @ Cleveland Cavaliers[0m
[96m  Game 4/7: Portland Trail Blazers @ Boston Celtics[0m
[96m  Game 5/7: Los Angeles Lakers @ Chicago Bulls[0m
[96m  Game 6/7: Memphis Grizzlies @ Houston Rockets[0m
[96m  Game 7/7: Golden State Warriors @ Minnesota Timberwolves[0m
[92m✓ Fetched 53 player assists props (grouped)[0m

[96mAnalyzing 53 player props with REAL stats...[0m
[92m✓ Found 0 top OVER plays (A.I. Score >= 10.0)[0m
[92m✓ Found 0 top UNDER plays (A.I. Score >= 10.0)[0m
[93m  Skipped 2 props (no player stats found)[0m
[93m  Skipped 102 props (score below 10.0 or failed checks)[0m

[96m==========================================================================================[0m
[96m📊 TRACKING NEW PICKS[0m
[96m==========================================================================================[0m
[96mNo new picks to track[0m

[1m[92m================================================================================[0m
[1m[92mTOP OVER PLAYS[0m
[1m[92m================================================================================[0m

[1m[91m================================================================================[0m
[1m[91mTOP UNDER PLAYS[0m
[1m[91m================================================================================[0m

[96mGenerating HTML report...[0m

[92m✓ HTML report saved: /Users/rico/sports-models/nba/nba_assists_props.html[0m

[1m[92m================================================================================[0m
[1m[92m✓ Model execution complete![0m
[1m[92m================================================================================[0m

✅ Completed: nba_assists_props at Mon Jan 26 02:40:13 EST 2026

📤 Auto-pushing model outputs to GitHub...
[main 8cb0ed26] Update model outputs - 2026-01-26 02:40:13
 Committer: Ricardo Hill <rico@MacBookAir.lan>
Your name and email address were configured automatically based
on your username and hostname. Please check that they are accurate.
You can suppress this message by setting them explicitly. Run the
following command and follow the instructions in your editor to edit
your configuration file:

    git config --global --edit

After doing this, you may fix the identity used for this commit with:

    git commit --amend --reset-author

 2 files changed, 45 insertions(+), 98 deletions(-)
To https://github.com/BangLetsGetIt/NBA-NCAA-Betting-Models.git
   980e7d92..8cb0ed26  main -> main
✅ Successfully pushed to GitHub!
✅ Auto-push succeeded at Mon Jan 26 02:40:14 EST 2026
