============================================================
Scheduler run: nba_main_model
Time: Thu Jan 22 03:10:01 EST 2026
Working dir: /Users/rico/sports-models/nba
Script: nba_model_IMPROVED.py
============================================================

[1m==========================================================================================[0m
[1m[96m🎲 IMPROVED NBA BETTING MODEL 🎲[0m
[1m[92m⚡ Enhanced Stats + Rest Days + Stricter Filters ⚡[0m
[1m==========================================================================================[0m

[1m[96mSTEP 1: Checking for Completed Games[0m

[96m==========================================================================================[0m
[96m🔄 UPDATING RESULTS FOR COMPLETED GAMES[0m
[96m==========================================================================================[0m

[93m📋 Checking 5 pending picks...[0m
[96mFetching completed NBA game scores (via NBA API)...[0m
[92m✓ Found 16 completed games (Free API)[0m
[92m✓ Tracking data saved to /Users/rico/sports-models/nba/nba_picks_tracking.json[0m
[93mNo picks were updated (games may not be complete yet)[0m
[92m✓ Tracking dashboard saved: /Users/rico/sports-models/nba/nba_tracking_dashboard.html[0m

[1m[96mSTEP 2: Fetching Composite Stats (Season + Form)[0m
[92m✓ Using cached composite stats (less than 6 hours old)[0m

[1m[96mSTEP 3: Fetching Home/Away Splits[0m
[92m✓ Using cached home/away splits (less than 6 hours old)[0m

[1m[96mSTEP 4: Fetching Team Schedules (Rest Days)[0m

[1m[96mSTEP 5: Fetching Live Odds (Next 2 Days)[0m
[92m✓ Fetched odds for 8 total games[0m
[92m✓ Filtered to 8 games in next 2 days[0m

[1m[96mSTEP 6: Processing Games & Generating Picks[0m

[91m❌ Missing stats for Los Angeles Clippers or Los Angeles Lakers[0m
[91m❌ Missing stats for Los Angeles Clippers or Los Angeles Lakers[0m
[91m❌ Skipping Los Angeles Lakers @ Los Angeles Clippers - missing model data[0m

[1m[92m✅ Analyzed 7 games with complete odds[0m

[93m📊 All picks sorted by A.I. Rating (quality/confidence first)[0m


[1m==========================================================================================[0m
[1m[93m🏀 NBA MODEL PREDICTIONS 🏀[0m
[1m==========================================================================================[0m

[1m[96mHouston Rockets @ Philadelphia 76ers[0m
  🕐 01/22/26 07:10 PM EST
  [92m[1m🎯 A.I. Rating: 4.9 ⭐⭐ (PREMIUM PLAY)[0m
  📊 Spread: Market +2.0 | Model -6.6
  🎯 Total: Market 221.5 | Model 238.9
  [93m⚠️ NO BET - Too close to call[0m
     [96mEdge too small (-4.6)[0m
  [92m✅ BET: OVER 221.5[0m
     [96mModel projects 239 total points, bet the OVER[0m
  📈 Predicted: Houston Rockets 123, Philadelphia 76ers 116

[1m[96mSan Antonio Spurs @ Utah Jazz[0m
  🕐 01/22/26 09:10 PM EST
  [92m[1m🎯 A.I. Rating: 4.2 ⭐⭐ (STRONG PLAY)[0m
  [92m🔥 HOT: Utah Jazz - Strong performer: 3-1 (75%) | +1.90u over 4 picks[0m
  📊 Spread: Market +12.5 | Model -1.2
  🎯 Total: Market 238.5 | Model 238.7
  [92m✅ BET: Utah Jazz +12.5[0m
     [96mModel projects Utah Jazz to lose by only 1.2, covering +12.5.[0m
  [93m⚠️ NO BET - Too close to call[0m
  📈 Predicted: San Antonio Spurs 120, Utah Jazz 119

[1m[96mCharlotte Hornets @ Orlando Magic[0m
  🕐 01/22/26 07:10 PM EST
  [96m[1m🎯 A.I. Rating: 3.8 ⭐ (GOOD PLAY)[0m
  [92m✅ GOOD: Orlando Magic - Good record: 6-3 (67%) | +2.61u over 9 picks[0m
  📊 Spread: Market -6.0 | Model +14.9
  🎯 Total: Market 229.0 | Model 227.4
  [92m✅ BET: Orlando Magic -6.0[0m
     [96mModel projects Orlando Magic to win by 14.9, covering -6.0.[0m
  [93m⚠️ NO BET - Too close to call[0m
  📈 Predicted: Charlotte Hornets 106, Orlando Magic 121

[1m[96mDenver Nuggets @ Washington Wizards[0m
  🕐 01/22/26 07:10 PM EST
  [93m[1m🎯 A.I. Rating: 3.3 ⭐ (STANDARD PLAY)[0m
  [93m📉 NEUTRAL-: Denver Nuggets - Slightly below average: 4-5 (44%) | -1.50u over 9 picks[0m
  📊 Spread: Market +5.5 | Model -11.0
  🎯 Total: Market 231.5 | Model 237.6
  [92m✅ BET: Denver Nuggets -5.5[0m
     [96mModel projects Washington Wizards to lose by 11.0, Denver Nuggets covers -5.5.[0m
  [93m⚠️ NO BET - Too close to call[0m
  📈 Predicted: Denver Nuggets 124, Washington Wizards 113

[1m[96mGolden State Warriors @ Dallas Mavericks[0m
  🕐 01/22/26 07:40 PM EST
  [93m[1m🎯 A.I. Rating: 3.0 ⭐ (STANDARD PLAY)[0m
  📊 Spread: Market +4.5 | Model +0.3
  🎯 Total: Market 232.0 | Model 236.1
  [93m⚠️ NO BET - Too close to call[0m
     [96mEdge too small (+4.8)[0m
  [93m⚠️ NO BET - Too close to call[0m
  📈 Predicted: Golden State Warriors 118, Dallas Mavericks 118

[1m[96mMiami Heat @ Portland Trail Blazers[0m
  🕐 01/22/26 10:10 PM EST
  [93m[1m🎯 A.I. Rating: 3.0 ⭐ (STANDARD PLAY)[0m
  📊 Spread: Market -1.5 | Model +3.4
  🎯 Total: Market 239.5 | Model 235.0
  [93m⚠️ NO BET - Too close to call[0m
     [96mEdge too small (+1.9)[0m
  [93m⚠️ NO BET - Too close to call[0m
  📈 Predicted: Miami Heat 116, Portland Trail Blazers 119

[1m[96mChicago Bulls @ Minnesota Timberwolves[0m
  🕐 01/22/26 08:10 PM EST
  [93m[1m🎯 A.I. Rating: 2.7  (MARGINAL PLAY)[0m
  📊 Spread: Market -9.0 | Model +11.3
  🎯 Total: Market 239.0 | Model 241.7
  [93m⚠️ NO BET - Too close to call[0m
     [96mEdge too small (+2.3)[0m
  [93m⚠️ NO BET - Too close to call[0m
  📈 Predicted: Chicago Bulls 115, Minnesota Timberwolves 126

[92m✓ CSV saved: /Users/rico/sports-models/nba/nba_model_output.csv[0m
Loaded 10 Auto-Bet teams: Orlando Magic, Portland Trail Blazers, Minnesota Timberwolves, New York Knicks, New Orleans Pelicans...
[92m✓ HTML saved: /Users/rico/sports-models/nba/nba_model_output.html[0m

[1m[96mSTEP 7: Generating Final Tracking Dashboard[0m
[92m✓ Tracking dashboard saved: /Users/rico/sports-models/nba/nba_tracking_dashboard.html[0m

[1m==========================================================================================[0m
[1m[93m📊 TRACKING SUMMARY 📊[0m
[1m==========================================================================================[0m
[92mTotal Tracked Bets: 431[0m
[92mRecord: 219-204-3[0m
[92mWin Rate: 51.8%[0m
[91mProfit: -6.24 units[0m
[91mROI: -1.3%[0m
[1m==========================================================================================[0m

[96mUpdating unified dashboard...[0m
[92m✓ Dashboard updated[0m

✅ Completed: nba_main_model at Thu Jan 22 03:10:06 EST 2026

📤 Auto-pushing model outputs to GitHub...
[main dcb306a] Update model outputs - 2026-01-22 03:10:06
 Committer: Ricardo Hill <rico@Ricos-M1-Mac-2.local>
Your name and email address were configured automatically based
on your username and hostname. Please check that they are accurate.
You can suppress this message by setting them explicitly. Run the
following command and follow the instructions in your editor to edit
your configuration file:

    git config --global --edit

After doing this, you may fix the identity used for this commit with:

    git commit --amend --reset-author

 2 files changed, 2 insertions(+), 2 deletions(-)
To https://github.com/BangLetsGetIt/NBA-NCAA-Betting-Models.git
   bc82de4..dcb306a  main -> main
✅ Successfully pushed to GitHub!
✅ Auto-push succeeded at Thu Jan 22 03:10:07 EST 2026
