============================================================
Scheduler run: nba_3pt_props
Time: Tue Jan  6 18:00:04 EST 2026
Working dir: /Users/rico/sports-models/nba
Script: nba_3pt_props_model.py
============================================================

[1m[96m================================================================================[0m
[1m[96mNBA 3PT PROPS A.I. MODEL[0m
[1m[96m================================================================================[0m

[96m==========================================================================================[0m
[96m🎯 GRADING PENDING PICKS[0m
[96m==========================================================================================[0m

[93m📋 Found 7 pending picks...[0m

  Fetching team stats to verify completed games for 2025-12-16...
[96m  Fetching batch stats for 12/16/2025...[0m
  Fetching team stats to verify completed games for 2026-01-06...

[93mNo picks ready for grading yet[0m

[96mFetching REAL NBA player 3-pointers statistics...[0m
[96m  Fetching season 3-pointers stats...[0m
[96m  Fetching recent form (last 10 games)...[0m
[92m✓ Fetched REAL 3-pointers stats for 506 players[0m

[96mFetching opponent 3-pointers factors...[0m
[92m✓ Fetched 3-pointers factors for 30 teams[0m

[96mFetching player 3-pointers prop odds...[0m
[96m  Found 8 upcoming games[0m
[96m  Filtered to 8 upcoming games[0m
[96m  Game 1/8: Cleveland Cavaliers @ Indiana Pacers[0m
[96m  Game 2/8: Orlando Magic @ Washington Wizards[0m
[96m  Game 3/8: Los Angeles Lakers @ New Orleans Pelicans[0m
[96m  Game 4/8: San Antonio Spurs @ Memphis Grizzlies[0m
[96m  Game 5/8: Miami Heat @ Minnesota Timberwolves[0m
[96m  Game 6/8: Dallas Mavericks @ Sacramento Kings[0m
[96m  Game 7/8: Chicago Bulls @ Detroit Pistons[0m
[96m  Game 8/8: Los Angeles Clippers @ New York Knicks[0m
[92m✓ Fetched 57 player 3-pointers props (grouped)[0m

[96mAnalyzing 57 player props with REAL stats...[0m
[92m✓ Found 1 top OVER plays (A.I. Score >= 7.5)[0m
[92m✓ Found 3 top UNDER plays (A.I. Score >= 7.5)[0m
[93m  Skipped 2 props (no player stats found)[0m
[93m  Skipped 106 props (score below 7.5 or failed checks)[0m

[96m==========================================================================================[0m
[96m📊 TRACKING NEW PICKS[0m
[96m==========================================================================================[0m
[93m✓ Updated odds for 4 existing picks[0m

[1m[92m================================================================================[0m
[1m[92mTOP OVER PLAYS[0m
[1m[92m================================================================================[0m
  [96m 1. Tyler Herro              [0m | [92mOVER 1.5 3PT   [0m | Miami Heat                vs Minnesota Timberwolves    | [1mA.I.: 10.00[0m | Rating: 4.4 ⭐⭐

[1m[91m================================================================================[0m
[1m[91mTOP UNDER PLAYS[0m
[1m[91m================================================================================[0m
  [96m 1. Santi Aldama             [0m | [91mUNDER 2.5 3PT  [0m | Memphis Grizzlies         vs San Antonio Spurs         | [1mA.I.: 8.19[0m | Rating: 3.6 ⭐
  [96m 2. Marcus Smart             [0m | [91mUNDER 2.5 3PT  [0m | Los Angeles Lakers        vs New Orleans Pelicans      | [1mA.I.: 8.52[0m | Rating: 2.9 
  [96m 3. LeBron James             [0m | [91mUNDER 2.5 3PT  [0m | Los Angeles Lakers        vs New Orleans Pelicans      | [1mA.I.: 10.00[0m | Rating: 2.7 

[96mGenerating HTML report...[0m

[92m✓ HTML report saved: /Users/rico/sports-models/nba/nba_3pt_props.html[0m

[1m[92m================================================================================[0m
[1m[92m✓ Model execution complete![0m
[1m[92m================================================================================[0m

✅ Completed: nba_3pt_props at Tue Jan  6 18:00:37 EST 2026

📤 Auto-pushing model outputs to GitHub...
[main 0b4a364] Update model outputs - 2026-01-06 18:00:37
 Committer: Ricardo Hill <rico@Ricos-M1-Mac-2.local>
Your name and email address were configured automatically based
on your username and hostname. Please check that they are accurate.
You can suppress this message by setting them explicitly. Run the
following command and follow the instructions in your editor to edit
your configuration file:

    git config --global --edit

After doing this, you may fix the identity used for this commit with:

    git commit --amend --reset-author

 2 files changed, 22 insertions(+), 21 deletions(-)
To https://github.com/BangLetsGetIt/NBA-NCAA-Betting-Models.git
   392cd54..0b4a364  main -> main
✅ Successfully pushed to GitHub!
✅ Auto-push succeeded at Tue Jan  6 18:00:38 EST 2026
