============================================================
Scheduler run: nba_points_props
Time: Sat Dec 27 18:00:05 EST 2025
Working dir: /Users/rico/sports-models/nba
Script: nba_points_props_model.py
============================================================

[1m[96m================================================================================[0m
[1m[96mNBA POINTS PROPS A.I. MODEL[0m
[1m[96m================================================================================[0m

[96m==========================================================================================[0m
[96m🎯 GRADING PENDING PICKS (BATCH MODE)[0m
[96m==========================================================================================[0m

[93m📋 Found 25 pending picks...[0m


[96mProcessing 9 picks for 2025-12-16...[0m
[96m  Fetching batch stats for 12/16/2025...[0m
[93m  Error fetching batch stats for 2025-12-16: HTTPSConnectionPool(host='stats.nba.com', port=443): Read timed out. (read timeout=30)[0m
  Fetching team stats to verify completed games for 2025-12-16...
[93m  ⚠️  No stats found for 2025-12-16 yet[0m

[96mProcessing 2 picks for 2025-12-23...[0m
[96m  Fetching batch stats for 12/23/2025...[0m
  Fetching team stats to verify completed games for 2025-12-23...

[93mNo picks ready for grading yet[0m

[96mFetching REAL NBA player points statistics...[0m
[96m  Fetching season points stats...[0m
[96m  Fetching recent form (last 10 games)...[0m
[92m✓ Fetched REAL stats for 504 players[0m

[96mFetching opponent defense factors...[0m
[92m✓ Fetched defense factors for 30 teams[0m

[96mFetching player points prop odds...[0m
[96m  Found 9 upcoming games[0m
[96m  Filtered to 8 upcoming games[0m
[96m  Game 1/9: Phoenix Suns @ New Orleans Pelicans[0m
[96m  Game 2/9: Denver Nuggets @ Orlando Magic[0m
[96m  Game 3/9: New York Knicks @ Atlanta Hawks[0m
[96m  Game 4/9: Brooklyn Nets @ Minnesota Timberwolves[0m
[96m  Game 5/9: Milwaukee Bucks @ Chicago Bulls[0m
[96m  Game 6/9: Cleveland Cavaliers @ Houston Rockets[0m
[96m  Game 7/9: Indiana Pacers @ Miami Heat[0m
[96m  Game 8/9: Utah Jazz @ San Antonio Spurs[0m
[92m✓ Fetched 210 total player props[0m

[96mAnalyzing 210 player props with REAL stats...[0m
[92m✓ Found 5 top OVER plays (A.I. Score >= 9.5)[0m
[92m✓ Found 5 top UNDER plays (A.I. Score >= 9.5)[0m
[93m  Skipped 14 props (no player stats found)[0m
[93m  Skipped 320 props (score below 9.5)[0m

[96m==========================================================================================[0m
[96m📊 TRACKING NEW PICKS[0m
[96m==========================================================================================[0m
[92m✓ Tracked 1 new picks[0m
[93m✓ Updated odds for 2 existing picks[0m

[1m[92m================================================================================[0m
[1m[92mTOP OVER PLAYS[0m
[1m[92m================================================================================[0m
  [96m 1. Trey Murphy III          [0m | [92mOVER 18.5 PTS  [0m | New Orleans Pelicans vs Phoenix Suns | [1mA.I.: 10.00[0m | Rating: 4.9 ⭐⭐
  [96m 2. Jordan Poole             [0m | [92mOVER 15.5 PTS  [0m | New Orleans Pelicans vs Phoenix Suns | [1mA.I.: 10.00[0m | Rating: 4.9 ⭐⭐
  [96m 3. Zion Williamson          [0m | [92mOVER 19.5 PTS  [0m | New Orleans Pelicans vs Phoenix Suns | [1mA.I.: 10.00[0m | Rating: 4.9 ⭐⭐
  [96m 4. Zaccharie Risacher       [0m | [92mOVER 8.5 PTS   [0m | Atlanta Hawks vs New York Knicks | [1mA.I.: 10.00[0m | Rating: 4.9 ⭐⭐
  [96m 5. Nickeil Alexander-Walker [0m | [92mOVER 16.5 PTS  [0m | Atlanta Hawks vs New York Knicks | [1mA.I.: 10.00[0m | Rating: 4.9 ⭐⭐

[1m[91m================================================================================[0m
[1m[91mTOP UNDER PLAYS[0m
[1m[91m================================================================================[0m
  [96m 1. Devin Booker             [0m | [91mUNDER 27.5 PTS [0m | Phoenix Suns vs New Orleans Pelicans | [1mA.I.: 10.00[0m | Rating: 4.9 ⭐⭐
  [96m 2. Jordan Goodwin           [0m | [91mUNDER 10.5 PTS [0m | New Orleans Pelicans vs Phoenix Suns | [1mA.I.: 10.00[0m | Rating: 4.9 ⭐⭐
  [96m 3. Desmond Bane             [0m | [91mUNDER 21.5 PTS [0m | Orlando Magic vs Denver Nuggets | [1mA.I.: 10.00[0m | Rating: 4.9 ⭐⭐
  [96m 4. Paolo Banchero           [0m | [91mUNDER 23.5 PTS [0m | Orlando Magic vs Denver Nuggets | [1mA.I.: 10.00[0m | Rating: 4.9 ⭐⭐
  [96m 5. OG Anunoby               [0m | [91mUNDER 17.5 PTS [0m | New York Knicks vs Atlanta Hawks | [1mA.I.: 10.00[0m | Rating: 4.9 ⭐⭐

[96mGenerating HTML report...[0m

[92m✓ HTML report saved: /Users/rico/sports-models/nba/nba_points_props.html[0m

[1m[92m================================================================================[0m
[1m[92m✓ Model execution complete![0m
[1m[92m================================================================================[0m

✅ Completed: nba_points_props at Sat Dec 27 18:01:02 EST 2025

📤 Auto-pushing model outputs to GitHub...
No changes to commit
✅ Auto-push succeeded at Sat Dec 27 18:01:02 EST 2025
