==========================================
NBA Rebounds Props Model Run: Tue Jan 20 06:00:04 EST 2026
==========================================
Running NBA Rebounds Props model...

[1m[96m================================================================================[0m
[1m[96mNBA REBOUNDS PROPS A.I. MODEL[0m
[1m[96m================================================================================[0m

[96m==========================================================================================[0m
[96m🎯 GRADING PENDING PICKS[0m
[96m==========================================================================================[0m

[93m📋 Found 14 pending picks...[0m

  Fetching team stats to verify completed games for 2025-12-16...
[96m  Fetching batch stats for 12/16/2025...[0m
  Fetching team stats to verify completed games for 2025-12-30...
[96m  Fetching batch stats for 12/30/2025...[0m
  Fetching team stats to verify completed games for 2026-01-01...
[96m  Fetching batch stats for 01/01/2026...[0m
  Fetching team stats to verify completed games for 2026-01-08...
[96m  Fetching batch stats for 01/08/2026...[0m
  Fetching team stats to verify completed games for 2026-01-20...

[93mNo picks ready for grading yet[0m

[96mFetching REAL NBA player rebounding statistics...[0m
[92m✓ Using cached player rebounding stats (less than 6 hours old)[0m

[96mFetching opponent rebounding factors...[0m
[92m✓ Using cached rebounding factors[0m

[96mFetching player rebounds prop odds...[0m
[96m  Found 7 upcoming games[0m
[96m  Filtered to 7 upcoming games[0m
[96m  Game 1/7: Phoenix Suns @ Philadelphia 76ers[0m
[96m  Game 2/7: Los Angeles Clippers @ Chicago Bulls[0m
[96m  Game 3/7: San Antonio Spurs @ Houston Rockets[0m
[96m  Game 4/7: Minnesota Timberwolves @ Utah Jazz[0m
[96m  Game 5/7: Los Angeles Lakers @ Denver Nuggets[0m
[96m  Game 6/7: Toronto Raptors @ Golden State Warriors[0m
[96m  Game 7/7: Miami Heat @ Sacramento Kings[0m
[92m✓ Fetched 83 player rebounds props (grouped)[0m

[96mAnalyzing 83 player props with REAL stats...[0m
[92m✓ Found 0 top OVER plays (A.I. Score >= 10.0)[0m
[92m✓ Found 5 top UNDER plays (A.I. Score >= 10.0)[0m
[93m  Skipped 3 props (no player stats found)[0m
[93m  Skipped 155 props (score below 10.0 or failed checks)[0m

[96m==========================================================================================[0m
[96m📊 TRACKING NEW PICKS[0m
[96m==========================================================================================[0m
[92m✓ Tracked 1 new picks[0m
[93m✓ Updated odds for 4 existing picks[0m

[1m[92m================================================================================[0m
[1m[92mTOP OVER PLAYS[0m
[1m[92m================================================================================[0m

[1m[91m================================================================================[0m
[1m[91mTOP UNDER PLAYS[0m
[1m[91m================================================================================[0m
  [96m 1. Buddy Hield              [0m | [91mUNDER 3.5 REB  [0m | Golden State Warriors     vs Toronto Raptors           | [1mA.I.: 10.00[0m | Rating: 4.9 ⭐⭐
  [96m 2. Ochai Agbaji             [0m | [91mUNDER 3.5 REB  [0m | Toronto Raptors           vs Golden State Warriors     | [1mA.I.: 10.00[0m | Rating: 4.9 ⭐⭐
  [96m 3. Sandro Mamukelashvili    [0m | [91mUNDER 7.5 REB  [0m | Toronto Raptors           vs Golden State Warriors     | [1mA.I.: 10.00[0m | Rating: 4.6 ⭐⭐
  [96m 4. Will Richard             [0m | [91mUNDER 4.5 REB  [0m | Golden State Warriors     vs Toronto Raptors           | [1mA.I.: 10.00[0m | Rating: 3.8 ⭐
  [96m 5. Quinten Post             [0m | [91mUNDER 5.5 REB  [0m | Golden State Warriors     vs Toronto Raptors           | [1mA.I.: 10.00[0m | Rating: 3.6 ⭐

[96mGenerating HTML report...[0m

[92m✓ HTML report saved: /Users/rico/sports-models/nba/nba_rebounds_props.html[0m

[1m[92m================================================================================[0m
[1m[92m✓ Model execution complete![0m
[1m[92m================================================================================[0m


==========================================
✅ Model completed successfully!
==========================================

📤 Pushing updates to GitHub...
