============================================================
Scheduler run: nba_3pt_props
Time: Wed Dec 31 18:00:04 EST 2025
Working dir: /Users/rico/sports-models/nba
Script: nba_3pt_props_model.py
============================================================

[1m[96m================================================================================[0m
[1m[96mNBA 3PT PROPS A.I. MODEL[0m
[1m[96m================================================================================[0m

[96m==========================================================================================[0m
[96m🎯 GRADING PENDING PICKS[0m
[96m==========================================================================================[0m

[93m📋 Found 9 pending picks...[0m

  Fetching team stats to verify completed games for 2025-12-16...
[96m  Fetching batch stats for 12/16/2025...[0m
  Fetching team stats to verify completed games for 2025-12-31...
[96m  Fetching batch stats for 12/31/2025...[0m
    [92mWIN[0m: De'Anthony Melton had 1 3-pointers (line: 1.5, bet: UNDER) | Profit: 0.41 units
    [91mLOSS[0m: Donte DiVincenzo had 2 3-pointers (line: 2.5, bet: OVER) | Profit: -1.00 units

[92m✓ Graded 2 picks[0m

[96mFetching REAL NBA player 3-pointers statistics...[0m
[92m✓ Using cached player 3-pointers stats (less than 6 hours old)[0m

[96mFetching opponent 3-pointers factors...[0m
[92m✓ Using cached 3-pointers factors[0m

[96mFetching player 3-pointers prop odds...[0m
[96m  Found 6 upcoming games[0m
[96m  Filtered to 5 upcoming games[0m
[96m  Game 1/6: New Orleans Pelicans @ Chicago Bulls[0m
[96m  Game 2/6: New York Knicks @ San Antonio Spurs[0m
[96m  Game 3/6: Denver Nuggets @ Toronto Raptors[0m
[96m  Game 4/6: Washington Wizards @ Milwaukee Bucks[0m
[96m  Game 5/6: Portland Trail Blazers @ Oklahoma City Thunder[0m
[92m✓ Fetched 46 player 3-pointers props (grouped)[0m

[96mAnalyzing 46 player props with REAL stats...[0m
[92m✓ Found 4 top OVER plays (A.I. Score >= 7.5)[0m
[92m✓ Found 0 top UNDER plays (A.I. Score >= 7.5)[0m
[93m  Skipped 1 props (no player stats found)[0m
[93m  Skipped 86 props (score below 7.5 or failed checks)[0m

[96m==========================================================================================[0m
[96m📊 TRACKING NEW PICKS[0m
[96m==========================================================================================[0m
[93m✓ Updated odds for 1 existing picks[0m

[1m[92m================================================================================[0m
[1m[92mTOP OVER PLAYS[0m
[1m[92m================================================================================[0m
  [96m 1. Kevin Porter Jr.         [0m | [92mOVER 1.5 3PT   [0m | Milwaukee Bucks           vs Washington Wizards        | [1mA.I.: 7.55[0m | Rating: 3.3 ⭐
  [96m 2. Jalen Brunson            [0m | [92mOVER 2.5 3PT   [0m | New York Knicks           vs San Antonio Spurs         | [1mA.I.: 9.02[0m | Rating: 3.2 ⭐
  [96m 3. Ryan Rollins             [0m | [92mOVER 1.5 3PT   [0m | Milwaukee Bucks           vs Washington Wizards        | [1mA.I.: 7.61[0m | Rating: 3.2 ⭐
  [96m 4. Tre Johnson              [0m | [92mOVER 1.5 3PT   [0m | Washington Wizards        vs Milwaukee Bucks           | [1mA.I.: 8.20[0m | Rating: 2.4 

[1m[91m================================================================================[0m
[1m[91mTOP UNDER PLAYS[0m
[1m[91m================================================================================[0m

[96mGenerating HTML report...[0m

[92m✓ HTML report saved: /Users/rico/sports-models/nba/nba_3pt_props.html[0m

[1m[92m================================================================================[0m
[1m[92m✓ Model execution complete![0m
[1m[92m================================================================================[0m

✅ Completed: nba_3pt_props at Wed Dec 31 18:00:32 EST 2025

📤 Auto-pushing model outputs to GitHub...
[main 1fc1b56] Update model outputs - 2025-12-31 18:00:32
 Committer: Ricardo Hill <rico@Ricos-M1-Mac-2.local>
Your name and email address were configured automatically based
on your username and hostname. Please check that they are accurate.
You can suppress this message by setting them explicitly. Run the
following command and follow the instructions in your editor to edit
your configuration file:

    git config --global --edit

After doing this, you may fix the identity used for this commit with:

    git commit --amend --reset-author

 2 files changed, 48 insertions(+), 187 deletions(-)
To https://github.com/BangLetsGetIt/NBA-NCAA-Betting-Models.git
   038fcf1..1fc1b56  main -> main
✅ Successfully pushed to GitHub!
✅ Auto-push succeeded at Wed Dec 31 18:00:33 EST 2025
