============================================================
Scheduler run: nba_points_props
Time: Sun Jan  4 18:00:05 EST 2026
Working dir: /Users/rico/sports-models/nba
Script: nba_points_props_model.py
============================================================

[1m[96m================================================================================[0m
[1m[96mNBA POINTS PROPS A.I. MODEL[0m
[1m[96m================================================================================[0m

[96m==========================================================================================[0m
[96m🎯 GRADING PENDING PICKS (BATCH MODE)[0m
[96m==========================================================================================[0m

[93m📋 Found 29 pending picks...[0m


[96mProcessing 9 picks for 2025-12-16...[0m
[96m  Fetching batch stats for 12/16/2025...[0m
  Fetching team stats to verify completed games for 2025-12-16...
[93m  ⚠️  No stats found for 2025-12-16 yet[0m

[96mProcessing 2 picks for 2025-12-23...[0m
[96m  Fetching batch stats for 12/23/2025...[0m
  Fetching team stats to verify completed games for 2025-12-23...

[96mProcessing 1 picks for 2026-01-03...[0m
[96m  Fetching batch stats for 01/03/2026...[0m
  Fetching team stats to verify completed games for 2026-01-03...

[96mProcessing 6 picks for 2026-01-04...[0m
[96m  Fetching batch stats for 01/04/2026...[0m
  Fetching team stats to verify completed games for 2026-01-04...
[93m  ⚠️  Player Jarrett Allen has no stats but game is final -> Marking as DNP/Void[0m

[92m✓ Graded 1 picks[0m

[96mFetching REAL NBA player points statistics...[0m
[96m  Fetching season points stats...[0m
[96m  Fetching recent form (last 10 games)...[0m
[92m✓ Fetched REAL stats for 506 players[0m

[96mFetching opponent defense factors...[0m
[92m✓ Fetched defense factors for 30 teams[0m

[96mFetching player points prop odds...[0m
[96m  Found 6 upcoming games[0m
[96m  Filtered to 5 upcoming games[0m
[96m  Game 1/6: New Orleans Pelicans @ Miami Heat[0m
[96m  Game 2/6: Minnesota Timberwolves @ Washington Wizards[0m
[96m  Game 3/6: Oklahoma City Thunder @ Phoenix Suns[0m
[96m  Game 4/6: Milwaukee Bucks @ Sacramento Kings[0m
[96m  Game 5/6: Memphis Grizzlies @ Los Angeles Lakers[0m
[92m✓ Fetched 128 total player props[0m

[96mAnalyzing 128 player props with REAL stats...[0m
[92m✓ Found 8 top OVER plays (A.I. Score >= 10.0)[0m
[92m✓ Found 3 top UNDER plays (A.I. Score >= 10.0)[0m
[93m  Skipped 6 props (no player stats found)[0m
[93m  Skipped 222 props (score below 10.0)[0m

[96m==========================================================================================[0m
[96m📊 TRACKING NEW PICKS[0m
[96m==========================================================================================[0m
[92m✓ Tracked 1 new picks[0m
[93m✓ Updated odds for 4 existing picks[0m

[1m[92m================================================================================[0m
[1m[92mTOP OVER PLAYS[0m
[1m[92m================================================================================[0m
  [96m 1. Jordan Poole             [0m | [92mOVER 14.5 PTS  [0m | New Orleans Pelicans vs Miami Heat | [1mA.I.: 10.00[0m | Rating: 4.9 ⭐⭐
  [96m 2. Devin Booker             [0m | [92mOVER 23.5 PTS  [0m | Phoenix Suns vs Oklahoma City Thunder | [1mA.I.: 10.00[0m | Rating: 4.9 ⭐⭐
  [96m 3. Ajay Mitchell            [0m | [92mOVER 11.5 PTS  [0m | Oklahoma City Thunder vs Phoenix Suns | [1mA.I.: 10.00[0m | Rating: 4.9 ⭐⭐
  [96m 4. Mark Williams            [0m | [92mOVER 10.5 PTS  [0m | Phoenix Suns vs Oklahoma City Thunder | [1mA.I.: 10.00[0m | Rating: 4.9 ⭐⭐
  [96m 5. Dillon Brooks            [0m | [92mOVER 18.5 PTS  [0m | Phoenix Suns vs Oklahoma City Thunder | [1mA.I.: 10.00[0m | Rating: 4.9 ⭐⭐
  [96m 6. Grayson Allen            [0m | [92mOVER 10.5 PTS  [0m | Phoenix Suns vs Oklahoma City Thunder | [1mA.I.: 10.00[0m | Rating: 4.9 ⭐⭐
  [96m 7. Ryan Rollins             [0m | [92mOVER 15.5 PTS  [0m | Milwaukee Bucks vs Sacramento Kings | [1mA.I.: 10.00[0m | Rating: 4.9 ⭐⭐
  [96m 8. Kyle Kuzma               [0m | [92mOVER 11.5 PTS  [0m | Milwaukee Bucks vs Sacramento Kings | [1mA.I.: 10.00[0m | Rating: 4.9 ⭐⭐

[1m[91m================================================================================[0m
[1m[91mTOP UNDER PLAYS[0m
[1m[91m================================================================================[0m
  [96m 1. Andrew Wiggins           [0m | [91mUNDER 18.5 PTS [0m | Miami Heat vs New Orleans Pelicans | [1mA.I.: 10.00[0m | Rating: 4.9 ⭐⭐
  [96m 2. Jake LaRavia             [0m | [91mUNDER 11.5 PTS [0m | Los Angeles Lakers vs Memphis Grizzlies | [1mA.I.: 10.00[0m | Rating: 4.9 ⭐⭐
  [96m 3. Ja Morant                [0m | [91mUNDER 22.5 PTS [0m | Memphis Grizzlies vs Los Angeles Lakers | [1mA.I.: 10.00[0m | Rating: 4.9 ⭐⭐

[96mGenerating HTML report...[0m

[92m✓ HTML report saved: /Users/rico/sports-models/nba/nba_points_props.html[0m

[1m[92m================================================================================[0m
[1m[92m✓ Model execution complete![0m
[1m[92m================================================================================[0m

✅ Completed: nba_points_props at Sun Jan  4 18:01:01 EST 2026

📤 Auto-pushing model outputs to GitHub...
No changes to commit
✅ Auto-push succeeded at Sun Jan  4 18:01:01 EST 2026
