============================================================
Scheduler run: nba_main_model
Time: Thu Jan  1 15:20:00 EST 2026
Working dir: /Users/rico/sports-models/nba
Script: nba_model_IMPROVED.py
============================================================

[1m==========================================================================================[0m
[1m[96m🎲 IMPROVED NBA BETTING MODEL 🎲[0m
[1m[92m⚡ Enhanced Stats + Rest Days + Stricter Filters ⚡[0m
[1m==========================================================================================[0m

[1m[96mSTEP 1: Checking for Completed Games[0m

[96m==========================================================================================[0m
[96m🔄 UPDATING RESULTS FOR COMPLETED GAMES[0m
[96m==========================================================================================[0m

[93m📋 Checking 2 pending picks...[0m
[96mFetching completed NBA game scores (via NBA API)...[0m
[92m✓ Found 15 completed games (Free API)[0m
[92m✓ Tracking data saved to /Users/rico/sports-models/nba/nba_picks_tracking.json[0m
[93mNo picks were updated (games may not be complete yet)[0m
[92m✓ Tracking dashboard saved: /Users/rico/sports-models/nba/nba_tracking_dashboard.html[0m

[1m[96mSTEP 2: Fetching Composite Stats (Season + Form)[0m
[92m✓ Using cached composite stats (less than 6 hours old)[0m

[1m[96mSTEP 3: Fetching Home/Away Splits[0m
[92m✓ Using cached home/away splits (less than 6 hours old)[0m

[1m[96mSTEP 4: Fetching Team Schedules (Rest Days)[0m

[1m[96mSTEP 5: Fetching Live Odds (Next 2 Days)[0m
[92m✓ Fetched odds for 5 total games[0m
[92m✓ Filtered to 5 games in next 2 days[0m

[1m[96mSTEP 6: Processing Games & Generating Picks[0m

[91m❌ Missing stats for Los Angeles Clippers or Utah Jazz[0m
[91m❌ Missing stats for Los Angeles Clippers or Utah Jazz[0m
[91m❌ Skipping Utah Jazz @ Los Angeles Clippers - missing model data[0m
[92m✓ Tracking data saved to /Users/rico/sports-models/nba/nba_picks_tracking.json[0m
[92m✓ Updated CLV data for existing picks[0m

[1m[92m✅ Analyzed 4 games with complete odds[0m

[93m📊 All picks sorted by A.I. Rating (quality/confidence first)[0m


[1m==========================================================================================[0m
[1m[93m🏀 NBA MODEL PREDICTIONS 🏀[0m
[1m==========================================================================================[0m

[1m[96mHouston Rockets @ Brooklyn Nets[0m
  🕐 01/01/26 06:10 PM EST
  [92m[1m🎯 A.I. Rating: 4.9 ⭐⭐ (PREMIUM PLAY)[0m
  📊 Spread: Market +12.0 | Model -9.2
  🎯 Total: Market 217.5 | Model 234.8
  [93m⚠️ NO BET - Too close to call[0m
     [96mEdge too small (+2.8)[0m
  [92m✅ BET: OVER 217.5[0m
     [96mModel projects 235 total points, bet the OVER[0m
  📈 Predicted: Houston Rockets 122, Brooklyn Nets 113

[1m[96mPhiladelphia 76ers @ Dallas Mavericks[0m
  🕐 01/01/26 08:40 PM EST
  [92m[1m🎯 A.I. Rating: 4.6 ⭐⭐ (PREMIUM PLAY)[0m
  [92m🔥 HOT: Dallas Mavericks - Strong performer: 6-2 (75%) | +3.90u over 8 picks[0m
  📊 Spread: Market +2.5 | Model +9.8
  🎯 Total: Market 231.0 | Model 235.9
  [92m✅ BET: Dallas Mavericks +2.5[0m
     [96mModel projects Dallas Mavericks to win outright, easily covering +2.5.[0m
  [93m⚠️ NO BET - Too close to call[0m
  📈 Predicted: Philadelphia 76ers 113, Dallas Mavericks 123

[1m[96mBoston Celtics @ Sacramento Kings[0m
  🕐 01/01/26 10:10 PM EST
  [93m[1m🎯 A.I. Rating: 3.0 ⭐ (STANDARD PLAY)[0m
  📊 Spread: Market +9.5 | Model -5.2
  🎯 Total: Market 229.0 | Model 233.2
  [93m⚠️ NO BET - Too close to call[0m
     [96mEdge too small (+4.3)[0m
  [93m⚠️ NO BET - Too close to call[0m
  📈 Predicted: Boston Celtics 119, Sacramento Kings 114

[1m[96mMiami Heat @ Detroit Pistons[0m
  🕐 01/01/26 07:10 PM EST
  [93m[1m🎯 A.I. Rating: 2.4  (MARGINAL PLAY)[0m
  📊 Spread: Market -4.5 | Model +5.2
  🎯 Total: Market 236.5 | Model 236.4
  [93m⚠️ NO BET - Too close to call[0m
     [96mEdge too small (+0.7)[0m
  [93m⚠️ NO BET - Too close to call[0m
  📈 Predicted: Miami Heat 116, Detroit Pistons 121

[92m✓ CSV saved: /Users/rico/sports-models/nba/nba_model_output.csv[0m
[92m✓ HTML saved: /Users/rico/sports-models/nba/nba_model_output.html[0m

[1m[96mSTEP 7: Generating Final Tracking Dashboard[0m
[92m✓ Tracking dashboard saved: /Users/rico/sports-models/nba/nba_tracking_dashboard.html[0m

[1m==========================================================================================[0m
[1m[93m📊 TRACKING SUMMARY 📊[0m
[1m==========================================================================================[0m
[92mTotal Tracked Bets: 254[0m
[92mRecord: 136-114-2[0m
[92mWin Rate: 54.4%[0m
[92mProfit: +9.76 units[0m
[92mROI: +3.5%[0m
[1m==========================================================================================[0m

[96mUpdating unified dashboard...[0m
[92m✓ Dashboard updated[0m

✅ Completed: nba_main_model at Thu Jan  1 15:20:04 EST 2026

📤 Auto-pushing model outputs to GitHub...
[main 3fc5854] Update model outputs - 2026-01-01 15:20:04
 Committer: Ricardo Hill <rico@Ricos-M1-Mac-2.local>
Your name and email address were configured automatically based
on your username and hostname. Please check that they are accurate.
You can suppress this message by setting them explicitly. Run the
following command and follow the instructions in your editor to edit
your configuration file:

    git config --global --edit

After doing this, you may fix the identity used for this commit with:

    git commit --amend --reset-author

 4 files changed, 21 insertions(+), 21 deletions(-)
To https://github.com/BangLetsGetIt/NBA-NCAA-Betting-Models.git
   6c0ebfd..3fc5854  main -> main
✅ Successfully pushed to GitHub!
✅ Auto-push succeeded at Thu Jan  1 15:20:04 EST 2026
