============================================================
Scheduler run: nba_main_model
Time: Mon Jan 12 15:26:01 EST 2026
Working dir: /Users/rico/sports-models/nba
Script: nba_model_IMPROVED.py
============================================================

[1m==========================================================================================[0m
[1m[96m🎲 IMPROVED NBA BETTING MODEL 🎲[0m
[1m[92m⚡ Enhanced Stats + Rest Days + Stricter Filters ⚡[0m
[1m==========================================================================================[0m

[1m[96mSTEP 1: Checking for Completed Games[0m

[96m==========================================================================================[0m
[96m🔄 UPDATING RESULTS FOR COMPLETED GAMES[0m
[96m==========================================================================================[0m

[93m📋 Checking 8 pending picks...[0m
[96mFetching completed NBA game scores (via NBA API)...[0m
[92m✓ Found 16 completed games (Free API)[0m
[92m✓ Tracking data saved to /Users/rico/sports-models/nba/nba_picks_tracking.json[0m
[93mNo picks were updated (games may not be complete yet)[0m
[92m✓ Tracking dashboard saved: /Users/rico/sports-models/nba/nba_tracking_dashboard.html[0m

[1m[96mSTEP 2: Fetching Composite Stats (Season + Form)[0m
[96m🔄 Fetching new team stats from stats.nba.com...[0m
[92m✓ Fetched and cached stats for 76 teams[0m

[1m[96mSTEP 3: Fetching Home/Away Splits[0m
[96m🔄 Fetching home/away splits from stats.nba.com...[0m
[93m⚠ Attempt 1/3 failed: HTTPSConnectionPool(host='stats.nba.com', port=443): Read timed out. (read timeout=60)[0m
[93m   Retrying in 2 seconds...[0m
[93m⚠ Attempt 2/3 failed: ('Connection aborted.', ConnectionResetError(54, 'Connection reset by peer'))[0m
[93m   Retrying in 5 seconds...[0m
[92m✓ Fetched and cached home/away splits[0m

[1m[96mSTEP 4: Fetching Team Schedules (Rest Days)[0m

[1m[96mSTEP 5: Fetching Live Odds (Next 2 Days)[0m
[92m✓ Fetched odds for 8 total games[0m
[92m✓ Filtered to 8 games in next 2 days[0m

[1m[96mSTEP 6: Processing Games & Generating Picks[0m

[91m❌ Missing stats for Los Angeles Clippers or Charlotte Hornets[0m
[91m❌ Missing stats for Los Angeles Clippers or Charlotte Hornets[0m
[91m❌ Skipping Charlotte Hornets @ Los Angeles Clippers - missing model data[0m
[92m✓ Tracking data saved to /Users/rico/sports-models/nba/nba_picks_tracking.json[0m
[92m📝 LOGGED PICK: ✅ BET: Miami Heat -1.0 (Edge: +10.4)[0m
[92m✓ Tracking data saved to /Users/rico/sports-models/nba/nba_picks_tracking.json[0m
[92m📝 LOGGED PICK: ✅ BET: OVER 230.5 (Edge: +7.2)[0m
[92m✓ Tracking data saved to /Users/rico/sports-models/nba/nba_picks_tracking.json[0m
[92m📝 LOGGED PICK: ✅ BET: Oklahoma City Thunder -7.5 (Edge: +13.1)[0m
[92m✓ Tracking data saved to /Users/rico/sports-models/nba/nba_picks_tracking.json[0m
[92m📝 LOGGED PICK: ✅ BET: OVER 228.5 (Edge: +7.5)[0m
[92m✓ Tracking data saved to /Users/rico/sports-models/nba/nba_picks_tracking.json[0m
[92m✓ Updated CLV data for existing picks[0m

[1m[92m✅ Analyzed 7 games with complete odds[0m

[93m📊 All picks sorted by A.I. Rating (quality/confidence first)[0m


[1m==========================================================================================[0m
[1m[93m🏀 NBA MODEL PREDICTIONS 🏀[0m
[1m==========================================================================================[0m

[1m[96mLos Angeles Lakers @ Sacramento Kings[0m
  🕐 01/12/26 10:10 PM EST
  [92m[1m🎯 A.I. Rating: 4.9 ⭐⭐ (PREMIUM PLAY)[0m
  [93m📉 NEUTRAL-: Sacramento Kings - Slightly below average: 5-6 (45%) | -1.60u over 11 picks[0m
  📊 Spread: Market +9.0 | Model +7.4
  🎯 Total: Market 229.5 | Model 234.5
  [92m✅ BET: Sacramento Kings +9.0[0m
     [96mModel projects Sacramento Kings to win outright, easily covering +9.0.[0m
  [93m⚠️ NO BET - Too close to call[0m
  📈 Predicted: Los Angeles Lakers 114, Sacramento Kings 121

[1m[96mBrooklyn Nets @ Dallas Mavericks[0m
  🕐 01/12/26 08:40 PM EST
  [92m[1m🎯 A.I. Rating: 4.9 ⭐⭐ (PREMIUM PLAY)[0m
  [92m🔥 HOT: Dallas Mavericks - Strong performer: 7-3 (70%) | +3.80u over 10 picks[0m
  📊 Spread: Market -4.0 | Model +10.2
  🎯 Total: Market 219.5 | Model 233.5
  [92m✅ BET: Dallas Mavericks -4.0[0m
     [96mModel projects Dallas Mavericks to win by 10.2, covering -4.0.[0m
  [92m✅ BET: OVER 219.5[0m
     [96mModel projects 234 total points, bet the OVER[0m
  📈 Predicted: Brooklyn Nets 112, Dallas Mavericks 122

[1m[96mPhiladelphia 76ers @ Toronto Raptors[0m
  🕐 01/12/26 07:40 PM EST
  [92m[1m🎯 A.I. Rating: 4.8 ⭐⭐ (PREMIUM PLAY)[0m
  [96mℹ️ LIMITED: Toronto Raptors - Limited data: 2-0 (100%) | +2.00u (2 picks)[0m
  📊 Spread: Market +3.5 | Model +5.6
  🎯 Total: Market 220.0 | Model 234.4
  [92m✅ BET: Toronto Raptors +3.5[0m
     [96mModel projects Toronto Raptors to win outright, easily covering +3.5.[0m
  [92m✅ BET: OVER 220.0[0m
     [96mModel projects 234 total points, bet the OVER[0m
  📈 Predicted: Philadelphia 76ers 114, Toronto Raptors 120

[1m[96mSan Antonio Spurs @ Oklahoma City Thunder[0m
  🕐 01/13/26 08:10 PM EST
  [92m[1m🎯 A.I. Rating: 4.6 ⭐⭐ (PREMIUM PLAY)[0m
  [93m⚠️ CAUTION: Oklahoma City Thunder - Below average: 3-5 (38%) | -2.50u over 8 picks[0m
  📊 Spread: Market -7.5 | Model +20.6
  🎯 Total: Market 228.5 | Model 236.0
  [92m✅ BET: Oklahoma City Thunder -7.5[0m
     [96mModel projects Oklahoma City Thunder to win by 20.6, covering -7.5.[0m
  [92m✅ BET: OVER 228.5[0m
     [96mModel projects 236 total points, bet the OVER[0m
  📈 Predicted: San Antonio Spurs 108, Oklahoma City Thunder 128

[1m[96mBoston Celtics @ Indiana Pacers[0m
  🕐 01/12/26 07:40 PM EST
  [92m[1m🎯 A.I. Rating: 4.1 ⭐⭐ (STRONG PLAY)[0m
  📊 Spread: Market +5.5 | Model -2.7
  🎯 Total: Market 226.0 | Model 236.8
  [93m⚠️ NO BET - Too close to call[0m
     [96mEdge too small (+2.8)[0m
  [92m✅ BET: OVER 226.0[0m
     [96mModel projects 237 total points, bet the OVER[0m
  📈 Predicted: Boston Celtics 120, Indiana Pacers 117

[1m[96mPhoenix Suns @ Miami Heat[0m
  🕐 01/13/26 07:40 PM EST
  [92m[1m🎯 A.I. Rating: 4.1 ⭐⭐ (STRONG PLAY)[0m
  [96mℹ️ LIMITED: Miami Heat - Limited data: 2-0 (100%) | +2.00u (2 picks)[0m
  📊 Spread: Market -1.0 | Model +11.4
  🎯 Total: Market 230.5 | Model 237.7
  [92m✅ BET: Miami Heat -1.0[0m
     [96mModel projects Miami Heat to win by 11.4, covering -1.0.[0m
  [92m✅ BET: OVER 230.5[0m
     [96mModel projects 238 total points, bet the OVER[0m
  📈 Predicted: Phoenix Suns 113, Miami Heat 125

[1m[96mUtah Jazz @ Cleveland Cavaliers[0m
  🕐 01/12/26 07:10 PM EST
  [96m[1m🎯 A.I. Rating: 3.9 ⭐ (GOOD PLAY)[0m
  [93m📉 NEUTRAL-: Cleveland Cavaliers - Slightly below average: 6-7 (46%) | -1.70u over 13 picks[0m
  📊 Spread: Market -13.0 | Model +22.4
  🎯 Total: Market 249.5 | Model 241.7
  [92m✅ BET: Cleveland Cavaliers -13.0[0m
     [96mModel projects Cleveland Cavaliers to win by 22.4, covering -13.0.[0m
  [92m✅ BET: UNDER 249.5[0m
     [96mModel projects 242 total points, bet the UNDER[0m
  📈 Predicted: Utah Jazz 110, Cleveland Cavaliers 132

[92m✓ CSV saved: /Users/rico/sports-models/nba/nba_model_output.csv[0m
[92m✓ HTML saved: /Users/rico/sports-models/nba/nba_model_output.html[0m

[1m[96mSTEP 7: Generating Final Tracking Dashboard[0m
[92m✓ Tracking dashboard saved: /Users/rico/sports-models/nba/nba_tracking_dashboard.html[0m

[1m==========================================================================================[0m
[1m[93m📊 TRACKING SUMMARY 📊[0m
[1m==========================================================================================[0m
[92mTotal Tracked Bets: 349[0m
[92mRecord: 180-159-2[0m
[92mWin Rate: 53.1%[0m
[92mProfit: +4.26 units[0m
[92mROI: +1.1%[0m
[1m==========================================================================================[0m

[96mUpdating unified dashboard...[0m
[92m✓ Dashboard updated[0m

✅ Completed: nba_main_model at Mon Jan 12 17:11:36 EST 2026

📤 Auto-pushing model outputs to GitHub...
[main 6386393] Update model outputs - 2026-01-12 17:11:37
 Committer: Ricardo Hill <rico@MacBookAir.lan>
Your name and email address were configured automatically based
on your username and hostname. Please check that they are accurate.
You can suppress this message by setting them explicitly. Run the
following command and follow the instructions in your editor to edit
your configuration file:

    git config --global --edit

After doing this, you may fix the identity used for this commit with:

    git commit --amend --reset-author

 4 files changed, 249 insertions(+), 57 deletions(-)
To https://github.com/BangLetsGetIt/NBA-NCAA-Betting-Models.git
   c9e0d85..6386393  main -> main
✅ Successfully pushed to GitHub!
✅ Auto-push succeeded at Mon Jan 12 17:11:38 EST 2026
