============================================================
Scheduler run: nba_main_model
Time: Sun Jan 18 15:20:04 EST 2026
Working dir: /Users/rico/sports-models/nba
Script: nba_model_IMPROVED.py
============================================================

[1m==========================================================================================[0m
[1m[96m🎲 IMPROVED NBA BETTING MODEL 🎲[0m
[1m[92m⚡ Enhanced Stats + Rest Days + Stricter Filters ⚡[0m
[1m==========================================================================================[0m

[1m[96mSTEP 1: Checking for Completed Games[0m

[96m==========================================================================================[0m
[96m🔄 UPDATING RESULTS FOR COMPLETED GAMES[0m
[96m==========================================================================================[0m

[93m📋 Checking 10 pending picks...[0m
[96mFetching completed NBA game scores (via NBA API)...[0m
[92m✓ Found 16 completed games (Free API)[0m
  ✓ Updating: Orlando Magic 109 @ Memphis Grizzlies 126
    Result: Win
  ✓ Updating: Orlando Magic 109 @ Memphis Grizzlies 126
    Result: Win
[92m✓ Tracking data saved to /Users/rico/sports-models/nba/nba_picks_tracking.json[0m
[92m✅ Updated 2 picks[0m
[92m✓ Tracking data saved to /Users/rico/sports-models/nba/nba_picks_tracking.json[0m
[92m✅ Updated 2 picks[0m
[92m✓ Tracking dashboard saved: /Users/rico/sports-models/nba/nba_tracking_dashboard.html[0m
[92m✓ Tracking dashboard saved: /Users/rico/sports-models/nba/nba_tracking_dashboard.html[0m

[1m[96mSTEP 2: Fetching Composite Stats (Season + Form)[0m
[92m✓ Using cached composite stats (less than 6 hours old)[0m

[1m[96mSTEP 3: Fetching Home/Away Splits[0m
[92m✓ Using cached home/away splits (less than 6 hours old)[0m

[1m[96mSTEP 4: Fetching Team Schedules (Rest Days)[0m
[96m🔄 Fetching team schedules...[0m
[92m✓ Fetched schedules for 1 teams[0m

[1m[96mSTEP 5: Fetching Live Odds (Next 2 Days)[0m
[92m✓ Fetched odds for 5 total games[0m
[92m✓ Filtered to 5 games in next 2 days[0m

[1m[96mSTEP 6: Processing Games & Generating Picks[0m

[92m✓ Tracking data saved to /Users/rico/sports-models/nba/nba_picks_tracking.json[0m
[92m✓ Updated CLV data for existing picks[0m

[1m[92m✅ Analyzed 5 games with complete odds[0m

[93m📊 All picks sorted by A.I. Rating (quality/confidence first)[0m


[1m==========================================================================================[0m
[1m[93m🏀 NBA MODEL PREDICTIONS 🏀[0m
[1m==========================================================================================[0m

[1m[96mCharlotte Hornets @ Denver Nuggets[0m
  🕐 01/18/26 08:10 PM EST
  [92m[1m🎯 A.I. Rating: 4.9 ⭐⭐ (PREMIUM PLAY)[0m
  [96m📊 NEUTRAL+: Denver Nuggets - Slightly above average: 4-3 (57%) | +0.70u over 7 picks[0m
  📊 Spread: Market +1.5 | Model +17.6
  🎯 Total: Market 228.5 | Model 231.4
  [92m✅ BET: Denver Nuggets +1.5[0m
     [96mModel projects Denver Nuggets to win outright, easily covering +1.5.[0m
  [93m⚠️ NO BET - Too close to call[0m
  📈 Predicted: Charlotte Hornets 107, Denver Nuggets 124

[1m[96mBrooklyn Nets @ Chicago Bulls[0m
  🕐 01/18/26 07:10 PM EST
  [92m[1m🎯 A.I. Rating: 4.9 ⭐⭐ (PREMIUM PLAY)[0m
  📊 Spread: Market -6.5 | Model +6.0
  🎯 Total: Market 222.5 | Model 237.8
  [93m⚠️ NO BET - Too close to call[0m
     [96mEdge too small (-0.5)[0m
  [92m✅ BET: OVER 222.5[0m
     [96mModel projects 238 total points, bet the OVER[0m
  📈 Predicted: Brooklyn Nets 116, Chicago Bulls 122

[1m[96mToronto Raptors @ Los Angeles Lakers[0m
  🕐 01/18/26 09:40 PM EST
  [92m[1m🎯 A.I. Rating: 4.8 ⭐⭐ (PREMIUM PLAY)[0m
  [91m🚫 COLD: Los Angeles Lakers - Poor performer: 2-5 (29%) | -3.59u over 7 picks[0m
  📊 Spread: Market +2.0 | Model +13.3
  🎯 Total: Market 223.0 | Model 234.2
  [92m✅ BET: Los Angeles Lakers +2.0[0m
     [96mModel projects Los Angeles Lakers to win outright, easily covering +2.0.[0m
  [92m✅ BET: OVER 223.0[0m
     [96mModel projects 234 total points, bet the OVER[0m
  📈 Predicted: Toronto Raptors 110, Los Angeles Lakers 124

[1m[96mNew Orleans Pelicans @ Houston Rockets[0m
  🕐 01/18/26 07:10 PM EST
  [96m[1m🎯 A.I. Rating: 3.7 ⭐ (GOOD PLAY)[0m
  [93m⚠️ CAUTION: Houston Rockets - Below average: 1-2 (33%) | -1.29u over 3 picks[0m
  📊 Spread: Market -13.5 | Model +21.5
  🎯 Total: Market 232.0 | Model 236.0
  [92m✅ BET: Houston Rockets -13.5[0m
     [96mModel projects Houston Rockets to win by 21.5, covering -13.5.[0m
  [93m⚠️ NO BET - Too close to call[0m
  📈 Predicted: New Orleans Pelicans 107, Houston Rockets 129

[1m[96mPortland Trail Blazers @ Sacramento Kings[0m
  🕐 01/18/26 09:10 PM EST
  [96m[1m🎯 A.I. Rating: 3.5 ⭐ (GOOD PLAY)[0m
  [96m📊 NEUTRAL+: Sacramento Kings - Slightly above average: 8-6 (57%) | +1.40u over 14 picks[0m
  📊 Spread: Market -2.5 | Model +9.9
  🎯 Total: Market 229.0 | Model 232.8
  [92m✅ BET: Sacramento Kings -2.5[0m
     [96mModel projects Sacramento Kings to win by 9.9, covering -2.5.[0m
  [93m⚠️ NO BET - Too close to call[0m
  📈 Predicted: Portland Trail Blazers 111, Sacramento Kings 121

[92m✓ CSV saved: /Users/rico/sports-models/nba/nba_model_output.csv[0m
Loaded 10 Auto-Bet teams: Portland Trail Blazers, New Orleans Pelicans, Orlando Magic, Dallas Mavericks, Denver Nuggets...
[92m✓ HTML saved: /Users/rico/sports-models/nba/nba_model_output.html[0m

[1m[96mSTEP 7: Generating Final Tracking Dashboard[0m
[92m✓ Tracking dashboard saved: /Users/rico/sports-models/nba/nba_tracking_dashboard.html[0m

[1m==========================================================================================[0m
[1m[93m📊 TRACKING SUMMARY 📊[0m
[1m==========================================================================================[0m
[92mTotal Tracked Bets: 399[0m
[92mRecord: 208-180-3[0m
[92mWin Rate: 53.6%[0m
[92mProfit: +9.16 units[0m
[92mROI: +2.1%[0m
[1m==========================================================================================[0m

[96mUpdating unified dashboard...[0m
[92m✓ Dashboard updated[0m

✅ Completed: nba_main_model at Sun Jan 18 15:20:35 EST 2026

📤 Auto-pushing model outputs to GitHub...
[main b515b61] Update model outputs - 2026-01-18 15:20:35
 Committer: Ricardo Hill <rico@Ricos-M1-Mac-2.local>
Your name and email address were configured automatically based
on your username and hostname. Please check that they are accurate.
You can suppress this message by setting them explicitly. Run the
following command and follow the instructions in your editor to edit
your configuration file:

    git config --global --edit

After doing this, you may fix the identity used for this commit with:

    git commit --amend --reset-author

 4 files changed, 97 insertions(+), 222 deletions(-)
To https://github.com/BangLetsGetIt/NBA-NCAA-Betting-Models.git
   ee478b8..b515b61  main -> main
✅ Successfully pushed to GitHub!
✅ Auto-push succeeded at Sun Jan 18 15:20:36 EST 2026
