============================================================
Scheduler run: nba_rebounds_props
Time: Sun Jan 25 18:10:02 EST 2026
Working dir: /Users/rico/sports-models/nba
Script: nba_rebounds_props_model.py
============================================================

[1m[96m================================================================================[0m
[1m[96mNBA REBOUNDS PROPS A.I. MODEL[0m
[1m[96m================================================================================[0m

[96m==========================================================================================[0m
[96m🎯 GRADING PENDING PICKS[0m
[96m==========================================================================================[0m

[93m📋 Found 16 pending picks...[0m

  Fetching team stats to verify completed games for 2025-12-16...
[96m  Fetching batch stats for 12/16/2025...[0m
  Fetching team stats to verify completed games for 2025-12-30...
[96m  Fetching batch stats for 12/30/2025...[0m
  Fetching team stats to verify completed games for 2026-01-01...
[96m  Fetching batch stats for 01/01/2026...[0m
  Fetching team stats to verify completed games for 2026-01-08...
[96m  Fetching batch stats for 01/08/2026...[0m
  Fetching team stats to verify completed games for 2026-01-25...
[96m  Fetching batch stats for 01/25/2026...[0m

[93mNo picks ready for grading yet[0m

[96mFetching REAL NBA player rebounding statistics...[0m
[92m✓ Using cached player rebounding stats (less than 6 hours old)[0m

[96mFetching opponent rebounding factors...[0m
[92m✓ Using cached rebounding factors[0m

[96mFetching player rebounds prop odds...[0m
[96m  Found 5 upcoming games[0m
[96m  Filtered to 4 upcoming games[0m
[96m  Game 1/5: New Orleans Pelicans @ San Antonio Spurs[0m
[96m  Game 2/5: Toronto Raptors @ Oklahoma City Thunder[0m
[96m  Game 3/5: Miami Heat @ Phoenix Suns[0m
[96m  Game 4/5: Brooklyn Nets @ Los Angeles Clippers[0m
[92m✓ Fetched 43 player rebounds props (grouped)[0m

[96mAnalyzing 43 player props with REAL stats...[0m
[92m✓ Found 1 top OVER plays (A.I. Score >= 10.0)[0m
[92m✓ Found 1 top UNDER plays (A.I. Score >= 10.0)[0m
[93m  Skipped 1 props (no player stats found)[0m
[93m  Skipped 82 props (score below 10.0 or failed checks)[0m

[96m==========================================================================================[0m
[96m📊 TRACKING NEW PICKS[0m
[96m==========================================================================================[0m
[92m✓ Tracked 1 new picks[0m
[93m✓ Updated odds for 1 existing picks[0m

[1m[92m================================================================================[0m
[1m[92mTOP OVER PLAYS[0m
[1m[92m================================================================================[0m
  [96m 1. Devin Vassell            [0m | [92mOVER 2.5 REB   [0m | San Antonio Spurs         vs New Orleans Pelicans      | [1mA.I.: 10.00[0m | Rating: 3.4 ⭐

[1m[91m================================================================================[0m
[1m[91mTOP UNDER PLAYS[0m
[1m[91m================================================================================[0m
  [96m 1. Isaiah Joe               [0m | [91mUNDER 3.5 REB  [0m | Oklahoma City Thunder     vs Toronto Raptors           | [1mA.I.: 10.00[0m | Rating: 3.2 ⭐

[96mGenerating HTML report...[0m

[92m✓ HTML report saved: /Users/rico/sports-models/nba/nba_rebounds_props.html[0m

[1m[92m================================================================================[0m
[1m[92m✓ Model execution complete![0m
[1m[92m================================================================================[0m

✅ Completed: nba_rebounds_props at Sun Jan 25 18:10:38 EST 2026

📤 Auto-pushing model outputs to GitHub...
[main b7573cb8] Update model outputs - 2026-01-25 18:10:38
 Committer: Ricardo Hill <rico@MacBookAir.lan>
Your name and email address were configured automatically based
on your username and hostname. Please check that they are accurate.
You can suppress this message by setting them explicitly. Run the
following command and follow the instructions in your editor to edit
your configuration file:

    git config --global --edit

After doing this, you may fix the identity used for this commit with:

    git commit --amend --reset-author

 2 files changed, 38 insertions(+), 148 deletions(-)
To https://github.com/BangLetsGetIt/NBA-NCAA-Betting-Models.git
   7acbd873..b7573cb8  main -> main
✅ Successfully pushed to GitHub!
✅ Auto-push succeeded at Sun Jan 25 18:10:39 EST 2026
