==========================================
NBA Rebounds Props Model Run: Fri Jan  2 06:00:05 EST 2026
==========================================
Running NBA Rebounds Props model...

[1m[96m================================================================================[0m
[1m[96mNBA REBOUNDS PROPS A.I. MODEL[0m
[1m[96m================================================================================[0m

[96m==========================================================================================[0m
[96m🎯 GRADING PENDING PICKS[0m
[96m==========================================================================================[0m

[93m📋 Found 15 pending picks...[0m

  Fetching team stats to verify completed games for 2025-12-16...
[96m  Fetching batch stats for 12/16/2025...[0m
  Fetching team stats to verify completed games for 2025-12-30...
[96m  Fetching batch stats for 12/30/2025...[0m
  Fetching team stats to verify completed games for 2026-01-01...
[96m  Fetching batch stats for 01/01/2026...[0m
  Fetching team stats to verify completed games for 2026-01-02...

[93mNo picks ready for grading yet[0m

[96mFetching REAL NBA player rebounding statistics...[0m
[92m✓ Using cached player rebounding stats (less than 6 hours old)[0m

[96mFetching opponent rebounding factors...[0m
[92m✓ Using cached rebounding factors[0m

[96mFetching player rebounds prop odds...[0m
[96m  Found 10 upcoming games[0m
[96m  Filtered to 10 upcoming games[0m
[96m  Game 1/10: Brooklyn Nets @ Washington Wizards[0m
[96m  Game 2/10: San Antonio Spurs @ Indiana Pacers[0m
[96m  Game 3/10: Atlanta Hawks @ New York Knicks[0m
[96m  Game 4/10: Denver Nuggets @ Cleveland Cavaliers[0m
[96m  Game 5/10: Charlotte Hornets @ Milwaukee Bucks[0m
[96m  Game 6/10: Orlando Magic @ Chicago Bulls[0m
[96m  Game 7/10: Portland Trail Blazers @ New Orleans Pelicans[0m
[96m  Game 8/10: Sacramento Kings @ Phoenix Suns[0m
[96m  Game 9/10: Oklahoma City Thunder @ Golden State Warriors[0m
[96m  Game 10/10: Memphis Grizzlies @ Los Angeles Lakers[0m
[92m✓ Fetched 119 player rebounds props (grouped)[0m

[96mAnalyzing 119 player props with REAL stats...[0m
[92m✓ Found 0 top OVER plays (A.I. Score >= 10.0)[0m
[92m✓ Found 6 top UNDER plays (A.I. Score >= 10.0)[0m
[93m  Skipped 5 props (no player stats found)[0m
[93m  Skipped 222 props (score below 10.0 or failed checks)[0m

[96m==========================================================================================[0m
[96m📊 TRACKING NEW PICKS[0m
[96m==========================================================================================[0m
[93m✓ Updated odds for 3 existing picks[0m

[1m[92m================================================================================[0m
[1m[92mTOP OVER PLAYS[0m
[1m[92m================================================================================[0m

[1m[91m================================================================================[0m
[1m[91mTOP UNDER PLAYS[0m
[1m[91m================================================================================[0m
  [96m 1. Jalen Smith              [0m | [91mUNDER 8.5 REB  [0m | Chicago Bulls             vs Orlando Magic             | [1mA.I.: 10.00[0m | Rating: 4.9 ⭐⭐
  [96m 2. Al Horford               [0m | [91mUNDER 5.5 REB  [0m | Golden State Warriors     vs Oklahoma City Thunder     | [1mA.I.: 10.00[0m | Rating: 4.9 ⭐⭐
  [96m 3. Chet Holmgren            [0m | [91mUNDER 9.5 REB  [0m | Oklahoma City Thunder     vs Golden State Warriors     | [1mA.I.: 10.00[0m | Rating: 4.7 ⭐⭐
  [96m 4. Jay Huff                 [0m | [91mUNDER 5.5 REB  [0m | Indiana Pacers            vs San Antonio Spurs         | [1mA.I.: 10.00[0m | Rating: 4.4 ⭐⭐
  [96m 5. Sam Merrill              [0m | [91mUNDER 3.5 REB  [0m | Cleveland Cavaliers       vs Denver Nuggets            | [1mA.I.: 10.00[0m | Rating: 4.1 ⭐⭐
  [96m 6. Andrew Nembhard          [0m | [91mUNDER 3.5 REB  [0m | Indiana Pacers            vs San Antonio Spurs         | [1mA.I.: 10.00[0m | Rating: 2.7 

[96mGenerating HTML report...[0m

[92m✓ HTML report saved: /Users/rico/sports-models/nba/nba_rebounds_props.html[0m

[1m[92m================================================================================[0m
[1m[92m✓ Model execution complete![0m
[1m[92m================================================================================[0m


==========================================
✅ Model completed successfully!
==========================================

📤 Pushing updates to GitHub...
