============================================================
Scheduler run: nba_points_props
Time: Sun Jan 11 15:00:44 EST 2026
Working dir: /Users/rico/sports-models/nba
Script: nba_points_props_model.py
============================================================

[1m[96m================================================================================[0m
[1m[96mNBA POINTS PROPS A.I. MODEL[0m
[1m[96m================================================================================[0m

[96m==========================================================================================[0m
[96m🎯 GRADING PENDING PICKS (BATCH MODE)[0m
[96m==========================================================================================[0m

[93m📋 Found 34 pending picks...[0m


[96mProcessing 9 picks for 2025-12-16...[0m
[96m  Fetching batch stats for 12/16/2025...[0m
  Fetching team stats to verify completed games for 2025-12-16...
[93m  ⚠️  No stats found for 2025-12-16 yet[0m

[96mProcessing 2 picks for 2025-12-23...[0m
[96m  Fetching batch stats for 12/23/2025...[0m
  Fetching team stats to verify completed games for 2025-12-23...

[96mProcessing 1 picks for 2026-01-03...[0m
[96m  Fetching batch stats for 01/03/2026...[0m
  Fetching team stats to verify completed games for 2026-01-03...

[96mProcessing 2 picks for 2026-01-08...[0m
[96m  Fetching batch stats for 01/08/2026...[0m
  Fetching team stats to verify completed games for 2026-01-08...

[96mProcessing 1 picks for 2026-01-09...[0m
[96m  Fetching batch stats for 01/09/2026...[0m
  Fetching team stats to verify completed games for 2026-01-09...

[96mProcessing 3 picks for 2026-01-10...[0m
[96m  Fetching batch stats for 01/10/2026...[0m
  Fetching team stats to verify completed games for 2026-01-10...

[93mNo picks ready for grading yet[0m

[96mFetching REAL NBA player points statistics...[0m
[92m✓ Using cached player stats (less than 6 hours old)[0m

[96mFetching opponent defense factors...[0m
[92m✓ Using cached defense factors[0m

[96mFetching player points prop odds...[0m
[96m  Found 10 upcoming games[0m
[96m  Filtered to 10 upcoming games[0m
[96m  Game 1/10: New Orleans Pelicans @ Orlando Magic[0m
[96m  Game 2/10: Brooklyn Nets @ Memphis Grizzlies[0m
[96m  Game 3/10: New York Knicks @ Portland Trail Blazers[0m
[96m  Game 4/10: Philadelphia 76ers @ Toronto Raptors[0m
[96m  Game 5/10: Miami Heat @ Oklahoma City Thunder[0m
[96m  Game 6/10: San Antonio Spurs @ Minnesota Timberwolves[0m
[96m  Game 7/10: Milwaukee Bucks @ Denver Nuggets[0m
[96m  Game 8/10: Washington Wizards @ Phoenix Suns[0m
[96m  Game 9/10: Atlanta Hawks @ Golden State Warriors[0m
[96m  Game 10/10: Houston Rockets @ Sacramento Kings[0m
[92m✓ Fetched 246 total player props[0m

[96mAnalyzing 246 player props with REAL stats...[0m
[92m✓ Found 10 top OVER plays (A.I. Score >= 10.0)[0m
[92m✓ Found 9 top UNDER plays (A.I. Score >= 10.0)[0m
[93m  Skipped 8 props (no player stats found)[0m
[93m  Skipped 418 props (score below 10.0)[0m

[96m==========================================================================================[0m
[96m📊 TRACKING NEW PICKS[0m
[96m==========================================================================================[0m
[92m✓ Tracked 6 new picks[0m
[93m✓ Updated odds for 4 existing picks[0m

[1m[92m================================================================================[0m
[1m[92mTOP OVER PLAYS[0m
[1m[92m================================================================================[0m
  [96m 1. Trey Murphy III          [0m | [92mOVER 20.5 PTS  [0m | New Orleans Pelicans vs Orlando Magic | [1mA.I.: 10.00[0m | Rating: 4.9 ⭐⭐
  [96m 2. Moe Wagner               [0m | [92mOVER 8.5 PTS   [0m | Orlando Magic vs New Orleans Pelicans | [1mA.I.: 10.00[0m | Rating: 4.9 ⭐⭐
  [96m 3. Tristan da Silva         [0m | [92mOVER 7.5 PTS   [0m | Orlando Magic vs New Orleans Pelicans | [1mA.I.: 10.00[0m | Rating: 4.9 ⭐⭐
  [96m 4. Josh Hart                [0m | [92mOVER 9.5 PTS   [0m | New York Knicks vs Portland Trail Blazers | [1mA.I.: 10.00[0m | Rating: 4.9 ⭐⭐
  [96m 5. Jordan Clarkson          [0m | [92mOVER 7.5 PTS   [0m | New York Knicks vs Portland Trail Blazers | [1mA.I.: 10.00[0m | Rating: 4.9 ⭐⭐
  [96m 6. Jrue Holiday             [0m | [92mOVER 9.5 PTS   [0m | Portland Trail Blazers vs New York Knicks | [1mA.I.: 10.00[0m | Rating: 4.9 ⭐⭐
  [96m 7. Ajay Mitchell            [0m | [92mOVER 11.5 PTS  [0m | Oklahoma City Thunder vs Miami Heat | [1mA.I.: 10.00[0m | Rating: 4.9 ⭐⭐
  [96m 8. Andrew Wiggins           [0m | [92mOVER 12.5 PTS  [0m | Miami Heat vs Oklahoma City Thunder | [1mA.I.: 10.00[0m | Rating: 4.9 ⭐⭐
  [96m 9. Tyler Herro              [0m | [92mOVER 18.5 PTS  [0m | Miami Heat vs Oklahoma City Thunder | [1mA.I.: 10.00[0m | Rating: 4.9 ⭐⭐
  [96m10. Norman Powell            [0m | [92mOVER 19.5 PTS  [0m | Miami Heat vs Oklahoma City Thunder | [1mA.I.: 10.00[0m | Rating: 4.9 ⭐⭐

[1m[91m================================================================================[0m
[1m[91mTOP UNDER PLAYS[0m
[1m[91m================================================================================[0m
  [96m 1. Desmond Bane             [0m | [91mUNDER 21.5 PTS [0m | Orlando Magic vs New Orleans Pelicans | [1mA.I.: 10.00[0m | Rating: 4.9 ⭐⭐
  [96m 2. Paolo Banchero           [0m | [91mUNDER 25.5 PTS [0m | Orlando Magic vs New Orleans Pelicans | [1mA.I.: 10.00[0m | Rating: 4.9 ⭐⭐
  [96m 3. Goga Bitadze             [0m | [91mUNDER 9.5 PTS  [0m | Orlando Magic vs New Orleans Pelicans | [1mA.I.: 10.00[0m | Rating: 4.9 ⭐⭐
  [96m 4. Noah Clowney             [0m | [91mUNDER 15.5 PTS [0m | Brooklyn Nets vs Memphis Grizzlies | [1mA.I.: 10.00[0m | Rating: 4.9 ⭐⭐
  [96m 5. Brandon Ingram           [0m | [91mUNDER 23.5 PTS [0m | Toronto Raptors vs Philadelphia 76ers | [1mA.I.: 10.00[0m | Rating: 4.9 ⭐⭐
  [96m 6. Sandro Mamukelashvili    [0m | [91mUNDER 13.5 PTS [0m | Toronto Raptors vs Philadelphia 76ers | [1mA.I.: 10.00[0m | Rating: 4.9 ⭐⭐
  [96m 7. Christian Braun          [0m | [91mUNDER 11.5 PTS [0m | Denver Nuggets vs Milwaukee Bucks | [1mA.I.: 10.00[0m | Rating: 4.9 ⭐⭐
  [96m 8. Devin Booker             [0m | [91mUNDER 27.5 PTS [0m | Phoenix Suns vs Washington Wizards | [1mA.I.: 10.00[0m | Rating: 4.9 ⭐⭐
  [96m 9. Steven Adams             [0m | [91mUNDER 7.5 PTS  [0m | Houston Rockets vs Sacramento Kings | [1mA.I.: 10.00[0m | Rating: 4.9 ⭐⭐

[96mGenerating HTML report...[0m

[92m✓ HTML report saved: /Users/rico/sports-models/nba/nba_points_props.html[0m

[1m[92m================================================================================[0m
[1m[92m✓ Model execution complete![0m
[1m[92m================================================================================[0m

✅ Completed: nba_points_props at Sun Jan 11 15:01:17 EST 2026

📤 Auto-pushing model outputs to GitHub...
[main c03ea5d] Update model outputs - 2026-01-11 15:01:17
 Committer: Ricardo Hill <rico@MacBookAir.lan>
Your name and email address were configured automatically based
on your username and hostname. Please check that they are accurate.
You can suppress this message by setting them explicitly. Run the
following command and follow the instructions in your editor to edit
your configuration file:

    git config --global --edit

After doing this, you may fix the identity used for this commit with:

    git commit --amend --reset-author

 2 files changed, 403 insertions(+), 193 deletions(-)
To https://github.com/BangLetsGetIt/NBA-NCAA-Betting-Models.git
   8a73fe8..c03ea5d  main -> main
✅ Successfully pushed to GitHub!
✅ Auto-push succeeded at Sun Jan 11 15:01:17 EST 2026
