============================================================
Scheduler run: nba_3pt_props
Time: Mon Jan  5 02:50:04 EST 2026
Working dir: /Users/rico/sports-models/nba
Script: nba_3pt_props_model.py
============================================================

[1m[96m================================================================================[0m
[1m[96mNBA 3PT PROPS A.I. MODEL[0m
[1m[96m================================================================================[0m

[96m==========================================================================================[0m
[96m🎯 GRADING PENDING PICKS[0m
[96m==========================================================================================[0m

[93m📋 Found 3 pending picks...[0m

  Fetching team stats to verify completed games for 2025-12-16...
[96m  Fetching batch stats for 12/16/2025...[0m
  Fetching team stats to verify completed games for 2026-01-04...
[96m  Fetching batch stats for 01/04/2026...[0m
    [91mLOSS[0m: Collin Gillespie had 1 3-pointers (line: 2.5, bet: OVER) | Profit: -1.00 units
    [91mLOSS[0m: Bobby Portis had 0 3-pointers (line: 1.5, bet: OVER) | Profit: -1.00 units

[92m✓ Graded 2 picks[0m

[96mFetching REAL NBA player 3-pointers statistics...[0m
[96m  Fetching season 3-pointers stats...[0m
[96m  Fetching recent form (last 10 games)...[0m
[92m✓ Fetched REAL 3-pointers stats for 506 players[0m

[96mFetching opponent 3-pointers factors...[0m
[92m✓ Fetched 3-pointers factors for 30 teams[0m

[96mFetching player 3-pointers prop odds...[0m
[96m  Found 8 upcoming games[0m
[96m  Filtered to 8 upcoming games[0m
[96m  Game 1/8: New York Knicks @ Detroit Pistons[0m
[96m  Game 2/8: Atlanta Hawks @ Toronto Raptors[0m
[96m  Game 3/8: Chicago Bulls @ Boston Celtics[0m
[96m  Game 4/8: Charlotte Hornets @ Oklahoma City Thunder[0m
[96m  Game 5/8: Phoenix Suns @ Houston Rockets[0m
[96m  Game 6/8: Denver Nuggets @ Philadelphia 76ers[0m
[96m  Game 7/8: Golden State Warriors @ Los Angeles Clippers[0m
[96m  Game 8/8: Utah Jazz @ Portland Trail Blazers[0m
[92m✓ Fetched 70 player 3-pointers props (grouped)[0m

[96mAnalyzing 70 player props with REAL stats...[0m
[92m✓ Found 6 top OVER plays (A.I. Score >= 7.5)[0m
[92m✓ Found 1 top UNDER plays (A.I. Score >= 7.5)[0m
[93m  Skipped 3 props (no player stats found)[0m
[93m  Skipped 127 props (score below 7.5 or failed checks)[0m

[96m==========================================================================================[0m
[96m📊 TRACKING NEW PICKS[0m
[96m==========================================================================================[0m
[92m✓ Tracked 7 new picks[0m

[1m[92m================================================================================[0m
[1m[92mTOP OVER PLAYS[0m
[1m[92m================================================================================[0m
  [96m 1. Jamal Murray             [0m | [92mOVER 2.5 3PT   [0m | Denver Nuggets            vs Philadelphia 76ers        | [1mA.I.: 9.29[0m | Rating: 4.1 ⭐⭐
  [96m 2. LaMelo Ball              [0m | [92mOVER 2.5 3PT   [0m | Charlotte Hornets         vs Oklahoma City Thunder     | [1mA.I.: 10.00[0m | Rating: 4.0 ⭐⭐
  [96m 3. Kon Knueppel             [0m | [92mOVER 2.5 3PT   [0m | Charlotte Hornets         vs Oklahoma City Thunder     | [1mA.I.: 10.00[0m | Rating: 3.4 ⭐
  [96m 4. Luguentz Dort            [0m | [92mOVER 1.5 3PT   [0m | Oklahoma City Thunder     vs Charlotte Hornets         | [1mA.I.: 9.11[0m | Rating: 3.0 ⭐
  [96m 5. Royce O'Neale            [0m | [92mOVER 1.5 3PT   [0m | Phoenix Suns              vs Houston Rockets           | [1mA.I.: 10.00[0m | Rating: 2.9 
  [96m 6. Jalen Brunson            [0m | [92mOVER 2.5 3PT   [0m | New York Knicks           vs Detroit Pistons           | [1mA.I.: 9.00[0m | Rating: 2.6 

[1m[91m================================================================================[0m
[1m[91mTOP UNDER PLAYS[0m
[1m[91m================================================================================[0m
  [96m 1. Kevin Huerter            [0m | [91mUNDER 2.5 3PT  [0m | Chicago Bulls             vs Boston Celtics            | [1mA.I.: 7.64[0m | Rating: 2.7 

[96mGenerating HTML report...[0m

[92m✓ HTML report saved: /Users/rico/sports-models/nba/nba_3pt_props.html[0m

[1m[92m================================================================================[0m
[1m[92m✓ Model execution complete![0m
[1m[92m================================================================================[0m

✅ Completed: nba_3pt_props at Mon Jan  5 02:50:12 EST 2026

📤 Auto-pushing model outputs to GitHub...
[main 29b02a7] Update model outputs - 2026-01-05 02:50:12
 Committer: Ricardo Hill <rico@Ricos-M1-Mac-2.local>
Your name and email address were configured automatically based
on your username and hostname. Please check that they are accurate.
You can suppress this message by setting them explicitly. Run the
following command and follow the instructions in your editor to edit
your configuration file:

    git config --global --edit

After doing this, you may fix the identity used for this commit with:

    git commit --amend --reset-author

 2 files changed, 629 insertions(+), 39 deletions(-)
To https://github.com/BangLetsGetIt/NBA-NCAA-Betting-Models.git
   ecfc60d..29b02a7  main -> main
✅ Successfully pushed to GitHub!
✅ Auto-push succeeded at Mon Jan  5 02:50:13 EST 2026
