============================================================
Scheduler run: nba_3pt_props
Time: Sun Jan 18 10:00:03 EST 2026
Working dir: /Users/rico/sports-models/nba
Script: nba_3pt_props_model.py
============================================================

[1m[96m================================================================================[0m
[1m[96mNBA 3PT PROPS A.I. MODEL[0m
[1m[96m================================================================================[0m

[96m==========================================================================================[0m
[96m🎯 GRADING PENDING PICKS[0m
[96m==========================================================================================[0m

[93m📋 Found 10 pending picks...[0m

  Fetching team stats to verify completed games for 2025-12-16...
[96m  Fetching batch stats for 12/16/2025...[0m
  Fetching team stats to verify completed games for 2026-01-08...
[96m  Fetching batch stats for 01/08/2026...[0m
  Fetching team stats to verify completed games for 2026-01-14...
[96m  Fetching batch stats for 01/14/2026...[0m
  Fetching team stats to verify completed games for 2026-01-18...

[93mNo picks ready for grading yet[0m

[96mFetching REAL NBA player 3-pointers statistics...[0m
[96m  Fetching season 3-pointers stats...[0m
[96m  Fetching recent form (last 10 games)...[0m
[92m✓ Fetched REAL 3-pointers stats for 510 players[0m

[96mFetching opponent 3-pointers factors...[0m
[92m✓ Fetched 3-pointers factors for 30 teams[0m

[96mFetching player 3-pointers prop odds...[0m
[96m  Found 6 upcoming games[0m
[96m  Filtered to 6 upcoming games[0m
[96m  Game 1/6: Orlando Magic @ Memphis Grizzlies[0m
[96m  Game 2/6: Brooklyn Nets @ Chicago Bulls[0m
[96m  Game 3/6: New Orleans Pelicans @ Houston Rockets[0m
[96m  Game 4/6: Charlotte Hornets @ Denver Nuggets[0m
[96m  Game 5/6: Portland Trail Blazers @ Sacramento Kings[0m
[96m  Game 6/6: Toronto Raptors @ Los Angeles Lakers[0m
[92m✓ Fetched 54 player 3-pointers props (grouped)[0m

[96mAnalyzing 54 player props with REAL stats...[0m
[92m✓ Found 5 top OVER plays (A.I. Score >= 7.5)[0m
[92m✓ Found 2 top UNDER plays (A.I. Score >= 7.5)[0m
[93m  Skipped 3 props (no player stats found)[0m
[93m  Skipped 95 props (score below 7.5 or failed checks)[0m

[96m==========================================================================================[0m
[96m📊 TRACKING NEW PICKS[0m
[96m==========================================================================================[0m
[92m✓ Tracked 1 new picks[0m
[93m✓ Updated odds for 3 existing picks[0m

[1m[92m================================================================================[0m
[1m[92mTOP OVER PLAYS[0m
[1m[92m================================================================================[0m
  [96m 1. Jordan Poole             [0m | [92mOVER 1.5 3PT   [0m | New Orleans Pelicans      vs Houston Rockets           | [1mA.I.: 10.00[0m | Rating: 3.3 ⭐
  [96m 2. Jerami Grant             [0m | [92mOVER 1.5 3PT   [0m | Portland Trail Blazers    vs Sacramento Kings          | [1mA.I.: 9.99[0m | Rating: 3.3 ⭐
  [96m 3. Tari Eason               [0m | [92mOVER 1.5 3PT   [0m | Houston Rockets           vs New Orleans Pelicans      | [1mA.I.: 8.23[0m | Rating: 2.9 
  [96m 4. Kon Knueppel             [0m | [92mOVER 2.5 3PT   [0m | Charlotte Hornets         vs Denver Nuggets            | [1mA.I.: 8.30[0m | Rating: 2.5 
  [96m 5. Miles Bridges            [0m | [92mOVER 1.5 3PT   [0m | Charlotte Hornets         vs Denver Nuggets            | [1mA.I.: 9.07[0m | Rating: 2.4 

[1m[91m================================================================================[0m
[1m[91mTOP UNDER PLAYS[0m
[1m[91m================================================================================[0m
  [96m 1. Ja Morant                [0m | [91mUNDER 1.5 3PT  [0m | Memphis Grizzlies         vs Orlando Magic             | [1mA.I.: 7.63[0m | Rating: 4.0 ⭐⭐
  [96m 2. Brandon Ingram           [0m | [91mUNDER 2.5 3PT  [0m | Toronto Raptors           vs Los Angeles Lakers        | [1mA.I.: 8.24[0m | Rating: 3.9 ⭐

[96mGenerating HTML report...[0m

[92m✓ HTML report saved: /Users/rico/sports-models/nba/nba_3pt_props.html[0m

[1m[92m================================================================================[0m
[1m[92m✓ Model execution complete![0m
[1m[92m================================================================================[0m

✅ Completed: nba_3pt_props at Sun Jan 18 10:00:59 EST 2026

📤 Auto-pushing model outputs to GitHub...
[main fcb4b3c] Update model outputs - 2026-01-18 10:00:59
 Committer: Ricardo Hill <rico@Ricos-M1-Mac-2.local>
Your name and email address were configured automatically based
on your username and hostname. Please check that they are accurate.
You can suppress this message by setting them explicitly. Run the
following command and follow the instructions in your editor to edit
your configuration file:

    git config --global --edit

After doing this, you may fix the identity used for this commit with:

    git commit --amend --reset-author

 2 files changed, 135 insertions(+), 39 deletions(-)
To https://github.com/BangLetsGetIt/NBA-NCAA-Betting-Models.git
   7e622ff..fcb4b3c  main -> main
✅ Successfully pushed to GitHub!
✅ Auto-push succeeded at Sun Jan 18 10:01:00 EST 2026
