============================================================
Scheduler run: nba_points_props
Time: Sun Jan 25 18:00:04 EST 2026
Working dir: /Users/rico/sports-models/nba
Script: nba_points_props_model.py
============================================================

[1m[96m================================================================================[0m
[1m[96mNBA POINTS PROPS A.I. MODEL[0m
[1m[96m================================================================================[0m

[96m==========================================================================================[0m
[96m🎯 GRADING PENDING PICKS (BATCH MODE)[0m
[96m==========================================================================================[0m

[93m📋 Found 38 pending picks...[0m


[96mProcessing 9 picks for 2025-12-16...[0m
[96m  Fetching batch stats for 12/16/2025...[0m
[93m  Error fetching batch stats for 2025-12-16: HTTPSConnectionPool(host='stats.nba.com', port=443): Read timed out. (read timeout=30)[0m
  Fetching team stats to verify completed games for 2025-12-16...
[93m  ⚠️  No stats found for 2025-12-16 yet[0m

[96mProcessing 2 picks for 2025-12-23...[0m
[96m  Fetching batch stats for 12/23/2025...[0m
  Fetching team stats to verify completed games for 2025-12-23...

[96mProcessing 1 picks for 2026-01-03...[0m
[96m  Fetching batch stats for 01/03/2026...[0m
  Fetching team stats to verify completed games for 2026-01-03...

[96mProcessing 2 picks for 2026-01-08...[0m
[96m  Fetching batch stats for 01/08/2026...[0m
  Fetching team stats to verify completed games for 2026-01-08...

[96mProcessing 1 picks for 2026-01-09...[0m
[96m  Fetching batch stats for 01/09/2026...[0m
  Fetching team stats to verify completed games for 2026-01-09...

[96mProcessing 3 picks for 2026-01-10...[0m
[96m  Fetching batch stats for 01/10/2026...[0m
  Fetching team stats to verify completed games for 2026-01-10...

[96mProcessing 1 picks for 2026-01-16...[0m
[96m  Fetching batch stats for 01/16/2026...[0m
  Fetching team stats to verify completed games for 2026-01-16...

[96mProcessing 2 picks for 2026-01-22...[0m
[96m  Fetching batch stats for 01/22/2026...[0m
  Fetching team stats to verify completed games for 2026-01-22...

[96mProcessing 1 picks for 2026-01-24...[0m
[96m  Fetching batch stats for 01/24/2026...[0m
  Fetching team stats to verify completed games for 2026-01-24...

[96mProcessing 4 picks for 2026-01-25...[0m
[96m  Fetching batch stats for 01/25/2026...[0m
  Fetching team stats to verify completed games for 2026-01-25...
[93m  ⚠️  No stats found for 2026-01-25 yet[0m

[93mNo picks ready for grading yet[0m

[96mFetching REAL NBA player points statistics...[0m
[96m  Fetching season points stats...[0m
[96m  Fetching recent form (last 10 games)...[0m
[92m✓ Fetched REAL stats for 513 players[0m

[96mFetching opponent defense factors...[0m
[92m✓ Fetched defense factors for 30 teams[0m

[96mFetching player points prop odds...[0m
[96m  Found 5 upcoming games[0m
[96m  Filtered to 4 upcoming games[0m
[96m  Game 1/5: New Orleans Pelicans @ San Antonio Spurs[0m
[96m  Game 2/5: Toronto Raptors @ Oklahoma City Thunder[0m
[96m  Game 3/5: Miami Heat @ Phoenix Suns[0m
[96m  Game 4/5: Brooklyn Nets @ Los Angeles Clippers[0m
[92m✓ Fetched 106 total player props[0m

[96mAnalyzing 106 player props with REAL stats...[0m
[92m✓ Found 7 top OVER plays (A.I. Score >= 10.0)[0m
[92m✓ Found 7 top UNDER plays (A.I. Score >= 10.0)[0m
[93m  Skipped 2 props (no player stats found)[0m
[93m  Skipped 180 props (score below 10.0)[0m

[96m==========================================================================================[0m
[96m📊 TRACKING NEW PICKS[0m
[96m==========================================================================================[0m
[92m✓ Tracked 2 new picks[0m
[93m✓ Updated odds for 5 existing picks[0m

[1m[92m================================================================================[0m
[1m[92mTOP OVER PLAYS[0m
[1m[92m================================================================================[0m
  [96m 1. Jeremiah Fears           [0m | [92mOVER 10.5 PTS  [0m | New Orleans Pelicans vs San Antonio Spurs | [1mA.I.: 10.00[0m | Rating: 4.9 ⭐⭐
  [96m 2. Zion Williamson          [0m | [92mOVER 19.5 PTS  [0m | New Orleans Pelicans vs San Antonio Spurs | [1mA.I.: 10.00[0m | Rating: 4.9 ⭐⭐
  [96m 3. Devin Vassell            [0m | [92mOVER 10.5 PTS  [0m | San Antonio Spurs vs New Orleans Pelicans | [1mA.I.: 10.00[0m | Rating: 4.9 ⭐⭐
  [96m 4. R.J. Barrett             [0m | [92mOVER 13.5 PTS  [0m | Oklahoma City Thunder vs Toronto Raptors | [1mA.I.: 10.00[0m | Rating: 4.9 ⭐⭐
  [96m 5. Scottie Barnes           [0m | [92mOVER 17.5 PTS  [0m | Toronto Raptors vs Oklahoma City Thunder | [1mA.I.: 10.00[0m | Rating: 4.9 ⭐⭐
  [96m 6. Immanuel Quickley        [0m | [92mOVER 14.5 PTS  [0m | Toronto Raptors vs Oklahoma City Thunder | [1mA.I.: 10.00[0m | Rating: 4.9 ⭐⭐
  [96m 7. Kawhi Leonard            [0m | [92mOVER 22.5 PTS  [0m | Los Angeles Clippers vs Brooklyn Nets | [1mA.I.: 10.00[0m | Rating: 4.9 ⭐⭐

[1m[91m================================================================================[0m
[1m[91mTOP UNDER PLAYS[0m
[1m[91m================================================================================[0m
  [96m 1. Victor Wembanyama        [0m | [91mUNDER 26.5 PTS [0m | San Antonio Spurs vs New Orleans Pelicans | [1mA.I.: 10.00[0m | Rating: 4.9 ⭐⭐
  [96m 2. Isaiah Joe               [0m | [91mUNDER 11.5 PTS [0m | Oklahoma City Thunder vs Toronto Raptors | [1mA.I.: 10.00[0m | Rating: 4.9 ⭐⭐
  [96m 3. Aaron Wiggins            [0m | [91mUNDER 12.5 PTS [0m | Oklahoma City Thunder vs Toronto Raptors | [1mA.I.: 10.00[0m | Rating: 4.9 ⭐⭐
  [96m 4. Cason Wallace            [0m | [91mUNDER 8.5 PTS  [0m | Oklahoma City Thunder vs Toronto Raptors | [1mA.I.: 10.00[0m | Rating: 4.9 ⭐⭐
  [96m 5. Simone Fontecchio        [0m | [91mUNDER 10.5 PTS [0m | Miami Heat vs Phoenix Suns | [1mA.I.: 10.00[0m | Rating: 4.9 ⭐⭐
  [96m 6. Collin Gillespie         [0m | [91mUNDER 16.5 PTS [0m | Phoenix Suns vs Miami Heat | [1mA.I.: 10.00[0m | Rating: 4.9 ⭐⭐
  [96m 7. Danny Wolf               [0m | [91mUNDER 9.5 PTS  [0m | Brooklyn Nets vs Los Angeles Clippers | [1mA.I.: 10.00[0m | Rating: 4.9 ⭐⭐

[96mGenerating HTML report...[0m

[92m✓ HTML report saved: /Users/rico/sports-models/nba/nba_points_props.html[0m

[1m[92m================================================================================[0m
[1m[92m✓ Model execution complete![0m
[1m[92m================================================================================[0m

✅ Completed: nba_points_props at Sun Jan 25 18:02:22 EST 2026

📤 Auto-pushing model outputs to GitHub...
[main 32bd0a99] Update model outputs - 2026-01-25 18:02:22
 Committer: Ricardo Hill <rico@MacBookAir.lan>
Your name and email address were configured automatically based
on your username and hostname. Please check that they are accurate.
You can suppress this message by setting them explicitly. Run the
following command and follow the instructions in your editor to edit
your configuration file:

    git config --global --edit

After doing this, you may fix the identity used for this commit with:

    git commit --amend --reset-author

 2 files changed, 201 insertions(+), 529 deletions(-)
To https://github.com/BangLetsGetIt/NBA-NCAA-Betting-Models.git
   4479dbcc..32bd0a99  main -> main
✅ Successfully pushed to GitHub!
✅ Auto-push succeeded at Sun Jan 25 18:02:23 EST 2026
