==========================================
NBA Model Run: Sun Jan 25 00:42:02 EST 2026
==========================================
Running NBA model...

[1m==========================================================================================[0m
[1m[96m🎲 IMPROVED NBA BETTING MODEL 🎲[0m
[1m[92m⚡ Enhanced Stats + Rest Days + Stricter Filters ⚡[0m
[1m==========================================================================================[0m

[1m[96mSTEP 1: Checking for Completed Games[0m

[96m==========================================================================================[0m
[96m🔄 UPDATING RESULTS FOR COMPLETED GAMES[0m
[96m==========================================================================================[0m

[93m📋 Checking 1 pending picks...[0m
[96mFetching completed NBA game scores (via NBA API)...[0m
[92m✓ Found 14 completed games (Free API)[0m
[92m✓ Tracking data saved to /Users/rico/sports-models/nba/nba_picks_tracking.json[0m
[93mNo picks were updated (games may not be complete yet)[0m
[92m✓ Tracking dashboard saved: /Users/rico/sports-models/nba/nba_tracking_dashboard.html[0m

[1m[96mSTEP 2: Fetching Composite Stats (Season + Form)[0m
[92m✓ Using cached composite stats (less than 6 hours old)[0m

[1m[96mSTEP 3: Fetching Home/Away Splits[0m
[92m✓ Using cached home/away splits (less than 6 hours old)[0m

[1m[96mSTEP 4: Fetching Team Schedules (Rest Days)[0m

[1m[96mSTEP 5: Fetching Live Odds (Next 2 Days)[0m
[92m✓ Fetched odds for 8 total games[0m
[92m✓ Filtered to 8 games in next 2 days[0m

[1m[96mSTEP 6: Processing Games & Generating Picks[0m

[92m✓ Tracking data saved to /Users/rico/sports-models/nba/nba_picks_tracking.json[0m
[92m📝 LOGGED PICK: ✅ BET: Sacramento Kings +13.5 (Edge: -8.4)[0m
[92m✓ Tracking data saved to /Users/rico/sports-models/nba/nba_picks_tracking.json[0m
[92m📝 LOGGED PICK: ✅ BET: OVER 226.0 (Edge: +11.4)[0m
[92m✓ Tracking data saved to /Users/rico/sports-models/nba/nba_picks_tracking.json[0m
[92m📝 LOGGED PICK: ✅ BET: Memphis Grizzlies -3.0 (Edge: +5.6)[0m
[92m✓ Tracking data saved to /Users/rico/sports-models/nba/nba_picks_tracking.json[0m
[92m📝 LOGGED PICK: ✅ BET: OVER 225.0 (Edge: +18.1)[0m
[92m✓ Tracking data saved to /Users/rico/sports-models/nba/nba_picks_tracking.json[0m
[92m📝 LOGGED PICK: ✅ BET: Milwaukee Bucks -1.0 (Edge: +11.0)[0m
[92m✓ Tracking data saved to /Users/rico/sports-models/nba/nba_picks_tracking.json[0m
[92m📝 LOGGED PICK: ✅ BET: OVER 220.0 (Edge: +22.0)[0m
[92m✓ Tracking data saved to /Users/rico/sports-models/nba/nba_picks_tracking.json[0m
[92m📝 LOGGED PICK: ✅ BET: Oklahoma City Thunder -12.0 (Edge: +10.8)[0m
[92m✓ Tracking data saved to /Users/rico/sports-models/nba/nba_picks_tracking.json[0m
[92m📝 LOGGED PICK: ✅ BET: OVER 225.0 (Edge: +12.7)[0m
[92m✓ Tracking data saved to /Users/rico/sports-models/nba/nba_picks_tracking.json[0m
[92m📝 LOGGED PICK: ✅ BET: OVER 229.0 (Edge: +10.3)[0m
[91m❌ Missing stats for Los Angeles Clippers or Brooklyn Nets[0m
[91m❌ Missing stats for Los Angeles Clippers or Brooklyn Nets[0m
[91m❌ Skipping Brooklyn Nets @ Los Angeles Clippers - missing model data[0m

[1m[92m✅ Analyzed 7 games with complete odds[0m

[93m📊 All picks sorted by A.I. Rating (quality/confidence first)[0m


[1m==========================================================================================[0m
[1m[93m🏀 NBA MODEL PREDICTIONS 🏀[0m
[1m==========================================================================================[0m

[1m[96mDenver Nuggets @ Memphis Grizzlies[0m
  🕐 01/25/26 03:40 PM EST
  [92m[1m🎯 A.I. Rating: 4.9 ⭐⭐ (PREMIUM PLAY)[0m
  [93m⚠️ CAUTION: Memphis Grizzlies - Below average: 6-10 (38%) | -5.00u over 16 picks[0m
  📊 Spread: Market -3.0 | Model +8.6
  🎯 Total: Market 225.0 | Model 243.1
  [92m✅ BET: Memphis Grizzlies -3.0[0m
     [96mModel projects Memphis Grizzlies to win by 8.6, covering -3.0.[0m
  [92m✅ BET: OVER 225.0[0m
     [96mModel projects 243 total points, bet the OVER[0m
  📈 Predicted: Denver Nuggets 117, Memphis Grizzlies 126

[1m[96mDallas Mavericks @ Milwaukee Bucks[0m
  🕐 01/25/26 07:10 PM EST
  [92m[1m🎯 A.I. Rating: 4.8 ⭐⭐ (PREMIUM PLAY)[0m
  [91m🚫 COLD: Milwaukee Bucks - Poor performer: 2-9 (18%) | -7.99u over 11 picks[0m
  📊 Spread: Market -1.0 | Model +12.0
  🎯 Total: Market 220.0 | Model 242.0
  [92m✅ BET: Milwaukee Bucks -1.0[0m
     [96mModel projects Milwaukee Bucks to win by 12.0, covering -1.0.[0m
  [92m✅ BET: OVER 220.0[0m
     [96mModel projects 242 total points, bet the OVER[0m
  📈 Predicted: Dallas Mavericks 115, Milwaukee Bucks 127

[1m[96mToronto Raptors @ Oklahoma City Thunder[0m
  🕐 01/25/26 07:10 PM EST
  [92m[1m🎯 A.I. Rating: 4.5 ⭐⭐ (PREMIUM PLAY)[0m
  [93m📉 NEUTRAL-: Oklahoma City Thunder - Slightly below average: 4-5 (44%) | -1.50u over 9 picks[0m
  📊 Spread: Market -12.0 | Model +22.8
  🎯 Total: Market 225.0 | Model 237.7
  [92m✅ BET: Oklahoma City Thunder -12.0[0m
     [96mModel projects Oklahoma City Thunder to win by 22.8, covering -12.0.[0m
  [92m✅ BET: OVER 225.0[0m
     [96mModel projects 238 total points, bet the OVER[0m
  📈 Predicted: Toronto Raptors 107, Oklahoma City Thunder 130

[1m[96mSacramento Kings @ Detroit Pistons[0m
  🕐 01/25/26 03:10 PM EST
  [92m[1m🎯 A.I. Rating: 4.2 ⭐⭐ (STRONG PLAY)[0m
  [93m📉 NEUTRAL-: Sacramento Kings - Slightly below average: 8-9 (47%) | -1.90u over 17 picks[0m
  📊 Spread: Market -13.5 | Model +5.1
  🎯 Total: Market 226.0 | Model 237.4
  [92m✅ BET: Sacramento Kings +13.5[0m
     [96mModel projects Detroit Pistons to win by only 5.1, not enough to cover -13.5.[0m
  [92m✅ BET: OVER 226.0[0m
     [96mModel projects 237 total points, bet the OVER[0m
  📈 Predicted: Sacramento Kings 116, Detroit Pistons 121

[1m[96mMiami Heat @ Phoenix Suns[0m
  🕐 01/25/26 08:10 PM EST
  [92m[1m🎯 A.I. Rating: 4.0 ⭐⭐ (STRONG PLAY)[0m
  📊 Spread: Market -2.5 | Model +3.8
  🎯 Total: Market 229.0 | Model 239.3
  [93m⚠️ NO BET - Too close to call[0m
     [96mEdge too small (+1.3)[0m
  [92m✅ BET: OVER 229.0[0m
     [96mModel projects 239 total points, bet the OVER[0m
  📈 Predicted: Miami Heat 118, Phoenix Suns 122

[1m[96mNew Orleans Pelicans @ San Antonio Spurs[0m
  🕐 01/25/26 07:10 PM EST
  [93m[1m🎯 A.I. Rating: 3.0 ⭐ (STANDARD PLAY)[0m
  📊 Spread: Market -12.0 | Model +14.2
  🎯 Total: Market 239.0 | Model 234.6
  [93m⚠️ NO BET - Too close to call[0m
     [96mEdge too small (+2.2)[0m
  [93m⚠️ NO BET - Too close to call[0m
  📈 Predicted: New Orleans Pelicans 110, San Antonio Spurs 124

[1m[96mGolden State Warriors @ Minnesota Timberwolves[0m
  🕐 01/25/26 05:40 PM EST
  [93m[1m🎯 A.I. Rating: 2.5  (MARGINAL PLAY)[0m
  📊 Spread: Market -6.5 | Model +5.1
  🎯 Total: Market 235.5 | Model 235.3
  [93m⚠️ NO BET - Too close to call[0m
     [96mEdge too small (-1.4)[0m
  [93m⚠️ NO BET - Too close to call[0m
  📈 Predicted: Golden State Warriors 115, Minnesota Timberwolves 120

[92m✓ CSV saved: /Users/rico/sports-models/nba/nba_model_output.csv[0m
Loaded 10 Auto-Bet teams: Brooklyn Nets, Utah Jazz, Portland Trail Blazers, Orlando Magic, New York Knicks...
[92m✓ HTML saved: /Users/rico/sports-models/nba/nba_model_output.html[0m

[1m[96mSTEP 7: Generating Final Tracking Dashboard[0m
[92m✓ Tracking dashboard saved: /Users/rico/sports-models/nba/nba_tracking_dashboard.html[0m

[1m==========================================================================================[0m
[1m[93m📊 TRACKING SUMMARY 📊[0m
[1m==========================================================================================[0m
[92mTotal Tracked Bets: 459[0m
[92mRecord: 228-218-3[0m
[92mWin Rate: 51.1%[0m
[91mProfit: -12.64 units[0m
[91mROI: -2.6%[0m
[1m==========================================================================================[0m

[96mUpdating unified dashboard...[0m
[92m✓ Dashboard updated[0m


==========================================
✅ Model completed successfully!
==========================================

📊 Updating Analysis Dashboard...
HTML Report generated at: /Users/rico/sports-models/nba/nba_analysis_report.html
Top 10 Auto-Bet Teams JSON saved: /Users/rico/sports-models/nba/nba_auto_bet_teams.json

📤 Pushing updates to GitHub...
[main f2d49890] Update model outputs - 2026-01-25 00:42:06
 Committer: Ricardo Hill <rico@MacBookAir.lan>
Your name and email address were configured automatically based
on your username and hostname. Please check that they are accurate.
You can suppress this message by setting them explicitly. Run the
following command and follow the instructions in your editor to edit
your configuration file:

    git config --global --edit

After doing this, you may fix the identity used for this commit with:

    git commit --amend --reset-author

 5 files changed, 1420 insertions(+), 36 deletions(-)
To https://github.com/BangLetsGetIt/NBA-NCAA-Betting-Models.git
   e660d301..f2d49890  main -> main
✅ Successfully pushed to GitHub!
