============================================================
Scheduler run: nba_3pt_props
Time: Tue Jan 13 15:31:32 EST 2026
Working dir: /Users/rico/sports-models/nba
Script: nba_3pt_props_model.py
============================================================

[1m[96m================================================================================[0m
[1m[96mNBA 3PT PROPS A.I. MODEL[0m
[1m[96m================================================================================[0m

[96m==========================================================================================[0m
[96m🎯 GRADING PENDING PICKS[0m
[96m==========================================================================================[0m

[93m📋 Found 12 pending picks...[0m

  Fetching team stats to verify completed games for 2025-12-16...
[96m  Fetching batch stats for 12/16/2025...[0m
  Fetching team stats to verify completed games for 2026-01-08...
[96m  Fetching batch stats for 01/08/2026...[0m
  Fetching team stats to verify completed games for 2026-01-13...

[93mNo picks ready for grading yet[0m

[96mFetching REAL NBA player 3-pointers statistics...[0m
[92m✓ Using cached player 3-pointers stats (less than 6 hours old)[0m

[96mFetching opponent 3-pointers factors...[0m
[92m✓ Using cached 3-pointers factors[0m

[96mFetching player 3-pointers prop odds...[0m
[96m  Found 7 upcoming games[0m
[96m  Filtered to 7 upcoming games[0m
[96m  Game 1/7: Phoenix Suns @ Miami Heat[0m
[96m  Game 2/7: Chicago Bulls @ Houston Rockets[0m
[96m  Game 3/7: Denver Nuggets @ New Orleans Pelicans[0m
[96m  Game 4/7: Minnesota Timberwolves @ Milwaukee Bucks[0m
[96m  Game 5/7: San Antonio Spurs @ Oklahoma City Thunder[0m
[96m  Game 6/7: Atlanta Hawks @ Los Angeles Lakers[0m
[96m  Game 7/7: Portland Trail Blazers @ Golden State Warriors[0m
[92m✓ Fetched 60 player 3-pointers props (grouped)[0m

[96mAnalyzing 60 player props with REAL stats...[0m
[92m✓ Found 6 top OVER plays (A.I. Score >= 7.5)[0m
[92m✓ Found 2 top UNDER plays (A.I. Score >= 7.5)[0m
[93m  Skipped 2 props (no player stats found)[0m
[93m  Skipped 108 props (score below 7.5 or failed checks)[0m

[96m==========================================================================================[0m
[96m📊 TRACKING NEW PICKS[0m
[96m==========================================================================================[0m
[93m✓ Updated odds for 1 existing picks[0m

[1m[92m================================================================================[0m
[1m[92mTOP OVER PLAYS[0m
[1m[92m================================================================================[0m
  [96m 1. Jamal Murray             [0m | [92mOVER 2.5 3PT   [0m | Denver Nuggets            vs New Orleans Pelicans      | [1mA.I.: 10.00[0m | Rating: 4.2 ⭐⭐
  [96m 2. Trey Murphy III          [0m | [92mOVER 2.5 3PT   [0m | New Orleans Pelicans      vs Denver Nuggets            | [1mA.I.: 10.00[0m | Rating: 3.8 ⭐
  [96m 3. C.J. McCollum            [0m | [92mOVER 1.5 3PT   [0m | Los Angeles Lakers        vs Atlanta Hawks             | [1mA.I.: 10.00[0m | Rating: 3.6 ⭐
  [96m 4. Ryan Rollins             [0m | [92mOVER 1.5 3PT   [0m | Milwaukee Bucks           vs Minnesota Timberwolves    | [1mA.I.: 8.59[0m | Rating: 2.6 
  [96m 5. Nickeil Alexander-Walker [0m | [92mOVER 2.5 3PT   [0m | Atlanta Hawks             vs Los Angeles Lakers        | [1mA.I.: 8.75[0m | Rating: 2.4 
  [96m 6. Jrue Holiday             [0m | [92mOVER 1.5 3PT   [0m | Portland Trail Blazers    vs Golden State Warriors     | [1mA.I.: 8.64[0m | Rating: 2.4 

[1m[91m================================================================================[0m
[1m[91mTOP UNDER PLAYS[0m
[1m[91m================================================================================[0m
  [96m 1. Kevin Huerter            [0m | [91mUNDER 2.5 3PT  [0m | Chicago Bulls             vs Houston Rockets           | [1mA.I.: 10.00[0m | Rating: 2.9 
  [96m 2. Marcus Smart             [0m | [91mUNDER 2.5 3PT  [0m | Los Angeles Lakers        vs Atlanta Hawks             | [1mA.I.: 10.00[0m | Rating: 2.9 

[96mGenerating HTML report...[0m

[92m✓ HTML report saved: /Users/rico/sports-models/nba/nba_3pt_props.html[0m

[1m[92m================================================================================[0m
[1m[92m✓ Model execution complete![0m
[1m[92m================================================================================[0m

✅ Completed: nba_3pt_props at Tue Jan 13 15:32:05 EST 2026

📤 Auto-pushing model outputs to GitHub...
No changes to commit
✅ Auto-push succeeded at Tue Jan 13 15:32:05 EST 2026
