==========================================
NBA Model Run: Thu Jan 15 10:00:02 EST 2026
==========================================
Running NBA model...

[1m==========================================================================================[0m
[1m[96m🎲 IMPROVED NBA BETTING MODEL 🎲[0m
[1m[92m⚡ Enhanced Stats + Rest Days + Stricter Filters ⚡[0m
[1m==========================================================================================[0m

[1m[96mSTEP 1: Checking for Completed Games[0m

[96m==========================================================================================[0m
[96m🔄 UPDATING RESULTS FOR COMPLETED GAMES[0m
[96m==========================================================================================[0m

[93m📋 Checking 9 pending picks...[0m
[96mFetching completed NBA game scores (via NBA API)...[0m
[92m✓ Found 16 completed games (Free API)[0m
[92m✓ Tracking data saved to /Users/rico/sports-models/nba/nba_picks_tracking.json[0m
[93mNo picks were updated (games may not be complete yet)[0m
[92m✓ Tracking dashboard saved: /Users/rico/sports-models/nba/nba_tracking_dashboard.html[0m

[1m[96mSTEP 2: Fetching Composite Stats (Season + Form)[0m
[96m🔄 Fetching new team stats from stats.nba.com...[0m
[92m✓ Fetched and cached stats for 76 teams[0m

[1m[96mSTEP 3: Fetching Home/Away Splits[0m
[96m🔄 Fetching home/away splits from stats.nba.com...[0m
[92m✓ Fetched and cached home/away splits[0m

[1m[96mSTEP 4: Fetching Team Schedules (Rest Days)[0m
[96m🔄 Fetching team schedules...[0m
[92m✓ Fetched schedules for 1 teams[0m

[1m[96mSTEP 5: Fetching Live Odds (Next 2 Days)[0m
[92m✓ Fetched odds for 9 total games[0m
[92m✓ Filtered to 9 games in next 2 days[0m

[1m[96mSTEP 6: Processing Games & Generating Picks[0m

[92m✓ Tracking data saved to /Users/rico/sports-models/nba/nba_picks_tracking.json[0m
[92m✓ Updated CLV data for existing picks[0m

[1m[92m✅ Analyzed 9 games with complete odds[0m

[93m📊 All picks sorted by A.I. Rating (quality/confidence first)[0m


[1m==========================================================================================[0m
[1m[93m🏀 NBA MODEL PREDICTIONS 🏀[0m
[1m==========================================================================================[0m

[1m[96mOklahoma City Thunder @ Houston Rockets[0m
  🕐 01/15/26 07:40 PM EST
  [92m[1m🎯 A.I. Rating: 4.9 ⭐⭐ (PREMIUM PLAY)[0m
  📊 Spread: Market +4.5 | Model -0.4
  🎯 Total: Market 223.0 | Model 239.0
  [93m⚠️ NO BET - Too close to call[0m
     [96mEdge too small (+4.1)[0m
  [92m✅ BET: OVER 223.0[0m
     [96mModel projects 239 total points, bet the OVER[0m
  📈 Predicted: Oklahoma City Thunder 120, Houston Rockets 119

[1m[96mPhoenix Suns @ Detroit Pistons[0m
  🕐 01/15/26 07:10 PM EST
  [92m[1m🎯 A.I. Rating: 4.9 ⭐⭐ (PREMIUM PLAY)[0m
  📊 Spread: Market -6.0 | Model +10.3
  🎯 Total: Market 223.0 | Model 238.6
  [93m⚠️ NO BET - Too close to call[0m
     [96mEdge too small (+4.3)[0m
  [92m✅ BET: OVER 223.0[0m
     [96mModel projects 239 total points, bet the OVER[0m
  📈 Predicted: Phoenix Suns 114, Detroit Pistons 124

[1m[96mUtah Jazz @ Dallas Mavericks[0m
  🕐 01/15/26 08:40 PM EST
  [92m[1m🎯 A.I. Rating: 4.7 ⭐⭐ (PREMIUM PLAY)[0m
  [92m🔥 HOT: Dallas Mavericks - Strong performer: 8-3 (73%) | +4.80u over 11 picks[0m
  📊 Spread: Market -1.0 | Model +14.2
  🎯 Total: Market 236.5 | Model 238.7
  [92m✅ BET: Dallas Mavericks -1.0[0m
     [96mModel projects Dallas Mavericks to win by 14.2, covering -1.0.[0m
  [93m⚠️ NO BET - Too close to call[0m
  📈 Predicted: Utah Jazz 112, Dallas Mavericks 126

[1m[96mMilwaukee Bucks @ San Antonio Spurs[0m
  🕐 01/15/26 08:10 PM EST
  [92m[1m🎯 A.I. Rating: 4.5 ⭐⭐ (PREMIUM PLAY)[0m
  📊 Spread: Market -7.5 | Model +3.0
  🎯 Total: Market 226.0 | Model 238.8
  [93m⚠️ NO BET - Too close to call[0m
     [96mEdge too small (-4.5)[0m
  [92m✅ BET: OVER 226.0[0m
     [96mModel projects 239 total points, bet the OVER[0m
  📈 Predicted: Milwaukee Bucks 118, San Antonio Spurs 121

[1m[96mCharlotte Hornets @ Los Angeles Lakers[0m
  🕐 01/15/26 10:40 PM EST
  [92m[1m🎯 A.I. Rating: 4.2 ⭐⭐ (STRONG PLAY)[0m
  [93m⚠️ CAUTION: Los Angeles Lakers - Below average: 2-4 (33%) | -2.49u over 6 picks[0m
  📊 Spread: Market -5.0 | Model +16.6
  🎯 Total: Market 232.5 | Model 229.6
  [92m✅ BET: Los Angeles Lakers -5.0[0m
     [96mModel projects Los Angeles Lakers to win by 16.6, covering -5.0.[0m
  [93m⚠️ NO BET - Too close to call[0m
  📈 Predicted: Charlotte Hornets 106, Los Angeles Lakers 123

[1m[96mAtlanta Hawks @ Portland Trail Blazers[0m
  🕐 01/15/26 10:10 PM EST
  [96m[1m🎯 A.I. Rating: 3.5 ⭐ (GOOD PLAY)[0m
  [92m🔥 HOT: Portland Trail Blazers - Strong performer: 5-2 (71%) | +2.80u over 7 picks[0m
  📊 Spread: Market +4.0 | Model +3.3
  🎯 Total: Market 231.0 | Model 238.3
  [92m✅ BET: Portland Trail Blazers +4.0[0m
     [96mModel projects Portland Trail Blazers to win outright, easily covering +4.0.[0m
  [92m✅ BET: OVER 231.0[0m
     [96mModel projects 238 total points, bet the OVER[0m
  📈 Predicted: Atlanta Hawks 118, Portland Trail Blazers 121

[1m[96mMemphis Grizzlies @ Orlando Magic[0m
  🕐 01/15/26 02:10 PM EST
  [93m[1m🎯 A.I. Rating: 3.3 ⭐ (STANDARD PLAY)[0m
  📊 Spread: Market -5.0 | Model +3.1
  🎯 Total: Market 229.0 | Model 235.7
  [93m⚠️ NO BET - Too close to call[0m
     [96mEdge too small (-1.9)[0m
  [92m✅ BET: OVER 229.0[0m
     [96mModel projects 236 total points, bet the OVER[0m
  📈 Predicted: Memphis Grizzlies 116, Orlando Magic 119

[1m[96mNew York Knicks @ Golden State Warriors[0m
  🕐 01/15/26 10:10 PM EST
  [93m[1m🎯 A.I. Rating: 2.9  (MARGINAL PLAY)[0m
  📊 Spread: Market -7.0 | Model +5.2
  🎯 Total: Market 229.0 | Model 232.4
  [93m⚠️ NO BET - Too close to call[0m
     [96mEdge too small (-1.8)[0m
  [93m⚠️ NO BET - Too close to call[0m
  📈 Predicted: New York Knicks 114, Golden State Warriors 119

[1m[96mBoston Celtics @ Miami Heat[0m
  🕐 01/15/26 07:40 PM EST
  [93m[1m🎯 A.I. Rating: 2.7  (MARGINAL PLAY)[0m
  📊 Spread: Market +2.0 | Model -4.2
  🎯 Total: Market 234.5 | Model 233.9
  [93m⚠️ NO BET - Too close to call[0m
     [96mEdge too small (-2.2)[0m
  [93m⚠️ NO BET - Too close to call[0m
  📈 Predicted: Boston Celtics 119, Miami Heat 115

[92m✓ CSV saved: /Users/rico/sports-models/nba/nba_model_output.csv[0m
[92m✓ HTML saved: /Users/rico/sports-models/nba/nba_model_output.html[0m

[1m[96mSTEP 7: Generating Final Tracking Dashboard[0m
[92m✓ Tracking dashboard saved: /Users/rico/sports-models/nba/nba_tracking_dashboard.html[0m

[1m==========================================================================================[0m
[1m[93m📊 TRACKING SUMMARY 📊[0m
[1m==========================================================================================[0m
[92mTotal Tracked Bets: 371[0m
[92mRecord: 193-167-2[0m
[92mWin Rate: 53.6%[0m
[92mProfit: +8.46 units[0m
[92mROI: +2.1%[0m
[1m==========================================================================================[0m

[96mUpdating unified dashboard...[0m
[92m✓ Dashboard updated[0m


==========================================
✅ Model completed successfully!
==========================================

📤 Pushing updates to GitHub...
[main 5d3dde9] Update model outputs - 2026-01-15 10:01:01
 Committer: Ricardo Hill <rico@Ricos-M1-Mac-2.local>
Your name and email address were configured automatically based
on your username and hostname. Please check that they are accurate.
You can suppress this message by setting them explicitly. Run the
following command and follow the instructions in your editor to edit
your configuration file:

    git config --global --edit

After doing this, you may fix the identity used for this commit with:

    git commit --amend --reset-author

 4 files changed, 66 insertions(+), 56 deletions(-)
To https://github.com/BangLetsGetIt/NBA-NCAA-Betting-Models.git
   bbbd823..5d3dde9  main -> main
✅ Successfully pushed to GitHub!
