==========================================
NBA Assists Props Model Run: Tue Jan 20 07:00:04 EST 2026
==========================================
Running NBA Assists Props model...

[1m[96m================================================================================[0m
[1m[96mNBA ASSISTS PROPS A.I. MODEL[0m
[1m[96m================================================================================[0m

[96m==========================================================================================[0m
[96m🎯 GRADING PENDING PICKS[0m
[96m==========================================================================================[0m

[93m📋 Found 4 pending picks...[0m

  Fetching team stats to verify completed games for 2025-12-16...
[93m  ⚠ Could not find stats for De'Aaron Fox on 2025-12-16[0m
  Fetching team stats to verify completed games for 2026-01-20...

[93mNo picks ready for grading yet[0m

[96mFetching REAL NBA player assists statistics...[0m
[92m✓ Using cached player assists stats (less than 6 hours old)[0m

[96mFetching opponent assists factors...[0m
[92m✓ Using cached assists factors[0m

[96mFetching player assists prop odds...[0m
[96m  Found 7 upcoming games[0m
[96m  Filtered to 7 upcoming games[0m
[96m  Game 1/7: Phoenix Suns @ Philadelphia 76ers[0m
[96m  Game 2/7: Los Angeles Clippers @ Chicago Bulls[0m
[96m  Game 3/7: San Antonio Spurs @ Houston Rockets[0m
[96m  Game 4/7: Minnesota Timberwolves @ Utah Jazz[0m
[96m  Game 5/7: Los Angeles Lakers @ Denver Nuggets[0m
[96m  Game 6/7: Toronto Raptors @ Golden State Warriors[0m
[96m  Game 7/7: Miami Heat @ Sacramento Kings[0m
[92m✓ Fetched 51 player assists props (grouped)[0m

[96mAnalyzing 51 player props with REAL stats...[0m
[92m✓ Found 2 top OVER plays (A.I. Score >= 10.0)[0m
[92m✓ Found 0 top UNDER plays (A.I. Score >= 10.0)[0m
[93m  Skipped 3 props (no player stats found)[0m
[93m  Skipped 94 props (score below 10.0 or failed checks)[0m

[96m==========================================================================================[0m
[96m📊 TRACKING NEW PICKS[0m
[96m==========================================================================================[0m
[93m✓ Updated odds for 2 existing picks[0m

[1m[92m================================================================================[0m
[1m[92mTOP OVER PLAYS[0m
[1m[92m================================================================================[0m
  [96m 1. Josh Giddey              [0m | [92mOVER 7.5 AST   [0m | Chicago Bulls             vs Los Angeles Clippers      | [1mA.I.: 10.00[0m | Rating: 4.9 ⭐⭐
  [96m 2. De'Aaron Fox             [0m | [92mOVER 4.5 AST   [0m | San Antonio Spurs         vs Houston Rockets           | [1mA.I.: 10.00[0m | Rating: 4.9 ⭐⭐

[1m[91m================================================================================[0m
[1m[91mTOP UNDER PLAYS[0m
[1m[91m================================================================================[0m

[96mGenerating HTML report...[0m

[92m✓ HTML report saved: /Users/rico/sports-models/nba/nba_assists_props.html[0m

[1m[92m================================================================================[0m
[1m[92m✓ Model execution complete![0m
[1m[92m================================================================================[0m


==========================================
✅ Model completed successfully!
==========================================

📤 Pushing updates to GitHub...
