============================================================
Scheduler run: nba_3pt_props
Time: Sat Jan 17 11:36:55 EST 2026
Working dir: /Users/rico/sports-models/nba
Script: nba_3pt_props_model.py
============================================================

[1m[96m================================================================================[0m
[1m[96mNBA 3PT PROPS A.I. MODEL[0m
[1m[96m================================================================================[0m

[96m==========================================================================================[0m
[96m🎯 GRADING PENDING PICKS[0m
[96m==========================================================================================[0m

[93m📋 Found 10 pending picks...[0m

  Fetching team stats to verify completed games for 2025-12-16...
[96m  Fetching batch stats for 12/16/2025...[0m
  Fetching team stats to verify completed games for 2026-01-08...
[96m  Fetching batch stats for 01/08/2026...[0m
  Fetching team stats to verify completed games for 2026-01-14...
[96m  Fetching batch stats for 01/14/2026...[0m
  Fetching team stats to verify completed games for 2026-01-16...
[96m  Fetching batch stats for 01/16/2026...[0m
    [92mWIN[0m: Trey Murphy III had 5 3-pointers (line: 2.5, bet: OVER) | Profit: 0.83 units
    [92mWIN[0m: Jordan Poole had 3 3-pointers (line: 1.5, bet: OVER) | Profit: 0.56 units
    [92mWIN[0m: Brandon Ingram had 2 3-pointers (line: 2.5, bet: UNDER) | Profit: 0.38 units
  Fetching team stats to verify completed games for 2026-01-17...

[92m✓ Graded 3 picks[0m

[96mFetching REAL NBA player 3-pointers statistics...[0m
[96m  Fetching season 3-pointers stats...[0m
[96m  Fetching recent form (last 10 games)...[0m
[92m✓ Fetched REAL 3-pointers stats for 510 players[0m

[96mFetching opponent 3-pointers factors...[0m
[92m✓ Fetched 3-pointers factors for 30 teams[0m

[96mFetching player 3-pointers prop odds...[0m
[96m  Found 10 upcoming games[0m
[96m  Filtered to 10 upcoming games[0m
[96m  Game 1/10: Utah Jazz @ Dallas Mavericks[0m
[96m  Game 2/10: Boston Celtics @ Atlanta Hawks[0m
[96m  Game 3/10: Indiana Pacers @ Detroit Pistons[0m
[96m  Game 4/10: Phoenix Suns @ New York Knicks[0m
[96m  Game 5/10: Oklahoma City Thunder @ Miami Heat[0m
[96m  Game 6/10: Minnesota Timberwolves @ San Antonio Spurs[0m
[96m  Game 7/10: Charlotte Hornets @ Golden State Warriors[0m
[96m  Game 8/10: Washington Wizards @ Denver Nuggets[0m
[96m  Game 9/10: Los Angeles Lakers @ Portland Trail Blazers[0m
[96m  Game 10/10: Orlando Magic @ Memphis Grizzlies[0m
[92m✓ Fetched 100 player 3-pointers props (grouped)[0m

[96mAnalyzing 100 player props with REAL stats...[0m
[92m✓ Found 7 top OVER plays (A.I. Score >= 7.5)[0m
[92m✓ Found 1 top UNDER plays (A.I. Score >= 7.5)[0m
[93m  Skipped 2 props (no player stats found)[0m
[93m  Skipped 188 props (score below 7.5 or failed checks)[0m

[96m==========================================================================================[0m
[96m📊 TRACKING NEW PICKS[0m
[96m==========================================================================================[0m
[92m✓ Tracked 5 new picks[0m
[93m✓ Updated odds for 2 existing picks[0m

[1m[92m================================================================================[0m
[1m[92mTOP OVER PLAYS[0m
[1m[92m================================================================================[0m
  [96m 1. Grayson Allen            [0m | [92mOVER 2.5 3PT   [0m | Phoenix Suns              vs New York Knicks           | [1mA.I.: 10.00[0m | Rating: 4.9 ⭐⭐
  [96m 2. Nickeil Alexander-Walker [0m | [92mOVER 2.5 3PT   [0m | Atlanta Hawks             vs Boston Celtics            | [1mA.I.: 9.75[0m | Rating: 4.5 ⭐⭐
  [96m 3. Miles McBride            [0m | [92mOVER 2.5 3PT   [0m | New York Knicks           vs Phoenix Suns              | [1mA.I.: 9.30[0m | Rating: 3.8 ⭐
  [96m 4. C.J. McCollum            [0m | [92mOVER 1.5 3PT   [0m | Atlanta Hawks             vs Boston Celtics            | [1mA.I.: 10.00[0m | Rating: 2.9 
  [96m 5. Carlton Carrington       [0m | [92mOVER 1.5 3PT   [0m | Washington Wizards        vs Denver Nuggets            | [1mA.I.: 7.59[0m | Rating: 2.7 
  [96m 6. Norman Powell            [0m | [92mOVER 2.5 3PT   [0m | Miami Heat                vs Oklahoma City Thunder     | [1mA.I.: 8.30[0m | Rating: 2.5 
  [96m 7. Miles Bridges            [0m | [92mOVER 1.5 3PT   [0m | Charlotte Hornets         vs Golden State Warriors     | [1mA.I.: 7.59[0m | Rating: 2.5 

[1m[91m================================================================================[0m
[1m[91mTOP UNDER PLAYS[0m
[1m[91m================================================================================[0m
  [96m 1. Brice Sensabaugh         [0m | [91mUNDER 2.5 3PT  [0m | Utah Jazz                 vs Dallas Mavericks          | [1mA.I.: 8.08[0m | Rating: 3.0 ⭐

[96mGenerating HTML report...[0m

[92m✓ HTML report saved: /Users/rico/sports-models/nba/nba_3pt_props.html[0m

[1m[92m================================================================================[0m
[1m[92m✓ Model execution complete![0m
[1m[92m================================================================================[0m

✅ Completed: nba_3pt_props at Sat Jan 17 11:37:57 EST 2026

📤 Auto-pushing model outputs to GitHub...
fatal: Unable to create '/Users/rico/sports-models/.git/index.lock': File exists.

Another git process seems to be running in this repository, e.g.
an editor opened by 'git commit'. Please make sure all processes
are terminated then try again. If it still fails, a git process
may have crashed in this repository earlier:
remove the file manually to continue.
To https://github.com/BangLetsGetIt/NBA-NCAA-Betting-Models.git
 ! [remote rejected] main -> main (cannot lock ref 'refs/heads/main': is at 16fd544c1d81d20e7ca0f3244c164d961c263cfb but expected a989b9d876cb0502af9c673c66ebca9c462e4fab)
error: failed to push some refs to 'https://github.com/BangLetsGetIt/NBA-NCAA-Betting-Models.git'
⚠️  Push failed - you may need to set up the GitHub remote first
✅ Auto-push succeeded at Sat Jan 17 11:38:11 EST 2026
