==========================================
NBA 3PT Props Model Run: Tue Dec 30 05:00:04 EST 2025
==========================================
Running NBA 3PT Props model...

[1m[96m================================================================================[0m
[1m[96mNBA 3PT PROPS A.I. MODEL[0m
[1m[96m================================================================================[0m

[96m==========================================================================================[0m
[96m🎯 GRADING PENDING PICKS[0m
[96m==========================================================================================[0m

[93m📋 Found 5 pending picks...[0m

  Fetching team stats to verify completed games for 2025-12-16...
[96m  Fetching batch stats for 12/16/2025...[0m
  Fetching team stats to verify completed games for 2025-12-29...
[96m  Fetching batch stats for 12/29/2025...[0m
    [92mWIN[0m: Cooper Flagg had 1 3-pointers (line: 1.5, bet: UNDER) | Profit: 0.41 units
  Fetching team stats to verify completed games for 2025-12-30...

[92m✓ Graded 1 picks[0m

[96mFetching REAL NBA player 3-pointers statistics...[0m
[92m✓ Using cached player 3-pointers stats (less than 6 hours old)[0m

[96mFetching opponent 3-pointers factors...[0m
[92m✓ Using cached 3-pointers factors[0m

[96mFetching player 3-pointers prop odds...[0m
[96m  Found 4 upcoming games[0m
[96m  Filtered to 4 upcoming games[0m
[96m  Game 1/4: Philadelphia 76ers @ Memphis Grizzlies[0m
[96m  Game 2/4: Boston Celtics @ Utah Jazz[0m
[96m  Game 3/4: Detroit Pistons @ Los Angeles Lakers[0m
[96m  Game 4/4: Sacramento Kings @ Los Angeles Clippers[0m
[92m✓ Fetched 37 player 3-pointers props (grouped)[0m

[96mAnalyzing 37 player props with REAL stats...[0m
[92m✓ Found 2 top OVER plays (A.I. Score >= 7.5)[0m
[92m✓ Found 1 top UNDER plays (A.I. Score >= 7.5)[0m
[93m  Skipped 1 props (no player stats found)[0m
[93m  Skipped 69 props (score below 7.5 or failed checks)[0m

[96m==========================================================================================[0m
[96m📊 TRACKING NEW PICKS[0m
[96m==========================================================================================[0m
[93m✓ Updated odds for 2 existing picks[0m

[1m[92m================================================================================[0m
[1m[92mTOP OVER PLAYS[0m
[1m[92m================================================================================[0m
  [96m 1. Sam Hauser               [0m | [92mOVER 1.5 3PT   [0m | Boston Celtics            vs Utah Jazz                 | [1mA.I.: 9.80[0m | Rating: 3.5 ⭐
  [96m 2. Lauri Markkanen          [0m | [92mOVER 2.5 3PT   [0m | Utah Jazz                 vs Boston Celtics            | [1mA.I.: 7.70[0m | Rating: 3.5 ⭐

[1m[91m================================================================================[0m
[1m[91mTOP UNDER PLAYS[0m
[1m[91m================================================================================[0m
  [96m 1. Brice Sensabaugh         [0m | [91mUNDER 2.5 3PT  [0m | Utah Jazz                 vs Boston Celtics            | [1mA.I.: 7.54[0m | Rating: 2.9 

[96mGenerating HTML report...[0m

[92m✓ HTML report saved: /Users/rico/sports-models/nba/nba_3pt_props.html[0m

[1m[92m================================================================================[0m
[1m[92m✓ Model execution complete![0m
[1m[92m================================================================================[0m


==========================================
✅ Model completed successfully!
==========================================

📤 Pushing updates to GitHub...
