==========================================
NBA Model Run: Mon Jan 19 10:00:02 EST 2026
==========================================
Running NBA model...

[1m==========================================================================================[0m
[1m[96m🎲 IMPROVED NBA BETTING MODEL 🎲[0m
[1m[92m⚡ Enhanced Stats + Rest Days + Stricter Filters ⚡[0m
[1m==========================================================================================[0m

[1m[96mSTEP 1: Checking for Completed Games[0m

[96m==========================================================================================[0m
[96m🔄 UPDATING RESULTS FOR COMPLETED GAMES[0m
[96m==========================================================================================[0m

[93m📋 Checking 11 pending picks...[0m
[96mFetching completed NBA game scores (via NBA API)...[0m
[92m✓ Found 15 completed games (Free API)[0m
[92m✓ Tracking data saved to /Users/rico/sports-models/nba/nba_picks_tracking.json[0m
[93mNo picks were updated (games may not be complete yet)[0m
[92m✓ Tracking dashboard saved: /Users/rico/sports-models/nba/nba_tracking_dashboard.html[0m

[1m[96mSTEP 2: Fetching Composite Stats (Season + Form)[0m
[96m🔄 Fetching new team stats from stats.nba.com...[0m
[92m✓ Fetched and cached stats for 76 teams[0m

[1m[96mSTEP 3: Fetching Home/Away Splits[0m
[96m🔄 Fetching home/away splits from stats.nba.com...[0m
[92m✓ Fetched and cached home/away splits[0m

[1m[96mSTEP 4: Fetching Team Schedules (Rest Days)[0m
[96m🔄 Fetching team schedules...[0m
[92m✓ Fetched schedules for 1 teams[0m

[1m[96mSTEP 5: Fetching Live Odds (Next 2 Days)[0m
[92m✓ Fetched odds for 9 total games[0m
[92m✓ Filtered to 9 games in next 2 days[0m

[1m[96mSTEP 6: Processing Games & Generating Picks[0m

[91m❌ Missing stats for Washington Wizards or Los Angeles Clippers[0m
[91m❌ Missing stats for Washington Wizards or Los Angeles Clippers[0m
[91m❌ Skipping Los Angeles Clippers @ Washington Wizards - missing model data[0m
[92m✓ Tracking data saved to /Users/rico/sports-models/nba/nba_picks_tracking.json[0m
[92m✓ Updated CLV data for existing picks[0m

[1m[92m✅ Analyzed 8 games with complete odds[0m

[93m📊 All picks sorted by A.I. Rating (quality/confidence first)[0m


[1m==========================================================================================[0m
[1m[93m🏀 NBA MODEL PREDICTIONS 🏀[0m
[1m==========================================================================================[0m

[1m[96mPhoenix Suns @ Brooklyn Nets[0m
  🕐 01/19/26 07:40 PM EST
  [92m[1m🎯 A.I. Rating: 4.9 ⭐⭐ (PREMIUM PLAY)[0m
  [92m🔥 HOT: Brooklyn Nets - Strong performer: 3-1 (75%) | +1.90u over 4 picks[0m
  📊 Spread: Market +8.0 | Model +0.2
  🎯 Total: Market 216.5 | Model 235.2
  [92m✅ BET: Brooklyn Nets +8.0[0m
     [96mModel projects Brooklyn Nets to win outright, easily covering +8.0.[0m
  [92m✅ BET: OVER 216.5[0m
     [96mModel projects 235 total points, bet the OVER[0m
  📈 Predicted: Phoenix Suns 118, Brooklyn Nets 118

[1m[96mMilwaukee Bucks @ Atlanta Hawks[0m
  🕐 01/19/26 01:10 PM EST
  [92m[1m🎯 A.I. Rating: 4.6 ⭐⭐ (PREMIUM PLAY)[0m
  📊 Spread: Market -2.0 | Model +2.9
  🎯 Total: Market 231.5 | Model 244.9
  [93m⚠️ NO BET - Too close to call[0m
     [96mEdge too small (+0.9)[0m
  [92m✅ BET: OVER 231.5[0m
     [96mModel projects 245 total points, bet the OVER[0m
  📈 Predicted: Milwaukee Bucks 121, Atlanta Hawks 124

[1m[96mBoston Celtics @ Detroit Pistons[0m
  🕐 01/19/26 08:10 PM EST
  [92m[1m🎯 A.I. Rating: 4.1 ⭐⭐ (STRONG PLAY)[0m
  [92m🔥 HOT: Boston Celtics - Strong performer: 7-3 (70%) | +3.70u over 10 picks[0m
  📊 Spread: Market -3.0 | Model -5.3
  🎯 Total: Market 224.5 | Model 234.8
  [92m✅ BET: Boston Celtics +3.0[0m
     [96mModel projects Detroit Pistons to win by only 5.3, not enough to cover -3.0.[0m
  [92m✅ BET: OVER 224.5[0m
     [96mModel projects 235 total points, bet the OVER[0m
  📈 Predicted: Boston Celtics 120, Detroit Pistons 115

[1m[96mIndiana Pacers @ Philadelphia 76ers[0m
  🕐 01/19/26 07:10 PM EST
  [92m[1m🎯 A.I. Rating: 4.1 ⭐⭐ (STRONG PLAY)[0m
  [92m✅ GOOD: Indiana Pacers - Good record: 12-8 (60%) | +3.20u over 20 picks[0m
  📊 Spread: Market -8.0 | Model -1.9
  🎯 Total: Market 228.5 | Model 238.2
  [92m✅ BET: Indiana Pacers +8.0[0m
     [96mModel projects Philadelphia 76ers to win by only 1.9, not enough to cover -8.0.[0m
  [92m✅ BET: OVER 228.5[0m
     [96mModel projects 238 total points, bet the OVER[0m
  📈 Predicted: Indiana Pacers 120, Philadelphia 76ers 118

[1m[96mOklahoma City Thunder @ Cleveland Cavaliers[0m
  🕐 01/19/26 02:40 PM EST
  [92m[1m🎯 A.I. Rating: 4.0 ⭐⭐ (STRONG PLAY)[0m
  [0m➖ NEUTRAL: Cleveland Cavaliers - Average performance: 8-8 (50%) | -0.80u over 16 picks[0m
  📊 Spread: Market +6.0 | Model +4.1
  🎯 Total: Market 232.0 | Model 240.7
  [92m✅ BET: Cleveland Cavaliers +6.0[0m
     [96mModel projects Cleveland Cavaliers to win outright, easily covering +6.0.[0m
  [92m✅ BET: OVER 232.0[0m
     [96mModel projects 241 total points, bet the OVER[0m
  📈 Predicted: Oklahoma City Thunder 118, Cleveland Cavaliers 122

[1m[96mUtah Jazz @ San Antonio Spurs[0m
  🕐 01/19/26 05:10 PM EST
  [93m[1m🎯 A.I. Rating: 3.2 ⭐ (STANDARD PLAY)[0m
  [92m✅ GOOD: Utah Jazz - Good record: 2-1 (67%) | +0.90u over 3 picks[0m
  📊 Spread: Market -16.5 | Model +10.6
  🎯 Total: Market 241.0 | Model 237.1
  [92m✅ BET: Utah Jazz +16.5[0m
     [96mModel projects San Antonio Spurs to win by only 10.6, not enough to cover -16.5.[0m
  [93m⚠️ NO BET - Too close to call[0m
  📈 Predicted: Utah Jazz 113, San Antonio Spurs 124

[1m[96mMiami Heat @ Golden State Warriors[0m
  🕐 01/19/26 10:10 PM EST
  [93m[1m🎯 A.I. Rating: 3.0 ⭐ (STANDARD PLAY)[0m
  📊 Spread: Market -5.5 | Model +7.4
  🎯 Total: Market 238.5 | Model 234.0
  [93m⚠️ NO BET - Too close to call[0m
     [96mEdge too small (+1.9)[0m
  [93m⚠️ NO BET - Too close to call[0m
  📈 Predicted: Miami Heat 113, Golden State Warriors 121

[1m[96mDallas Mavericks @ New York Knicks[0m
  🕐 01/19/26 05:10 PM EST
  [93m[1m🎯 A.I. Rating: 3.0 ⭐ (STANDARD PLAY)[0m
  📊 Spread: Market -10.0 | Model +14.2
  🎯 Total: Market 230.0 | Model 234.4
  [93m⚠️ NO BET - Too close to call[0m
     [96mEdge too small (+4.2)[0m
  [93m⚠️ NO BET - Too close to call[0m
  📈 Predicted: Dallas Mavericks 110, New York Knicks 124

[92m✓ CSV saved: /Users/rico/sports-models/nba/nba_model_output.csv[0m
Loaded 10 Auto-Bet teams: Minnesota Timberwolves, New York Knicks, Dallas Mavericks, Orlando Magic, Denver Nuggets...
[92m✓ HTML saved: /Users/rico/sports-models/nba/nba_model_output.html[0m

[1m[96mSTEP 7: Generating Final Tracking Dashboard[0m
[92m✓ Tracking dashboard saved: /Users/rico/sports-models/nba/nba_tracking_dashboard.html[0m

[1m==========================================================================================[0m
[1m[93m📊 TRACKING SUMMARY 📊[0m
[1m==========================================================================================[0m
[92mTotal Tracked Bets: 409[0m
[92mRecord: 210-185-3[0m
[92mWin Rate: 53.2%[0m
[92mProfit: +5.66 units[0m
[92mROI: +1.3%[0m
[1m==========================================================================================[0m

[96mUpdating unified dashboard...[0m
[92m✓ Dashboard updated[0m


==========================================
✅ Model completed successfully!
==========================================

📊 Updating Analysis Dashboard...
HTML Report generated at: /Users/rico/sports-models/nba/nba_analysis_report.html
Top 10 Auto-Bet Teams JSON saved: /Users/rico/sports-models/nba/nba_auto_bet_teams.json

📤 Pushing updates to GitHub...
[main 830be84] Update model outputs - 2026-01-19 10:01:31
 Committer: Ricardo Hill <rico@Ricos-M1-Mac-2.local>
Your name and email address were configured automatically based
on your username and hostname. Please check that they are accurate.
You can suppress this message by setting them explicitly. Run the
following command and follow the instructions in your editor to edit
your configuration file:

    git config --global --edit

After doing this, you may fix the identity used for this commit with:

    git commit --amend --reset-author

 5 files changed, 105 insertions(+), 95 deletions(-)
To https://github.com/BangLetsGetIt/NBA-NCAA-Betting-Models.git
   6f8e4d2..830be84  main -> main
✅ Successfully pushed to GitHub!
