============================================================
Scheduler run: nba_points_props
Time: Mon Jan 19 02:35:04 EST 2026
Working dir: /Users/rico/sports-models/nba
Script: nba_points_props_model.py
============================================================

[1m[96m================================================================================[0m
[1m[96mNBA POINTS PROPS A.I. MODEL[0m
[1m[96m================================================================================[0m

[96m==========================================================================================[0m
[96m🎯 GRADING PENDING PICKS (BATCH MODE)[0m
[96m==========================================================================================[0m

[93m📋 Found 29 pending picks...[0m


[96mProcessing 9 picks for 2025-12-16...[0m
[96m  Fetching batch stats for 12/16/2025...[0m
  Fetching team stats to verify completed games for 2025-12-16...
[93m  ⚠️  No stats found for 2025-12-16 yet[0m

[96mProcessing 2 picks for 2025-12-23...[0m
[96m  Fetching batch stats for 12/23/2025...[0m
  Fetching team stats to verify completed games for 2025-12-23...

[96mProcessing 1 picks for 2026-01-03...[0m
[96m  Fetching batch stats for 01/03/2026...[0m
  Fetching team stats to verify completed games for 2026-01-03...

[96mProcessing 2 picks for 2026-01-08...[0m
[96m  Fetching batch stats for 01/08/2026...[0m
  Fetching team stats to verify completed games for 2026-01-08...

[96mProcessing 1 picks for 2026-01-09...[0m
[96m  Fetching batch stats for 01/09/2026...[0m
  Fetching team stats to verify completed games for 2026-01-09...

[96mProcessing 3 picks for 2026-01-10...[0m
[96m  Fetching batch stats for 01/10/2026...[0m
  Fetching team stats to verify completed games for 2026-01-10...

[96mProcessing 1 picks for 2026-01-16...[0m
[96m  Fetching batch stats for 01/16/2026...[0m
  Fetching team stats to verify completed games for 2026-01-16...

[96mProcessing 6 picks for 2026-01-18...[0m
[96m  Fetching batch stats for 01/18/2026...[0m
  Fetching team stats to verify completed games for 2026-01-18...
    [91mLOSS[0m: Kon Knueppel had 14 points (line: 17.5, bet: OVER) | Profit: -1.00 units
[93m  ⚠️  Player Jerami Grant has no stats but game is final -> Marking as DNP/Void[0m
    [91mLOSS[0m: LaMelo Ball had 10 points (line: 18.5, bet: OVER) | Profit: -1.00 units
    [91mLOSS[0m: Kon Knueppel had 14 points (line: 16.5, bet: OVER) | Profit: -1.00 units
    [91mLOSS[0m: LaMelo Ball had 10 points (line: 17.5, bet: OVER) | Profit: -1.00 units
    [91mLOSS[0m: Maxime Raynaud had 6 points (line: 7.5, bet: OVER) | Profit: -1.00 units

[92m✓ Graded 6 picks[0m

[96mFetching REAL NBA player points statistics...[0m
[96m  Fetching season points stats...[0m
[96m  Fetching recent form (last 10 games)...[0m
[92m✓ Fetched REAL stats for 510 players[0m

[96mFetching opponent defense factors...[0m
[92m✓ Fetched defense factors for 30 teams[0m

[96mFetching player points prop odds...[0m
[96m  Found 9 upcoming games[0m
[96m  Filtered to 9 upcoming games[0m
[96m  Game 1/9: Milwaukee Bucks @ Atlanta Hawks[0m
[96m  Game 2/9: Oklahoma City Thunder @ Cleveland Cavaliers[0m
[96m  Game 3/9: Los Angeles Clippers @ Washington Wizards[0m
[96m  Game 4/9: Dallas Mavericks @ New York Knicks[0m
[96m  Game 5/9: Utah Jazz @ San Antonio Spurs[0m
[96m  Game 6/9: Indiana Pacers @ Philadelphia 76ers[0m
[96m  Game 7/9: Phoenix Suns @ Brooklyn Nets[0m
[96m  Game 8/9: Boston Celtics @ Detroit Pistons[0m
[96m  Game 9/9: Miami Heat @ Golden State Warriors[0m
[92m✓ Fetched 202 total player props[0m

[96mAnalyzing 202 player props with REAL stats...[0m
[92m✓ Found 6 top OVER plays (A.I. Score >= 10.0)[0m
[92m✓ Found 6 top UNDER plays (A.I. Score >= 10.0)[0m
[93m  Skipped 4 props (no player stats found)[0m
[93m  Skipped 372 props (score below 10.0)[0m

[96m==========================================================================================[0m
[96m📊 TRACKING NEW PICKS[0m
[96m==========================================================================================[0m
[92m✓ Tracked 2 new picks[0m

[1m[92m================================================================================[0m
[1m[92mTOP OVER PLAYS[0m
[1m[92m================================================================================[0m
  [96m 1. Bobby Portis             [0m | [92mOVER 11.5 PTS  [0m | Milwaukee Bucks vs Atlanta Hawks | [1mA.I.: 10.00[0m | Rating: 4.9 ⭐⭐
  [96m 2. Myles Turner             [0m | [92mOVER 10.5 PTS  [0m | Milwaukee Bucks vs Atlanta Hawks | [1mA.I.: 10.00[0m | Rating: 4.9 ⭐⭐
  [96m 3. Dillon Brooks            [0m | [92mOVER 17.5 PTS  [0m | Phoenix Suns vs Brooklyn Nets | [1mA.I.: 10.00[0m | Rating: 4.9 ⭐⭐
  [96m 4. Grayson Allen            [0m | [92mOVER 13.5 PTS  [0m | Phoenix Suns vs Brooklyn Nets | [1mA.I.: 10.00[0m | Rating: 4.9 ⭐⭐
  [96m 5. Jaylen Brown             [0m | [92mOVER 28.5 PTS  [0m | Boston Celtics vs Detroit Pistons | [1mA.I.: 10.00[0m | Rating: 4.9 ⭐⭐
  [96m 6. Duncan Robinson          [0m | [92mOVER 9.5 PTS   [0m | Detroit Pistons vs Boston Celtics | [1mA.I.: 10.00[0m | Rating: 4.9 ⭐⭐

[1m[91m================================================================================[0m
[1m[91mTOP UNDER PLAYS[0m
[1m[91m================================================================================[0m
  [96m 1. Tre Johnson              [0m | [91mUNDER 14.5 PTS [0m | Washington Wizards vs Los Angeles Clippers | [1mA.I.: 10.00[0m | Rating: 4.9 ⭐⭐
  [96m 2. James Harden             [0m | [91mUNDER 28.5 PTS [0m | Los Angeles Clippers vs Washington Wizards | [1mA.I.: 10.00[0m | Rating: 4.9 ⭐⭐
  [96m 3. Kris Dunn                [0m | [91mUNDER 9.5 PTS  [0m | Los Angeles Clippers vs Washington Wizards | [1mA.I.: 10.00[0m | Rating: 4.9 ⭐⭐
  [96m 4. Cooper Flagg             [0m | [91mUNDER 20.5 PTS [0m | Dallas Mavericks vs New York Knicks | [1mA.I.: 10.00[0m | Rating: 4.9 ⭐⭐
  [96m 5. Ace Bailey               [0m | [91mUNDER 13.5 PTS [0m | Utah Jazz vs San Antonio Spurs | [1mA.I.: 10.00[0m | Rating: 4.9 ⭐⭐
  [96m 6. Cade Cunningham          [0m | [91mUNDER 27.5 PTS [0m | Detroit Pistons vs Boston Celtics | [1mA.I.: 10.00[0m | Rating: 4.9 ⭐⭐

[96mGenerating HTML report...[0m

[92m✓ HTML report saved: /Users/rico/sports-models/nba/nba_points_props.html[0m

[1m[92m================================================================================[0m
[1m[92m✓ Model execution complete![0m
[1m[92m================================================================================[0m

✅ Completed: nba_points_props at Mon Jan 19 02:36:20 EST 2026

📤 Auto-pushing model outputs to GitHub...
[main 41037a6] Update model outputs - 2026-01-19 02:36:20
 Committer: Ricardo Hill <rico@Ricos-M1-Mac-2.local>
Your name and email address were configured automatically based
on your username and hostname. Please check that they are accurate.
You can suppress this message by setting them explicitly. Run the
following command and follow the instructions in your editor to edit
your configuration file:

    git config --global --edit

After doing this, you may fix the identity used for this commit with:

    git commit --amend --reset-author

 2 files changed, 257 insertions(+), 126 deletions(-)
To https://github.com/BangLetsGetIt/NBA-NCAA-Betting-Models.git
   87318d3..41037a6  main -> main
✅ Successfully pushed to GitHub!
✅ Auto-push succeeded at Mon Jan 19 02:36:21 EST 2026
