============================================================
Scheduler run: nba_assists_props
Time: Tue Jan 27 10:46:46 EST 2026
Working dir: /Users/rico/sports-models/nba
Script: nba_assists_props_model.py
============================================================

[1m[96m================================================================================[0m
[1m[96mNBA ASSISTS PROPS A.I. MODEL[0m
[1m[96m================================================================================[0m

[96m==========================================================================================[0m
[96m🎯 GRADING PENDING PICKS[0m
[96m==========================================================================================[0m

[93m📋 Found 8 pending picks...[0m

  Fetching team stats to verify completed games for 2025-12-16...
[93m  ⚠ Could not find stats for De'Aaron Fox on 2025-12-16[0m
  Fetching team stats to verify completed games for 2025-12-23...
    [92mWIN[0m: Jordan Clarkson had 1 assists (line: 2.5, bet: UNDER) | Profit: 0.47 units
    [91mLOSS[0m: Josh Hart had 8 assists (line: 6.5, bet: UNDER) | Profit: -1.00 units
  Fetching team stats to verify completed games for 2026-01-24...
[93m  ⚠ Could not find stats for Brandin Podziemski on 2026-01-24[0m
  Fetching team stats to verify completed games for 2026-01-25...
  Error fetching completed teams: HTTPSConnectionPool(host='stats.nba.com', port=443): Read timed out. (read timeout=30)
[93m  ⚠ Could not find stats for Kyle Kuzma on 2026-01-25[0m
[93m  ⚠ Could not find stats for Ryan Rollins on 2026-01-25[0m
  Fetching team stats to verify completed games for 2026-01-27...

[92m✓ Graded 2 picks[0m

[96mFetching REAL NBA player assists statistics...[0m
[96m  Fetching season assists stats...[0m
[96m  Fetching recent form (last 10 games)...[0m
[92m✓ Fetched REAL assists stats for 513 players[0m

[96mFetching opponent assists factors...[0m
[92m✓ Fetched assists factors for 30 teams[0m

[96mFetching player assists prop odds...[0m
[96m  Found 7 upcoming games[0m
[96m  Filtered to 7 upcoming games[0m
[96m  Game 1/7: Portland Trail Blazers @ Washington Wizards[0m
[96m  Game 2/7: Sacramento Kings @ New York Knicks[0m
[96m  Game 3/7: Milwaukee Bucks @ Philadelphia 76ers[0m
[96m  Game 4/7: New Orleans Pelicans @ Oklahoma City Thunder[0m
[96m  Game 5/7: Brooklyn Nets @ Phoenix Suns[0m
[96m  Game 6/7: Detroit Pistons @ Denver Nuggets[0m
[96m  Game 7/7: Los Angeles Clippers @ Utah Jazz[0m
[92m✓ Fetched 42 player assists props (grouped)[0m

[96mAnalyzing 42 player props with REAL stats...[0m
[92m✓ Found 0 top OVER plays (A.I. Score >= 10.0)[0m
[92m✓ Found 2 top UNDER plays (A.I. Score >= 10.0)[0m
[93m  Skipped 1 props (no player stats found)[0m
[93m  Skipped 80 props (score below 10.0 or failed checks)[0m

[96m==========================================================================================[0m
[96m📊 TRACKING NEW PICKS[0m
[96m==========================================================================================[0m
[93m✓ Updated odds for 1 existing picks[0m

[1m[92m================================================================================[0m
[1m[92mTOP OVER PLAYS[0m
[1m[92m================================================================================[0m

[1m[91m================================================================================[0m
[1m[91mTOP UNDER PLAYS[0m
[1m[91m================================================================================[0m
  [96m 1. Isaiah Collier           [0m | [91mUNDER 8.5 AST  [0m | Utah Jazz                 vs Los Angeles Clippers      | [1mA.I.: 10.00[0m | Rating: 4.9 ⭐⭐
  [96m 2. Ryan Rollins             [0m | [91mUNDER 6.5 AST  [0m | Philadelphia 76ers        vs Milwaukee Bucks           | [1mA.I.: 10.00[0m | Rating: 4.9 ⭐⭐

[96mGenerating HTML report...[0m

[92m✓ HTML report saved: /Users/rico/sports-models/nba/nba_assists_props.html[0m

[1m[92m================================================================================[0m
[1m[92m✓ Model execution complete![0m
[1m[92m================================================================================[0m

✅ Completed: nba_assists_props at Tue Jan 27 10:52:33 EST 2026

📤 Auto-pushing model outputs to GitHub...
No changes to commit
✅ Auto-push succeeded at Tue Jan 27 11:01:22 EST 2026
