============================================================
Scheduler run: nba_points_props
Time: Sun Dec 28 10:00:02 EST 2025
Working dir: /Users/rico/sports-models/nba
Script: nba_points_props_model.py
============================================================

[1m[96m================================================================================[0m
[1m[96mNBA POINTS PROPS A.I. MODEL[0m
[1m[96m================================================================================[0m

[96m==========================================================================================[0m
[96m🎯 GRADING PENDING PICKS (BATCH MODE)[0m
[96m==========================================================================================[0m

[93m📋 Found 17 pending picks...[0m


[96mProcessing 9 picks for 2025-12-16...[0m
[96m  Fetching batch stats for 12/16/2025...[0m
[93m  Error fetching batch stats for 2025-12-16: HTTPSConnectionPool(host='stats.nba.com', port=443): Read timed out. (read timeout=30)[0m
  Fetching team stats to verify completed games for 2025-12-16...
  Error fetching completed teams: HTTPSConnectionPool(host='stats.nba.com', port=443): Read timed out. (read timeout=30)
[93m  ⚠️  No stats found for 2025-12-16 yet[0m

[96mProcessing 2 picks for 2025-12-23...[0m
[96m  Fetching batch stats for 12/23/2025...[0m
  Fetching team stats to verify completed games for 2025-12-23...

[93mNo picks ready for grading yet[0m

[96mFetching REAL NBA player points statistics...[0m
[96m  Fetching season points stats...[0m
[96m  Fetching recent form (last 10 games)...[0m
[92m✓ Fetched REAL stats for 504 players[0m

[96mFetching opponent defense factors...[0m
[92m✓ Fetched defense factors for 30 teams[0m

[96mFetching player points prop odds...[0m
[96m  Found 9 upcoming games[0m
[96m  Filtered to 9 upcoming games[0m
[96m  Game 1/9: Golden State Warriors @ Toronto Raptors[0m
[96m  Game 2/9: Philadelphia 76ers @ Oklahoma City Thunder[0m
[96m  Game 3/9: Boston Celtics @ Portland Trail Blazers[0m
[96m  Game 4/9: Memphis Grizzlies @ Washington Wizards[0m
[96m  Game 5/9: Detroit Pistons @ Los Angeles Clippers[0m
[96m  Game 6/9: Sacramento Kings @ Los Angeles Lakers[0m
[96m  Game 7/9: Denver Nuggets @ Miami Heat[0m
[96m  Game 8/9: Cleveland Cavaliers @ San Antonio Spurs[0m
[96m  Game 9/9: New York Knicks @ New Orleans Pelicans[0m
[92m✓ Fetched 146 total player props[0m

[96mAnalyzing 146 player props with REAL stats...[0m
[92m✓ Found 5 top OVER plays (A.I. Score >= 9.5)[0m
[92m✓ Found 3 top UNDER plays (A.I. Score >= 9.5)[0m
[93m  Skipped 2 props (no player stats found)[0m
[93m  Skipped 272 props (score below 9.5)[0m

[96m==========================================================================================[0m
[96m📊 TRACKING NEW PICKS[0m
[96m==========================================================================================[0m
[92m✓ Tracked 1 new picks[0m
[93m✓ Updated odds for 4 existing picks[0m

[1m[92m================================================================================[0m
[1m[92mTOP OVER PLAYS[0m
[1m[92m================================================================================[0m
  [96m 1. R.J. Barrett             [0m | [92mOVER 13.5 PTS  [0m | Toronto Raptors vs Golden State Warriors | [1mA.I.: 10.00[0m | Rating: 4.9 ⭐⭐
  [96m 2. Ajay Mitchell            [0m | [92mOVER 9.5 PTS   [0m | Oklahoma City Thunder vs Philadelphia 76ers | [1mA.I.: 10.00[0m | Rating: 4.9 ⭐⭐
  [96m 3. VJ Edgecombe             [0m | [92mOVER 13.5 PTS  [0m | Oklahoma City Thunder vs Philadelphia 76ers | [1mA.I.: 10.00[0m | Rating: 4.9 ⭐⭐
  [96m 4. Tyrese Maxey             [0m | [92mOVER 26.5 PTS  [0m | Philadelphia 76ers vs Oklahoma City Thunder | [1mA.I.: 10.00[0m | Rating: 4.9 ⭐⭐
  [96m 5. Ausar Thompson           [0m | [92mOVER 10.5 PTS  [0m | Detroit Pistons vs Los Angeles Clippers | [1mA.I.: 9.51[0m | Rating: 4.9 ⭐⭐

[1m[91m================================================================================[0m
[1m[91mTOP UNDER PLAYS[0m
[1m[91m================================================================================[0m
  [96m 1. Toumani Camara           [0m | [91mUNDER 14.5 PTS [0m | Portland Trail Blazers vs Boston Celtics | [1mA.I.: 10.00[0m | Rating: 4.9 ⭐⭐
  [96m 2. Brook Lopez              [0m | [91mUNDER 11.5 PTS [0m | Los Angeles Clippers vs Detroit Pistons | [1mA.I.: 10.00[0m | Rating: 4.9 ⭐⭐
  [96m 3. Keon Ellis               [0m | [91mUNDER 10.5 PTS [0m | Los Angeles Lakers vs Sacramento Kings | [1mA.I.: 10.00[0m | Rating: 4.9 ⭐⭐

[96mGenerating HTML report...[0m

[92m✓ HTML report saved: /Users/rico/sports-models/nba/nba_points_props.html[0m

[1m[92m================================================================================[0m
[1m[92m✓ Model execution complete![0m
[1m[92m================================================================================[0m

✅ Completed: nba_points_props at Sun Dec 28 10:01:28 EST 2025

📤 Auto-pushing model outputs to GitHub...
[main 01f3475] Update model outputs - 2025-12-28 10:01:28
 Committer: Ricardo Hill <rico@Ricos-M1-Mac-2.local>
Your name and email address were configured automatically based
on your username and hostname. Please check that they are accurate.
You can suppress this message by setting them explicitly. Run the
following command and follow the instructions in your editor to edit
your configuration file:

    git config --global --edit

After doing this, you may fix the identity used for this commit with:

    git commit --amend --reset-author

 2 files changed, 156 insertions(+), 28 deletions(-)
To https://github.com/BangLetsGetIt/NBA-NCAA-Betting-Models.git
   dcac21b..01f3475  main -> main
✅ Successfully pushed to GitHub!
✅ Auto-push succeeded at Sun Dec 28 10:01:29 EST 2025
