============================================================
Scheduler run: nba_main_model
Time: Mon Jan 26 17:25:38 EST 2026
Working dir: /Users/rico/sports-models/nba
Script: nba_model_IMPROVED.py
============================================================

[1m==========================================================================================[0m
[1m[96m🎲 IMPROVED NBA BETTING MODEL 🎲[0m
[1m[92m⚡ Enhanced Stats + Rest Days + Stricter Filters ⚡[0m
[1m==========================================================================================[0m

[1m[96mSTEP 1: Checking for Completed Games[0m

[96m==========================================================================================[0m
[96m🔄 UPDATING RESULTS FOR COMPLETED GAMES[0m
[96m==========================================================================================[0m

[93m📋 Checking 8 pending picks...[0m
[96mFetching completed NBA game scores (via NBA API)...[0m
[92m✓ Found 13 completed games (Free API)[0m
[92m✓ Tracking data saved to /Users/rico/sports-models/nba/nba_picks_tracking.json[0m
[93mNo picks were updated (games may not be complete yet)[0m
[92m✓ Tracking dashboard saved: /Users/rico/sports-models/nba/nba_tracking_dashboard.html[0m

[1m[96mSTEP 2: Fetching Composite Stats (Season + Form)[0m
[96m🔄 Fetching new team stats from stats.nba.com...[0m
[92m✓ Fetched and cached stats for 76 teams[0m

[1m[96mSTEP 3: Fetching Home/Away Splits[0m
[96m🔄 Fetching home/away splits from stats.nba.com...[0m
[92m✓ Fetched and cached home/away splits[0m

[1m[96mSTEP 4: Fetching Team Schedules (Rest Days)[0m

[1m[96mSTEP 5: Fetching Live Odds (Next 2 Days)[0m
[93mℹ️  Skipped 1 games that have already started/finished.[0m
[92m✓ Fetched odds for 8 total games[0m
[92m✓ Filtered to 7 games in next 2 days[0m

[1m[96mSTEP 6: Processing Games & Generating Picks[0m

[92m✓ Tracking data saved to /Users/rico/sports-models/nba/nba_picks_tracking.json[0m
[92m📝 LOGGED PICK: ✅ BET: Oklahoma City Thunder -16.5 (Edge: +12.9)[0m
[92m✓ Tracking data saved to /Users/rico/sports-models/nba/nba_picks_tracking.json[0m
[92m✓ Updated CLV data for existing picks[0m

[1m[92m✅ Analyzed 7 games with complete odds[0m

[93m📊 All picks sorted by A.I. Rating (quality/confidence first)[0m


[1m==========================================================================================[0m
[1m[93m🏀 NBA MODEL PREDICTIONS 🏀[0m
[1m==========================================================================================[0m

[1m[96mNew Orleans Pelicans @ Oklahoma City Thunder[0m
  🕐 01/27/26 08:10 PM EST
  [92m[1m🎯 A.I. Rating: 4.5 ⭐⭐ (PREMIUM PLAY)[0m
  [93m⚠️ CAUTION: Oklahoma City Thunder - Below average: 4-6 (40%) | -2.60u over 10 picks[0m
  📊 Spread: Market -16.5 | Model +29.4
  🎯 Total: Market 235.5 | Model 229.7
  [92m✅ BET: Oklahoma City Thunder -16.5[0m
     [96mModel projects Oklahoma City Thunder to win by 29.4, covering -16.5.[0m
  [93m⚠️ NO BET - Too close to call[0m
  📈 Predicted: New Orleans Pelicans 100, Oklahoma City Thunder 130

[1m[96mMemphis Grizzlies @ Houston Rockets[0m
  🕐 01/26/26 08:10 PM EST
  [92m[1m🎯 A.I. Rating: 4.2 ⭐⭐ (STRONG PLAY)[0m
  📊 Spread: Market -10.5 | Model +6.4
  🎯 Total: Market 224.5 | Model 235.8
  [93m⚠️ NO BET - Too close to call[0m
     [96mEdge too small (-4.1)[0m
  [92m✅ BET: OVER 224.5[0m
     [96mModel projects 236 total points, bet the OVER[0m
  📈 Predicted: Memphis Grizzlies 115, Houston Rockets 121

[1m[96mOrlando Magic @ Cleveland Cavaliers[0m
  🕐 01/26/26 07:10 PM EST
  [92m[1m🎯 A.I. Rating: 4.0 ⭐⭐ (STRONG PLAY)[0m
  [0m➖ NEUTRAL: Cleveland Cavaliers - Average performance: 9-9 (50%) | -0.90u over 18 picks[0m
  📊 Spread: Market -5.0 | Model +15.6
  🎯 Total: Market 224.0 | Model 228.8
  [92m✅ BET: Cleveland Cavaliers -5.0[0m
     [96mModel projects Cleveland Cavaliers to win by 15.6, covering -5.0.[0m
  [93m⚠️ NO BET - Too close to call[0m
  📈 Predicted: Orlando Magic 107, Cleveland Cavaliers 122

[1m[96mPortland Trail Blazers @ Boston Celtics[0m
  🕐 01/26/26 08:10 PM EST
  [96m[1m🎯 A.I. Rating: 3.9 ⭐ (GOOD PLAY)[0m
  [92m✅ GOOD: Boston Celtics - Good record: 8-5 (62%) | +2.50u over 13 picks[0m
  📊 Spread: Market -7.0 | Model +16.1
  🎯 Total: Market 226.0 | Model 225.9
  [92m✅ BET: Boston Celtics -7.0[0m
     [96mModel projects Boston Celtics to win by 16.1, covering -7.0.[0m
  [93m⚠️ NO BET - Too close to call[0m
  📈 Predicted: Portland Trail Blazers 105, Boston Celtics 121

[1m[96mLos Angeles Lakers @ Chicago Bulls[0m
  🕐 01/26/26 08:10 PM EST
  [93m[1m🎯 A.I. Rating: 3.0 ⭐ (STANDARD PLAY)[0m
  📊 Spread: Market +1.0 | Model +3.5
  🎯 Total: Market 235.5 | Model 234.0
  [93m⚠️ NO BET - Too close to call[0m
     [96mEdge too small (+4.5)[0m
  [93m⚠️ NO BET - Too close to call[0m
  📈 Predicted: Los Angeles Lakers 115, Chicago Bulls 119

[1m[96mSacramento Kings @ New York Knicks[0m
  🕐 01/27/26 07:40 PM EST
  [93m[1m🎯 A.I. Rating: 2.9  (MARGINAL PLAY)[0m
  📊 Spread: Market -13.5 | Model +9.6
  🎯 Total: Market 230.5 | Model 227.2
  [93m⚠️ NO BET - Too close to call[0m
     [96mEdge too small (-3.9)[0m
  [93m⚠️ NO BET - Too close to call[0m
  📈 Predicted: Sacramento Kings 109, New York Knicks 118

[1m[96mGolden State Warriors @ Minnesota Timberwolves[0m
  🕐 01/26/26 09:40 PM EST
  [93m[1m🎯 A.I. Rating: 2.8  (MARGINAL PLAY)[0m
  📊 Spread: Market -8.0 | Model +5.1
  🎯 Total: Market 231.0 | Model 227.7
  [93m⚠️ NO BET - Too close to call[0m
     [96mEdge too small (-2.9)[0m
  [93m⚠️ NO BET - Too close to call[0m
  📈 Predicted: Golden State Warriors 111, Minnesota Timberwolves 116

[92m✓ CSV saved: /Users/rico/sports-models/nba/nba_model_output.csv[0m
Loaded 10 Auto-Bet teams: Orlando Magic, Utah Jazz, Portland Trail Blazers, New Orleans Pelicans, Minnesota Timberwolves...
[92m✓ HTML saved: /Users/rico/sports-models/nba/nba_model_output.html[0m

[1m[96mSTEP 7: Generating Final Tracking Dashboard[0m
[92m✓ Tracking dashboard saved: /Users/rico/sports-models/nba/nba_tracking_dashboard.html[0m

[1m==========================================================================================[0m
[1m[93m📊 TRACKING SUMMARY 📊[0m
[1m==========================================================================================[0m
[92mTotal Tracked Bets: 463[0m
[92mRecord: 230-222-3[0m
[92mWin Rate: 50.9%[0m
[91mProfit: -15.04 units[0m
[91mROI: -3.0%[0m
[1m==========================================================================================[0m

[96mUpdating unified dashboard...[0m
[92m✓ Dashboard updated[0m

✅ Completed: nba_main_model at Mon Jan 26 17:26:54 EST 2026

📤 Auto-pushing model outputs to GitHub...
fatal: Unable to create '/Users/rico/sports-models/.git/index.lock': File exists.

Another git process seems to be running in this repository, e.g.
an editor opened by 'git commit'. Please make sure all processes
are terminated then try again. If it still fails, a git process
may have crashed in this repository earlier:
remove the file manually to continue.
Everything up-to-date
✅ Successfully pushed to GitHub!
✅ Auto-push succeeded at Mon Jan 26 17:27:07 EST 2026
