============================================================
Scheduler run: nba_points_props
Time: Tue Jan 13 23:41:38 EST 2026
Working dir: /Users/rico/sports-models/nba
Script: nba_points_props_model.py
============================================================

[1m[96m================================================================================[0m
[1m[96mNBA POINTS PROPS A.I. MODEL[0m
[1m[96m================================================================================[0m

[96m==========================================================================================[0m
[96m🎯 GRADING PENDING PICKS (BATCH MODE)[0m
[96m==========================================================================================[0m

[93m📋 Found 30 pending picks...[0m


[96mProcessing 9 picks for 2025-12-16...[0m
[96m  Fetching batch stats for 12/16/2025...[0m
  Fetching team stats to verify completed games for 2025-12-16...
[93m  ⚠️  No stats found for 2025-12-16 yet[0m

[96mProcessing 2 picks for 2025-12-23...[0m
[96m  Fetching batch stats for 12/23/2025...[0m
  Fetching team stats to verify completed games for 2025-12-23...

[96mProcessing 1 picks for 2026-01-03...[0m
[96m  Fetching batch stats for 01/03/2026...[0m
  Fetching team stats to verify completed games for 2026-01-03...

[96mProcessing 2 picks for 2026-01-08...[0m
[96m  Fetching batch stats for 01/08/2026...[0m
  Fetching team stats to verify completed games for 2026-01-08...

[96mProcessing 1 picks for 2026-01-09...[0m
[96m  Fetching batch stats for 01/09/2026...[0m
  Fetching team stats to verify completed games for 2026-01-09...

[96mProcessing 3 picks for 2026-01-10...[0m
[96m  Fetching batch stats for 01/10/2026...[0m
  Fetching team stats to verify completed games for 2026-01-10...

[96mProcessing 4 picks for 2026-01-13...[0m
[96m  Fetching batch stats for 01/13/2026...[0m
  Fetching team stats to verify completed games for 2026-01-13...

[93mNo picks ready for grading yet[0m

[96mFetching REAL NBA player points statistics...[0m
[92m✓ Using cached player stats (less than 6 hours old)[0m

[96mFetching opponent defense factors...[0m
[92m✓ Using cached defense factors[0m

[96mFetching player points prop odds...[0m
[96m  Found 8 upcoming games[0m
[96m  Filtered to 6 upcoming games[0m
[96m  Game 1/8: Cleveland Cavaliers @ Philadelphia 76ers[0m
[96m  Game 2/8: Toronto Raptors @ Indiana Pacers[0m
[96m  Game 3/8: Brooklyn Nets @ New Orleans Pelicans[0m
[96m  Game 4/8: Utah Jazz @ Chicago Bulls[0m
[96m  Game 5/8: New York Knicks @ Sacramento Kings[0m
[96m  Game 6/8: Washington Wizards @ Los Angeles Clippers[0m
[92m✓ Fetched 100 total player props[0m

[96mAnalyzing 100 player props with REAL stats...[0m
[92m✓ Found 7 top OVER plays (A.I. Score >= 10.0)[0m
[92m✓ Found 5 top UNDER plays (A.I. Score >= 10.0)[0m
[93m  Skipped 176 props (score below 10.0)[0m

[96m==========================================================================================[0m
[96m📊 TRACKING NEW PICKS[0m
[96m==========================================================================================[0m
[96mNo new picks to track[0m

[1m[92m================================================================================[0m
[1m[92mTOP OVER PLAYS[0m
[1m[92m================================================================================[0m
  [96m 1. Tyrese Maxey             [0m | [92mOVER 27.5 PTS  [0m | Philadelphia 76ers vs Cleveland Cavaliers | [1mA.I.: 10.00[0m | Rating: 4.9 ⭐⭐
  [96m 2. VJ Edgecombe             [0m | [92mOVER 14.5 PTS  [0m | Philadelphia 76ers vs Cleveland Cavaliers | [1mA.I.: 10.00[0m | Rating: 4.9 ⭐⭐
  [96m 3. Quentin Grimes           [0m | [92mOVER 9.5 PTS   [0m | Philadelphia 76ers vs Cleveland Cavaliers | [1mA.I.: 10.00[0m | Rating: 4.9 ⭐⭐
  [96m 4. Jaylon Tyson             [0m | [92mOVER 9.5 PTS   [0m | Cleveland Cavaliers vs Philadelphia 76ers | [1mA.I.: 10.00[0m | Rating: 4.9 ⭐⭐
  [96m 5. Sam Merrill              [0m | [92mOVER 12.5 PTS  [0m | Cleveland Cavaliers vs Philadelphia 76ers | [1mA.I.: 10.00[0m | Rating: 4.9 ⭐⭐
  [96m 6. Miles McBride            [0m | [92mOVER 10.5 PTS  [0m | New York Knicks vs Sacramento Kings | [1mA.I.: 10.00[0m | Rating: 4.9 ⭐⭐
  [96m 7. Kyshawn George           [0m | [92mOVER 12.5 PTS  [0m | Washington Wizards vs Los Angeles Clippers | [1mA.I.: 10.00[0m | Rating: 4.9 ⭐⭐

[1m[91m================================================================================[0m
[1m[91mTOP UNDER PLAYS[0m
[1m[91m================================================================================[0m
  [96m 1. Brandon Ingram           [0m | [91mUNDER 23.5 PTS [0m | Toronto Raptors vs Indiana Pacers | [1mA.I.: 10.00[0m | Rating: 4.9 ⭐⭐
  [96m 2. Aaron Nesmith            [0m | [91mUNDER 16.5 PTS [0m | Indiana Pacers vs Toronto Raptors | [1mA.I.: 10.00[0m | Rating: 4.9 ⭐⭐
  [96m 3. Jamal Shead              [0m | [91mUNDER 10.5 PTS [0m | Toronto Raptors vs Indiana Pacers | [1mA.I.: 10.00[0m | Rating: 4.9 ⭐⭐
  [96m 4. DeMar DeRozan            [0m | [91mUNDER 20.5 PTS [0m | Sacramento Kings vs New York Knicks | [1mA.I.: 10.00[0m | Rating: 4.9 ⭐⭐
  [96m 5. James Harden             [0m | [91mUNDER 28.5 PTS [0m | Los Angeles Clippers vs Washington Wizards | [1mA.I.: 10.00[0m | Rating: 4.9 ⭐⭐

[96mGenerating HTML report...[0m

[92m✓ HTML report saved: /Users/rico/sports-models/nba/nba_points_props.html[0m

[1m[92m================================================================================[0m
[1m[92m✓ Model execution complete![0m
[1m[92m================================================================================[0m

✅ Completed: nba_points_props at Tue Jan 13 23:41:54 EST 2026

📤 Auto-pushing model outputs to GitHub...
[main aa94575] Update model outputs - 2026-01-13 23:41:54
 Committer: Ricardo Hill <rico@Ricos-M1-Mac-2.local>
Your name and email address were configured automatically based
on your username and hostname. Please check that they are accurate.
You can suppress this message by setting them explicitly. Run the
following command and follow the instructions in your editor to edit
your configuration file:

    git config --global --edit

After doing this, you may fix the identity used for this commit with:

    git commit --amend --reset-author

 1 file changed, 1 insertion(+), 1 deletion(-)
To https://github.com/BangLetsGetIt/NBA-NCAA-Betting-Models.git
   914f7f0..aa94575  main -> main
✅ Successfully pushed to GitHub!
✅ Auto-push succeeded at Tue Jan 13 23:41:55 EST 2026
