============================================================
Scheduler run: nba_3pt_props
Time: Sat Jan  3 02:50:05 EST 2026
Working dir: /Users/rico/sports-models/nba
Script: nba_3pt_props_model.py
============================================================

[1m[96m================================================================================[0m
[1m[96mNBA 3PT PROPS A.I. MODEL[0m
[1m[96m================================================================================[0m

[96m==========================================================================================[0m
[96m🎯 GRADING PENDING PICKS[0m
[96m==========================================================================================[0m

[93m📋 Found 5 pending picks...[0m

  Fetching team stats to verify completed games for 2025-12-16...
[96m  Fetching batch stats for 12/16/2025...[0m
  Fetching team stats to verify completed games for 2026-01-02...
[96m  Fetching batch stats for 01/02/2026...[0m
    [91mLOSS[0m: Isaiah Joe had 1 3-pointers (line: 1.5, bet: OVER) | Profit: -1.00 units
    [91mLOSS[0m: Brandin Podziemski had 1 3-pointers (line: 1.5, bet: OVER) | Profit: -1.00 units
    [91mLOSS[0m: Cam Spencer had 1 3-pointers (line: 1.5, bet: OVER) | Profit: -1.00 units
  Fetching team stats to verify completed games for 2026-01-03...

[92m✓ Graded 3 picks[0m

[96mFetching REAL NBA player 3-pointers statistics...[0m
[92m✓ Using cached player 3-pointers stats (less than 6 hours old)[0m

[96mFetching opponent 3-pointers factors...[0m
[92m✓ Using cached 3-pointers factors[0m

[96mFetching player 3-pointers prop odds...[0m
[96m  Found 8 upcoming games[0m
[96m  Filtered to 8 upcoming games[0m
[96m  Game 1/8: Minnesota Timberwolves @ Miami Heat[0m
[96m  Game 2/8: Atlanta Hawks @ Toronto Raptors[0m
[96m  Game 3/8: Philadelphia 76ers @ New York Knicks[0m
[96m  Game 4/8: Charlotte Hornets @ Chicago Bulls[0m
[96m  Game 5/8: Portland Trail Blazers @ San Antonio Spurs[0m
[96m  Game 6/8: Houston Rockets @ Dallas Mavericks[0m
[96m  Game 7/8: Utah Jazz @ Golden State Warriors[0m
[96m  Game 8/8: Boston Celtics @ Los Angeles Clippers[0m
[92m✓ Fetched 71 player 3-pointers props (grouped)[0m

[96mAnalyzing 71 player props with REAL stats...[0m
[92m✓ Found 2 top OVER plays (A.I. Score >= 7.5)[0m
[92m✓ Found 1 top UNDER plays (A.I. Score >= 7.5)[0m
[93m  Skipped 2 props (no player stats found)[0m
[93m  Skipped 135 props (score below 7.5 or failed checks)[0m

[96m==========================================================================================[0m
[96m📊 TRACKING NEW PICKS[0m
[96m==========================================================================================[0m
[92m✓ Tracked 2 new picks[0m

[1m[92m================================================================================[0m
[1m[92mTOP OVER PLAYS[0m
[1m[92m================================================================================[0m
  [96m 1. Donte DiVincenzo         [0m | [92mOVER 2.5 3PT   [0m | Minnesota Timberwolves    vs Miami Heat                | [1mA.I.: 7.78[0m | Rating: 3.0 ⭐
  [96m 2. VJ Edgecombe             [0m | [92mOVER 1.5 3PT   [0m | Philadelphia 76ers        vs New York Knicks           | [1mA.I.: 9.01[0m | Rating: 2.4 

[1m[91m================================================================================[0m
[1m[91mTOP UNDER PLAYS[0m
[1m[91m================================================================================[0m
  [96m 1. Brice Sensabaugh         [0m | [91mUNDER 2.5 3PT  [0m | Utah Jazz                 vs Golden State Warriors     | [1mA.I.: 10.00[0m | Rating: 4.4 ⭐⭐

[96mGenerating HTML report...[0m

[92m✓ HTML report saved: /Users/rico/sports-models/nba/nba_3pt_props.html[0m

[1m[92m================================================================================[0m
[1m[92m✓ Model execution complete![0m
[1m[92m================================================================================[0m

✅ Completed: nba_3pt_props at Sat Jan  3 02:50:09 EST 2026

📤 Auto-pushing model outputs to GitHub...
[main de6de71] Update model outputs - 2026-01-03 02:50:09
 Committer: Ricardo Hill <rico@Ricos-M1-Mac-2.local>
Your name and email address were configured automatically based
on your username and hostname. Please check that they are accurate.
You can suppress this message by setting them explicitly. Run the
following command and follow the instructions in your editor to edit
your configuration file:

    git config --global --edit

After doing this, you may fix the identity used for this commit with:

    git commit --amend --reset-author

 2 files changed, 227 insertions(+), 33 deletions(-)
To https://github.com/BangLetsGetIt/NBA-NCAA-Betting-Models.git
   9b93126..de6de71  main -> main
✅ Successfully pushed to GitHub!
✅ Auto-push succeeded at Sat Jan  3 02:50:10 EST 2026
