============================================================
Scheduler run: nba_3pt_props
Time: Thu Jan  8 02:50:00 EST 2026
Working dir: /Users/rico/sports-models/nba
Script: nba_3pt_props_model.py
============================================================

[1m[96m================================================================================[0m
[1m[96mNBA 3PT PROPS A.I. MODEL[0m
[1m[96m================================================================================[0m

[96m==========================================================================================[0m
[96m🎯 GRADING PENDING PICKS[0m
[96m==========================================================================================[0m

[93m📋 Found 12 pending picks...[0m

  Fetching team stats to verify completed games for 2025-12-16...
[96m  Fetching batch stats for 12/16/2025...[0m
  Fetching team stats to verify completed games for 2026-01-07...
[96m  Fetching batch stats for 01/07/2026...[0m
    [92mWIN[0m: Jamal Murray had 3 3-pointers (line: 2.5, bet: OVER) | Profit: 0.57 units
    [92mWIN[0m: Aaron Gordon had 2 3-pointers (line: 1.5, bet: OVER) | Profit: 1.10 units
    [91mLOSS[0m: LaMelo Ball had 1 3-pointers (line: 2.5, bet: OVER) | Profit: -1.00 units
    [92mWIN[0m: Kevin Huerter had 0 3-pointers (line: 2.5, bet: UNDER) | Profit: 0.64 units
    [92mWIN[0m: Miles McBride had 4 3-pointers (line: 2.5, bet: OVER) | Profit: 1.00 units
    [92mWIN[0m: Jalen Brunson had 4 3-pointers (line: 2.5, bet: OVER) | Profit: 0.66 units
    [92mWIN[0m: Tyus Jones had 1 3-pointers (line: 1.5, bet: UNDER) | Profit: 0.38 units
    [91mLOSS[0m: Collin Gillespie had 2 3-pointers (line: 2.5, bet: OVER) | Profit: -1.00 units
    [92mWIN[0m: Grayson Allen had 5 3-pointers (line: 2.5, bet: OVER) | Profit: 1.35 units
    [92mWIN[0m: Grayson Allen had 5 3-pointers (line: 1.5, bet: OVER) | Profit: 0.50 units
    [92mWIN[0m: Marcus Smart had 0 3-pointers (line: 2.5, bet: UNDER) | Profit: 0.54 units

[92m✓ Graded 11 picks[0m

[96mFetching REAL NBA player 3-pointers statistics...[0m
[96m  Fetching season 3-pointers stats...[0m
[96m  Fetching recent form (last 10 games)...[0m
[92m✓ Fetched REAL 3-pointers stats for 506 players[0m

[96mFetching opponent 3-pointers factors...[0m
[92m✓ Fetched 3-pointers factors for 30 teams[0m

[96mFetching player 3-pointers prop odds...[0m
[96m  Found 4 upcoming games[0m
[96m  Filtered to 4 upcoming games[0m
[96m  Game 1/4: Indiana Pacers @ Charlotte Hornets[0m
[96m  Game 2/4: Miami Heat @ Chicago Bulls[0m
[96m  Game 3/4: Cleveland Cavaliers @ Minnesota Timberwolves[0m
[96m  Game 4/4: Dallas Mavericks @ Utah Jazz[0m
[92m✓ Fetched 35 player 3-pointers props (grouped)[0m

[96mAnalyzing 35 player props with REAL stats...[0m
[92m✓ Found 3 top OVER plays (A.I. Score >= 7.5)[0m
[92m✓ Found 0 top UNDER plays (A.I. Score >= 7.5)[0m
[93m  Skipped 2 props (no player stats found)[0m
[93m  Skipped 63 props (score below 7.5 or failed checks)[0m

[96m==========================================================================================[0m
[96m📊 TRACKING NEW PICKS[0m
[96m==========================================================================================[0m
[92m✓ Tracked 3 new picks[0m

[1m[92m================================================================================[0m
[1m[92mTOP OVER PLAYS[0m
[1m[92m================================================================================[0m
  [96m 1. Sam Merrill              [0m | [92mOVER 2.5 3PT   [0m | Cleveland Cavaliers       vs Minnesota Timberwolves    | [1mA.I.: 10.00[0m | Rating: 4.9 ⭐⭐
  [96m 2. LaMelo Ball              [0m | [92mOVER 2.5 3PT   [0m | Charlotte Hornets         vs Indiana Pacers            | [1mA.I.: 8.80[0m | Rating: 3.8 ⭐
  [96m 3. Norman Powell            [0m | [92mOVER 2.5 3PT   [0m | Miami Heat                vs Chicago Bulls             | [1mA.I.: 8.30[0m | Rating: 2.5 

[1m[91m================================================================================[0m
[1m[91mTOP UNDER PLAYS[0m
[1m[91m================================================================================[0m

[96mGenerating HTML report...[0m

[92m✓ HTML report saved: /Users/rico/sports-models/nba/nba_3pt_props.html[0m

[1m[92m================================================================================[0m
[1m[92m✓ Model execution complete![0m
[1m[92m================================================================================[0m

✅ Completed: nba_3pt_props at Thu Jan  8 02:50:07 EST 2026

📤 Auto-pushing model outputs to GitHub...
[main 4bc8a27] Update model outputs - 2026-01-08 02:50:07
 Committer: Ricardo Hill <rico@Ricos-M1-Mac-2.local>
Your name and email address were configured automatically based
on your username and hostname. Please check that they are accurate.
You can suppress this message by setting them explicitly. Run the
following command and follow the instructions in your editor to edit
your configuration file:

    git config --global --edit

After doing this, you may fix the identity used for this commit with:

    git commit --amend --reset-author

 2 files changed, 186 insertions(+), 378 deletions(-)
To https://github.com/BangLetsGetIt/NBA-NCAA-Betting-Models.git
   7fd3c41..4bc8a27  main -> main
✅ Successfully pushed to GitHub!
✅ Auto-push succeeded at Thu Jan  8 02:50:08 EST 2026
