============================================================
Scheduler run: nba_3pt_props
Time: Sun Dec 28 02:50:04 EST 2025
Working dir: /Users/rico/sports-models/nba
Script: nba_3pt_props_model.py
============================================================

[1m[96m================================================================================[0m
[1m[96mNBA 3PT PROPS A.I. MODEL[0m
[1m[96m================================================================================[0m

[96m==========================================================================================[0m
[96m🎯 GRADING PENDING PICKS[0m
[96m==========================================================================================[0m

[93m📋 Found 11 pending picks...[0m

  Fetching team stats to verify completed games for 2025-12-16...
[96m  Fetching batch stats for 12/16/2025...[0m
  Fetching team stats to verify completed games for 2025-12-27...
[96m  Fetching batch stats for 12/27/2025...[0m
    [92mWIN[0m: Jalen Brunson had 4 3-pointers (line: 2.5, bet: OVER) | Profit: 0.60 units
    [92mWIN[0m: Mikal Bridges had 2 3-pointers (line: 1.5, bet: OVER) | Profit: 0.52 units
    [91mLOSS[0m: Donovan Mitchell had 2 3-pointers (line: 3.5, bet: OVER) | Profit: -1.00 units
    [91mLOSS[0m: Brice Sensabaugh had 3 3-pointers (line: 2.5, bet: UNDER) | Profit: -1.00 units
    [92mWIN[0m: Dylan Harper had 0 3-pointers (line: 1.5, bet: UNDER) | Profit: 0.37 units
    [91mLOSS[0m: Harrison Barnes had 1 3-pointers (line: 1.5, bet: OVER) | Profit: -1.00 units
    [92mWIN[0m: Aaron Nesmith had 3 3-pointers (line: 1.5, bet: OVER) | Profit: 0.80 units
    [91mLOSS[0m: Kevin Porter Jr. had 0 3-pointers (line: 1.5, bet: OVER) | Profit: -1.00 units
    [92mWIN[0m: Norman Powell had 1 3-pointers (line: 3.5, bet: UNDER) | Profit: 0.47 units
  Fetching team stats to verify completed games for 2025-12-28...

[92m✓ Graded 9 picks[0m

[96mFetching REAL NBA player 3-pointers statistics...[0m
[96m  Fetching season 3-pointers stats...[0m
[96m  Fetching recent form (last 10 games)...[0m
[92m✓ Fetched REAL 3-pointers stats for 504 players[0m

[96mFetching opponent 3-pointers factors...[0m
[92m✓ Fetched 3-pointers factors for 30 teams[0m

[96mFetching player 3-pointers prop odds...[0m
[96m  Found 7 upcoming games[0m
[96m  Filtered to 7 upcoming games[0m
[96m  Game 1/7: Golden State Warriors @ Toronto Raptors[0m
[96m  Game 2/7: Philadelphia 76ers @ Oklahoma City Thunder[0m
[96m  Game 3/7: Boston Celtics @ Portland Trail Blazers[0m
[96m  Game 4/7: Memphis Grizzlies @ Washington Wizards[0m
[96m  Game 5/7: Detroit Pistons @ Los Angeles Clippers[0m
[96m  Game 6/7: Sacramento Kings @ Los Angeles Lakers[0m
[96m  Game 7/7: Cleveland Cavaliers @ San Antonio Spurs[0m
[92m✓ Fetched 50 player 3-pointers props (grouped)[0m

[96mAnalyzing 50 player props with REAL stats...[0m
[92m✓ Found 2 top OVER plays (A.I. Score >= 7.5)[0m
[92m✓ Found 0 top UNDER plays (A.I. Score >= 7.5)[0m
[93m  Skipped 1 props (no player stats found)[0m
[93m  Skipped 96 props (score below 7.5 or failed checks)[0m

[96m==========================================================================================[0m
[96m📊 TRACKING NEW PICKS[0m
[96m==========================================================================================[0m
[92m✓ Tracked 1 new picks[0m
[93m✓ Updated odds for 1 existing picks[0m

[1m[92m================================================================================[0m
[1m[92mTOP OVER PLAYS[0m
[1m[92m================================================================================[0m
  [96m 1. Kyshawn George           [0m | [92mOVER 1.5 3PT   [0m | Washington Wizards        vs Memphis Grizzlies         | [1mA.I.: 7.57[0m | Rating: 3.7 ⭐
  [96m 2. Sam Hauser               [0m | [92mOVER 1.5 3PT   [0m | Boston Celtics            vs Portland Trail Blazers    | [1mA.I.: 8.60[0m | Rating: 3.1 ⭐

[1m[91m================================================================================[0m
[1m[91mTOP UNDER PLAYS[0m
[1m[91m================================================================================[0m

[96mGenerating HTML report...[0m

[92m✓ HTML report saved: /Users/rico/sports-models/nba/nba_3pt_props.html[0m

[1m[92m================================================================================[0m
[1m[92m✓ Model execution complete![0m
[1m[92m================================================================================[0m

✅ Completed: nba_3pt_props at Sun Dec 28 02:50:11 EST 2025

📤 Auto-pushing model outputs to GitHub...
[main caa524a] Update model outputs - 2025-12-28 02:50:11
 Committer: Ricardo Hill <rico@Ricos-M1-Mac-2.local>
Your name and email address were configured automatically based
on your username and hostname. Please check that they are accurate.
You can suppress this message by setting them explicitly. Run the
following command and follow the instructions in your editor to edit
your configuration file:

    git config --global --edit

After doing this, you may fix the identity used for this commit with:

    git commit --amend --reset-author

 2 files changed, 149 insertions(+), 63 deletions(-)
To https://github.com/BangLetsGetIt/NBA-NCAA-Betting-Models.git
   c653fda..caa524a  main -> main
✅ Successfully pushed to GitHub!
✅ Auto-push succeeded at Sun Dec 28 02:50:12 EST 2025
