==========================================
NBA 3PT Props Model Run: Thu Jan  1 05:00:04 EST 2026
==========================================
Running NBA 3PT Props model...

[1m[96m================================================================================[0m
[1m[96mNBA 3PT PROPS A.I. MODEL[0m
[1m[96m================================================================================[0m

[96m==========================================================================================[0m
[96m🎯 GRADING PENDING PICKS[0m
[96m==========================================================================================[0m

[93m📋 Found 3 pending picks...[0m

  Fetching team stats to verify completed games for 2025-12-16...
[96m  Fetching batch stats for 12/16/2025...[0m
  Fetching team stats to verify completed games for 2026-01-01...

[93mNo picks ready for grading yet[0m

[96mFetching REAL NBA player 3-pointers statistics...[0m
[96m  Fetching season 3-pointers stats...[0m
[96m  Fetching recent form (last 10 games)...[0m
[92m✓ Fetched REAL 3-pointers stats for 505 players[0m

[96mFetching opponent 3-pointers factors...[0m
[92m✓ Fetched 3-pointers factors for 30 teams[0m

[96mFetching player 3-pointers prop odds...[0m
[96m  Found 5 upcoming games[0m
[96m  Filtered to 5 upcoming games[0m
[96m  Game 1/5: Houston Rockets @ Brooklyn Nets[0m
[96m  Game 2/5: Miami Heat @ Detroit Pistons[0m
[96m  Game 3/5: Philadelphia 76ers @ Dallas Mavericks[0m
[96m  Game 4/5: Boston Celtics @ Sacramento Kings[0m
[96m  Game 5/5: Utah Jazz @ Los Angeles Clippers[0m
[92m✓ Fetched 37 player 3-pointers props (grouped)[0m

[96mAnalyzing 37 player props with REAL stats...[0m
[92m✓ Found 0 top OVER plays (A.I. Score >= 7.5)[0m
[92m✓ Found 2 top UNDER plays (A.I. Score >= 7.5)[0m
[93m  Skipped 1 props (no player stats found)[0m
[93m  Skipped 70 props (score below 7.5 or failed checks)[0m

[96m==========================================================================================[0m
[96m📊 TRACKING NEW PICKS[0m
[96m==========================================================================================[0m
[93m✓ Updated odds for 1 existing picks[0m

[1m[92m================================================================================[0m
[1m[92mTOP OVER PLAYS[0m
[1m[92m================================================================================[0m

[1m[91m================================================================================[0m
[1m[91mTOP UNDER PLAYS[0m
[1m[91m================================================================================[0m
  [96m 1. Brice Sensabaugh         [0m | [91mUNDER 2.5 3PT  [0m | Utah Jazz                 vs Los Angeles Clippers      | [1mA.I.: 10.00[0m | Rating: 4.9 ⭐⭐
  [96m 2. Nique Clifford           [0m | [91mUNDER 1.5 3PT  [0m | Sacramento Kings          vs Boston Celtics            | [1mA.I.: 9.11[0m | Rating: 4.3 ⭐⭐

[96mGenerating HTML report...[0m

[92m✓ HTML report saved: /Users/rico/sports-models/nba/nba_3pt_props.html[0m

[1m[92m================================================================================[0m
[1m[92m✓ Model execution complete![0m
[1m[92m================================================================================[0m


==========================================
✅ Model completed successfully!
==========================================

📤 Pushing updates to GitHub...
