============================================================
Scheduler run: nba_rebounds_props
Time: Sun Jan 25 02:45:03 EST 2026
Working dir: /Users/rico/sports-models/nba
Script: nba_rebounds_props_model.py
============================================================

[1m[96m================================================================================[0m
[1m[96mNBA REBOUNDS PROPS A.I. MODEL[0m
[1m[96m================================================================================[0m

[96m==========================================================================================[0m
[96m🎯 GRADING PENDING PICKS[0m
[96m==========================================================================================[0m

[93m📋 Found 12 pending picks...[0m

  Fetching team stats to verify completed games for 2025-12-16...
[96m  Fetching batch stats for 12/16/2025...[0m
  Fetching team stats to verify completed games for 2025-12-30...
[96m  Fetching batch stats for 12/30/2025...[0m
  Fetching team stats to verify completed games for 2026-01-01...
[96m  Fetching batch stats for 01/01/2026...[0m
  Fetching team stats to verify completed games for 2026-01-08...
[96m  Fetching batch stats for 01/08/2026...[0m
  Fetching team stats to verify completed games for 2026-01-25...

[93mNo picks ready for grading yet[0m

[96mFetching REAL NBA player rebounding statistics...[0m
[92m✓ Using cached player rebounding stats (less than 6 hours old)[0m

[96mFetching opponent rebounding factors...[0m
[92m✓ Using cached rebounding factors[0m

[96mFetching player rebounds prop odds...[0m
[96m  Found 8 upcoming games[0m
[96m  Filtered to 8 upcoming games[0m
[96m  Game 1/8: Sacramento Kings @ Detroit Pistons[0m
[96m  Game 2/8: Denver Nuggets @ Memphis Grizzlies[0m
[96m  Game 3/8: Golden State Warriors @ Minnesota Timberwolves[0m
[96m  Game 4/8: Dallas Mavericks @ Milwaukee Bucks[0m
[96m  Game 5/8: New Orleans Pelicans @ San Antonio Spurs[0m
[96m  Game 6/8: Toronto Raptors @ Oklahoma City Thunder[0m
[96m  Game 7/8: Miami Heat @ Phoenix Suns[0m
[96m  Game 8/8: Brooklyn Nets @ Los Angeles Clippers[0m
[92m✓ Fetched 96 player rebounds props (grouped)[0m

[96mAnalyzing 96 player props with REAL stats...[0m
[92m✓ Found 2 top OVER plays (A.I. Score >= 10.0)[0m
[92m✓ Found 4 top UNDER plays (A.I. Score >= 10.0)[0m
[93m  Skipped 2 props (no player stats found)[0m
[93m  Skipped 182 props (score below 10.0 or failed checks)[0m

[96m==========================================================================================[0m
[96m📊 TRACKING NEW PICKS[0m
[96m==========================================================================================[0m
[92m✓ Tracked 4 new picks[0m
[93m✓ Updated odds for 1 existing picks[0m

[1m[92m================================================================================[0m
[1m[92mTOP OVER PLAYS[0m
[1m[92m================================================================================[0m
  [96m 1. Domantas Sabonis         [0m | [92mOVER 9.5 REB   [0m | Sacramento Kings          vs Detroit Pistons           | [1mA.I.: 10.00[0m | Rating: 4.3 ⭐⭐
  [96m 2. R.J. Barrett             [0m | [92mOVER 3.5 REB   [0m | Oklahoma City Thunder     vs Toronto Raptors           | [1mA.I.: 10.00[0m | Rating: 4.0 ⭐⭐

[1m[91m================================================================================[0m
[1m[91mTOP UNDER PLAYS[0m
[1m[91m================================================================================[0m
  [96m 1. Oso Ighodaro             [0m | [91mUNDER 5.5 REB  [0m | Phoenix Suns              vs Miami Heat                | [1mA.I.: 10.00[0m | Rating: 4.9 ⭐⭐
  [96m 2. Isaiah Joe               [0m | [91mUNDER 3.5 REB  [0m | Oklahoma City Thunder     vs Toronto Raptors           | [1mA.I.: 10.00[0m | Rating: 4.9 ⭐⭐
  [96m 3. Kyle Kuzma               [0m | [91mUNDER 6.5 REB  [0m | Milwaukee Bucks           vs Dallas Mavericks          | [1mA.I.: 10.00[0m | Rating: 4.8 ⭐⭐
  [96m 4. Brandin Podziemski       [0m | [91mUNDER 5.5 REB  [0m | Golden State Warriors     vs Minnesota Timberwolves    | [1mA.I.: 10.00[0m | Rating: 3.6 ⭐

[96mGenerating HTML report...[0m

[92m✓ HTML report saved: /Users/rico/sports-models/nba/nba_rebounds_props.html[0m

[1m[92m================================================================================[0m
[1m[92m✓ Model execution complete![0m
[1m[92m================================================================================[0m

✅ Completed: nba_rebounds_props at Sun Jan 25 02:45:33 EST 2026

📤 Auto-pushing model outputs to GitHub...
[main 48ccde0e] Update model outputs - 2026-01-25 02:45:33
 Committer: Ricardo Hill <rico@MacBookAir.lan>
Your name and email address were configured automatically based
on your username and hostname. Please check that they are accurate.
You can suppress this message by setting them explicitly. Run the
following command and follow the instructions in your editor to edit
your configuration file:

    git config --global --edit

After doing this, you may fix the identity used for this commit with:

    git commit --amend --reset-author

 2 files changed, 363 insertions(+), 10 deletions(-)
To https://github.com/BangLetsGetIt/NBA-NCAA-Betting-Models.git
   6399ac78..48ccde0e  main -> main
✅ Successfully pushed to GitHub!
✅ Auto-push succeeded at Sun Jan 25 02:45:33 EST 2026
