============================================================
Scheduler run: nba_assists_props
Time: Mon Jan 12 18:09:19 EST 2026
Working dir: /Users/rico/sports-models/nba
Script: nba_assists_props_model.py
============================================================

[1m[96m================================================================================[0m
[1m[96mNBA ASSISTS PROPS A.I. MODEL[0m
[1m[96m================================================================================[0m

[96m==========================================================================================[0m
[96m🎯 GRADING PENDING PICKS[0m
[96m==========================================================================================[0m

[93m📋 Found 2 pending picks...[0m

  Fetching team stats to verify completed games for 2025-12-16...
[93m  ⚠ Could not find stats for De'Aaron Fox on 2025-12-16[0m
  Fetching team stats to verify completed games for 2026-01-12...

[93mNo picks ready for grading yet[0m

[96mFetching REAL NBA player assists statistics...[0m
[92m✓ Using cached player assists stats (less than 6 hours old)[0m

[96mFetching opponent assists factors...[0m
[92m✓ Using cached assists factors[0m

[96mFetching player assists prop odds...[0m
[96m  Found 10 upcoming games[0m
[96m  Filtered to 10 upcoming games[0m
[96m  Game 1/10: Utah Jazz @ Cleveland Cavaliers[0m
[96m  Game 2/10: Boston Celtics @ Indiana Pacers[0m
[96m  Game 3/10: Philadelphia 76ers @ Toronto Raptors[0m
[96m  Game 4/10: Brooklyn Nets @ Dallas Mavericks[0m
[96m  Game 5/10: Los Angeles Lakers @ Sacramento Kings[0m
[96m  Game 6/10: Charlotte Hornets @ Los Angeles Clippers[0m
[96m  Game 7/10: Phoenix Suns @ Miami Heat[0m
[96m  Game 8/10: Chicago Bulls @ Houston Rockets[0m
[96m  Game 9/10: Minnesota Timberwolves @ Milwaukee Bucks[0m
[96m  Game 10/10: San Antonio Spurs @ Oklahoma City Thunder[0m
[92m✓ Fetched 50 player assists props (grouped)[0m

[96mAnalyzing 50 player props with REAL stats...[0m
[92m✓ Found 0 top OVER plays (A.I. Score >= 10.0)[0m
[92m✓ Found 0 top UNDER plays (A.I. Score >= 10.0)[0m
[93m  Skipped 2 props (no player stats found)[0m
[93m  Skipped 96 props (score below 10.0 or failed checks)[0m

[96m==========================================================================================[0m
[96m📊 TRACKING NEW PICKS[0m
[96m==========================================================================================[0m
[96mNo new picks to track[0m

[1m[92m================================================================================[0m
[1m[92mTOP OVER PLAYS[0m
[1m[92m================================================================================[0m

[1m[91m================================================================================[0m
[1m[91mTOP UNDER PLAYS[0m
[1m[91m================================================================================[0m

[96mGenerating HTML report...[0m

[92m✓ HTML report saved: /Users/rico/sports-models/nba/nba_assists_props.html[0m

[1m[92m================================================================================[0m
[1m[92m✓ Model execution complete![0m
[1m[92m================================================================================[0m

✅ Completed: nba_assists_props at Mon Jan 12 18:09:27 EST 2026

📤 Auto-pushing model outputs to GitHub...
No changes to commit
✅ Auto-push succeeded at Mon Jan 12 18:09:27 EST 2026
