============================================================
Scheduler run: nba_points_props
Time: Tue Jan 20 02:35:04 EST 2026
Working dir: /Users/rico/sports-models/nba
Script: nba_points_props_model.py
============================================================

[1m[96m================================================================================[0m
[1m[96mNBA POINTS PROPS A.I. MODEL[0m
[1m[96m================================================================================[0m

[96m==========================================================================================[0m
[96m🎯 GRADING PENDING PICKS (BATCH MODE)[0m
[96m==========================================================================================[0m

[93m📋 Found 29 pending picks...[0m


[96mProcessing 9 picks for 2025-12-16...[0m
[96m  Fetching batch stats for 12/16/2025...[0m
  Fetching team stats to verify completed games for 2025-12-16...
[93m  ⚠️  No stats found for 2025-12-16 yet[0m

[96mProcessing 2 picks for 2025-12-23...[0m
[96m  Fetching batch stats for 12/23/2025...[0m
  Fetching team stats to verify completed games for 2025-12-23...

[96mProcessing 1 picks for 2026-01-03...[0m
[96m  Fetching batch stats for 01/03/2026...[0m
  Fetching team stats to verify completed games for 2026-01-03...

[96mProcessing 2 picks for 2026-01-08...[0m
[96m  Fetching batch stats for 01/08/2026...[0m
  Fetching team stats to verify completed games for 2026-01-08...

[96mProcessing 1 picks for 2026-01-09...[0m
[96m  Fetching batch stats for 01/09/2026...[0m
  Fetching team stats to verify completed games for 2026-01-09...

[96mProcessing 3 picks for 2026-01-10...[0m
[96m  Fetching batch stats for 01/10/2026...[0m
  Fetching team stats to verify completed games for 2026-01-10...

[96mProcessing 1 picks for 2026-01-16...[0m
[96m  Fetching batch stats for 01/16/2026...[0m
  Fetching team stats to verify completed games for 2026-01-16...

[93mNo picks ready for grading yet[0m

[96mFetching REAL NBA player points statistics...[0m
[92m✓ Using cached player stats (less than 6 hours old)[0m

[96mFetching opponent defense factors...[0m
[92m✓ Using cached defense factors[0m

[96mFetching player points prop odds...[0m
[96m  Found 7 upcoming games[0m
[96m  Filtered to 7 upcoming games[0m
[96m  Game 1/7: Phoenix Suns @ Philadelphia 76ers[0m
[96m  Game 2/7: Los Angeles Clippers @ Chicago Bulls[0m
[96m  Game 3/7: San Antonio Spurs @ Houston Rockets[0m
[96m  Game 4/7: Minnesota Timberwolves @ Utah Jazz[0m
[96m  Game 5/7: Los Angeles Lakers @ Denver Nuggets[0m
[96m  Game 6/7: Toronto Raptors @ Golden State Warriors[0m
[96m  Game 7/7: Miami Heat @ Sacramento Kings[0m
[92m✓ Fetched 156 total player props[0m

[96mAnalyzing 156 player props with REAL stats...[0m
[92m✓ Found 10 top OVER plays (A.I. Score >= 10.0)[0m
[92m✓ Found 9 top UNDER plays (A.I. Score >= 10.0)[0m
[93m  Skipped 6 props (no player stats found)[0m
[93m  Skipped 262 props (score below 10.0)[0m

[96m==========================================================================================[0m
[96m📊 TRACKING NEW PICKS[0m
[96m==========================================================================================[0m
[92m✓ Tracked 1 new picks[0m

[1m[92m================================================================================[0m
[1m[92mTOP OVER PLAYS[0m
[1m[92m================================================================================[0m
  [96m 1. Dillon Brooks            [0m | [92mOVER 16.5 PTS  [0m | Phoenix Suns vs Philadelphia 76ers | [1mA.I.: 10.00[0m | Rating: 4.9 ⭐⭐
  [96m 2. Mark Williams            [0m | [92mOVER 9.5 PTS   [0m | Phoenix Suns vs Philadelphia 76ers | [1mA.I.: 10.00[0m | Rating: 4.9 ⭐⭐
  [96m 3. Grayson Allen            [0m | [92mOVER 12.5 PTS  [0m | Phoenix Suns vs Philadelphia 76ers | [1mA.I.: 10.00[0m | Rating: 4.9 ⭐⭐
  [96m 4. Royce O'Neale            [0m | [92mOVER 8.5 PTS   [0m | Phoenix Suns vs Philadelphia 76ers | [1mA.I.: 10.00[0m | Rating: 4.9 ⭐⭐
  [96m 5. Victor Wembanyama        [0m | [92mOVER 22.5 PTS  [0m | San Antonio Spurs vs Houston Rockets | [1mA.I.: 10.00[0m | Rating: 4.9 ⭐⭐
  [96m 6. Keldon Johnson           [0m | [92mOVER 11.5 PTS  [0m | San Antonio Spurs vs Houston Rockets | [1mA.I.: 10.00[0m | Rating: 4.9 ⭐⭐
  [96m 7. De'Aaron Fox             [0m | [92mOVER 16.5 PTS  [0m | San Antonio Spurs vs Houston Rockets | [1mA.I.: 10.00[0m | Rating: 4.9 ⭐⭐
  [96m 8. Tari Eason               [0m | [92mOVER 9.5 PTS   [0m | Houston Rockets vs San Antonio Spurs | [1mA.I.: 10.00[0m | Rating: 4.9 ⭐⭐
  [96m 9. Lauri Markkanen          [0m | [92mOVER 26.5 PTS  [0m | Utah Jazz vs Minnesota Timberwolves | [1mA.I.: 10.00[0m | Rating: 4.9 ⭐⭐
  [96m10. Maxime Raynaud           [0m | [92mOVER 7.5 PTS   [0m | Sacramento Kings vs Miami Heat | [1mA.I.: 10.00[0m | Rating: 4.9 ⭐⭐

[1m[91m================================================================================[0m
[1m[91mTOP UNDER PLAYS[0m
[1m[91m================================================================================[0m
  [96m 1. James Harden             [0m | [91mUNDER 30.5 PTS [0m | Los Angeles Clippers vs Chicago Bulls | [1mA.I.: 10.00[0m | Rating: 4.9 ⭐⭐
  [96m 2. Ivica Zubac              [0m | [91mUNDER 16.5 PTS [0m | Los Angeles Clippers vs Chicago Bulls | [1mA.I.: 10.00[0m | Rating: 4.9 ⭐⭐
  [96m 3. Keyonte George           [0m | [91mUNDER 25.5 PTS [0m | Utah Jazz vs Minnesota Timberwolves | [1mA.I.: 10.00[0m | Rating: 4.9 ⭐⭐
  [96m 4. Ace Bailey               [0m | [91mUNDER 12.5 PTS [0m | Utah Jazz vs Minnesota Timberwolves | [1mA.I.: 10.00[0m | Rating: 4.9 ⭐⭐
  [96m 5. Will Richard             [0m | [91mUNDER 8.5 PTS  [0m | Golden State Warriors vs Toronto Raptors | [1mA.I.: 10.00[0m | Rating: 4.9 ⭐⭐
  [96m 6. Sandro Mamukelashvili    [0m | [91mUNDER 12.5 PTS [0m | Toronto Raptors vs Golden State Warriors | [1mA.I.: 10.00[0m | Rating: 4.9 ⭐⭐
  [96m 7. Ochai Agbaji             [0m | [91mUNDER 7.5 PTS  [0m | Toronto Raptors vs Golden State Warriors | [1mA.I.: 10.00[0m | Rating: 4.9 ⭐⭐
  [96m 8. Bam Adebayo              [0m | [91mUNDER 18.5 PTS [0m | Miami Heat vs Sacramento Kings | [1mA.I.: 10.00[0m | Rating: 4.9 ⭐⭐
  [96m 9. Pelle Larsson            [0m | [91mUNDER 11.5 PTS [0m | Miami Heat vs Sacramento Kings | [1mA.I.: 10.00[0m | Rating: 4.9 ⭐⭐

[96mGenerating HTML report...[0m

[92m✓ HTML report saved: /Users/rico/sports-models/nba/nba_points_props.html[0m

[1m[92m================================================================================[0m
[1m[92m✓ Model execution complete![0m
[1m[92m================================================================================[0m

✅ Completed: nba_points_props at Tue Jan 20 02:35:09 EST 2026

📤 Auto-pushing model outputs to GitHub...
[main ffc7bf7] Update model outputs - 2026-01-20 02:35:10
 Committer: Ricardo Hill <rico@Ricos-M1-Mac-2.local>
Your name and email address were configured automatically based
on your username and hostname. Please check that they are accurate.
You can suppress this message by setting them explicitly. Run the
following command and follow the instructions in your editor to edit
your configuration file:

    git config --global --edit

After doing this, you may fix the identity used for this commit with:

    git commit --amend --reset-author

 2 files changed, 249 insertions(+), 78 deletions(-)
To https://github.com/BangLetsGetIt/NBA-NCAA-Betting-Models.git
   286d4fc..ffc7bf7  main -> main
✅ Successfully pushed to GitHub!
✅ Auto-push succeeded at Tue Jan 20 02:35:10 EST 2026
