============================================================
Scheduler run: nba_3pt_props
Time: Sun Jan 11 10:00:01 EST 2026
Working dir: /Users/rico/sports-models/nba
Script: nba_3pt_props_model.py
============================================================

[1m[96m================================================================================[0m
[1m[96mNBA 3PT PROPS A.I. MODEL[0m
[1m[96m================================================================================[0m

[96m==========================================================================================[0m
[96m🎯 GRADING PENDING PICKS[0m
[96m==========================================================================================[0m

[93m📋 Found 11 pending picks...[0m

  Fetching team stats to verify completed games for 2025-12-16...
[96m  Fetching batch stats for 12/16/2025...[0m
[93m  Error fetching batch stats for 2025-12-16: HTTPSConnectionPool(host='stats.nba.com', port=443): Read timed out. (read timeout=30)[0m
  Fetching team stats to verify completed games for 2026-01-08...
[96m  Fetching batch stats for 01/08/2026...[0m
  Fetching team stats to verify completed games for 2026-01-11...

[93mNo picks ready for grading yet[0m

[96mFetching REAL NBA player 3-pointers statistics...[0m
[96m  Fetching season 3-pointers stats...[0m
[96m  Fetching recent form (last 10 games)...[0m
[92m✓ Fetched REAL 3-pointers stats for 507 players[0m

[96mFetching opponent 3-pointers factors...[0m
[92m✓ Fetched 3-pointers factors for 30 teams[0m

[96mFetching player 3-pointers prop odds...[0m
[96m  Found 10 upcoming games[0m
[96m  Filtered to 10 upcoming games[0m
[96m  Game 1/10: New Orleans Pelicans @ Orlando Magic[0m
[96m  Game 2/10: Brooklyn Nets @ Memphis Grizzlies[0m
[96m  Game 3/10: New York Knicks @ Portland Trail Blazers[0m
[96m  Game 4/10: Philadelphia 76ers @ Toronto Raptors[0m
[96m  Game 5/10: Miami Heat @ Oklahoma City Thunder[0m
[96m  Game 6/10: San Antonio Spurs @ Minnesota Timberwolves[0m
[96m  Game 7/10: Milwaukee Bucks @ Denver Nuggets[0m
[96m  Game 8/10: Washington Wizards @ Phoenix Suns[0m
[96m  Game 9/10: Atlanta Hawks @ Golden State Warriors[0m
[96m  Game 10/10: Houston Rockets @ Sacramento Kings[0m
[92m✓ Fetched 91 player 3-pointers props (grouped)[0m

[96mAnalyzing 91 player props with REAL stats...[0m
[92m✓ Found 9 top OVER plays (A.I. Score >= 7.5)[0m
[92m✓ Found 0 top UNDER plays (A.I. Score >= 7.5)[0m
[93m  Skipped 4 props (no player stats found)[0m
[93m  Skipped 165 props (score below 7.5 or failed checks)[0m

[96m==========================================================================================[0m
[96m📊 TRACKING NEW PICKS[0m
[96m==========================================================================================[0m
[92m✓ Tracked 2 new picks[0m
[93m✓ Updated odds for 4 existing picks[0m

[1m[92m================================================================================[0m
[1m[92mTOP OVER PLAYS[0m
[1m[92m================================================================================[0m
  [96m 1. Jrue Holiday             [0m | [92mOVER 1.5 3PT   [0m | Portland Trail Blazers    vs New York Knicks           | [1mA.I.: 10.00[0m | Rating: 4.9 ⭐⭐
  [96m 2. Miles McBride            [0m | [92mOVER 2.5 3PT   [0m | New York Knicks           vs Portland Trail Blazers    | [1mA.I.: 8.80[0m | Rating: 3.6 ⭐
  [96m 3. Tyrese Maxey             [0m | [92mOVER 2.5 3PT   [0m | Philadelphia 76ers        vs Toronto Raptors           | [1mA.I.: 10.00[0m | Rating: 3.3 ⭐
  [96m 4. Jamal Murray             [0m | [92mOVER 2.5 3PT   [0m | Denver Nuggets            vs Milwaukee Bucks           | [1mA.I.: 10.00[0m | Rating: 3.3 ⭐
  [96m 5. Ryan Rollins             [0m | [92mOVER 1.5 3PT   [0m | Milwaukee Bucks           vs Denver Nuggets            | [1mA.I.: 9.62[0m | Rating: 2.9 
  [96m 6. Norman Powell            [0m | [92mOVER 2.5 3PT   [0m | Miami Heat                vs Oklahoma City Thunder     | [1mA.I.: 8.30[0m | Rating: 2.9 
  [96m 7. Carlton Carrington       [0m | [92mOVER 1.5 3PT   [0m | Washington Wizards        vs Phoenix Suns              | [1mA.I.: 8.60[0m | Rating: 2.5 
  [96m 8. Jalen Brunson            [0m | [92mOVER 2.5 3PT   [0m | New York Knicks           vs Portland Trail Blazers    | [1mA.I.: 8.52[0m | Rating: 2.5 
  [96m 9. VJ Edgecombe             [0m | [92mOVER 1.5 3PT   [0m | Philadelphia 76ers        vs Toronto Raptors           | [1mA.I.: 8.00[0m | Rating: 2.3 

[1m[91m================================================================================[0m
[1m[91mTOP UNDER PLAYS[0m
[1m[91m================================================================================[0m

[96mGenerating HTML report...[0m

[92m✓ HTML report saved: /Users/rico/sports-models/nba/nba_3pt_props.html[0m

[1m[92m================================================================================[0m
[1m[92m✓ Model execution complete![0m
[1m[92m================================================================================[0m

✅ Completed: nba_3pt_props at Sun Jan 11 10:23:45 EST 2026

📤 Auto-pushing model outputs to GitHub...
[main 70bcaf6] Update model outputs - 2026-01-11 10:23:48
 Committer: Ricardo Hill <rico@MacBookAir.lan>
Your name and email address were configured automatically based
on your username and hostname. Please check that they are accurate.
You can suppress this message by setting them explicitly. Run the
following command and follow the instructions in your editor to edit
your configuration file:

    git config --global --edit

After doing this, you may fix the identity used for this commit with:

    git commit --amend --reset-author

 2 files changed, 695 insertions(+), 8 deletions(-)
To https://github.com/BangLetsGetIt/NBA-NCAA-Betting-Models.git
   8e8290a..70bcaf6  main -> main
✅ Successfully pushed to GitHub!
✅ Auto-push succeeded at Sun Jan 11 10:23:52 EST 2026
