==========================================
NBA Model Run: Wed Jan  7 10:00:02 EST 2026
==========================================
Running NBA model...

[1m==========================================================================================[0m
[1m[96m🎲 IMPROVED NBA BETTING MODEL 🎲[0m
[1m[92m⚡ Enhanced Stats + Rest Days + Stricter Filters ⚡[0m
[1m==========================================================================================[0m

[1m[96mSTEP 1: Checking for Completed Games[0m

[96m==========================================================================================[0m
[96m🔄 UPDATING RESULTS FOR COMPLETED GAMES[0m
[96m==========================================================================================[0m

[93m📋 Checking 9 pending picks...[0m
[96mFetching completed NBA game scores (via NBA API)...[0m
[92m✓ Found 16 completed games (Free API)[0m
[92m✓ Tracking data saved to /Users/rico/sports-models/nba/nba_picks_tracking.json[0m
[93mNo picks were updated (games may not be complete yet)[0m
[92m✓ Tracking dashboard saved: /Users/rico/sports-models/nba/nba_tracking_dashboard.html[0m

[1m[96mSTEP 2: Fetching Composite Stats (Season + Form)[0m
[96m🔄 Fetching new team stats from stats.nba.com...[0m
[92m✓ Fetched and cached stats for 76 teams[0m

[1m[96mSTEP 3: Fetching Home/Away Splits[0m
[96m🔄 Fetching home/away splits from stats.nba.com...[0m
[92m✓ Fetched and cached home/away splits[0m

[1m[96mSTEP 4: Fetching Team Schedules (Rest Days)[0m
[96m🔄 Fetching team schedules...[0m
[92m✓ Fetched schedules for 1 teams[0m

[1m[96mSTEP 5: Fetching Live Odds (Next 2 Days)[0m
[92m✓ Fetched odds for 12 total games[0m
[92m✓ Filtered to 12 games in next 2 days[0m

[1m[96mSTEP 6: Processing Games & Generating Picks[0m

[92m✓ Tracking data saved to /Users/rico/sports-models/nba/nba_picks_tracking.json[0m
[92m📝 LOGGED PICK: ✅ BET: OVER 222.5 (Edge: +6.3)[0m
[91m❌ Missing stats for New York Knicks or Los Angeles Clippers[0m
[91m❌ Missing stats for New York Knicks or Los Angeles Clippers[0m
[91m❌ Skipping Los Angeles Clippers @ New York Knicks - missing model data[0m
[92m✓ Tracking data saved to /Users/rico/sports-models/nba/nba_picks_tracking.json[0m
[92m✓ Updated CLV data for existing picks[0m

[1m[92m✅ Analyzed 11 games with complete odds[0m

[93m📊 All picks sorted by A.I. Rating (quality/confidence first)[0m


[1m==========================================================================================[0m
[1m[93m🏀 NBA MODEL PREDICTIONS 🏀[0m
[1m==========================================================================================[0m

[1m[96mPhoenix Suns @ Memphis Grizzlies[0m
  🕐 01/07/26 08:10 PM EST
  [92m[1m🎯 A.I. Rating: 4.9 ⭐⭐ (PREMIUM PLAY)[0m
  [93m⚠️ CAUTION: Memphis Grizzlies - Below average: 4-6 (40%) | -2.60u over 10 picks[0m
  📊 Spread: Market +4.5 | Model +16.4
  🎯 Total: Market 232.5 | Model 242.2
  [92m✅ BET: Memphis Grizzlies +4.5[0m
     [96mModel projects Memphis Grizzlies to win outright, easily covering +4.5.[0m
  [92m✅ BET: OVER 232.5[0m
     [96mModel projects 242 total points, bet the OVER[0m
  📈 Predicted: Phoenix Suns 113, Memphis Grizzlies 129

[1m[96mHouston Rockets @ Portland Trail Blazers[0m
  🕐 01/07/26 10:10 PM EST
  [92m[1m🎯 A.I. Rating: 4.7 ⭐⭐ (PREMIUM PLAY)[0m
  [92m🔥 HOT: Portland Trail Blazers - Strong performer: 3-1 (75%) | +1.90u over 4 picks[0m
  📊 Spread: Market +6.5 | Model -0.9
  🎯 Total: Market 222.5 | Model 235.2
  [92m✅ BET: Portland Trail Blazers +6.5[0m
     [96mModel projects Portland Trail Blazers to lose by only 0.9, covering +6.5.[0m
  [92m✅ BET: OVER 222.5[0m
     [96mModel projects 235 total points, bet the OVER[0m
  📈 Predicted: Houston Rockets 118, Portland Trail Blazers 117

[1m[96mChicago Bulls @ Detroit Pistons[0m
  🕐 01/07/26 07:10 PM EST
  [96m[1m🎯 A.I. Rating: 3.9 ⭐ (GOOD PLAY)[0m
  📊 Spread: Market -11.0 | Model +6.1
  🎯 Total: Market 231.5 | Model 241.3
  [93m⚠️ NO BET - Too close to call[0m
     [96mEdge too small (-4.9)[0m
  [92m✅ BET: OVER 231.5[0m
     [96mModel projects 241 total points, bet the OVER[0m
  📈 Predicted: Chicago Bulls 118, Detroit Pistons 124

[1m[96mMilwaukee Bucks @ Golden State Warriors[0m
  🕐 01/07/26 10:10 PM EST
  [96m[1m🎯 A.I. Rating: 3.7 ⭐ (GOOD PLAY)[0m
  📊 Spread: Market -6.0 | Model +8.4
  🎯 Total: Market 229.5 | Model 238.3
  [93m⚠️ NO BET - Too close to call[0m
     [96mEdge too small (+2.4)[0m
  [92m✅ BET: OVER 229.5[0m
     [96mModel projects 238 total points, bet the OVER[0m
  📈 Predicted: Milwaukee Bucks 115, Golden State Warriors 123

[1m[96mNew Orleans Pelicans @ Atlanta Hawks[0m
  🕐 01/07/26 07:40 PM EST
  [93m[1m🎯 A.I. Rating: 3.4 ⭐ (STANDARD PLAY)[0m
  📊 Spread: Market -10.5 | Model +14.1
  🎯 Total: Market 246.0 | Model 239.0
  [93m⚠️ NO BET - Too close to call[0m
     [96mEdge too small (+3.6)[0m
  [92m✅ BET: UNDER 246.0[0m
     [96mModel projects 239 total points, bet the UNDER[0m
  📈 Predicted: New Orleans Pelicans 112, Atlanta Hawks 127

[1m[96mUtah Jazz @ Oklahoma City Thunder[0m
  🕐 01/07/26 08:10 PM EST
  [93m[1m🎯 A.I. Rating: 3.4 ⭐ (STANDARD PLAY)[0m
  [93m📉 NEUTRAL-: Oklahoma City Thunder - Slightly below average: 3-4 (43%) | -1.40u over 7 picks[0m
  📊 Spread: Market -19.0 | Model +25.8
  🎯 Total: Market 242.0 | Model 239.7
  [92m✅ BET: Oklahoma City Thunder -19.0[0m
     [96mModel projects Oklahoma City Thunder to win by 25.8, covering -19.0.[0m
  [93m⚠️ NO BET - Too close to call[0m
  📈 Predicted: Utah Jazz 107, Oklahoma City Thunder 133

[1m[96mOrlando Magic @ Brooklyn Nets[0m
  🕐 01/07/26 07:40 PM EST
  [93m[1m🎯 A.I. Rating: 3.3 ⭐ (STANDARD PLAY)[0m
  📊 Spread: Market +2.0 | Model -3.1
  🎯 Total: Market 222.5 | Model 228.8
  [93m⚠️ NO BET - Too close to call[0m
     [96mEdge too small (-1.1)[0m
  [92m✅ BET: OVER 222.5[0m
     [96mModel projects 229 total points, bet the OVER[0m
  📈 Predicted: Orlando Magic 116, Brooklyn Nets 113

[1m[96mToronto Raptors @ Charlotte Hornets[0m
  🕐 01/07/26 07:10 PM EST
  [93m[1m🎯 A.I. Rating: 3.3 ⭐ (STANDARD PLAY)[0m
  [92m✅ GOOD: Charlotte Hornets - Good record: 2-1 (67%) | +1.00u over 3 picks[0m
  📊 Spread: Market +1.5 | Model +4.8
  🎯 Total: Market 230.5 | Model 228.9
  [92m✅ BET: Charlotte Hornets +1.5[0m
     [96mModel projects Charlotte Hornets to win outright, easily covering +1.5.[0m
  [93m⚠️ NO BET - Too close to call[0m
  📈 Predicted: Toronto Raptors 112, Charlotte Hornets 117

[1m[96mWashington Wizards @ Philadelphia 76ers[0m
  🕐 01/07/26 07:10 PM EST
  [93m[1m🎯 A.I. Rating: 3.0 ⭐ (STANDARD PLAY)[0m
  📊 Spread: Market -13.0 | Model +8.2
  🎯 Total: Market 235.0 | Model 234.3
  [93m⚠️ NO BET - Too close to call[0m
     [96mEdge too small (-4.8)[0m
  [93m⚠️ NO BET - Too close to call[0m
  📈 Predicted: Washington Wizards 113, Philadelphia 76ers 121

[1m[96mLos Angeles Lakers @ San Antonio Spurs[0m
  🕐 01/07/26 09:40 PM EST
  [93m[1m🎯 A.I. Rating: 2.9  (MARGINAL PLAY)[0m
  📊 Spread: Market -8.0 | Model +4.1
  🎯 Total: Market 235.5 | Model 234.1
  [93m⚠️ NO BET - Too close to call[0m
     [96mEdge too small (-3.9)[0m
  [93m⚠️ NO BET - Too close to call[0m
  📈 Predicted: Los Angeles Lakers 115, San Antonio Spurs 119

[1m[96mDenver Nuggets @ Boston Celtics[0m
  🕐 01/07/26 07:10 PM EST
  [93m[1m🎯 A.I. Rating: 2.8  (MARGINAL PLAY)[0m
  📊 Spread: Market -9.5 | Model +8.8
  🎯 Total: Market 232.5 | Model 235.4
  [93m⚠️ NO BET - Too close to call[0m
     [96mEdge too small (-0.7)[0m
  [93m⚠️ NO BET - Too close to call[0m
  📈 Predicted: Denver Nuggets 113, Boston Celtics 122

[92m✓ CSV saved: /Users/rico/sports-models/nba/nba_model_output.csv[0m
[92m✓ HTML saved: /Users/rico/sports-models/nba/nba_model_output.html[0m

[1m[96mSTEP 7: Generating Final Tracking Dashboard[0m
[92m✓ Tracking dashboard saved: /Users/rico/sports-models/nba/nba_tracking_dashboard.html[0m

[1m==========================================================================================[0m
[1m[93m📊 TRACKING SUMMARY 📊[0m
[1m==========================================================================================[0m
[92mTotal Tracked Bets: 304[0m
[92mRecord: 159-134-2[0m
[92mWin Rate: 54.3%[0m
[92mProfit: +10.76 units[0m
[92mROI: +3.3%[0m
[1m==========================================================================================[0m

[96mUpdating unified dashboard...[0m
[92m✓ Dashboard updated[0m


==========================================
✅ Model completed successfully!
==========================================

📤 Pushing updates to GitHub...
[main 28881a4] Update model outputs - 2026-01-07 10:00:56
 Committer: Ricardo Hill <rico@Ricos-M1-Mac-2.local>
Your name and email address were configured automatically based
on your username and hostname. Please check that they are accurate.
You can suppress this message by setting them explicitly. Run the
following command and follow the instructions in your editor to edit
your configuration file:

    git config --global --edit

After doing this, you may fix the identity used for this commit with:

    git commit --amend --reset-author

 3 files changed, 199 insertions(+), 187 deletions(-)
To https://github.com/BangLetsGetIt/NBA-NCAA-Betting-Models.git
   9f7fd58..28881a4  main -> main
✅ Successfully pushed to GitHub!
