============================================================
Scheduler run: nba_3pt_props
Time: Tue Jan 13 18:00:02 EST 2026
Working dir: /Users/rico/sports-models/nba
Script: nba_3pt_props_model.py
============================================================

[1m[96m================================================================================[0m
[1m[96mNBA 3PT PROPS A.I. MODEL[0m
[1m[96m================================================================================[0m

[96m==========================================================================================[0m
[96m🎯 GRADING PENDING PICKS[0m
[96m==========================================================================================[0m

[93m📋 Found 12 pending picks...[0m

  Fetching team stats to verify completed games for 2025-12-16...
[96m  Fetching batch stats for 12/16/2025...[0m
  Fetching team stats to verify completed games for 2026-01-08...
[96m  Fetching batch stats for 01/08/2026...[0m
  Fetching team stats to verify completed games for 2026-01-13...

[93mNo picks ready for grading yet[0m

[96mFetching REAL NBA player 3-pointers statistics...[0m
[92m✓ Using cached player 3-pointers stats (less than 6 hours old)[0m

[96mFetching opponent 3-pointers factors...[0m
[92m✓ Using cached 3-pointers factors[0m

[96mFetching player 3-pointers prop odds...[0m
[96m  Found 9 upcoming games[0m
[96m  Filtered to 9 upcoming games[0m
[96m  Game 1/9: Phoenix Suns @ Miami Heat[0m
[96m  Game 2/9: Chicago Bulls @ Houston Rockets[0m
[96m  Game 3/9: Denver Nuggets @ New Orleans Pelicans[0m
[96m  Game 4/9: Minnesota Timberwolves @ Milwaukee Bucks[0m
[96m  Game 5/9: San Antonio Spurs @ Oklahoma City Thunder[0m
[96m  Game 6/9: Atlanta Hawks @ Los Angeles Lakers[0m
[96m  Game 7/9: Portland Trail Blazers @ Golden State Warriors[0m
[96m  Game 8/9: Cleveland Cavaliers @ Philadelphia 76ers[0m
[96m  Game 9/9: Toronto Raptors @ Indiana Pacers[0m
[92m✓ Fetched 67 player 3-pointers props (grouped)[0m

[96mAnalyzing 67 player props with REAL stats...[0m
[92m✓ Found 5 top OVER plays (A.I. Score >= 7.5)[0m
[92m✓ Found 0 top UNDER plays (A.I. Score >= 7.5)[0m
[93m  Skipped 3 props (no player stats found)[0m
[93m  Skipped 123 props (score below 7.5 or failed checks)[0m

[96m==========================================================================================[0m
[96m📊 TRACKING NEW PICKS[0m
[96m==========================================================================================[0m
[93m✓ Updated odds for 5 existing picks[0m

[1m[92m================================================================================[0m
[1m[92mTOP OVER PLAYS[0m
[1m[92m================================================================================[0m
  [96m 1. Jamal Murray             [0m | [92mOVER 2.5 3PT   [0m | Denver Nuggets            vs New Orleans Pelicans      | [1mA.I.: 10.00[0m | Rating: 4.6 ⭐⭐
  [96m 2. Trey Murphy III          [0m | [92mOVER 2.5 3PT   [0m | New Orleans Pelicans      vs Denver Nuggets            | [1mA.I.: 10.00[0m | Rating: 3.9 ⭐
  [96m 3. Ryan Rollins             [0m | [92mOVER 1.5 3PT   [0m | Milwaukee Bucks           vs Minnesota Timberwolves    | [1mA.I.: 8.59[0m | Rating: 2.8 
  [96m 4. Nickeil Alexander-Walker [0m | [92mOVER 2.5 3PT   [0m | Atlanta Hawks             vs Los Angeles Lakers        | [1mA.I.: 8.75[0m | Rating: 2.4 
  [96m 5. Jrue Holiday             [0m | [92mOVER 1.5 3PT   [0m | Portland Trail Blazers    vs Golden State Warriors     | [1mA.I.: 8.64[0m | Rating: 2.4 

[1m[91m================================================================================[0m
[1m[91mTOP UNDER PLAYS[0m
[1m[91m================================================================================[0m

[96mGenerating HTML report...[0m

[92m✓ HTML report saved: /Users/rico/sports-models/nba/nba_3pt_props.html[0m

[1m[92m================================================================================[0m
[1m[92m✓ Model execution complete![0m
[1m[92m================================================================================[0m

✅ Completed: nba_3pt_props at Tue Jan 13 18:00:13 EST 2026

📤 Auto-pushing model outputs to GitHub...
[main 65d9c3a] Update model outputs - 2026-01-13 18:00:13
 Committer: Ricardo Hill <rico@Ricos-M1-Mac-2.local>
Your name and email address were configured automatically based
on your username and hostname. Please check that they are accurate.
You can suppress this message by setting them explicitly. Run the
following command and follow the instructions in your editor to edit
your configuration file:

    git config --global --edit

After doing this, you may fix the identity used for this commit with:

    git commit --amend --reset-author

 3 files changed, 141 insertions(+), 275 deletions(-)
To https://github.com/BangLetsGetIt/NBA-NCAA-Betting-Models.git
   ed1f3f6..65d9c3a  main -> main
✅ Successfully pushed to GitHub!
✅ Auto-push succeeded at Tue Jan 13 18:00:14 EST 2026
