============================================================
Scheduler run: nba_3pt_props
Time: Sun Jan 18 18:00:04 EST 2026
Working dir: /Users/rico/sports-models/nba
Script: nba_3pt_props_model.py
============================================================

[1m[96m================================================================================[0m
[1m[96mNBA 3PT PROPS A.I. MODEL[0m
[1m[96m================================================================================[0m

[96m==========================================================================================[0m
[96m🎯 GRADING PENDING PICKS[0m
[96m==========================================================================================[0m

[93m📋 Found 10 pending picks...[0m

  Fetching team stats to verify completed games for 2025-12-16...
[96m  Fetching batch stats for 12/16/2025...[0m
  Fetching team stats to verify completed games for 2026-01-08...
[96m  Fetching batch stats for 01/08/2026...[0m
  Fetching team stats to verify completed games for 2026-01-14...
[96m  Fetching batch stats for 01/14/2026...[0m
  Fetching team stats to verify completed games for 2026-01-18...
[96m  Fetching batch stats for 01/18/2026...[0m

[93mNo picks ready for grading yet[0m

[96mFetching REAL NBA player 3-pointers statistics...[0m
[96m  Fetching season 3-pointers stats...[0m
[96m  Fetching recent form (last 10 games)...[0m
[92m✓ Fetched REAL 3-pointers stats for 510 players[0m

[96mFetching opponent 3-pointers factors...[0m
[92m✓ Fetched 3-pointers factors for 30 teams[0m

[96mFetching player 3-pointers prop odds...[0m
[96m  Found 9 upcoming games[0m
[96m  Filtered to 9 upcoming games[0m
[96m  Game 1/9: Brooklyn Nets @ Chicago Bulls[0m
[96m  Game 2/9: New Orleans Pelicans @ Houston Rockets[0m
[96m  Game 3/9: Charlotte Hornets @ Denver Nuggets[0m
[96m  Game 4/9: Portland Trail Blazers @ Sacramento Kings[0m
[96m  Game 5/9: Toronto Raptors @ Los Angeles Lakers[0m
[96m  Game 6/9: Milwaukee Bucks @ Atlanta Hawks[0m
[96m  Game 7/9: Oklahoma City Thunder @ Cleveland Cavaliers[0m
[96m  Game 8/9: Los Angeles Clippers @ Washington Wizards[0m
[96m  Game 9/9: Dallas Mavericks @ New York Knicks[0m
[92m✓ Fetched 55 player 3-pointers props (grouped)[0m

[96mAnalyzing 55 player props with REAL stats...[0m
[92m✓ Found 4 top OVER plays (A.I. Score >= 7.5)[0m
[92m✓ Found 0 top UNDER plays (A.I. Score >= 7.5)[0m
[93m  Skipped 3 props (no player stats found)[0m
[93m  Skipped 100 props (score below 7.5 or failed checks)[0m

[96m==========================================================================================[0m
[96m📊 TRACKING NEW PICKS[0m
[96m==========================================================================================[0m
[92m✓ Tracked 1 new picks[0m
[93m✓ Updated odds for 3 existing picks[0m

[1m[92m================================================================================[0m
[1m[92mTOP OVER PLAYS[0m
[1m[92m================================================================================[0m
  [96m 1. Jordan Poole             [0m | [92mOVER 1.5 3PT   [0m | New Orleans Pelicans      vs Houston Rockets           | [1mA.I.: 10.00[0m | Rating: 3.3 ⭐
  [96m 2. Kon Knueppel             [0m | [92mOVER 2.5 3PT   [0m | Charlotte Hornets         vs Denver Nuggets            | [1mA.I.: 8.30[0m | Rating: 3.0 ⭐
  [96m 3. Tari Eason               [0m | [92mOVER 1.5 3PT   [0m | Houston Rockets           vs New Orleans Pelicans      | [1mA.I.: 8.23[0m | Rating: 2.6 
  [96m 4. Jaylon Tyson             [0m | [92mOVER 1.5 3PT   [0m | Cleveland Cavaliers       vs Oklahoma City Thunder     | [1mA.I.: 7.61[0m | Rating: 2.5 

[1m[91m================================================================================[0m
[1m[91mTOP UNDER PLAYS[0m
[1m[91m================================================================================[0m

[96mGenerating HTML report...[0m

[92m✓ HTML report saved: /Users/rico/sports-models/nba/nba_3pt_props.html[0m

[1m[92m================================================================================[0m
[1m[92m✓ Model execution complete![0m
[1m[92m================================================================================[0m

✅ Completed: nba_3pt_props at Sun Jan 18 18:01:05 EST 2026

📤 Auto-pushing model outputs to GitHub...
[main 5bfadd8] Update model outputs - 2026-01-18 18:01:05
 Committer: Ricardo Hill <rico@Ricos-M1-Mac-2.local>
Your name and email address were configured automatically based
on your username and hostname. Please check that they are accurate.
You can suppress this message by setting them explicitly. Run the
following command and follow the instructions in your editor to edit
your configuration file:

    git config --global --edit

After doing this, you may fix the identity used for this commit with:

    git commit --amend --reset-author

 2 files changed, 69 insertions(+), 190 deletions(-)
To https://github.com/BangLetsGetIt/NBA-NCAA-Betting-Models.git
   b515b61..5bfadd8  main -> main
✅ Successfully pushed to GitHub!
✅ Auto-push succeeded at Sun Jan 18 18:01:06 EST 2026
