============================================================
Scheduler run: nba_rebounds_props
Time: Fri Jan 30 17:03:59 EST 2026
Working dir: /Users/rico/Dev/sports-models/nba
Script: nba_rebounds_props_model.py
============================================================

[1m[96m================================================================================[0m
[1m[96mNBA REBOUNDS PROPS A.I. MODEL[0m
[1m[96m================================================================================[0m

[96m==========================================================================================[0m
[96m🎯 GRADING PENDING PICKS[0m
[96m==========================================================================================[0m

[93m📋 Found 9 pending picks...[0m

  Fetching team stats to verify completed games for 2025-12-16...
[96m  Fetching batch stats for 12/16/2025...[0m
  Fetching team stats to verify completed games for 2025-12-30...
[96m  Fetching batch stats for 12/30/2025...[0m
  Fetching team stats to verify completed games for 2026-01-08...
[96m  Fetching batch stats for 01/08/2026...[0m
  Fetching team stats to verify completed games for 2026-01-25...
[96m  Fetching batch stats for 01/25/2026...[0m
  Fetching team stats to verify completed games for 2026-01-29...
[96m  Fetching batch stats for 01/29/2026...[0m
    [91mLOSS[0m: Isaiah Hartenstein had 5 rebounds (line: 7.5, bet: OVER) | Profit: -1.00 units

[92m✓ Graded 1 picks[0m

[96mFetching REAL NBA player rebounding statistics...[0m
[96m  Fetching season rebounding stats...[0m
[96m  Fetching recent form (last 10 games)...[0m
[92m✓ Fetched REAL rebounding stats for 514 players[0m

[96mFetching opponent rebounding factors...[0m
[92m✓ Fetched rebounding factors for 30 teams[0m

[96mFetching player rebounds prop odds...[0m
[96m  Found 10 upcoming games[0m
[96m  Filtered to 10 upcoming games[0m
[96m  Game 1/10: Los Angeles Lakers @ Washington Wizards[0m
[96m  Game 2/10: Sacramento Kings @ Boston Celtics[0m
[96m  Game 3/10: Memphis Grizzlies @ New Orleans Pelicans[0m
[96m  Game 4/10: Portland Trail Blazers @ New York Knicks[0m
[96m  Game 5/10: Toronto Raptors @ Orlando Magic[0m
[96m  Game 6/10: Cleveland Cavaliers @ Phoenix Suns[0m
[96m  Game 7/10: Los Angeles Clippers @ Denver Nuggets[0m
[96m  Game 8/10: Brooklyn Nets @ Utah Jazz[0m
[96m  Game 9/10: Detroit Pistons @ Golden State Warriors[0m
[96m  Game 10/10: San Antonio Spurs @ Charlotte Hornets[0m
[92m✓ Fetched 76 player rebounds props (grouped)[0m

[96mAnalyzing 76 player props with REAL stats...[0m
[92m✓ Found 3 top OVER plays (A.I. Score >= 10.0)[0m
[92m✓ Found 2 top UNDER plays (A.I. Score >= 10.0)[0m
[93m  Skipped 4 props (no player stats found)[0m
[93m  Skipped 139 props (score below 10.0 or failed checks)[0m

[96m==========================================================================================[0m
[96m📊 TRACKING NEW PICKS[0m
[96m==========================================================================================[0m
[92m✓ Tracked 5 new picks[0m

[1m[92m================================================================================[0m
[1m[92mTOP OVER PLAYS[0m
[1m[92m================================================================================[0m
  [96m 1. Austin Reaves            [0m | [92mOVER 3.5 REB   [0m | Los Angeles Lakers        vs Washington Wizards        | [1mA.I.: 10.00[0m | Rating: 4.9 ⭐⭐
  [96m 2. Karl-Anthony Towns       [0m | [92mOVER 10.5 REB  [0m | New York Knicks           vs Portland Trail Blazers    | [1mA.I.: 10.00[0m | Rating: 4.9 ⭐⭐
  [96m 3. Deandre Ayton            [0m | [92mOVER 7.5 REB   [0m | Los Angeles Lakers        vs Washington Wizards        | [1mA.I.: 10.00[0m | Rating: 4.9 ⭐⭐

[1m[91m================================================================================[0m
[1m[91mTOP UNDER PLAYS[0m
[1m[91m================================================================================[0m
  [96m 1. Kyle Filipowski          [0m | [91mUNDER 8.5 REB  [0m | Utah Jazz                 vs Brooklyn Nets             | [1mA.I.: 10.00[0m | Rating: 4.9 ⭐⭐
  [96m 2. Danny Wolf               [0m | [91mUNDER 6.5 REB  [0m | Brooklyn Nets             vs Utah Jazz                 | [1mA.I.: 10.00[0m | Rating: 4.9 ⭐⭐

[96mGenerating HTML report...[0m

[92m✓ HTML report saved: /Users/rico/Dev/sports-models/nba/nba_rebounds_props.html[0m

[1m[92m================================================================================[0m
[1m[92m✓ Model execution complete![0m
[1m[92m================================================================================[0m

✅ Completed: nba_rebounds_props at Fri Jan 30 17:04:57 EST 2026

📤 Auto-pushing model outputs to GitHub...
📥 Pulling latest changes from remote...
Current branch main is up to date.
[main 05ae7e49] Update model outputs - 2026-01-30 17:04:58
 Committer: Ricardo Hill <rico@MacBookAir.lan>
Your name and email address were configured automatically based
on your username and hostname. Please check that they are accurate.
You can suppress this message by setting them explicitly. Run the
following command and follow the instructions in your editor to edit
your configuration file:

    git config --global --edit

After doing this, you may fix the identity used for this commit with:

    git commit --amend --reset-author

 2 files changed, 486 insertions(+), 18 deletions(-)
📤 Pushing to GitHub...
To https://github.com/BangLetsGetIt/NBA-NCAA-Betting-Models.git
   fb723eca..05ae7e49  main -> main
✅ Successfully pushed to GitHub!
✅ Auto-push succeeded at Fri Jan 30 17:04:59 EST 2026
