============================================================
Scheduler run: nba_3pt_props
Time: Sun Jan 11 18:07:31 EST 2026
Working dir: /Users/rico/sports-models/nba
Script: nba_3pt_props_model.py
============================================================

[1m[96m================================================================================[0m
[1m[96mNBA 3PT PROPS A.I. MODEL[0m
[1m[96m================================================================================[0m

[96m==========================================================================================[0m
[96m🎯 GRADING PENDING PICKS[0m
[96m==========================================================================================[0m

[93m📋 Found 14 pending picks...[0m

  Fetching team stats to verify completed games for 2025-12-16...
  Error fetching completed teams: HTTPSConnectionPool(host='stats.nba.com', port=443): Read timed out. (read timeout=30)
[96m  Fetching batch stats for 12/16/2025...[0m
  Fetching team stats to verify completed games for 2026-01-08...
[96m  Fetching batch stats for 01/08/2026...[0m
  Fetching team stats to verify completed games for 2026-01-11...
  Error fetching completed teams: HTTPSConnectionPool(host='stats.nba.com', port=443): Read timed out. (read timeout=30)
[96m  Fetching batch stats for 01/11/2026...[0m
    [92mWIN[0m: Jordan Poole had 6 3-pointers (line: 1.5, bet: OVER) | Profit: 0.52 units

[92m✓ Graded 1 picks[0m

[96mFetching REAL NBA player 3-pointers statistics...[0m
[96m  Fetching season 3-pointers stats...[0m
[96m  Fetching recent form (last 10 games)...[0m
[92m✓ Fetched REAL 3-pointers stats for 508 players[0m

[96mFetching opponent 3-pointers factors...[0m
[93m⚠ Could not fetch 3-pointers factors: HTTPSConnectionPool(host='stats.nba.com', port=443): Read timed out. (read timeout=30)[0m

[96mFetching player 3-pointers prop odds...[0m
[96m  Found 13 upcoming games[0m
[96m  Filtered to 9 upcoming games[0m
[96m  Game 1/10: Milwaukee Bucks @ Denver Nuggets[0m
[96m  Game 2/10: Washington Wizards @ Phoenix Suns[0m
[96m  Game 3/10: Atlanta Hawks @ Golden State Warriors[0m
[96m  Game 4/10: Houston Rockets @ Sacramento Kings[0m
[96m  Game 5/10: Utah Jazz @ Cleveland Cavaliers[0m
[96m  Game 6/10: Boston Celtics @ Indiana Pacers[0m
[96m  Game 7/10: Brooklyn Nets @ Dallas Mavericks[0m
[96m  Game 8/10: Los Angeles Lakers @ Sacramento Kings[0m
[96m  Game 9/10: Charlotte Hornets @ Los Angeles Clippers[0m
[92m✓ Fetched 49 player 3-pointers props (grouped)[0m

[96mAnalyzing 49 player props with REAL stats...[0m
[92m✓ Found 2 top OVER plays (A.I. Score >= 7.5)[0m
[92m✓ Found 0 top UNDER plays (A.I. Score >= 7.5)[0m
[93m  Skipped 1 props (no player stats found)[0m
[93m  Skipped 94 props (score below 7.5 or failed checks)[0m

[96m==========================================================================================[0m
[96m📊 TRACKING NEW PICKS[0m
[96m==========================================================================================[0m
[93m✓ Updated odds for 2 existing picks[0m

[1m[92m================================================================================[0m
[1m[92mTOP OVER PLAYS[0m
[1m[92m================================================================================[0m
  [96m 1. Ryan Rollins             [0m | [92mOVER 1.5 3PT   [0m | Milwaukee Bucks           vs Denver Nuggets            | [1mA.I.: 9.62[0m | Rating: 3.1 ⭐
  [96m 2. Carlton Carrington       [0m | [92mOVER 1.5 3PT   [0m | Washington Wizards        vs Phoenix Suns              | [1mA.I.: 8.60[0m | Rating: 2.7 

[1m[91m================================================================================[0m
[1m[91mTOP UNDER PLAYS[0m
[1m[91m================================================================================[0m

[96mGenerating HTML report...[0m

[92m✓ HTML report saved: /Users/rico/sports-models/nba/nba_3pt_props.html[0m

[1m[92m================================================================================[0m
[1m[92m✓ Model execution complete![0m
[1m[92m================================================================================[0m

✅ Completed: nba_3pt_props at Sun Jan 11 19:56:06 EST 2026

📤 Auto-pushing model outputs to GitHub...
[main e85b8d6] Update model outputs - 2026-01-11 19:56:06
 Committer: Ricardo Hill <rico@MacBookAir.lan>
Your name and email address were configured automatically based
on your username and hostname. Please check that they are accurate.
You can suppress this message by setting them explicitly. Run the
following command and follow the instructions in your editor to edit
your configuration file:

    git config --global --edit

After doing this, you may fix the identity used for this commit with:

    git commit --amend --reset-author

 2 files changed, 33 insertions(+), 599 deletions(-)
To https://github.com/BangLetsGetIt/NBA-NCAA-Betting-Models.git
   261ba21..e85b8d6  main -> main
✅ Successfully pushed to GitHub!
✅ Auto-push succeeded at Sun Jan 11 19:56:07 EST 2026
