==========================================
NBA Assists Props Model Run: Wed Dec 31 07:00:05 EST 2025
==========================================
Running NBA Assists Props model...

[1m[96m================================================================================[0m
[1m[96mNBA ASSISTS PROPS A.I. MODEL[0m
[1m[96m================================================================================[0m

[96m==========================================================================================[0m
[96m🎯 GRADING PENDING PICKS[0m
[96m==========================================================================================[0m

[93m📋 Found 2 pending picks...[0m

  Fetching team stats to verify completed games for 2025-12-16...
[93m  ⚠ Could not find stats for De'Aaron Fox on 2025-12-16[0m
  Fetching team stats to verify completed games for 2025-12-31...

[93mNo picks ready for grading yet[0m

[96mFetching REAL NBA player assists statistics...[0m
[92m✓ Using cached player assists stats (less than 6 hours old)[0m

[96mFetching opponent assists factors...[0m
[92m✓ Using cached assists factors[0m

[96mFetching player assists prop odds...[0m
[96m  Found 9 upcoming games[0m
[96m  Filtered to 9 upcoming games[0m
[96m  Game 1/9: Golden State Warriors @ Charlotte Hornets[0m
[96m  Game 2/9: Minnesota Timberwolves @ Atlanta Hawks[0m
[96m  Game 3/9: Orlando Magic @ Indiana Pacers[0m
[96m  Game 4/9: Phoenix Suns @ Cleveland Cavaliers[0m
[96m  Game 5/9: New Orleans Pelicans @ Chicago Bulls[0m
[96m  Game 6/9: New York Knicks @ San Antonio Spurs[0m
[96m  Game 7/9: Denver Nuggets @ Toronto Raptors[0m
[96m  Game 8/9: Washington Wizards @ Milwaukee Bucks[0m
[96m  Game 9/9: Portland Trail Blazers @ Oklahoma City Thunder[0m
[92m✓ Fetched 72 player assists props (grouped)[0m

[96mAnalyzing 72 player props with REAL stats...[0m
[92m✓ Found 0 top OVER plays (A.I. Score >= 10.0)[0m
[92m✓ Found 0 top UNDER plays (A.I. Score >= 10.0)[0m
[93m  Skipped 2 props (no player stats found)[0m
[93m  Skipped 140 props (score below 10.0 or failed checks)[0m

[96m==========================================================================================[0m
[96m📊 TRACKING NEW PICKS[0m
[96m==========================================================================================[0m
[96mNo new picks to track[0m

[1m[92m================================================================================[0m
[1m[92mTOP OVER PLAYS[0m
[1m[92m================================================================================[0m

[1m[91m================================================================================[0m
[1m[91mTOP UNDER PLAYS[0m
[1m[91m================================================================================[0m

[96mGenerating HTML report...[0m

[92m✓ HTML report saved: /Users/rico/sports-models/nba/nba_assists_props.html[0m

[1m[92m================================================================================[0m
[1m[92m✓ Model execution complete![0m
[1m[92m================================================================================[0m


==========================================
✅ Model completed successfully!
==========================================

📤 Pushing updates to GitHub...
