============================================================
Scheduler run: nba_rebounds_props
Time: Sun Dec 28 02:45:04 EST 2025
Working dir: /Users/rico/sports-models/nba
Script: nba_rebounds_props_model.py
============================================================

[1m[96m================================================================================[0m
[1m[96mNBA REBOUNDS PROPS A.I. MODEL[0m
[1m[96m================================================================================[0m

[96m==========================================================================================[0m
[96m🎯 GRADING PENDING PICKS[0m
[96m==========================================================================================[0m

[93m📋 Found 16 pending picks...[0m

  Fetching team stats to verify completed games for 2025-12-16...
[96m  Fetching batch stats for 12/16/2025...[0m
  Fetching team stats to verify completed games for 2025-12-27...
[96m  Fetching batch stats for 12/27/2025...[0m
    [92mWIN[0m: Jaylon Tyson had 15 rebounds (line: 3.5, bet: OVER) | Profit: 0.66 units
    [91mLOSS[0m: Onyeka Okongwu had 14 rebounds (line: 8.5, bet: UNDER) | Profit: -1.00 units
    [91mLOSS[0m: Victor Wembanyama had 7 rebounds (line: 8.5, bet: OVER) | Profit: -1.00 units
    [92mWIN[0m: Brice Sensabaugh had 4 rebounds (line: 4.5, bet: UNDER) | Profit: 0.83 units
    [91mLOSS[0m: Lonzo Ball had 1 rebounds (line: 2.5, bet: OVER) | Profit: -1.00 units
    [92mWIN[0m: Luke Kornet had 8 rebounds (line: 5.5, bet: OVER) | Profit: 0.68 units
    [91mLOSS[0m: Dru Smith had 5 rebounds (line: 3.5, bet: UNDER) | Profit: -1.00 units
    [92mWIN[0m: Steven Adams had 8 rebounds (line: 6.5, bet: OVER) | Profit: 0.71 units
  Fetching team stats to verify completed games for 2025-12-28...

[92m✓ Graded 8 picks[0m

[96mFetching REAL NBA player rebounding statistics...[0m
[96m  Fetching season rebounding stats...[0m
[96m  Fetching recent form (last 10 games)...[0m
[92m✓ Fetched REAL rebounding stats for 504 players[0m

[96mFetching opponent rebounding factors...[0m
[92m✓ Fetched rebounding factors for 30 teams[0m

[96mFetching player rebounds prop odds...[0m
[96m  Found 7 upcoming games[0m
[96m  Filtered to 7 upcoming games[0m
[96m  Game 1/7: Golden State Warriors @ Toronto Raptors[0m
[96m  Game 2/7: Philadelphia 76ers @ Oklahoma City Thunder[0m
[96m  Game 3/7: Boston Celtics @ Portland Trail Blazers[0m
[96m  Game 4/7: Memphis Grizzlies @ Washington Wizards[0m
[96m  Game 5/7: Detroit Pistons @ Los Angeles Clippers[0m
[96m  Game 6/7: Sacramento Kings @ Los Angeles Lakers[0m
[96m  Game 7/7: Cleveland Cavaliers @ San Antonio Spurs[0m
[92m✓ Fetched 73 player rebounds props (grouped)[0m

[96mAnalyzing 73 player props with REAL stats...[0m
[92m✓ Found 1 top OVER plays (A.I. Score >= 10.0)[0m
[92m✓ Found 3 top UNDER plays (A.I. Score >= 10.0)[0m
[93m  Skipped 1 props (no player stats found)[0m
[93m  Skipped 140 props (score below 10.0 or failed checks)[0m

[96m==========================================================================================[0m
[96m📊 TRACKING NEW PICKS[0m
[96m==========================================================================================[0m
[92m✓ Tracked 2 new picks[0m
[93m✓ Updated odds for 2 existing picks[0m

[1m[92m================================================================================[0m
[1m[92mTOP OVER PLAYS[0m
[1m[92m================================================================================[0m
  [96m 1. Isaiah Hartenstein       [0m | [92mOVER 8.5 REB   [0m | Oklahoma City Thunder     vs Philadelphia 76ers        | [1mA.I.: 10.00[0m | Rating: 4.7 ⭐⭐

[1m[91m================================================================================[0m
[1m[91mTOP UNDER PLAYS[0m
[1m[91m================================================================================[0m
  [96m 1. Brook Lopez              [0m | [91mUNDER 4.5 REB  [0m | Los Angeles Clippers      vs Detroit Pistons           | [1mA.I.: 10.00[0m | Rating: 4.9 ⭐⭐
  [96m 2. Andre Drummond           [0m | [91mUNDER 10.5 REB [0m | Philadelphia 76ers        vs Oklahoma City Thunder     | [1mA.I.: 10.00[0m | Rating: 4.9 ⭐⭐
  [96m 3. Sandro Mamukelashvili    [0m | [91mUNDER 8.5 REB  [0m | Toronto Raptors           vs Golden State Warriors     | [1mA.I.: 10.00[0m | Rating: 4.2 ⭐⭐

[96mGenerating HTML report...[0m

[92m✓ HTML report saved: /Users/rico/sports-models/nba/nba_rebounds_props.html[0m

[1m[92m================================================================================[0m
[1m[92m✓ Model execution complete![0m
[1m[92m================================================================================[0m

✅ Completed: nba_rebounds_props at Sun Dec 28 02:45:11 EST 2025

📤 Auto-pushing model outputs to GitHub...
[main c653fda] Update model outputs - 2025-12-28 02:45:11
 Committer: Ricardo Hill <rico@Ricos-M1-Mac-2.local>
Your name and email address were configured automatically based
on your username and hostname. Please check that they are accurate.
You can suppress this message by setting them explicitly. Run the
following command and follow the instructions in your editor to edit
your configuration file:

    git config --global --edit

After doing this, you may fix the identity used for this commit with:

    git commit --amend --reset-author

 2 files changed, 155 insertions(+), 96 deletions(-)
To https://github.com/BangLetsGetIt/NBA-NCAA-Betting-Models.git
   b9b3c29..c653fda  main -> main
✅ Successfully pushed to GitHub!
✅ Auto-push succeeded at Sun Dec 28 02:45:11 EST 2025
