============================================================
Scheduler run: nba_rebounds_props
Time: Tue Dec 23 15:10:04 EST 2025
Working dir: /Users/rico/sports-models/nba
Script: nba_rebounds_props_model.py
============================================================

[1m[96m================================================================================[0m
[1m[96mNBA REBOUNDS PROPS A.I. MODEL[0m
[1m[96m================================================================================[0m

[96m==========================================================================================[0m
[96m🎯 GRADING PENDING PICKS[0m
[96m==========================================================================================[0m

[93m📋 Found 9 pending picks...[0m

  Fetching team stats to verify completed games for 2025-12-16...
[96m  Checking Mitchell Robinson (New York Knicks) on 2025-12-16...[0m
[93m  ⚠ Could not find stats for Mitchell Robinson on 2025-12-16 - will retry later[0m
[96m  Checking Julian Champagnie (San Antonio Spurs) on 2025-12-16...[0m
[93m  ⚠ Could not find stats for Julian Champagnie on 2025-12-16 - will retry later[0m
[96m  Checking Keldon Johnson (San Antonio Spurs) on 2025-12-16...[0m
[93m  ⚠ Could not find stats for Keldon Johnson on 2025-12-16 - will retry later[0m
[96m  Checking Victor Wembanyama (San Antonio Spurs) on 2025-12-16...[0m
[93m  ⚠ Could not find stats for Victor Wembanyama on 2025-12-16 - will retry later[0m
  Fetching team stats to verify completed games for 2025-12-23...

[93mNo picks ready for grading yet[0m

[96mFetching REAL NBA player rebounding statistics...[0m
[92m✓ Using cached player rebounding stats (less than 6 hours old)[0m

[96mFetching opponent rebounding factors...[0m
[92m✓ Using cached rebounding factors[0m

[96mFetching player rebounds prop odds...[0m
[96m  Found 19 upcoming games[0m
[96m  Filtered to 19 upcoming games[0m
[96m  Game 1/10: Brooklyn Nets @ Philadelphia 76ers[0m
[96m  Game 2/10: Washington Wizards @ Charlotte Hornets[0m
[96m  Game 3/10: Chicago Bulls @ Atlanta Hawks[0m
[96m  Game 4/10: New Orleans Pelicans @ Cleveland Cavaliers[0m
[96m  Game 5/10: Milwaukee Bucks @ Indiana Pacers[0m
[96m  Game 6/10: Toronto Raptors @ Miami Heat[0m
[96m  Game 7/10: Denver Nuggets @ Dallas Mavericks[0m
[96m  Game 8/10: New York Knicks @ Minnesota Timberwolves[0m
[96m  Game 9/10: Oklahoma City Thunder @ San Antonio Spurs[0m
[96m  Game 10/10: Los Angeles Lakers @ Phoenix Suns[0m
[92m✓ Fetched 128 player rebounds props (grouped)[0m

[96mAnalyzing 128 player props with REAL stats...[0m
[92m✓ Found 2 top OVER plays (A.I. Score >= 10.0)[0m
[92m✓ Found 3 top UNDER plays (A.I. Score >= 10.0)[0m
[93m  Skipped 5 props (no player stats found)[0m
[93m  Skipped 241 props (score below 10.0 or failed checks)[0m

[96m==========================================================================================[0m
[96m📊 TRACKING NEW PICKS[0m
[96m==========================================================================================[0m
[93m✓ Updated odds for 4 existing picks[0m

[1m[92m================================================================================[0m
[1m[92mTOP OVER PLAYS[0m
[1m[92m================================================================================[0m
  [96m 1. Victor Wembanyama        [0m | [92mOVER 8.5 REB   [0m | San Antonio Spurs         vs Oklahoma City Thunder     | [1mA.I.: 10.00[0m | Rating: 4.9 ⭐⭐
  [96m 2. Isaiah Hartenstein       [0m | [92mOVER 8.5 REB   [0m | Oklahoma City Thunder     vs San Antonio Spurs         | [1mA.I.: 10.00[0m | Rating: 4.9 ⭐⭐

[1m[91m================================================================================[0m
[1m[91mTOP UNDER PLAYS[0m
[1m[91m================================================================================[0m
  [96m 1. Kel'el Ware              [0m | [91mUNDER 12.5 REB [0m | Miami Heat                vs Toronto Raptors           | [1mA.I.: 10.00[0m | Rating: 4.9 ⭐⭐
  [96m 2. Kyle Kuzma               [0m | [91mUNDER 6.5 REB  [0m | Indiana Pacers            vs Milwaukee Bucks           | [1mA.I.: 10.00[0m | Rating: 4.9 ⭐⭐
  [96m 3. Sandro Mamukelashvili    [0m | [91mUNDER 7.5 REB  [0m | Miami Heat                vs Toronto Raptors           | [1mA.I.: 10.00[0m | Rating: 4.7 ⭐⭐

[96mGenerating HTML report...[0m

[92m✓ HTML report saved: /Users/rico/sports-models/nba/nba_rebounds_props.html[0m

[1m[92m================================================================================[0m
[1m[92m✓ Model execution complete![0m
[1m[92m================================================================================[0m

✅ Completed: nba_rebounds_props at Tue Dec 23 15:10:09 EST 2025

📤 Auto-pushing model outputs to GitHub...
[main 4b73b31] Update model outputs - 2025-12-23 15:10:09
 Committer: Ricardo Hill <rico@Ricos-M1-Mac-2.local>
Your name and email address were configured automatically based
on your username and hostname. Please check that they are accurate.
You can suppress this message by setting them explicitly. Run the
following command and follow the instructions in your editor to edit
your configuration file:

    git config --global --edit

After doing this, you may fix the identity used for this commit with:

    git commit --amend --reset-author

 2 files changed, 35 insertions(+), 34 deletions(-)
To https://github.com/BangLetsGetIt/NBA-NCAA-Betting-Models.git
   c041fa0..4b73b31  main -> main
✅ Successfully pushed to GitHub!
✅ Auto-push succeeded at Tue Dec 23 15:10:10 EST 2025
