============================================================
Scheduler run: nba_3pt_props
Time: Sun Jan 18 02:50:05 EST 2026
Working dir: /Users/rico/sports-models/nba
Script: nba_3pt_props_model.py
============================================================

[1m[96m================================================================================[0m
[1m[96mNBA 3PT PROPS A.I. MODEL[0m
[1m[96m================================================================================[0m

[96m==========================================================================================[0m
[96m🎯 GRADING PENDING PICKS[0m
[96m==========================================================================================[0m

[93m📋 Found 9 pending picks...[0m

  Fetching team stats to verify completed games for 2025-12-16...
[96m  Fetching batch stats for 12/16/2025...[0m
  Fetching team stats to verify completed games for 2026-01-08...
[96m  Fetching batch stats for 01/08/2026...[0m
  Fetching team stats to verify completed games for 2026-01-14...
[96m  Fetching batch stats for 01/14/2026...[0m
  Fetching team stats to verify completed games for 2026-01-17...
[96m  Fetching batch stats for 01/17/2026...[0m
    [92mWIN[0m: Norman Powell had 5 3-pointers (line: 2.5, bet: OVER) | Profit: 0.57 units
    [91mLOSS[0m: Miles Bridges had 1 3-pointers (line: 1.5, bet: OVER) | Profit: -1.00 units
[93m  ⚠️  Player Carlton Carrington has no stats but game is final -> Marking as DNP/Void[0m
  Fetching team stats to verify completed games for 2026-01-18...

[92m✓ Graded 3 picks[0m

[96mFetching REAL NBA player 3-pointers statistics...[0m
[96m  Fetching season 3-pointers stats...[0m
[96m  Fetching recent form (last 10 games)...[0m
[92m✓ Fetched REAL 3-pointers stats for 510 players[0m

[96mFetching opponent 3-pointers factors...[0m
[92m✓ Fetched 3-pointers factors for 30 teams[0m

[96mFetching player 3-pointers prop odds...[0m
[96m  Found 6 upcoming games[0m
[96m  Filtered to 6 upcoming games[0m
[96m  Game 1/6: Orlando Magic @ Memphis Grizzlies[0m
[96m  Game 2/6: Brooklyn Nets @ Chicago Bulls[0m
[96m  Game 3/6: New Orleans Pelicans @ Houston Rockets[0m
[96m  Game 4/6: Charlotte Hornets @ Denver Nuggets[0m
[96m  Game 5/6: Portland Trail Blazers @ Sacramento Kings[0m
[96m  Game 6/6: Toronto Raptors @ Los Angeles Lakers[0m
[92m✓ Fetched 47 player 3-pointers props (grouped)[0m

[96mAnalyzing 47 player props with REAL stats...[0m
[92m✓ Found 4 top OVER plays (A.I. Score >= 7.5)[0m
[92m✓ Found 1 top UNDER plays (A.I. Score >= 7.5)[0m
[93m  Skipped 3 props (no player stats found)[0m
[93m  Skipped 83 props (score below 7.5 or failed checks)[0m

[96m==========================================================================================[0m
[96m📊 TRACKING NEW PICKS[0m
[96m==========================================================================================[0m
[92m✓ Tracked 3 new picks[0m
[93m✓ Updated odds for 2 existing picks[0m

[1m[92m================================================================================[0m
[1m[92mTOP OVER PLAYS[0m
[1m[92m================================================================================[0m
  [96m 1. Jordan Poole             [0m | [92mOVER 1.5 3PT   [0m | New Orleans Pelicans      vs Houston Rockets           | [1mA.I.: 10.00[0m | Rating: 3.5 ⭐
  [96m 2. Kon Knueppel             [0m | [92mOVER 2.5 3PT   [0m | Charlotte Hornets         vs Denver Nuggets            | [1mA.I.: 8.30[0m | Rating: 3.1 ⭐
  [96m 3. Tari Eason               [0m | [92mOVER 1.5 3PT   [0m | Houston Rockets           vs New Orleans Pelicans      | [1mA.I.: 8.23[0m | Rating: 2.9 
  [96m 4. Miles Bridges            [0m | [92mOVER 1.5 3PT   [0m | Charlotte Hornets         vs Denver Nuggets            | [1mA.I.: 9.07[0m | Rating: 2.4 

[1m[91m================================================================================[0m
[1m[91mTOP UNDER PLAYS[0m
[1m[91m================================================================================[0m
  [96m 1. Brandon Ingram           [0m | [91mUNDER 2.5 3PT  [0m | Toronto Raptors           vs Los Angeles Lakers        | [1mA.I.: 8.24[0m | Rating: 3.8 ⭐

[96mGenerating HTML report...[0m

[92m✓ HTML report saved: /Users/rico/sports-models/nba/nba_3pt_props.html[0m

[1m[92m================================================================================[0m
[1m[92m✓ Model execution complete![0m
[1m[92m================================================================================[0m

✅ Completed: nba_3pt_props at Sun Jan 18 02:50:23 EST 2026

📤 Auto-pushing model outputs to GitHub...
[main 21f9116] Update model outputs - 2026-01-18 02:50:23
 Committer: Ricardo Hill <rico@Ricos-M1-Mac-2.local>
Your name and email address were configured automatically based
on your username and hostname. Please check that they are accurate.
You can suppress this message by setting them explicitly. Run the
following command and follow the instructions in your editor to edit
your configuration file:

    git config --global --edit

After doing this, you may fix the identity used for this commit with:

    git commit --amend --reset-author

 2 files changed, 324 insertions(+), 39 deletions(-)
To https://github.com/BangLetsGetIt/NBA-NCAA-Betting-Models.git
   7a249bb..21f9116  main -> main
✅ Successfully pushed to GitHub!
✅ Auto-push succeeded at Sun Jan 18 02:50:24 EST 2026
