============================================================
Scheduler run: nba_3pt_props
Time: Fri Dec 26 05:21:02 EST 2025
Working dir: /Users/rico/sports-models/nba
Script: nba_3pt_props_model.py
============================================================

[1m[96m================================================================================[0m
[1m[96mNBA 3PT PROPS A.I. MODEL[0m
[1m[96m================================================================================[0m

[96m==========================================================================================[0m
[96m🎯 GRADING PENDING PICKS[0m
[96m==========================================================================================[0m

[93m📋 Found 4 pending picks...[0m

  Fetching team stats to verify completed games for 2025-12-16...
[93m  ⚠ Could not find stats for De'Aaron Fox on 2025-12-16[0m
  Fetching team stats to verify completed games for 2025-12-26...

[93mNo picks ready for grading yet[0m

[96mFetching REAL NBA player 3-pointers statistics...[0m
[92m✓ Using cached player 3-pointers stats (less than 6 hours old)[0m

[96mFetching opponent 3-pointers factors...[0m
[92m✓ Using cached 3-pointers factors[0m

[96mFetching player 3-pointers prop odds...[0m
[96m  Found 9 upcoming games[0m
[96m  Filtered to 9 upcoming games[0m
[96m  Game 1/9: Miami Heat @ Atlanta Hawks[0m
[96m  Game 2/9: Boston Celtics @ Indiana Pacers[0m
[96m  Game 3/9: Charlotte Hornets @ Orlando Magic[0m
[96m  Game 4/9: Toronto Raptors @ Washington Wizards[0m
[96m  Game 5/9: Philadelphia 76ers @ Chicago Bulls[0m
[96m  Game 6/9: Phoenix Suns @ New Orleans Pelicans[0m
[96m  Game 7/9: Milwaukee Bucks @ Memphis Grizzlies[0m
[96m  Game 8/9: Detroit Pistons @ Utah Jazz[0m
[96m  Game 9/9: Los Angeles Clippers @ Portland Trail Blazers[0m
[92m✓ Fetched 70 player 3-pointers props (grouped)[0m

[96mAnalyzing 70 player props with REAL stats...[0m
[92m✓ Found 2 top OVER plays (A.I. Score >= 7.5)[0m
[92m✓ Found 0 top UNDER plays (A.I. Score >= 7.5)[0m
[93m  Skipped 2 props (no player stats found)[0m
[93m  Skipped 134 props (score below 7.5 or failed checks)[0m

[96m==========================================================================================[0m
[96m📊 TRACKING NEW PICKS[0m
[96m==========================================================================================[0m
[93m✓ Updated odds for 1 existing picks[0m

[1m[92m================================================================================[0m
[1m[92mTOP OVER PLAYS[0m
[1m[92m================================================================================[0m
  [96m 1. Trey Murphy III          [0m | [92mOVER 1.5 3PT   [0m | New Orleans Pelicans      vs Phoenix Suns              | [1mA.I.: 9.11[0m | Rating: 3.5 ⭐
  [96m 2. LaMelo Ball              [0m | [92mOVER 2.5 3PT   [0m | Charlotte Hornets         vs Orlando Magic             | [1mA.I.: 8.30[0m | Rating: 3.4 ⭐

[1m[91m================================================================================[0m
[1m[91mTOP UNDER PLAYS[0m
[1m[91m================================================================================[0m

[96mGenerating HTML report...[0m

[92m✓ HTML report saved: /Users/rico/sports-models/nba/nba_3pt_props.html[0m

[1m[92m================================================================================[0m
[1m[92m✓ Model execution complete![0m
[1m[92m================================================================================[0m

✅ Completed: nba_3pt_props at Fri Dec 26 05:22:10 EST 2025

📤 Auto-pushing model outputs to GitHub...
[main d127328] Update model outputs - 2025-12-26 05:22:13
 Committer: Ricardo Hill <rico@Ricos-M1-Mac-2.local>
Your name and email address were configured automatically based
on your username and hostname. Please check that they are accurate.
You can suppress this message by setting them explicitly. Run the
following command and follow the instructions in your editor to edit
your configuration file:

    git config --global --edit

After doing this, you may fix the identity used for this commit with:

    git commit --amend --reset-author

 10 files changed, 292 insertions(+), 177 deletions(-)
To https://github.com/BangLetsGetIt/NBA-NCAA-Betting-Models.git
   4fc4a67..d127328  main -> main
✅ Successfully pushed to GitHub!
✅ Auto-push succeeded at Fri Dec 26 05:22:23 EST 2025
