============================================================
Scheduler run: nba_points_props
Time: Fri Jan 16 20:05:34 EST 2026
Working dir: /Users/rico/sports-models/nba
Script: nba_points_props_model.py
============================================================

[1m[96m================================================================================[0m
[1m[96mNBA POINTS PROPS A.I. MODEL[0m
[1m[96m================================================================================[0m

[96m==========================================================================================[0m
[96m🎯 GRADING PENDING PICKS (BATCH MODE)[0m
[96m==========================================================================================[0m

[93m📋 Found 36 pending picks...[0m


[96mProcessing 9 picks for 2025-12-16...[0m
[96m  Fetching batch stats for 12/16/2025...[0m
  Fetching team stats to verify completed games for 2025-12-16...
  Error fetching completed teams: HTTPSConnectionPool(host='stats.nba.com', port=443): Read timed out. (read timeout=30)
[93m  ⚠️  No stats found for 2025-12-16 yet[0m

[96mProcessing 2 picks for 2025-12-23...[0m
[96m  Fetching batch stats for 12/23/2025...[0m
  Fetching team stats to verify completed games for 2025-12-23...

[96mProcessing 1 picks for 2026-01-03...[0m
[96m  Fetching batch stats for 01/03/2026...[0m
  Fetching team stats to verify completed games for 2026-01-03...

[96mProcessing 2 picks for 2026-01-08...[0m
[96m  Fetching batch stats for 01/08/2026...[0m
  Fetching team stats to verify completed games for 2026-01-08...

[96mProcessing 1 picks for 2026-01-09...[0m
[96m  Fetching batch stats for 01/09/2026...[0m
  Fetching team stats to verify completed games for 2026-01-09...

[96mProcessing 3 picks for 2026-01-10...[0m
[96m  Fetching batch stats for 01/10/2026...[0m
  Fetching team stats to verify completed games for 2026-01-10...

[93mNo picks ready for grading yet[0m

[96mFetching REAL NBA player points statistics...[0m
[92m✓ Using cached player stats (less than 6 hours old)[0m

[96mFetching opponent defense factors...[0m
[92m✓ Using cached defense factors[0m

[96mFetching player points prop odds...[0m
[96m  Found 15 upcoming games[0m
[96m  Filtered to 11 upcoming games[0m
[96m  Game 1/10: Minnesota Timberwolves @ Houston Rockets[0m
[96m  Game 2/10: Washington Wizards @ Sacramento Kings[0m
[96m  Game 3/10: Utah Jazz @ Dallas Mavericks[0m
[96m  Game 4/10: Boston Celtics @ Atlanta Hawks[0m
[96m  Game 5/10: Indiana Pacers @ Detroit Pistons[0m
[96m  Game 6/10: Oklahoma City Thunder @ Miami Heat[0m
[96m  Game 7/10: Minnesota Timberwolves @ San Antonio Spurs[0m
[96m  Game 8/10: Charlotte Hornets @ Golden State Warriors[0m
[96m  Game 9/10: Washington Wizards @ Denver Nuggets[0m
[96m  Game 10/10: Los Angeles Lakers @ Portland Trail Blazers[0m
[92m✓ Fetched 98 total player props[0m

[96mAnalyzing 98 player props with REAL stats...[0m
[92m✓ Found 5 top OVER plays (A.I. Score >= 10.0)[0m
[92m✓ Found 5 top UNDER plays (A.I. Score >= 10.0)[0m
[93m  Skipped 4 props (no player stats found)[0m
[93m  Skipped 168 props (score below 10.0)[0m

[96m==========================================================================================[0m
[96m📊 TRACKING NEW PICKS[0m
[96m==========================================================================================[0m
[92m✓ Tracked 2 new picks[0m
[93m✓ Updated odds for 1 existing picks[0m

[1m[92m================================================================================[0m
[1m[92mTOP OVER PLAYS[0m
[1m[92m================================================================================[0m
  [96m 1. Tari Eason               [0m | [92mOVER 10.5 PTS  [0m | Houston Rockets vs Minnesota Timberwolves | [1mA.I.: 10.00[0m | Rating: 4.9 ⭐⭐
  [96m 2. Reed Sheppard            [0m | [92mOVER 9.5 PTS   [0m | Houston Rockets vs Minnesota Timberwolves | [1mA.I.: 10.00[0m | Rating: 4.9 ⭐⭐
  [96m 3. Domantas Sabonis         [0m | [92mOVER 14.5 PTS  [0m | Sacramento Kings vs Washington Wizards | [1mA.I.: 10.00[0m | Rating: 4.9 ⭐⭐
  [96m 4. Maxime Raynaud           [0m | [92mOVER 7.5 PTS   [0m | Sacramento Kings vs Washington Wizards | [1mA.I.: 10.00[0m | Rating: 4.9 ⭐⭐
  [96m 5. Corey Kispert            [0m | [92mOVER 6.5 PTS   [0m | Atlanta Hawks vs Boston Celtics | [1mA.I.: 10.00[0m | Rating: 4.9 ⭐⭐

[1m[91m================================================================================[0m
[1m[91mTOP UNDER PLAYS[0m
[1m[91m================================================================================[0m
  [96m 1. Zach LaVine              [0m | [91mUNDER 21.5 PTS [0m | Sacramento Kings vs Washington Wizards | [1mA.I.: 10.00[0m | Rating: 4.9 ⭐⭐
  [96m 2. Carlton Carrington       [0m | [91mUNDER 11.5 PTS [0m | Washington Wizards vs Sacramento Kings | [1mA.I.: 10.00[0m | Rating: 4.9 ⭐⭐
  [96m 3. Alex Sarr                [0m | [91mUNDER 19.5 PTS [0m | Washington Wizards vs Sacramento Kings | [1mA.I.: 10.00[0m | Rating: 4.9 ⭐⭐
  [96m 4. Jaylen Brown             [0m | [91mUNDER 32.5 PTS [0m | Boston Celtics vs Atlanta Hawks | [1mA.I.: 10.00[0m | Rating: 4.9 ⭐⭐
  [96m 5. Derrick White            [0m | [91mUNDER 22.5 PTS [0m | Boston Celtics vs Atlanta Hawks | [1mA.I.: 10.00[0m | Rating: 4.9 ⭐⭐

[96mGenerating HTML report...[0m

[92m✓ HTML report saved: /Users/rico/sports-models/nba/nba_points_props.html[0m

[1m[92m================================================================================[0m
[1m[92m✓ Model execution complete![0m
[1m[92m================================================================================[0m

✅ Completed: nba_points_props at Fri Jan 16 20:07:45 EST 2026

📤 Auto-pushing model outputs to GitHub...
[main a989b9d] Update model outputs - 2026-01-16 20:07:45
 Committer: Ricardo Hill <rico@Ricos-M1-Mac-2.local>
Your name and email address were configured automatically based
on your username and hostname. Please check that they are accurate.
You can suppress this message by setting them explicitly. Run the
following command and follow the instructions in your editor to edit
your configuration file:

    git config --global --edit

After doing this, you may fix the identity used for this commit with:

    git commit --amend --reset-author

 2 files changed, 156 insertions(+), 551 deletions(-)
To https://github.com/BangLetsGetIt/NBA-NCAA-Betting-Models.git
   fb1c47f..a989b9d  main -> main
✅ Successfully pushed to GitHub!
✅ Auto-push succeeded at Fri Jan 16 20:07:46 EST 2026
