==========================================
NBA Rebounds Props Model Run: Sat Jan  3 06:00:04 EST 2026
==========================================
Running NBA Rebounds Props model...

[1m[96m================================================================================[0m
[1m[96mNBA REBOUNDS PROPS A.I. MODEL[0m
[1m[96m================================================================================[0m

[96m==========================================================================================[0m
[96m🎯 GRADING PENDING PICKS[0m
[96m==========================================================================================[0m

[93m📋 Found 12 pending picks...[0m

  Fetching team stats to verify completed games for 2025-12-16...
[96m  Fetching batch stats for 12/16/2025...[0m
  Fetching team stats to verify completed games for 2025-12-30...
[96m  Fetching batch stats for 12/30/2025...[0m
  Fetching team stats to verify completed games for 2026-01-01...
[96m  Fetching batch stats for 01/01/2026...[0m
  Fetching team stats to verify completed games for 2026-01-03...

[93mNo picks ready for grading yet[0m

[96mFetching REAL NBA player rebounding statistics...[0m
[92m✓ Using cached player rebounding stats (less than 6 hours old)[0m

[96mFetching opponent rebounding factors...[0m
[92m✓ Using cached rebounding factors[0m

[96mFetching player rebounds prop odds...[0m
[96m  Found 8 upcoming games[0m
[96m  Filtered to 8 upcoming games[0m
[96m  Game 1/8: Minnesota Timberwolves @ Miami Heat[0m
[96m  Game 2/8: Atlanta Hawks @ Toronto Raptors[0m
[96m  Game 3/8: Philadelphia 76ers @ New York Knicks[0m
[96m  Game 4/8: Charlotte Hornets @ Chicago Bulls[0m
[96m  Game 5/8: Portland Trail Blazers @ San Antonio Spurs[0m
[96m  Game 6/8: Houston Rockets @ Dallas Mavericks[0m
[96m  Game 7/8: Utah Jazz @ Golden State Warriors[0m
[96m  Game 8/8: Boston Celtics @ Los Angeles Clippers[0m
[92m✓ Fetched 99 player rebounds props (grouped)[0m

[96mAnalyzing 99 player props with REAL stats...[0m
[92m✓ Found 3 top OVER plays (A.I. Score >= 10.0)[0m
[92m✓ Found 2 top UNDER plays (A.I. Score >= 10.0)[0m
[93m  Skipped 3 props (no player stats found)[0m
[93m  Skipped 187 props (score below 10.0 or failed checks)[0m

[96m==========================================================================================[0m
[96m📊 TRACKING NEW PICKS[0m
[96m==========================================================================================[0m
[92m✓ Tracked 1 new picks[0m
[93m✓ Updated odds for 3 existing picks[0m

[1m[92m================================================================================[0m
[1m[92mTOP OVER PLAYS[0m
[1m[92m================================================================================[0m
  [96m 1. Victor Wembanyama        [0m | [92mOVER 9.5 REB   [0m | San Antonio Spurs         vs Portland Trail Blazers    | [1mA.I.: 10.00[0m | Rating: 4.9 ⭐⭐
  [96m 2. Steven Adams             [0m | [92mOVER 6.5 REB   [0m | Houston Rockets           vs Dallas Mavericks          | [1mA.I.: 10.00[0m | Rating: 4.9 ⭐⭐
  [96m 3. P.J. Washington          [0m | [92mOVER 5.5 REB   [0m | Dallas Mavericks          vs Houston Rockets           | [1mA.I.: 10.00[0m | Rating: 3.3 ⭐

[1m[91m================================================================================[0m
[1m[91mTOP UNDER PLAYS[0m
[1m[91m================================================================================[0m
  [96m 1. Jalen Smith              [0m | [91mUNDER 8.5 REB  [0m | Chicago Bulls             vs Charlotte Hornets         | [1mA.I.: 10.00[0m | Rating: 4.9 ⭐⭐
  [96m 2. Trae Young               [0m | [91mUNDER 2.5 REB  [0m | Atlanta Hawks             vs Toronto Raptors           | [1mA.I.: 10.00[0m | Rating: 3.2 ⭐

[96mGenerating HTML report...[0m

[92m✓ HTML report saved: /Users/rico/sports-models/nba/nba_rebounds_props.html[0m

[1m[92m================================================================================[0m
[1m[92m✓ Model execution complete![0m
[1m[92m================================================================================[0m


==========================================
✅ Model completed successfully!
==========================================

📤 Pushing updates to GitHub...
