============================================================
Scheduler run: nba_points_props
Time: Tue Dec 30 02:35:04 EST 2025
Working dir: /Users/rico/sports-models/nba
Script: nba_points_props_model.py
============================================================

[1m[96m================================================================================[0m
[1m[96mNBA POINTS PROPS A.I. MODEL[0m
[1m[96m================================================================================[0m

[96m==========================================================================================[0m
[96m🎯 GRADING PENDING PICKS (BATCH MODE)[0m
[96m==========================================================================================[0m

[93m📋 Found 11 pending picks...[0m


[96mProcessing 9 picks for 2025-12-16...[0m
[96m  Fetching batch stats for 12/16/2025...[0m
  Fetching team stats to verify completed games for 2025-12-16...
[93m  ⚠️  No stats found for 2025-12-16 yet[0m

[96mProcessing 2 picks for 2025-12-23...[0m
[96m  Fetching batch stats for 12/23/2025...[0m
  Fetching team stats to verify completed games for 2025-12-23...

[93mNo picks ready for grading yet[0m

[96mFetching REAL NBA player points statistics...[0m
[92m✓ Using cached player stats (less than 6 hours old)[0m

[96mFetching opponent defense factors...[0m
[92m✓ Fetched defense factors for 30 teams[0m

[96mFetching player points prop odds...[0m
[96m  Found 4 upcoming games[0m
[96m  Filtered to 4 upcoming games[0m
[96m  Game 1/4: Philadelphia 76ers @ Memphis Grizzlies[0m
[96m  Game 2/4: Boston Celtics @ Utah Jazz[0m
[96m  Game 3/4: Detroit Pistons @ Los Angeles Lakers[0m
[96m  Game 4/4: Sacramento Kings @ Los Angeles Clippers[0m
[92m✓ Fetched 86 total player props[0m

[96mAnalyzing 86 player props with REAL stats...[0m
[92m✓ Found 1 top OVER plays (A.I. Score >= 9.5)[0m
[92m✓ Found 4 top UNDER plays (A.I. Score >= 9.5)[0m
[93m  Skipped 4 props (no player stats found)[0m
[93m  Skipped 154 props (score below 9.5)[0m

[96m==========================================================================================[0m
[96m📊 TRACKING NEW PICKS[0m
[96m==========================================================================================[0m
[92m✓ Tracked 1 new picks[0m

[1m[92m================================================================================[0m
[1m[92mTOP OVER PLAYS[0m
[1m[92m================================================================================[0m
  [96m 1. Jock Landale             [0m | [92mOVER 9.5 PTS   [0m | Memphis Grizzlies vs Philadelphia 76ers | [1mA.I.: 10.00[0m | Rating: 4.9 ⭐⭐

[1m[91m================================================================================[0m
[1m[91mTOP UNDER PLAYS[0m
[1m[91m================================================================================[0m
  [96m 1. Ja Morant                [0m | [91mUNDER 20.5 PTS [0m | Memphis Grizzlies vs Philadelphia 76ers | [1mA.I.: 10.00[0m | Rating: 4.9 ⭐⭐
  [96m 2. Brice Sensabaugh         [0m | [91mUNDER 13.5 PTS [0m | Utah Jazz vs Boston Celtics | [1mA.I.: 10.00[0m | Rating: 4.9 ⭐⭐
  [96m 3. Jake LaRavia             [0m | [91mUNDER 10.5 PTS [0m | Los Angeles Lakers vs Detroit Pistons | [1mA.I.: 10.00[0m | Rating: 4.9 ⭐⭐
  [96m 4. Brook Lopez              [0m | [91mUNDER 12.5 PTS [0m | Los Angeles Clippers vs Sacramento Kings | [1mA.I.: 10.00[0m | Rating: 4.9 ⭐⭐

[96mGenerating HTML report...[0m

[92m✓ HTML report saved: /Users/rico/sports-models/nba/nba_points_props.html[0m

[1m[92m================================================================================[0m
[1m[92m✓ Model execution complete![0m
[1m[92m================================================================================[0m

✅ Completed: nba_points_props at Tue Dec 30 02:35:41 EST 2025

📤 Auto-pushing model outputs to GitHub...
[main e3091ea] Update model outputs - 2025-12-30 02:35:41
 Committer: Ricardo Hill <rico@Ricos-M1-Mac-2.local>
Your name and email address were configured automatically based
on your username and hostname. Please check that they are accurate.
You can suppress this message by setting them explicitly. Run the
following command and follow the instructions in your editor to edit
your configuration file:

    git config --global --edit

After doing this, you may fix the identity used for this commit with:

    git commit --amend --reset-author

 2 files changed, 337 insertions(+), 1 deletion(-)
To https://github.com/BangLetsGetIt/NBA-NCAA-Betting-Models.git
   7506144..e3091ea  main -> main
✅ Successfully pushed to GitHub!
✅ Auto-push succeeded at Tue Dec 30 02:35:43 EST 2025
