============================================================
Scheduler run: nba_main_model
Time: Sat Jan 10 03:18:00 EST 2026
Working dir: /Users/rico/sports-models/nba
Script: nba_model_IMPROVED.py
============================================================

[1m==========================================================================================[0m
[1m[96m🎲 IMPROVED NBA BETTING MODEL 🎲[0m
[1m[92m⚡ Enhanced Stats + Rest Days + Stricter Filters ⚡[0m
[1m==========================================================================================[0m

[1m[96mSTEP 1: Checking for Completed Games[0m

[96m==========================================================================================[0m
[96m🔄 UPDATING RESULTS FOR COMPLETED GAMES[0m
[96m==========================================================================================[0m

[93m📋 Checking 7 pending picks...[0m
[96mFetching completed NBA game scores (via NBA API)...[0m
[93m  ⚠️  Error fetching for 01/08/2026: ('Connection aborted.', ConnectionResetError(54, 'Connection reset by peer'))[0m
[92m✓ Found 10 completed games (Free API)[0m
[92m✓ Tracking data saved to /Users/rico/sports-models/nba/nba_picks_tracking.json[0m
[93mNo picks were updated (games may not be complete yet)[0m
[92m✓ Tracking dashboard saved: /Users/rico/sports-models/nba/nba_tracking_dashboard.html[0m

[1m[96mSTEP 2: Fetching Composite Stats (Season + Form)[0m
[92m✓ Using cached composite stats (less than 6 hours old)[0m

[1m[96mSTEP 3: Fetching Home/Away Splits[0m
[92m✓ Using cached home/away splits (less than 6 hours old)[0m

[1m[96mSTEP 4: Fetching Team Schedules (Rest Days)[0m

[1m[96mSTEP 5: Fetching Live Odds (Next 2 Days)[0m
[92m✓ Fetched odds for 6 total games[0m
[92m✓ Filtered to 6 games in next 2 days[0m

[1m[96mSTEP 6: Processing Games & Generating Picks[0m

[91m❌ Missing stats for Detroit Pistons or Los Angeles Clippers[0m
[91m❌ Missing stats for Detroit Pistons or Los Angeles Clippers[0m
[91m❌ Skipping Los Angeles Clippers @ Detroit Pistons - missing model data[0m
[92m✓ Tracking data saved to /Users/rico/sports-models/nba/nba_picks_tracking.json[0m
[92m✓ Updated CLV data for existing picks[0m

[1m[92m✅ Analyzed 5 games with complete odds[0m

[93m📊 All picks sorted by A.I. Rating (quality/confidence first)[0m


[1m==========================================================================================[0m
[1m[93m🏀 NBA MODEL PREDICTIONS 🏀[0m
[1m==========================================================================================[0m

[1m[96mMiami Heat @ Indiana Pacers[0m
  🕐 01/10/26 07:10 PM EST
  [92m[1m🎯 A.I. Rating: 4.9 ⭐⭐ (PREMIUM PLAY)[0m
  [92m✅ GOOD: Indiana Pacers - Good record: 9-6 (60%) | +2.40u over 15 picks[0m
  📊 Spread: Market +7.0 | Model +7.8
  🎯 Total: Market 236.5 | Model 238.3
  [92m✅ BET: Indiana Pacers +7.0[0m
     [96mModel projects Indiana Pacers to win outright, easily covering +7.0.[0m
  [93m⚠️ NO BET - Too close to call[0m
  📈 Predicted: Miami Heat 115, Indiana Pacers 123

[1m[96mSan Antonio Spurs @ Boston Celtics[0m
  🕐 01/10/26 08:10 PM EST
  [92m[1m🎯 A.I. Rating: 4.8 ⭐⭐ (PREMIUM PLAY)[0m
  [92m🔥 HOT: Boston Celtics - Strong performer: 6-2 (75%) | +3.80u over 8 picks[0m
  📊 Spread: Market -1.0 | Model +14.9
  🎯 Total: Market 229.5 | Model 232.8
  [92m✅ BET: Boston Celtics -1.0[0m
     [96mModel projects Boston Celtics to win by 14.9, covering -1.0.[0m
  [93m⚠️ NO BET - Too close to call[0m
  📈 Predicted: San Antonio Spurs 109, Boston Celtics 124

[1m[96mCharlotte Hornets @ Utah Jazz[0m
  🕐 01/10/26 09:40 PM EST
  [96m[1m🎯 A.I. Rating: 3.8 ⭐ (GOOD PLAY)[0m
  [96mℹ️ LIMITED: Utah Jazz - Limited data: 2-0 (100%) | +2.00u (2 picks)[0m
  📊 Spread: Market +4.5 | Model +4.3
  🎯 Total: Market 238.5 | Model 232.5
  [92m✅ BET: Utah Jazz +4.5[0m
     [96mModel projects Utah Jazz to win outright, easily covering +4.5.[0m
  [92m✅ BET: UNDER 238.5[0m
     [96mModel projects 232 total points, bet the UNDER[0m
  📈 Predicted: Charlotte Hornets 114, Utah Jazz 118

[1m[96mDallas Mavericks @ Chicago Bulls[0m
  🕐 01/10/26 08:10 PM EST
  [96m[1m🎯 A.I. Rating: 3.7 ⭐ (GOOD PLAY)[0m
  📊 Spread: Market -3.0 | Model +5.9
  🎯 Total: Market 232.5 | Model 240.9
  [93m⚠️ NO BET - Too close to call[0m
     [96mEdge too small (+2.9)[0m
  [92m✅ BET: OVER 232.5[0m
     [96mModel projects 241 total points, bet the OVER[0m
  📈 Predicted: Dallas Mavericks 118, Chicago Bulls 123

[1m[96mMinnesota Timberwolves @ Cleveland Cavaliers[0m
  🕐 01/10/26 01:10 PM EST
  [93m[1m🎯 A.I. Rating: 3.1 ⭐ (STANDARD PLAY)[0m
  [93m📉 NEUTRAL-: Cleveland Cavaliers - Slightly below average: 5-7 (42%) | -2.70u over 12 picks[0m
  📊 Spread: Market -4.0 | Model +9.5
  🎯 Total: Market 238.5 | Model 238.8
  [92m✅ BET: Cleveland Cavaliers -4.0[0m
     [96mModel projects Cleveland Cavaliers to win by 9.5, covering -4.0.[0m
  [93m⚠️ NO BET - Too close to call[0m
  📈 Predicted: Minnesota Timberwolves 115, Cleveland Cavaliers 124

[92m✓ CSV saved: /Users/rico/sports-models/nba/nba_model_output.csv[0m
[92m✓ HTML saved: /Users/rico/sports-models/nba/nba_model_output.html[0m

[1m[96mSTEP 7: Generating Final Tracking Dashboard[0m
[92m✓ Tracking dashboard saved: /Users/rico/sports-models/nba/nba_tracking_dashboard.html[0m

[1m==========================================================================================[0m
[1m[93m📊 TRACKING SUMMARY 📊[0m
[1m==========================================================================================[0m
[92mTotal Tracked Bets: 327[0m
[92mRecord: 169-149-2[0m
[92mWin Rate: 53.1%[0m
[92mProfit: +4.26 units[0m
[92mROI: +1.2%[0m
[1m==========================================================================================[0m

[96mUpdating unified dashboard...[0m
[92m✓ Dashboard updated[0m

✅ Completed: nba_main_model at Sat Jan 10 03:34:47 EST 2026

📤 Auto-pushing model outputs to GitHub...
[main cdb897c] Update model outputs - 2026-01-10 03:34:47
 Committer: Ricardo Hill <rico@Ricos-M1-Mac-2.local>
Your name and email address were configured automatically based
on your username and hostname. Please check that they are accurate.
You can suppress this message by setting them explicitly. Run the
following command and follow the instructions in your editor to edit
your configuration file:

    git config --global --edit

After doing this, you may fix the identity used for this commit with:

    git commit --amend --reset-author

 4 files changed, 46 insertions(+), 44 deletions(-)
fatal: unable to access 'https://github.com/BangLetsGetIt/NBA-NCAA-Betting-Models.git/': Resolving timed out after 993917 milliseconds
⚠️  Push failed - you may need to set up the GitHub remote first
✅ Auto-push succeeded at Sat Jan 10 03:51:22 EST 2026
