============================================================
Scheduler run: nba_points_props
Time: Thu Jan  1 02:35:05 EST 2026
Working dir: /Users/rico/sports-models/nba
Script: nba_points_props_model.py
============================================================

[1m[96m================================================================================[0m
[1m[96mNBA POINTS PROPS A.I. MODEL[0m
[1m[96m================================================================================[0m

[96m==========================================================================================[0m
[96m🎯 GRADING PENDING PICKS (BATCH MODE)[0m
[96m==========================================================================================[0m

[93m📋 Found 24 pending picks...[0m


[96mProcessing 9 picks for 2025-12-16...[0m
[96m  Fetching batch stats for 12/16/2025...[0m
  Fetching team stats to verify completed games for 2025-12-16...
[93m  ⚠️  No stats found for 2025-12-16 yet[0m

[96mProcessing 2 picks for 2025-12-23...[0m
[96m  Fetching batch stats for 12/23/2025...[0m
  Fetching team stats to verify completed games for 2025-12-23...

[96mProcessing 10 picks for 2025-12-31...[0m
[96m  Fetching batch stats for 12/31/2025...[0m
  Fetching team stats to verify completed games for 2025-12-31...
    [92mWIN[0m: Miles McBride had 21 points (line: 7.5, bet: OVER) | Profit: 0.86 units
    [91mLOSS[0m: Stephon Castle had 5 points (line: 17.5, bet: OVER) | Profit: -1.00 units
    [92mWIN[0m: Jordan Clarkson had 20 points (line: 7.5, bet: OVER) | Profit: 0.83 units
    [91mLOSS[0m: Kyle Kuzma had 5 points (line: 10.5, bet: OVER) | Profit: -1.00 units
    [92mWIN[0m: Bobby Portis had 13 points (line: 11.5, bet: OVER) | Profit: 1.00 units
    [91mLOSS[0m: Trey Murphy III had 15 points (line: 19.5, bet: OVER) | Profit: -1.00 units
    [92mWIN[0m: Keldon Johnson had 19 points (line: 11.5, bet: OVER) | Profit: 0.76 units
    [92mWIN[0m: Jordan Poole had 26 points (line: 14.5, bet: OVER) | Profit: 0.80 units
    [91mLOSS[0m: Deni Avdija had 17 points (line: 23.5, bet: OVER) | Profit: -1.00 units
    [91mLOSS[0m: Shaedon Sharpe had 14 points (line: 20.5, bet: OVER) | Profit: -1.00 units

[92m✓ Graded 10 picks[0m

[96mFetching REAL NBA player points statistics...[0m
[92m✓ Using cached player stats (less than 6 hours old)[0m

[96mFetching opponent defense factors...[0m
[92m✓ Using cached defense factors[0m

[96mFetching player points prop odds...[0m
[96m  Found 5 upcoming games[0m
[96m  Filtered to 5 upcoming games[0m
[96m  Game 1/5: Houston Rockets @ Brooklyn Nets[0m
[96m  Game 2/5: Miami Heat @ Detroit Pistons[0m
[96m  Game 3/5: Philadelphia 76ers @ Dallas Mavericks[0m
[96m  Game 4/5: Boston Celtics @ Sacramento Kings[0m
[96m  Game 5/5: Utah Jazz @ Los Angeles Clippers[0m
[92m✓ Fetched 106 total player props[0m

[96mAnalyzing 106 player props with REAL stats...[0m
[92m✓ Found 4 top OVER plays (A.I. Score >= 10.0)[0m
[92m✓ Found 4 top UNDER plays (A.I. Score >= 10.0)[0m
[93m  Skipped 2 props (no player stats found)[0m
[93m  Skipped 192 props (score below 10.0)[0m

[96m==========================================================================================[0m
[96m📊 TRACKING NEW PICKS[0m
[96m==========================================================================================[0m
[92m✓ Tracked 1 new picks[0m
[93m✓ Updated odds for 3 existing picks[0m

[1m[92m================================================================================[0m
[1m[92mTOP OVER PLAYS[0m
[1m[92m================================================================================[0m
  [96m 1. Nicolas Claxton          [0m | [92mOVER 11.5 PTS  [0m | Brooklyn Nets vs Houston Rockets | [1mA.I.: 10.00[0m | Rating: 4.9 ⭐⭐
  [96m 2. P.J. Washington          [0m | [92mOVER 12.5 PTS  [0m | Dallas Mavericks vs Philadelphia 76ers | [1mA.I.: 10.00[0m | Rating: 4.9 ⭐⭐
  [96m 3. VJ Edgecombe             [0m | [92mOVER 13.5 PTS  [0m | Philadelphia 76ers vs Dallas Mavericks | [1mA.I.: 10.00[0m | Rating: 4.9 ⭐⭐
  [96m 4. Lauri Markkanen          [0m | [92mOVER 26.5 PTS  [0m | Utah Jazz vs Los Angeles Clippers | [1mA.I.: 10.00[0m | Rating: 4.9 ⭐⭐

[1m[91m================================================================================[0m
[1m[91mTOP UNDER PLAYS[0m
[1m[91m================================================================================[0m
  [96m 1. Keegan Murray            [0m | [91mUNDER 15.5 PTS [0m | Sacramento Kings vs Boston Celtics | [1mA.I.: 10.00[0m | Rating: 4.9 ⭐⭐
  [96m 2. Brook Lopez              [0m | [91mUNDER 12.5 PTS [0m | Los Angeles Clippers vs Utah Jazz | [1mA.I.: 10.00[0m | Rating: 4.9 ⭐⭐
  [96m 3. Kyle Filipowski          [0m | [91mUNDER 14.5 PTS [0m | Utah Jazz vs Los Angeles Clippers | [1mA.I.: 10.00[0m | Rating: 4.9 ⭐⭐
  [96m 4. Brice Sensabaugh         [0m | [91mUNDER 15.5 PTS [0m | Utah Jazz vs Los Angeles Clippers | [1mA.I.: 10.00[0m | Rating: 4.9 ⭐⭐

[96mGenerating HTML report...[0m

[92m✓ HTML report saved: /Users/rico/sports-models/nba/nba_points_props.html[0m

[1m[92m================================================================================[0m
[1m[92m✓ Model execution complete![0m
[1m[92m================================================================================[0m

✅ Completed: nba_points_props at Thu Jan  1 02:35:32 EST 2026

📤 Auto-pushing model outputs to GitHub...
[main 426f8d4] Update model outputs - 2026-01-01 02:35:32
 Committer: Ricardo Hill <rico@Ricos-M1-Mac-2.local>
Your name and email address were configured automatically based
on your username and hostname. Please check that they are accurate.
You can suppress this message by setting them explicitly. Run the
following command and follow the instructions in your editor to edit
your configuration file:

    git config --global --edit

After doing this, you may fix the identity used for this commit with:

    git commit --amend --reset-author

 2 files changed, 508 insertions(+), 92 deletions(-)
To https://github.com/BangLetsGetIt/NBA-NCAA-Betting-Models.git
   0fcf5b7..426f8d4  main -> main
✅ Successfully pushed to GitHub!
✅ Auto-push succeeded at Thu Jan  1 02:35:33 EST 2026
