============================================================
Scheduler run: nba_3pt_props
Time: Sun Jan  4 15:00:05 EST 2026
Working dir: /Users/rico/sports-models/nba
Script: nba_3pt_props_model.py
============================================================

[1m[96m================================================================================[0m
[1m[96mNBA 3PT PROPS A.I. MODEL[0m
[1m[96m================================================================================[0m

[96m==========================================================================================[0m
[96m🎯 GRADING PENDING PICKS[0m
[96m==========================================================================================[0m

[93m📋 Found 8 pending picks...[0m

  Fetching team stats to verify completed games for 2025-12-16...
[96m  Fetching batch stats for 12/16/2025...[0m
  Fetching team stats to verify completed games for 2026-01-04...

[93mNo picks ready for grading yet[0m

[96mFetching REAL NBA player 3-pointers statistics...[0m
[92m✓ Using cached player 3-pointers stats (less than 6 hours old)[0m

[96mFetching opponent 3-pointers factors...[0m
[92m✓ Using cached 3-pointers factors[0m

[96mFetching player 3-pointers prop odds...[0m
[96m  Found 8 upcoming games[0m
[96m  Filtered to 7 upcoming games[0m
[96m  Game 1/8: Indiana Pacers @ Orlando Magic[0m
[96m  Game 2/8: Denver Nuggets @ Brooklyn Nets[0m
[96m  Game 3/8: New Orleans Pelicans @ Miami Heat[0m
[96m  Game 4/8: Minnesota Timberwolves @ Washington Wizards[0m
[96m  Game 5/8: Oklahoma City Thunder @ Phoenix Suns[0m
[96m  Game 6/8: Milwaukee Bucks @ Sacramento Kings[0m
[96m  Game 7/8: Memphis Grizzlies @ Los Angeles Lakers[0m
[92m✓ Fetched 62 player 3-pointers props (grouped)[0m

[96mAnalyzing 62 player props with REAL stats...[0m
[92m✓ Found 5 top OVER plays (A.I. Score >= 7.5)[0m
[92m✓ Found 2 top UNDER plays (A.I. Score >= 7.5)[0m
[93m  Skipped 2 props (no player stats found)[0m
[93m  Skipped 113 props (score below 7.5 or failed checks)[0m

[96m==========================================================================================[0m
[96m📊 TRACKING NEW PICKS[0m
[96m==========================================================================================[0m
[92m✓ Tracked 1 new picks[0m
[93m✓ Updated odds for 5 existing picks[0m

[1m[92m================================================================================[0m
[1m[92mTOP OVER PLAYS[0m
[1m[92m================================================================================[0m
  [96m 1. Bobby Portis             [0m | [92mOVER 1.5 3PT   [0m | Milwaukee Bucks           vs Sacramento Kings          | [1mA.I.: 9.20[0m | Rating: 4.9 ⭐⭐
  [96m 2. Jamal Murray             [0m | [92mOVER 2.5 3PT   [0m | Denver Nuggets            vs Brooklyn Nets             | [1mA.I.: 10.00[0m | Rating: 3.8 ⭐
  [96m 3. Donte DiVincenzo         [0m | [92mOVER 2.5 3PT   [0m | Minnesota Timberwolves    vs Washington Wizards        | [1mA.I.: 7.78[0m | Rating: 3.7 ⭐
  [96m 4. Carlton Carrington       [0m | [92mOVER 1.5 3PT   [0m | Washington Wizards        vs Minnesota Timberwolves    | [1mA.I.: 8.61[0m | Rating: 3.2 ⭐
  [96m 5. Collin Gillespie         [0m | [92mOVER 2.5 3PT   [0m | Phoenix Suns              vs Oklahoma City Thunder     | [1mA.I.: 8.30[0m | Rating: 2.8 

[1m[91m================================================================================[0m
[1m[91mTOP UNDER PLAYS[0m
[1m[91m================================================================================[0m
  [96m 1. Tyus Jones               [0m | [91mUNDER 1.5 3PT  [0m | Orlando Magic             vs Indiana Pacers            | [1mA.I.: 10.00[0m | Rating: 2.5 
  [96m 2. Paolo Banchero           [0m | [91mUNDER 1.5 3PT  [0m | Orlando Magic             vs Indiana Pacers            | [1mA.I.: 9.66[0m | Rating: 2.5 

[96mGenerating HTML report...[0m

[92m✓ HTML report saved: /Users/rico/sports-models/nba/nba_3pt_props.html[0m

[1m[92m================================================================================[0m
[1m[92m✓ Model execution complete![0m
[1m[92m================================================================================[0m

✅ Completed: nba_3pt_props at Sun Jan  4 15:00:30 EST 2026

📤 Auto-pushing model outputs to GitHub...
[main fb37797] Update model outputs - 2026-01-04 15:00:30
 Committer: Ricardo Hill <rico@Ricos-M1-Mac-2.local>
Your name and email address were configured automatically based
on your username and hostname. Please check that they are accurate.
You can suppress this message by setting them explicitly. Run the
following command and follow the instructions in your editor to edit
your configuration file:

    git config --global --edit

After doing this, you may fix the identity used for this commit with:

    git commit --amend --reset-author

 2 files changed, 202 insertions(+), 36 deletions(-)
To https://github.com/BangLetsGetIt/NBA-NCAA-Betting-Models.git
   7313b61..fb37797  main -> main
✅ Successfully pushed to GitHub!
✅ Auto-push succeeded at Sun Jan  4 15:00:31 EST 2026
