============================================================
Scheduler run: nba_rebounds_props
Time: Fri Jan  2 18:10:05 EST 2026
Working dir: /Users/rico/sports-models/nba
Script: nba_rebounds_props_model.py
============================================================

[1m[96m================================================================================[0m
[1m[96mNBA REBOUNDS PROPS A.I. MODEL[0m
[1m[96m================================================================================[0m

[96m==========================================================================================[0m
[96m🎯 GRADING PENDING PICKS[0m
[96m==========================================================================================[0m

[93m📋 Found 20 pending picks...[0m

  Fetching team stats to verify completed games for 2025-12-16...
[96m  Fetching batch stats for 12/16/2025...[0m
  Fetching team stats to verify completed games for 2025-12-30...
[96m  Fetching batch stats for 12/30/2025...[0m
  Fetching team stats to verify completed games for 2026-01-01...
[96m  Fetching batch stats for 01/01/2026...[0m
  Fetching team stats to verify completed games for 2026-01-02...

[93mNo picks ready for grading yet[0m

[96mFetching REAL NBA player rebounding statistics...[0m
[92m✓ Using cached player rebounding stats (less than 6 hours old)[0m

[96mFetching opponent rebounding factors...[0m
[92m✓ Using cached rebounding factors[0m

[96mFetching player rebounds prop odds...[0m
[96m  Found 11 upcoming games[0m
[96m  Filtered to 11 upcoming games[0m
[96m  Game 1/10: Brooklyn Nets @ Washington Wizards[0m
[96m  Game 2/10: San Antonio Spurs @ Indiana Pacers[0m
[96m  Game 3/10: Atlanta Hawks @ New York Knicks[0m
[96m  Game 4/10: Denver Nuggets @ Cleveland Cavaliers[0m
[96m  Game 5/10: Charlotte Hornets @ Milwaukee Bucks[0m
[96m  Game 6/10: Orlando Magic @ Chicago Bulls[0m
[96m  Game 7/10: Portland Trail Blazers @ New Orleans Pelicans[0m
[96m  Game 8/10: Sacramento Kings @ Phoenix Suns[0m
[96m  Game 9/10: Oklahoma City Thunder @ Golden State Warriors[0m
[96m  Game 10/10: Memphis Grizzlies @ Los Angeles Lakers[0m
[92m✓ Fetched 136 player rebounds props (grouped)[0m

[96mAnalyzing 136 player props with REAL stats...[0m
[92m✓ Found 0 top OVER plays (A.I. Score >= 10.0)[0m
[92m✓ Found 8 top UNDER plays (A.I. Score >= 10.0)[0m
[93m  Skipped 6 props (no player stats found)[0m
[93m  Skipped 252 props (score below 10.0 or failed checks)[0m

[96m==========================================================================================[0m
[96m📊 TRACKING NEW PICKS[0m
[96m==========================================================================================[0m
[92m✓ Tracked 2 new picks[0m
[93m✓ Updated odds for 4 existing picks[0m

[1m[92m================================================================================[0m
[1m[92mTOP OVER PLAYS[0m
[1m[92m================================================================================[0m

[1m[91m================================================================================[0m
[1m[91mTOP UNDER PLAYS[0m
[1m[91m================================================================================[0m
  [96m 1. Danny Wolf               [0m | [91mUNDER 5.5 REB  [0m | Brooklyn Nets             vs Washington Wizards        | [1mA.I.: 10.00[0m | Rating: 4.9 ⭐⭐
  [96m 2. Jalen Smith              [0m | [91mUNDER 8.5 REB  [0m | Chicago Bulls             vs Orlando Magic             | [1mA.I.: 10.00[0m | Rating: 4.9 ⭐⭐
  [96m 3. Jarrett Allen            [0m | [91mUNDER 9.5 REB  [0m | Cleveland Cavaliers       vs Denver Nuggets            | [1mA.I.: 10.00[0m | Rating: 4.9 ⭐⭐
  [96m 4. Peyton Watson            [0m | [91mUNDER 6.5 REB  [0m | Denver Nuggets            vs Cleveland Cavaliers       | [1mA.I.: 10.00[0m | Rating: 3.9 ⭐
  [96m 5. Jake LaRavia             [0m | [91mUNDER 5.5 REB  [0m | Los Angeles Lakers        vs Memphis Grizzlies         | [1mA.I.: 10.00[0m | Rating: 3.9 ⭐
  [96m 6. Harrison Barnes          [0m | [91mUNDER 4.5 REB  [0m | San Antonio Spurs         vs Indiana Pacers            | [1mA.I.: 10.00[0m | Rating: 3.0 ⭐
  [96m 7. Sam Merrill              [0m | [91mUNDER 3.5 REB  [0m | Cleveland Cavaliers       vs Denver Nuggets            | [1mA.I.: 10.00[0m | Rating: 3.0 ⭐
  [96m 8. Andrew Nembhard          [0m | [91mUNDER 3.5 REB  [0m | Indiana Pacers            vs San Antonio Spurs         | [1mA.I.: 10.00[0m | Rating: 2.7 

[96mGenerating HTML report...[0m

[92m✓ HTML report saved: /Users/rico/sports-models/nba/nba_rebounds_props.html[0m

[1m[92m================================================================================[0m
[1m[92m✓ Model execution complete![0m
[1m[92m================================================================================[0m

✅ Completed: nba_rebounds_props at Fri Jan  2 18:10:10 EST 2026

📤 Auto-pushing model outputs to GitHub...
[main 871bd9e] Update model outputs - 2026-01-02 18:10:10
 Committer: Ricardo Hill <rico@Ricos-M1-Mac-2.local>
Your name and email address were configured automatically based
on your username and hostname. Please check that they are accurate.
You can suppress this message by setting them explicitly. Run the
following command and follow the instructions in your editor to edit
your configuration file:

    git config --global --edit

After doing this, you may fix the identity used for this commit with:

    git commit --amend --reset-author

 2 files changed, 128 insertions(+), 84 deletions(-)
To https://github.com/BangLetsGetIt/NBA-NCAA-Betting-Models.git
   637b090..871bd9e  main -> main
✅ Successfully pushed to GitHub!
✅ Auto-push succeeded at Fri Jan  2 18:10:10 EST 2026
