==========================================
NBA Rebounds Props Model Run: Sun Dec 28 06:00:02 EST 2025
==========================================
Running NBA Rebounds Props model...

[1m[96m================================================================================[0m
[1m[96mNBA REBOUNDS PROPS A.I. MODEL[0m
[1m[96m================================================================================[0m

[96m==========================================================================================[0m
[96m🎯 GRADING PENDING PICKS[0m
[96m==========================================================================================[0m

[93m📋 Found 10 pending picks...[0m

  Fetching team stats to verify completed games for 2025-12-16...
[96m  Fetching batch stats for 12/16/2025...[0m
  Fetching team stats to verify completed games for 2025-12-28...

[93mNo picks ready for grading yet[0m

[96mFetching REAL NBA player rebounding statistics...[0m
[92m✓ Using cached player rebounding stats (less than 6 hours old)[0m

[96mFetching opponent rebounding factors...[0m
[92m✓ Using cached rebounding factors[0m

[96mFetching player rebounds prop odds...[0m
[96m  Found 7 upcoming games[0m
[96m  Filtered to 7 upcoming games[0m
[96m  Game 1/7: Golden State Warriors @ Toronto Raptors[0m
[96m  Game 2/7: Philadelphia 76ers @ Oklahoma City Thunder[0m
[96m  Game 3/7: Boston Celtics @ Portland Trail Blazers[0m
[96m  Game 4/7: Memphis Grizzlies @ Washington Wizards[0m
[96m  Game 5/7: Detroit Pistons @ Los Angeles Clippers[0m
[96m  Game 6/7: Sacramento Kings @ Los Angeles Lakers[0m
[96m  Game 7/7: Cleveland Cavaliers @ San Antonio Spurs[0m
[92m✓ Fetched 79 player rebounds props (grouped)[0m

[96mAnalyzing 79 player props with REAL stats...[0m
[92m✓ Found 1 top OVER plays (A.I. Score >= 10.0)[0m
[92m✓ Found 4 top UNDER plays (A.I. Score >= 10.0)[0m
[93m  Skipped 1 props (no player stats found)[0m
[93m  Skipped 151 props (score below 10.0 or failed checks)[0m

[96m==========================================================================================[0m
[96m📊 TRACKING NEW PICKS[0m
[96m==========================================================================================[0m
[92m✓ Tracked 1 new picks[0m
[93m✓ Updated odds for 4 existing picks[0m

[1m[92m================================================================================[0m
[1m[92mTOP OVER PLAYS[0m
[1m[92m================================================================================[0m
  [96m 1. Isaiah Hartenstein       [0m | [92mOVER 9.5 REB   [0m | Oklahoma City Thunder     vs Philadelphia 76ers        | [1mA.I.: 10.00[0m | Rating: 4.9 ⭐⭐

[1m[91m================================================================================[0m
[1m[91mTOP UNDER PLAYS[0m
[1m[91m================================================================================[0m
  [96m 1. Brook Lopez              [0m | [91mUNDER 4.5 REB  [0m | Los Angeles Clippers      vs Detroit Pistons           | [1mA.I.: 10.00[0m | Rating: 4.9 ⭐⭐
  [96m 2. Andre Drummond           [0m | [91mUNDER 10.5 REB [0m | Philadelphia 76ers        vs Oklahoma City Thunder     | [1mA.I.: 10.00[0m | Rating: 4.9 ⭐⭐
  [96m 3. Sandro Mamukelashvili    [0m | [91mUNDER 8.5 REB  [0m | Toronto Raptors           vs Golden State Warriors     | [1mA.I.: 10.00[0m | Rating: 4.6 ⭐⭐
  [96m 4. Keon Ellis               [0m | [91mUNDER 2.5 REB  [0m | Los Angeles Lakers        vs Sacramento Kings          | [1mA.I.: 10.00[0m | Rating: 4.2 ⭐⭐

[96mGenerating HTML report...[0m

[92m✓ HTML report saved: /Users/rico/sports-models/nba/nba_rebounds_props.html[0m

[1m[92m================================================================================[0m
[1m[92m✓ Model execution complete![0m
[1m[92m================================================================================[0m


==========================================
✅ Model completed successfully!
==========================================

📤 Pushing updates to GitHub...
