==========================================
NBA 3PT Props Model Run: Fri Jan  9 05:14:19 EST 2026
==========================================
Running NBA 3PT Props model...

[1m[96m================================================================================[0m
[1m[96mNBA 3PT PROPS A.I. MODEL[0m
[1m[96m================================================================================[0m

[96m==========================================================================================[0m
[96m🎯 GRADING PENDING PICKS[0m
[96m==========================================================================================[0m

[93m📋 Found 13 pending picks...[0m

  Fetching team stats to verify completed games for 2025-12-16...
[96m  Fetching batch stats for 12/16/2025...[0m
  Fetching team stats to verify completed games for 2026-01-08...
[96m  Fetching batch stats for 01/08/2026...[0m
  Fetching team stats to verify completed games for 2026-01-09...

[93mNo picks ready for grading yet[0m

[96mFetching REAL NBA player 3-pointers statistics...[0m
[92m✓ Using cached player 3-pointers stats (less than 6 hours old)[0m

[96mFetching opponent 3-pointers factors...[0m
[92m✓ Using cached 3-pointers factors[0m

[96mFetching player 3-pointers prop odds...[0m
[96m  Found 10 upcoming games[0m
[96m  Filtered to 10 upcoming games[0m
[96m  Game 1/10: Toronto Raptors @ Boston Celtics[0m
[96m  Game 2/10: New Orleans Pelicans @ Washington Wizards[0m
[96m  Game 3/10: Philadelphia 76ers @ Orlando Magic[0m
[96m  Game 4/10: Los Angeles Clippers @ Brooklyn Nets[0m
[96m  Game 5/10: Oklahoma City Thunder @ Memphis Grizzlies[0m
[96m  Game 6/10: Atlanta Hawks @ Denver Nuggets[0m
[96m  Game 7/10: New York Knicks @ Phoenix Suns[0m
[96m  Game 8/10: Sacramento Kings @ Golden State Warriors[0m
[96m  Game 9/10: Houston Rockets @ Portland Trail Blazers[0m
[96m  Game 10/10: Milwaukee Bucks @ Los Angeles Lakers[0m
[92m✓ Fetched 101 player 3-pointers props (grouped)[0m

[96mAnalyzing 101 player props with REAL stats...[0m
[92m✓ Found 3 top OVER plays (A.I. Score >= 7.5)[0m
[92m✓ Found 3 top UNDER plays (A.I. Score >= 7.5)[0m
[93m  Skipped 4 props (no player stats found)[0m
[93m  Skipped 188 props (score below 7.5 or failed checks)[0m

[96m==========================================================================================[0m
[96m📊 TRACKING NEW PICKS[0m
[96m==========================================================================================[0m
[93m✓ Updated odds for 4 existing picks[0m

[1m[92m================================================================================[0m
[1m[92mTOP OVER PLAYS[0m
[1m[92m================================================================================[0m
  [96m 1. Miles McBride            [0m | [92mOVER 2.5 3PT   [0m | New York Knicks           vs Phoenix Suns              | [1mA.I.: 9.30[0m | Rating: 4.9 ⭐⭐
  [96m 2. Jalen Brunson            [0m | [92mOVER 2.5 3PT   [0m | New York Knicks           vs Phoenix Suns              | [1mA.I.: 9.00[0m | Rating: 3.1 ⭐
  [96m 3. VJ Edgecombe             [0m | [92mOVER 1.5 3PT   [0m | Philadelphia 76ers        vs Orlando Magic             | [1mA.I.: 7.83[0m | Rating: 2.4 

[1m[91m================================================================================[0m
[1m[91mTOP UNDER PLAYS[0m
[1m[91m================================================================================[0m
  [96m 1. Joel Embiid              [0m | [91mUNDER 1.5 3PT  [0m | Philadelphia 76ers        vs Orlando Magic             | [1mA.I.: 7.62[0m | Rating: 4.1 ⭐⭐
  [96m 2. Isaiah Joe               [0m | [91mUNDER 3.5 3PT  [0m | Oklahoma City Thunder     vs Memphis Grizzlies         | [1mA.I.: 9.50[0m | Rating: 3.7 ⭐
  [96m 3. Brandon Ingram           [0m | [91mUNDER 2.5 3PT  [0m | Toronto Raptors           vs Boston Celtics            | [1mA.I.: 8.24[0m | Rating: 3.5 ⭐

[96mGenerating HTML report...[0m

[92m✓ HTML report saved: /Users/rico/sports-models/nba/nba_3pt_props.html[0m

[1m[92m================================================================================[0m
[1m[92m✓ Model execution complete![0m
[1m[92m================================================================================[0m


==========================================
✅ Model completed successfully!
==========================================

📤 Pushing updates to GitHub...
