============================================================
Scheduler run: nba_3pt_props
Time: Sat Jan 24 10:00:02 EST 2026
Working dir: /Users/rico/sports-models/nba
Script: nba_3pt_props_model.py
============================================================

[1m[96m================================================================================[0m
[1m[96mNBA 3PT PROPS A.I. MODEL[0m
[1m[96m================================================================================[0m

[96m==========================================================================================[0m
[96m🎯 GRADING PENDING PICKS[0m
[96m==========================================================================================[0m

[93m📋 Found 9 pending picks...[0m

  Fetching team stats to verify completed games for 2025-12-16...
[96m  Fetching batch stats for 12/16/2025...[0m
  Fetching team stats to verify completed games for 2026-01-08...
[96m  Fetching batch stats for 01/08/2026...[0m
  Fetching team stats to verify completed games for 2026-01-14...
[96m  Fetching batch stats for 01/14/2026...[0m
  Fetching team stats to verify completed games for 2026-01-24...

[93mNo picks ready for grading yet[0m

[96mFetching REAL NBA player 3-pointers statistics...[0m
[92m✓ Using cached player 3-pointers stats (less than 6 hours old)[0m

[96mFetching opponent 3-pointers factors...[0m
[92m✓ Using cached 3-pointers factors[0m

[96mFetching player 3-pointers prop odds...[0m
[96m  Found 7 upcoming games[0m
[96m  Filtered to 7 upcoming games[0m
[96m  Game 1/7: Washington Wizards @ Charlotte Hornets[0m
[96m  Game 2/7: New York Knicks @ Philadelphia 76ers[0m
[96m  Game 3/7: Golden State Warriors @ Minnesota Timberwolves[0m
[96m  Game 4/7: Cleveland Cavaliers @ Orlando Magic[0m
[96m  Game 5/7: Boston Celtics @ Chicago Bulls[0m
[96m  Game 6/7: Los Angeles Lakers @ Dallas Mavericks[0m
[96m  Game 7/7: Miami Heat @ Utah Jazz[0m
[92m✓ Fetched 68 player 3-pointers props (grouped)[0m

[96mAnalyzing 68 player props with REAL stats...[0m
[92m✓ Found 4 top OVER plays (A.I. Score >= 7.5)[0m
[92m✓ Found 1 top UNDER plays (A.I. Score >= 7.5)[0m
[93m  Skipped 2 props (no player stats found)[0m
[93m  Skipped 127 props (score below 7.5 or failed checks)[0m

[96m==========================================================================================[0m
[96m📊 TRACKING NEW PICKS[0m
[96m==========================================================================================[0m
[96mNo new picks to track[0m

[1m[92m================================================================================[0m
[1m[92mTOP OVER PLAYS[0m
[1m[92m================================================================================[0m
  [96m 1. Miles McBride            [0m | [92mOVER 2.5 3PT   [0m | New York Knicks           vs Philadelphia 76ers        | [1mA.I.: 9.30[0m | Rating: 4.9 ⭐⭐
  [96m 2. Klay Thompson            [0m | [92mOVER 2.5 3PT   [0m | Dallas Mavericks          vs Los Angeles Lakers        | [1mA.I.: 9.30[0m | Rating: 4.8 ⭐⭐
  [96m 3. Moses Moody              [0m | [92mOVER 1.5 3PT   [0m | Golden State Warriors     vs Minnesota Timberwolves    | [1mA.I.: 9.04[0m | Rating: 2.4 
  [96m 4. Norman Powell            [0m | [92mOVER 2.5 3PT   [0m | Miami Heat                vs Utah Jazz                 | [1mA.I.: 8.30[0m | Rating: 2.3 

[1m[91m================================================================================[0m
[1m[91mTOP UNDER PLAYS[0m
[1m[91m================================================================================[0m
  [96m 1. Pelle Larsson            [0m | [91mUNDER 1.5 3PT  [0m | Miami Heat                vs Utah Jazz                 | [1mA.I.: 8.10[0m | Rating: 2.4 

[96mGenerating HTML report...[0m

[92m✓ HTML report saved: /Users/rico/sports-models/nba/nba_3pt_props.html[0m

[1m[92m================================================================================[0m
[1m[92m✓ Model execution complete![0m
[1m[92m================================================================================[0m

✅ Completed: nba_3pt_props at Sat Jan 24 10:00:08 EST 2026

📤 Auto-pushing model outputs to GitHub...
No changes to commit
✅ Auto-push succeeded at Sat Jan 24 10:00:08 EST 2026
