============================================================
Scheduler run: nba_main_model
Time: Sun Jan 11 15:20:05 EST 2026
Working dir: /Users/rico/sports-models/nba
Script: nba_model_IMPROVED.py
============================================================

[1m==========================================================================================[0m
[1m[96m🎲 IMPROVED NBA BETTING MODEL 🎲[0m
[1m[92m⚡ Enhanced Stats + Rest Days + Stricter Filters ⚡[0m
[1m==========================================================================================[0m

[1m[96mSTEP 1: Checking for Completed Games[0m

[96m==========================================================================================[0m
[96m🔄 UPDATING RESULTS FOR COMPLETED GAMES[0m
[96m==========================================================================================[0m

[93m📋 Checking 13 pending picks...[0m
[96mFetching completed NBA game scores (via NBA API)...[0m
[92m✓ Found 16 completed games (Free API)[0m
[92m✓ Tracking data saved to /Users/rico/sports-models/nba/nba_picks_tracking.json[0m
[93mNo picks were updated (games may not be complete yet)[0m
[92m✓ Tracking dashboard saved: /Users/rico/sports-models/nba/nba_tracking_dashboard.html[0m

[1m[96mSTEP 2: Fetching Composite Stats (Season + Form)[0m
[92m✓ Using cached composite stats (less than 6 hours old)[0m

[1m[96mSTEP 3: Fetching Home/Away Splits[0m
[92m✓ Using cached home/away splits (less than 6 hours old)[0m

[1m[96mSTEP 4: Fetching Team Schedules (Rest Days)[0m

[1m[96mSTEP 5: Fetching Live Odds (Next 2 Days)[0m
[93mℹ️  Skipped 1 games that have already started/finished.[0m
[92m✓ Fetched odds for 10 total games[0m
[92m✓ Filtered to 9 games in next 2 days[0m

[1m[96mSTEP 6: Processing Games & Generating Picks[0m

[92m✓ Tracking data saved to /Users/rico/sports-models/nba/nba_picks_tracking.json[0m
[92m✓ Updated CLV data for existing picks[0m

[1m[92m✅ Analyzed 9 games with complete odds[0m

[93m📊 All picks sorted by A.I. Rating (quality/confidence first)[0m


[1m==========================================================================================[0m
[1m[93m🏀 NBA MODEL PREDICTIONS 🏀[0m
[1m==========================================================================================[0m

[1m[96mMilwaukee Bucks @ Denver Nuggets[0m
  🕐 01/11/26 08:10 PM EST
  [92m[1m🎯 A.I. Rating: 4.9 ⭐⭐ (PREMIUM PLAY)[0m
  [92m✅ GOOD: Denver Nuggets - Good record: 3-2 (60%) | +0.80u over 5 picks[0m
  📊 Spread: Market +2.5 | Model +9.7
  🎯 Total: Market 219.5 | Model 241.4
  [92m✅ BET: Denver Nuggets +2.5[0m
     [96mModel projects Denver Nuggets to win outright, easily covering +2.5.[0m
  [92m✅ BET: OVER 219.5[0m
     [96mModel projects 241 total points, bet the OVER[0m
  📈 Predicted: Milwaukee Bucks 116, Denver Nuggets 126

[1m[96mBrooklyn Nets @ Memphis Grizzlies[0m
  🕐 01/11/26 03:40 PM EST
  [92m[1m🎯 A.I. Rating: 4.9 ⭐⭐ (PREMIUM PLAY)[0m
  [93m📉 NEUTRAL-: Memphis Grizzlies - Slightly below average: 5-7 (42%) | -2.70u over 12 picks[0m
  📊 Spread: Market -7.5 | Model +15.9
  🎯 Total: Market 221.0 | Model 237.4
  [92m✅ BET: Memphis Grizzlies -7.5[0m
     [96mModel projects Memphis Grizzlies to win by 15.9, covering -7.5.[0m
  [92m✅ BET: OVER 221.0[0m
     [96mModel projects 237 total points, bet the OVER[0m
  📈 Predicted: Brooklyn Nets 111, Memphis Grizzlies 127

[1m[96mHouston Rockets @ Sacramento Kings[0m
  🕐 01/11/26 09:10 PM EST
  [92m[1m🎯 A.I. Rating: 4.9 ⭐⭐ (PREMIUM PLAY)[0m
  [93m⚠️ CAUTION: Sacramento Kings - Below average: 4-6 (40%) | -2.60u over 10 picks[0m
  📊 Spread: Market +14.0 | Model +1.0
  🎯 Total: Market 222.0 | Model 236.8
  [92m✅ BET: Sacramento Kings +14.0[0m
     [96mModel projects Sacramento Kings to win outright, easily covering +14.0.[0m
  [92m✅ BET: OVER 222.0[0m
     [96mModel projects 237 total points, bet the OVER[0m
  📈 Predicted: Houston Rockets 118, Sacramento Kings 119

[1m[96mPhiladelphia 76ers @ Toronto Raptors[0m
  🕐 01/11/26 06:10 PM EST
  [92m[1m🎯 A.I. Rating: 4.8 ⭐⭐ (PREMIUM PLAY)[0m
  📊 Spread: Market +2.5 | Model +5.6
  🎯 Total: Market 220.5 | Model 234.4
  [92m✅ BET: Toronto Raptors +2.5[0m
     [96mModel projects Toronto Raptors to win outright, easily covering +2.5.[0m
  [92m✅ BET: OVER 220.5[0m
     [96mModel projects 234 total points, bet the OVER[0m
  📈 Predicted: Philadelphia 76ers 114, Toronto Raptors 120

[1m[96mSan Antonio Spurs @ Minnesota Timberwolves[0m
  🕐 01/11/26 07:10 PM EST
  [92m[1m🎯 A.I. Rating: 4.3 ⭐⭐ (STRONG PLAY)[0m
  [92m✅ GOOD: Minnesota Timberwolves - Good record: 4-2 (67%) | +1.71u over 6 picks[0m
  📊 Spread: Market -2.0 | Model +13.8
  🎯 Total: Market 233.5 | Model 234.2
  [92m✅ BET: Minnesota Timberwolves -2.0[0m
     [96mModel projects Minnesota Timberwolves to win by 13.8, covering -2.0.[0m
  [93m⚠️ NO BET - Too close to call[0m
  📈 Predicted: San Antonio Spurs 110, Minnesota Timberwolves 124

[1m[96mWashington Wizards @ Phoenix Suns[0m
  🕐 01/11/26 08:10 PM EST
  [93m[1m🎯 A.I. Rating: 3.3 ⭐ (STANDARD PLAY)[0m
  📊 Spread: Market -15.0 | Model +14.3
  🎯 Total: Market 230.0 | Model 236.7
  [93m⚠️ NO BET - Too close to call[0m
     [96mEdge too small (-0.7)[0m
  [92m✅ BET: OVER 230.0[0m
     [96mModel projects 237 total points, bet the OVER[0m
  📈 Predicted: Washington Wizards 111, Phoenix Suns 126

[1m[96mNew York Knicks @ Portland Trail Blazers[0m
  🕐 01/11/26 06:10 PM EST
  [93m[1m🎯 A.I. Rating: 3.3 ⭐ (STANDARD PLAY)[0m
  [92m🔥 HOT: Portland Trail Blazers - Strong performer: 5-1 (83%) | +3.90u over 6 picks[0m
  📊 Spread: Market +5.0 | Model +1.2
  🎯 Total: Market 229.5 | Model 231.8
  [92m✅ BET: Portland Trail Blazers +5.0[0m
     [96mModel projects Portland Trail Blazers to win outright, easily covering +5.0.[0m
  [93m⚠️ NO BET - Too close to call[0m
  📈 Predicted: New York Knicks 115, Portland Trail Blazers 116

[1m[96mMiami Heat @ Oklahoma City Thunder[0m
  🕐 01/11/26 07:10 PM EST
  [93m[1m🎯 A.I. Rating: 2.7  (MARGINAL PLAY)[0m
  📊 Spread: Market -14.5 | Model +17.2
  🎯 Total: Market 235.5 | Model 237.1
  [93m⚠️ NO BET - Too close to call[0m
     [96mEdge too small (+2.7)[0m
  [93m⚠️ NO BET - Too close to call[0m
  📈 Predicted: Miami Heat 110, Oklahoma City Thunder 127

[1m[96mAtlanta Hawks @ Golden State Warriors[0m
  🕐 01/11/26 08:40 PM EST
  [93m[1m🎯 A.I. Rating: 2.5  (MARGINAL PLAY)[0m
  📊 Spread: Market -6.0 | Model +7.3
  🎯 Total: Market 237.5 | Model 238.9
  [93m⚠️ NO BET - Too close to call[0m
     [96mEdge too small (+1.3)[0m
  [93m⚠️ NO BET - Too close to call[0m
  📈 Predicted: Atlanta Hawks 116, Golden State Warriors 123

[92m✓ CSV saved: /Users/rico/sports-models/nba/nba_model_output.csv[0m
[92m✓ HTML saved: /Users/rico/sports-models/nba/nba_model_output.html[0m

[1m[96mSTEP 7: Generating Final Tracking Dashboard[0m
[92m✓ Tracking dashboard saved: /Users/rico/sports-models/nba/nba_tracking_dashboard.html[0m

[1m==========================================================================================[0m
[1m[93m📊 TRACKING SUMMARY 📊[0m
[1m==========================================================================================[0m
[92mTotal Tracked Bets: 340[0m
[92mRecord: 173-152-2[0m
[92mWin Rate: 53.2%[0m
[92mProfit: +4.96 units[0m
[92mROI: +1.4%[0m
[1m==========================================================================================[0m

[96mUpdating unified dashboard...[0m
[92m✓ Dashboard updated[0m

✅ Completed: nba_main_model at Sun Jan 11 15:20:10 EST 2026

📤 Auto-pushing model outputs to GitHub...
[main 063bce7] Update model outputs - 2026-01-11 15:20:10
 Committer: Ricardo Hill <rico@MacBookAir.lan>
Your name and email address were configured automatically based
on your username and hostname. Please check that they are accurate.
You can suppress this message by setting them explicitly. Run the
following command and follow the instructions in your editor to edit
your configuration file:

    git config --global --edit

After doing this, you may fix the identity used for this commit with:

    git commit --amend --reset-author

 4 files changed, 72 insertions(+), 171 deletions(-)
To https://github.com/BangLetsGetIt/NBA-NCAA-Betting-Models.git
   37c3dd7..063bce7  main -> main
✅ Successfully pushed to GitHub!
✅ Auto-push succeeded at Sun Jan 11 15:20:11 EST 2026
