============================================================
Scheduler run: nba_points_props
Time: Wed Jan 14 18:03:44 EST 2026
Working dir: /Users/rico/sports-models/nba
Script: nba_points_props_model.py
============================================================

[1m[96m================================================================================[0m
[1m[96mNBA POINTS PROPS A.I. MODEL[0m
[1m[96m================================================================================[0m

[96m==========================================================================================[0m
[96m🎯 GRADING PENDING PICKS (BATCH MODE)[0m
[96m==========================================================================================[0m

[93m📋 Found 32 pending picks...[0m


[96mProcessing 9 picks for 2025-12-16...[0m
[96m  Fetching batch stats for 12/16/2025...[0m
  Fetching team stats to verify completed games for 2025-12-16...
[93m  ⚠️  No stats found for 2025-12-16 yet[0m

[96mProcessing 2 picks for 2025-12-23...[0m
[96m  Fetching batch stats for 12/23/2025...[0m
  Fetching team stats to verify completed games for 2025-12-23...
  Error fetching completed teams: HTTPSConnectionPool(host='stats.nba.com', port=443): Read timed out. (read timeout=30)

[96mProcessing 1 picks for 2026-01-03...[0m
[96m  Fetching batch stats for 01/03/2026...[0m
  Fetching team stats to verify completed games for 2026-01-03...

[96mProcessing 2 picks for 2026-01-08...[0m
[96m  Fetching batch stats for 01/08/2026...[0m
  Fetching team stats to verify completed games for 2026-01-08...

[96mProcessing 1 picks for 2026-01-09...[0m
[96m  Fetching batch stats for 01/09/2026...[0m
  Fetching team stats to verify completed games for 2026-01-09...

[96mProcessing 3 picks for 2026-01-10...[0m
[96m  Fetching batch stats for 01/10/2026...[0m
  Fetching team stats to verify completed games for 2026-01-10...

[93mNo picks ready for grading yet[0m

[96mFetching REAL NBA player points statistics...[0m
[96m  Fetching season points stats...[0m
[96m  Fetching recent form (last 10 games)...[0m
[92m✓ Fetched REAL stats for 509 players[0m

[96mFetching opponent defense factors...[0m
[92m✓ Fetched defense factors for 30 teams[0m

[96mFetching player points prop odds...[0m
[96m  Found 12 upcoming games[0m
[96m  Filtered to 12 upcoming games[0m
[96m  Game 1/10: Cleveland Cavaliers @ Philadelphia 76ers[0m
[96m  Game 2/10: Toronto Raptors @ Indiana Pacers[0m
[96m  Game 3/10: Brooklyn Nets @ New Orleans Pelicans[0m
[96m  Game 4/10: Utah Jazz @ Chicago Bulls[0m
[96m  Game 5/10: Denver Nuggets @ Dallas Mavericks[0m
[96m  Game 6/10: New York Knicks @ Sacramento Kings[0m
[96m  Game 7/10: Washington Wizards @ Los Angeles Clippers[0m
[96m  Game 8/10: Memphis Grizzlies @ Orlando Magic[0m
[96m  Game 9/10: Phoenix Suns @ Detroit Pistons[0m
[96m  Game 10/10: Boston Celtics @ Miami Heat[0m
[92m✓ Fetched 178 total player props[0m

[96mAnalyzing 178 player props with REAL stats...[0m
[92m✓ Found 10 top OVER plays (A.I. Score >= 10.0)[0m
[92m✓ Found 10 top UNDER plays (A.I. Score >= 10.0)[0m
[93m  Skipped 6 props (no player stats found)[0m
[93m  Skipped 290 props (score below 10.0)[0m

[96m==========================================================================================[0m
[96m📊 TRACKING NEW PICKS[0m
[96m==========================================================================================[0m
[92m✓ Tracked 4 new picks[0m
[93m✓ Updated odds for 6 existing picks[0m

[1m[92m================================================================================[0m
[1m[92mTOP OVER PLAYS[0m
[1m[92m================================================================================[0m
  [96m 1. Tyrese Maxey             [0m | [92mOVER 27.5 PTS  [0m | Philadelphia 76ers vs Cleveland Cavaliers | [1mA.I.: 10.00[0m | Rating: 4.9 ⭐⭐
  [96m 2. VJ Edgecombe             [0m | [92mOVER 14.5 PTS  [0m | Philadelphia 76ers vs Cleveland Cavaliers | [1mA.I.: 10.00[0m | Rating: 4.9 ⭐⭐
  [96m 3. Quentin Grimes           [0m | [92mOVER 9.5 PTS   [0m | Philadelphia 76ers vs Cleveland Cavaliers | [1mA.I.: 10.00[0m | Rating: 4.9 ⭐⭐
  [96m 4. Jaylon Tyson             [0m | [92mOVER 9.5 PTS   [0m | Cleveland Cavaliers vs Philadelphia 76ers | [1mA.I.: 10.00[0m | Rating: 4.9 ⭐⭐
  [96m 5. Sam Merrill              [0m | [92mOVER 11.5 PTS  [0m | Cleveland Cavaliers vs Philadelphia 76ers | [1mA.I.: 10.00[0m | Rating: 4.9 ⭐⭐
  [96m 6. Jordan Poole             [0m | [92mOVER 12.5 PTS  [0m | New Orleans Pelicans vs Brooklyn Nets | [1mA.I.: 10.00[0m | Rating: 4.9 ⭐⭐
  [96m 7. Trey Murphy III          [0m | [92mOVER 19.5 PTS  [0m | New Orleans Pelicans vs Brooklyn Nets | [1mA.I.: 10.00[0m | Rating: 4.9 ⭐⭐
  [96m 8. Tre Jones                [0m | [92mOVER 11.5 PTS  [0m | Chicago Bulls vs Utah Jazz | [1mA.I.: 10.00[0m | Rating: 4.9 ⭐⭐
  [96m 9. Ayo Dosunmu              [0m | [92mOVER 12.5 PTS  [0m | Chicago Bulls vs Utah Jazz | [1mA.I.: 10.00[0m | Rating: 4.9 ⭐⭐
  [96m10. Miles McBride            [0m | [92mOVER 10.5 PTS  [0m | New York Knicks vs Sacramento Kings | [1mA.I.: 10.00[0m | Rating: 4.9 ⭐⭐

[1m[91m================================================================================[0m
[1m[91mTOP UNDER PLAYS[0m
[1m[91m================================================================================[0m
  [96m 1. Jamal Shead              [0m | [91mUNDER 11.5 PTS [0m | Toronto Raptors vs Indiana Pacers | [1mA.I.: 10.00[0m | Rating: 4.9 ⭐⭐
  [96m 2. Brandon Ingram           [0m | [91mUNDER 25.5 PTS [0m | Toronto Raptors vs Indiana Pacers | [1mA.I.: 10.00[0m | Rating: 4.9 ⭐⭐
  [96m 3. Scottie Barnes           [0m | [91mUNDER 21.5 PTS [0m | Toronto Raptors vs Indiana Pacers | [1mA.I.: 10.00[0m | Rating: 4.9 ⭐⭐
  [96m 4. Collin Murray-Boyles     [0m | [91mUNDER 11.5 PTS [0m | Toronto Raptors vs Indiana Pacers | [1mA.I.: 10.00[0m | Rating: 4.9 ⭐⭐
  [96m 5. Gradey Dick              [0m | [91mUNDER 8.5 PTS  [0m | Toronto Raptors vs Indiana Pacers | [1mA.I.: 10.00[0m | Rating: 4.9 ⭐⭐
  [96m 6. Kyle Filipowski          [0m | [91mUNDER 12.5 PTS [0m | Utah Jazz vs Chicago Bulls | [1mA.I.: 10.00[0m | Rating: 4.9 ⭐⭐
  [96m 7. Cooper Flagg             [0m | [91mUNDER 22.5 PTS [0m | Dallas Mavericks vs Denver Nuggets | [1mA.I.: 10.00[0m | Rating: 4.9 ⭐⭐
  [96m 8. Daniel Gafford           [0m | [91mUNDER 9.5 PTS  [0m | Dallas Mavericks vs Denver Nuggets | [1mA.I.: 10.00[0m | Rating: 4.9 ⭐⭐
  [96m 9. Klay Thompson            [0m | [91mUNDER 13.5 PTS [0m | Dallas Mavericks vs Denver Nuggets | [1mA.I.: 10.00[0m | Rating: 4.9 ⭐⭐
  [96m10. Precious Achiuwa         [0m | [91mUNDER 8.5 PTS  [0m | Sacramento Kings vs New York Knicks | [1mA.I.: 10.00[0m | Rating: 4.9 ⭐⭐

[96mGenerating HTML report...[0m

[92m✓ HTML report saved: /Users/rico/sports-models/nba/nba_points_props.html[0m

[1m[92m================================================================================[0m
[1m[92m✓ Model execution complete![0m
[1m[92m================================================================================[0m

✅ Completed: nba_points_props at Wed Jan 14 18:11:22 EST 2026

📤 Auto-pushing model outputs to GitHub...
[main 9afcd47] Update model outputs - 2026-01-14 18:11:22
 Committer: Ricardo Hill <rico@Ricos-M1-Mac-2.local>
Your name and email address were configured automatically based
on your username and hostname. Please check that they are accurate.
You can suppress this message by setting them explicitly. Run the
following command and follow the instructions in your editor to edit
your configuration file:

    git config --global --edit

After doing this, you may fix the identity used for this commit with:

    git commit --amend --reset-author

 2 files changed, 358 insertions(+), 191 deletions(-)
To https://github.com/BangLetsGetIt/NBA-NCAA-Betting-Models.git
   0be0f2c..9afcd47  main -> main
✅ Successfully pushed to GitHub!
✅ Auto-push succeeded at Wed Jan 14 18:11:23 EST 2026
