============================================================
Scheduler run: nba_3pt_props
Time: Tue Dec 23 15:00:05 EST 2025
Working dir: /Users/rico/sports-models/nba
Script: nba_3pt_props_model.py
============================================================

[1m[96m================================================================================[0m
[1m[96mNBA 3PT PROPS A.I. MODEL[0m
[1m[96m================================================================================[0m

[96m==========================================================================================[0m
[96m🎯 GRADING PENDING PICKS[0m
[96m==========================================================================================[0m

[93m📋 Found 8 pending picks...[0m

  Fetching team stats to verify completed games for 2025-12-16...
[93m  ⚠ Could not find stats for De'Aaron Fox on 2025-12-16[0m
  Fetching team stats to verify completed games for 2025-12-23...

[93mNo picks ready for grading yet[0m

[96mFetching REAL NBA player 3-pointers statistics...[0m
[92m✓ Using cached player 3-pointers stats (less than 6 hours old)[0m

[96mFetching opponent 3-pointers factors...[0m
[92m✓ Using cached 3-pointers factors[0m

[96mFetching player 3-pointers prop odds...[0m
[96m  Found 19 upcoming games[0m
[96m  Filtered to 19 upcoming games[0m
[96m  Game 1/10: Brooklyn Nets @ Philadelphia 76ers[0m
[96m  Game 2/10: Washington Wizards @ Charlotte Hornets[0m
[96m  Game 3/10: Chicago Bulls @ Atlanta Hawks[0m
[96m  Game 4/10: New Orleans Pelicans @ Cleveland Cavaliers[0m
[96m  Game 5/10: Milwaukee Bucks @ Indiana Pacers[0m
[96m  Game 6/10: Toronto Raptors @ Miami Heat[0m
[96m  Game 7/10: Denver Nuggets @ Dallas Mavericks[0m
[96m  Game 8/10: New York Knicks @ Minnesota Timberwolves[0m
[96m  Game 9/10: Oklahoma City Thunder @ San Antonio Spurs[0m
[96m  Game 10/10: Los Angeles Lakers @ Phoenix Suns[0m
[92m✓ Fetched 95 player 3-pointers props (grouped)[0m

[96mAnalyzing 95 player props with REAL stats...[0m
[92m✓ Found 5 top OVER plays (A.I. Score >= 7.5)[0m
[92m✓ Found 2 top UNDER plays (A.I. Score >= 7.5)[0m
[93m  Skipped 4 props (no player stats found)[0m
[93m  Skipped 175 props (score below 7.5 or failed checks)[0m

[96m==========================================================================================[0m
[96m📊 TRACKING NEW PICKS[0m
[96m==========================================================================================[0m
[92m✓ Tracked 1 new picks[0m
[93m✓ Updated odds for 5 existing picks[0m

[1m[92m================================================================================[0m
[1m[92mTOP OVER PLAYS[0m
[1m[92m================================================================================[0m
  [96m 1. A.J. Green               [0m | [92mOVER 2.5 3PT   [0m | Indiana Pacers            vs Milwaukee Bucks           | [1mA.I.: 8.30[0m | Rating: 3.3 ⭐
  [96m 2. Tre Johnson              [0m | [92mOVER 1.5 3PT   [0m | Charlotte Hornets         vs Washington Wizards        | [1mA.I.: 8.00[0m | Rating: 3.2 ⭐
  [96m 3. Kevin Porter Jr.         [0m | [92mOVER 1.5 3PT   [0m | Indiana Pacers            vs Milwaukee Bucks           | [1mA.I.: 10.00[0m | Rating: 2.7 
  [96m 4. Jamal Murray             [0m | [92mOVER 2.5 3PT   [0m | Denver Nuggets            vs Dallas Mavericks          | [1mA.I.: 8.80[0m | Rating: 2.7 
  [96m 5. Donovan Mitchell         [0m | [92mOVER 3.5 3PT   [0m | Cleveland Cavaliers       vs New Orleans Pelicans      | [1mA.I.: 8.60[0m | Rating: 2.4 

[1m[91m================================================================================[0m
[1m[91mTOP UNDER PLAYS[0m
[1m[91m================================================================================[0m
  [96m 1. Jordan Clarkson          [0m | [91mUNDER 2.5 3PT  [0m | Minnesota Timberwolves    vs New York Knicks           | [1mA.I.: 9.66[0m | Rating: 3.1 ⭐
  [96m 2. Devin Booker             [0m | [91mUNDER 2.5 3PT  [0m | Phoenix Suns              vs Los Angeles Lakers        | [1mA.I.: 10.00[0m | Rating: 2.9 

[96mGenerating HTML report...[0m

[92m✓ HTML report saved: /Users/rico/sports-models/nba/nba_3pt_props.html[0m

[1m[92m================================================================================[0m
[1m[92m✓ Model execution complete![0m
[1m[92m================================================================================[0m

✅ Completed: nba_3pt_props at Tue Dec 23 15:00:44 EST 2025

📤 Auto-pushing model outputs to GitHub...
[main 59f0cc5] Update model outputs - 2025-12-23 15:00:44
 Committer: Ricardo Hill <rico@Ricos-M1-Mac-2.local>
Your name and email address were configured automatically based
on your username and hostname. Please check that they are accurate.
You can suppress this message by setting them explicitly. Run the
following command and follow the instructions in your editor to edit
your configuration file:

    git config --global --edit

After doing this, you may fix the identity used for this commit with:

    git commit --amend --reset-author

 2 files changed, 104 insertions(+), 84 deletions(-)
To https://github.com/BangLetsGetIt/NBA-NCAA-Betting-Models.git
   783730e..59f0cc5  main -> main
✅ Successfully pushed to GitHub!
✅ Auto-push succeeded at Tue Dec 23 15:00:44 EST 2025
