==========================================
NBA 3PT Props Model Run: Sun Jan  4 05:00:04 EST 2026
==========================================
Running NBA 3PT Props model...

[1m[96m================================================================================[0m
[1m[96mNBA 3PT PROPS A.I. MODEL[0m
[1m[96m================================================================================[0m

[96m==========================================================================================[0m
[96m🎯 GRADING PENDING PICKS[0m
[96m==========================================================================================[0m

[93m📋 Found 8 pending picks...[0m

  Fetching team stats to verify completed games for 2025-12-16...
[96m  Fetching batch stats for 12/16/2025...[0m
  Fetching team stats to verify completed games for 2026-01-04...

[93mNo picks ready for grading yet[0m

[96mFetching REAL NBA player 3-pointers statistics...[0m
[92m✓ Using cached player 3-pointers stats (less than 6 hours old)[0m

[96mFetching opponent 3-pointers factors...[0m
[92m✓ Using cached 3-pointers factors[0m

[96mFetching player 3-pointers prop odds...[0m
[96m  Found 8 upcoming games[0m
[96m  Filtered to 8 upcoming games[0m
[96m  Game 1/8: Detroit Pistons @ Cleveland Cavaliers[0m
[96m  Game 2/8: Indiana Pacers @ Orlando Magic[0m
[96m  Game 3/8: Denver Nuggets @ Brooklyn Nets[0m
[96m  Game 4/8: New Orleans Pelicans @ Miami Heat[0m
[96m  Game 5/8: Minnesota Timberwolves @ Washington Wizards[0m
[96m  Game 6/8: Oklahoma City Thunder @ Phoenix Suns[0m
[96m  Game 7/8: Milwaukee Bucks @ Sacramento Kings[0m
[96m  Game 8/8: Memphis Grizzlies @ Los Angeles Lakers[0m
[92m✓ Fetched 67 player 3-pointers props (grouped)[0m

[96mAnalyzing 67 player props with REAL stats...[0m
[92m✓ Found 5 top OVER plays (A.I. Score >= 7.5)[0m
[92m✓ Found 2 top UNDER plays (A.I. Score >= 7.5)[0m
[93m  Skipped 2 props (no player stats found)[0m
[93m  Skipped 123 props (score below 7.5 or failed checks)[0m

[96m==========================================================================================[0m
[96m📊 TRACKING NEW PICKS[0m
[96m==========================================================================================[0m
[93m✓ Updated odds for 3 existing picks[0m

[1m[92m================================================================================[0m
[1m[92mTOP OVER PLAYS[0m
[1m[92m================================================================================[0m
  [96m 1. Bobby Portis             [0m | [92mOVER 1.5 3PT   [0m | Milwaukee Bucks           vs Sacramento Kings          | [1mA.I.: 9.20[0m | Rating: 4.9 ⭐⭐
  [96m 2. Donte DiVincenzo         [0m | [92mOVER 2.5 3PT   [0m | Minnesota Timberwolves    vs Washington Wizards        | [1mA.I.: 7.78[0m | Rating: 3.8 ⭐
  [96m 3. Carlton Carrington       [0m | [92mOVER 1.5 3PT   [0m | Washington Wizards        vs Minnesota Timberwolves    | [1mA.I.: 8.61[0m | Rating: 3.4 ⭐
  [96m 4. Jamal Murray             [0m | [92mOVER 2.5 3PT   [0m | Denver Nuggets            vs Brooklyn Nets             | [1mA.I.: 10.00[0m | Rating: 3.3 ⭐
  [96m 5. Collin Gillespie         [0m | [92mOVER 2.5 3PT   [0m | Phoenix Suns              vs Oklahoma City Thunder     | [1mA.I.: 8.30[0m | Rating: 2.6 

[1m[91m================================================================================[0m
[1m[91mTOP UNDER PLAYS[0m
[1m[91m================================================================================[0m
  [96m 1. Tyus Jones               [0m | [91mUNDER 1.5 3PT  [0m | Orlando Magic             vs Indiana Pacers            | [1mA.I.: 10.00[0m | Rating: 3.2 ⭐
  [96m 2. Justin Champagnie        [0m | [91mUNDER 1.5 3PT  [0m | Washington Wizards        vs Minnesota Timberwolves    | [1mA.I.: 9.65[0m | Rating: 3.0 ⭐

[96mGenerating HTML report...[0m

[92m✓ HTML report saved: /Users/rico/sports-models/nba/nba_3pt_props.html[0m

[1m[92m================================================================================[0m
[1m[92m✓ Model execution complete![0m
[1m[92m================================================================================[0m


==========================================
✅ Model completed successfully!
==========================================

📤 Pushing updates to GitHub...
