============================================================
Scheduler run: nba_main_model
Time: Fri Jan 23 00:56:54 EST 2026
Working dir: /Users/rico/sports-models/nba
Script: nba_model_IMPROVED.py
============================================================

[1m==========================================================================================[0m
[1m[96m🎲 IMPROVED NBA BETTING MODEL 🎲[0m
[1m[92m⚡ Enhanced Stats + Rest Days + Stricter Filters ⚡[0m
[1m==========================================================================================[0m

[1m[96mSTEP 1: Checking for Completed Games[0m

[96m==========================================================================================[0m
[96m🔄 UPDATING RESULTS FOR COMPLETED GAMES[0m
[96m==========================================================================================[0m

[93m📋 Checking 10 pending picks...[0m
[96mFetching completed NBA game scores (via NBA API)...[0m
[92m✓ Found 15 completed games (Free API)[0m
[92m✓ Tracking data saved to /Users/rico/sports-models/nba/nba_picks_tracking.json[0m
[93mNo picks were updated (games may not be complete yet)[0m
[92m✓ Tracking dashboard saved: /Users/rico/sports-models/nba/nba_tracking_dashboard.html[0m

[1m[96mSTEP 2: Fetching Composite Stats (Season + Form)[0m
[92m✓ Using cached composite stats (less than 6 hours old)[0m

[1m[96mSTEP 3: Fetching Home/Away Splits[0m
[96m🔄 Fetching home/away splits from stats.nba.com...[0m
[92m✓ Fetched and cached home/away splits[0m

[1m[96mSTEP 4: Fetching Team Schedules (Rest Days)[0m

[1m[96mSTEP 5: Fetching Live Odds (Next 2 Days)[0m
[92m✓ Fetched odds for 8 total games[0m
[92m✓ Filtered to 8 games in next 2 days[0m

[1m[96mSTEP 6: Processing Games & Generating Picks[0m

[92m✓ Tracking data saved to /Users/rico/sports-models/nba/nba_picks_tracking.json[0m
[92m📝 LOGGED PICK: ✅ BET: OVER 225.5 (Edge: +8.4)[0m
[92m✓ Tracking data saved to /Users/rico/sports-models/nba/nba_picks_tracking.json[0m
[92m✓ Updated CLV data for existing picks[0m

[1m[92m✅ Analyzed 8 games with complete odds[0m

[93m📊 All picks sorted by A.I. Rating (quality/confidence first)[0m


[1m==========================================================================================[0m
[1m[93m🏀 NBA MODEL PREDICTIONS 🏀[0m
[1m==========================================================================================[0m

[1m[96mHouston Rockets @ Detroit Pistons[0m
  🕐 01/23/26 07:10 PM EST
  [92m[1m🎯 A.I. Rating: 4.9 ⭐⭐ (PREMIUM PLAY)[0m
  📊 Spread: Market -4.0 | Model +0.9
  🎯 Total: Market 216.5 | Model 239.9
  [93m⚠️ NO BET - Too close to call[0m
     [96mEdge too small (-3.1)[0m
  [92m✅ BET: OVER 216.5[0m
     [96mModel projects 240 total points, bet the OVER[0m
  📈 Predicted: Houston Rockets 120, Detroit Pistons 120

[1m[96mDenver Nuggets @ Milwaukee Bucks[0m
  🕐 01/23/26 08:10 PM EST
  [92m[1m🎯 A.I. Rating: 4.9 ⭐⭐ (PREMIUM PLAY)[0m
  📊 Spread: Market -6.0 | Model +4.8
  🎯 Total: Market 221.5 | Model 243.0
  [93m⚠️ NO BET - Too close to call[0m
     [96mEdge too small (-1.2)[0m
  [92m✅ BET: OVER 221.5[0m
     [96mModel projects 243 total points, bet the OVER[0m
  📈 Predicted: Denver Nuggets 119, Milwaukee Bucks 124

[1m[96mNew Orleans Pelicans @ Memphis Grizzlies[0m
  🕐 01/23/26 08:10 PM EST
  [92m[1m🎯 A.I. Rating: 4.9 ⭐⭐ (PREMIUM PLAY)[0m
  [93m⚠️ CAUTION: Memphis Grizzlies - Below average: 6-9 (40%) | -3.90u over 15 picks[0m
  📊 Spread: Market -5.5 | Model +23.5
  🎯 Total: Market 234.5 | Model 240.1
  [92m✅ BET: Memphis Grizzlies -5.5[0m
     [96mModel projects Memphis Grizzlies to win by 23.5, covering -5.5.[0m
  [93m⚠️ NO BET - Too close to call[0m
  📈 Predicted: New Orleans Pelicans 108, Memphis Grizzlies 132

[1m[96mBoston Celtics @ Brooklyn Nets[0m
  🕐 01/23/26 07:40 PM EST
  [92m[1m🎯 A.I. Rating: 4.9 ⭐⭐ (PREMIUM PLAY)[0m
  [92m🔥 HOT: Boston Celtics - Strong performer: 8-3 (73%) | +4.70u over 11 picks[0m
  📊 Spread: Market +8.5 | Model -15.4
  🎯 Total: Market 216.5 | Model 233.0
  [92m✅ BET: Boston Celtics -8.5[0m
     [96mModel projects Brooklyn Nets to lose by 15.4, Boston Celtics covers -8.5.[0m
  [92m✅ BET: OVER 216.5[0m
     [96mModel projects 233 total points, bet the OVER[0m
  📈 Predicted: Boston Celtics 124, Brooklyn Nets 109

[1m[96mIndiana Pacers @ Oklahoma City Thunder[0m
  🕐 01/23/26 09:40 PM EST
  [92m[1m🎯 A.I. Rating: 4.9 ⭐⭐ (PREMIUM PLAY)[0m
  📊 Spread: Market -16.0 | Model +17.6
  🎯 Total: Market 226.5 | Model 241.5
  [93m⚠️ NO BET - Too close to call[0m
     [96mEdge too small (+1.6)[0m
  [92m✅ BET: OVER 226.5[0m
     [96mModel projects 242 total points, bet the OVER[0m
  📈 Predicted: Indiana Pacers 112, Oklahoma City Thunder 130

[1m[96mToronto Raptors @ Portland Trail Blazers[0m
  🕐 01/23/26 10:10 PM EST
  [92m[1m🎯 A.I. Rating: 4.7 ⭐⭐ (PREMIUM PLAY)[0m
  [92m🔥 HOT: Portland Trail Blazers - Strong performer: 7-2 (78%) | +4.80u over 9 picks[0m
  📊 Spread: Market +4.0 | Model +9.0
  🎯 Total: Market 225.5 | Model 233.9
  [92m✅ BET: Portland Trail Blazers +4.0[0m
     [96mModel projects Portland Trail Blazers to win outright, easily covering +4.0.[0m
  [92m✅ BET: OVER 225.5[0m
     [96mModel projects 234 total points, bet the OVER[0m
  📈 Predicted: Toronto Raptors 112, Portland Trail Blazers 121

[1m[96mPhoenix Suns @ Atlanta Hawks[0m
  🕐 01/23/26 07:40 PM EST
  [92m[1m🎯 A.I. Rating: 4.1 ⭐⭐ (STRONG PLAY)[0m
  [96mℹ️ LIMITED: Atlanta Hawks - Limited data: 0-1 (0%) | -1.10u (1 pick)[0m
  📊 Spread: Market +3.0 | Model +7.0
  🎯 Total: Market 233.5 | Model 244.3
  [92m✅ BET: Atlanta Hawks +3.0[0m
     [96mModel projects Atlanta Hawks to win outright, easily covering +3.0.[0m
  [92m✅ BET: OVER 233.5[0m
     [96mModel projects 244 total points, bet the OVER[0m
  📈 Predicted: Phoenix Suns 119, Atlanta Hawks 126

[1m[96mSacramento Kings @ Cleveland Cavaliers[0m
  🕐 01/23/26 07:40 PM EST
  [93m[1m🎯 A.I. Rating: 3.3 ⭐ (STANDARD PLAY)[0m
  📊 Spread: Market -11.5 | Model +13.7
  🎯 Total: Market 233.5 | Model 240.1
  [93m⚠️ NO BET - Too close to call[0m
     [96mEdge too small (+2.2)[0m
  [93m⚠️ NO BET - Too close to call[0m
  📈 Predicted: Sacramento Kings 113, Cleveland Cavaliers 127

[92m✓ CSV saved: /Users/rico/sports-models/nba/nba_model_output.csv[0m
Loaded 10 Auto-Bet teams: New Orleans Pelicans, New York Knicks, Portland Trail Blazers, Orlando Magic, Indiana Pacers...
[92m✓ HTML saved: /Users/rico/sports-models/nba/nba_model_output.html[0m

[1m[96mSTEP 7: Generating Final Tracking Dashboard[0m
[92m✓ Tracking dashboard saved: /Users/rico/sports-models/nba/nba_tracking_dashboard.html[0m

[1m==========================================================================================[0m
[1m[93m📊 TRACKING SUMMARY 📊[0m
[1m==========================================================================================[0m
[92mTotal Tracked Bets: 441[0m
[92mRecord: 223-205-3[0m
[92mWin Rate: 52.1%[0m
[91mProfit: -3.34 units[0m
[91mROI: -0.7%[0m
[1m==========================================================================================[0m

[96mUpdating unified dashboard...[0m
[92m✓ Dashboard updated[0m

✅ Completed: nba_main_model at Fri Jan 23 00:58:24 EST 2026

📤 Auto-pushing model outputs to GitHub...
[main 9c938009] Update model outputs - 2026-01-23 00:58:30
 Committer: Ricardo Hill <rico@MacBookAir.lan>
Your name and email address were configured automatically based
on your username and hostname. Please check that they are accurate.
You can suppress this message by setting them explicitly. Run the
following command and follow the instructions in your editor to edit
your configuration file:

    git config --global --edit

After doing this, you may fix the identity used for this commit with:

    git commit --amend --reset-author

 4 files changed, 52 insertions(+), 48 deletions(-)
To https://github.com/BangLetsGetIt/NBA-NCAA-Betting-Models.git
   dea5222b..9c938009  main -> main
✅ Successfully pushed to GitHub!
✅ Auto-push succeeded at Fri Jan 23 00:58:40 EST 2026
