============================================================
Scheduler run: nba_rebounds_props
Time: Sun Jan  4 15:10:04 EST 2026
Working dir: /Users/rico/sports-models/nba
Script: nba_rebounds_props_model.py
============================================================

[1m[96m================================================================================[0m
[1m[96mNBA REBOUNDS PROPS A.I. MODEL[0m
[1m[96m================================================================================[0m

[96m==========================================================================================[0m
[96m🎯 GRADING PENDING PICKS[0m
[96m==========================================================================================[0m

[93m📋 Found 13 pending picks...[0m

  Fetching team stats to verify completed games for 2025-12-16...
[96m  Fetching batch stats for 12/16/2025...[0m
  Fetching team stats to verify completed games for 2025-12-30...
[96m  Fetching batch stats for 12/30/2025...[0m
  Fetching team stats to verify completed games for 2026-01-01...
[96m  Fetching batch stats for 01/01/2026...[0m
  Fetching team stats to verify completed games for 2026-01-04...
[96m  Fetching batch stats for 01/04/2026...[0m

[93mNo picks ready for grading yet[0m

[96mFetching REAL NBA player rebounding statistics...[0m
[92m✓ Using cached player rebounding stats (less than 6 hours old)[0m

[96mFetching opponent rebounding factors...[0m
[92m✓ Using cached rebounding factors[0m

[96mFetching player rebounds prop odds...[0m
[96m  Found 8 upcoming games[0m
[96m  Filtered to 7 upcoming games[0m
[96m  Game 1/8: Indiana Pacers @ Orlando Magic[0m
[96m  Game 2/8: Denver Nuggets @ Brooklyn Nets[0m
[96m  Game 3/8: New Orleans Pelicans @ Miami Heat[0m
[96m  Game 4/8: Minnesota Timberwolves @ Washington Wizards[0m
[96m  Game 5/8: Oklahoma City Thunder @ Phoenix Suns[0m
[96m  Game 6/8: Milwaukee Bucks @ Sacramento Kings[0m
[96m  Game 7/8: Memphis Grizzlies @ Los Angeles Lakers[0m
[92m✓ Fetched 98 player rebounds props (grouped)[0m

[96mAnalyzing 98 player props with REAL stats...[0m
[92m✓ Found 0 top OVER plays (A.I. Score >= 10.0)[0m
[92m✓ Found 5 top UNDER plays (A.I. Score >= 10.0)[0m
[93m  Skipped 2 props (no player stats found)[0m
[93m  Skipped 187 props (score below 10.0 or failed checks)[0m

[96m==========================================================================================[0m
[96m📊 TRACKING NEW PICKS[0m
[96m==========================================================================================[0m
[92m✓ Tracked 2 new picks[0m
[93m✓ Updated odds for 3 existing picks[0m

[1m[92m================================================================================[0m
[1m[92mTOP OVER PLAYS[0m
[1m[92m================================================================================[0m

[1m[91m================================================================================[0m
[1m[91mTOP UNDER PLAYS[0m
[1m[91m================================================================================[0m
  [96m 1. Cam Thomas               [0m | [91mUNDER 2.5 REB  [0m | Brooklyn Nets             vs Denver Nuggets            | [1mA.I.: 10.00[0m | Rating: 4.9 ⭐⭐
  [96m 2. Day'Ron Sharpe           [0m | [91mUNDER 10.5 REB [0m | Brooklyn Nets             vs Denver Nuggets            | [1mA.I.: 10.00[0m | Rating: 4.9 ⭐⭐
  [96m 3. Peyton Watson            [0m | [91mUNDER 5.5 REB  [0m | Denver Nuggets            vs Brooklyn Nets             | [1mA.I.: 10.00[0m | Rating: 4.9 ⭐⭐
  [96m 4. Micah Potter             [0m | [91mUNDER 5.5 REB  [0m | Indiana Pacers            vs Orlando Magic             | [1mA.I.: 10.00[0m | Rating: 4.7 ⭐⭐
  [96m 5. Danny Wolf               [0m | [91mUNDER 5.5 REB  [0m | Brooklyn Nets             vs Denver Nuggets            | [1mA.I.: 10.00[0m | Rating: 3.2 ⭐

[96mGenerating HTML report...[0m

[92m✓ HTML report saved: /Users/rico/sports-models/nba/nba_rebounds_props.html[0m

[1m[92m================================================================================[0m
[1m[92m✓ Model execution complete![0m
[1m[92m================================================================================[0m

✅ Completed: nba_rebounds_props at Sun Jan  4 15:10:30 EST 2026

📤 Auto-pushing model outputs to GitHub...
[main 1283659] Update model outputs - 2026-01-04 15:10:30
 Committer: Ricardo Hill <rico@Ricos-M1-Mac-2.local>
Your name and email address were configured automatically based
on your username and hostname. Please check that they are accurate.
You can suppress this message by setting them explicitly. Run the
following command and follow the instructions in your editor to edit
your configuration file:

    git config --global --edit

After doing this, you may fix the identity used for this commit with:

    git commit --amend --reset-author

 2 files changed, 125 insertions(+), 68 deletions(-)
To https://github.com/BangLetsGetIt/NBA-NCAA-Betting-Models.git
   16abd17..1283659  main -> main
✅ Successfully pushed to GitHub!
✅ Auto-push succeeded at Sun Jan  4 15:10:31 EST 2026
