============================================================
Scheduler run: nba_main_model
Time: Sun Jan  4 18:20:00 EST 2026
Working dir: /Users/rico/sports-models/nba
Script: nba_model_IMPROVED.py
============================================================

[1m==========================================================================================[0m
[1m[96m🎲 IMPROVED NBA BETTING MODEL 🎲[0m
[1m[92m⚡ Enhanced Stats + Rest Days + Stricter Filters ⚡[0m
[1m==========================================================================================[0m

[1m[96mSTEP 1: Checking for Completed Games[0m

[96m==========================================================================================[0m
[96m🔄 UPDATING RESULTS FOR COMPLETED GAMES[0m
[96m==========================================================================================[0m

[93m📋 Checking 9 pending picks...[0m
[96mFetching completed NBA game scores (via NBA API)...[0m
[92m✓ Found 20 completed games (Free API)[0m
  ✓ Updating: Detroit Pistons 114 @ Cleveland Cavaliers 110
    Result: Loss
  ✓ Updating: Indiana Pacers 127 @ Orlando Magic 135
    Result: Win
[92m✓ Tracking data saved to /Users/rico/sports-models/nba/nba_picks_tracking.json[0m
[92m✅ Updated 2 picks[0m
[92m✓ Tracking data saved to /Users/rico/sports-models/nba/nba_picks_tracking.json[0m
[92m✅ Updated 2 picks[0m
[92m✓ Tracking dashboard saved: /Users/rico/sports-models/nba/nba_tracking_dashboard.html[0m
[92m✓ Tracking dashboard saved: /Users/rico/sports-models/nba/nba_tracking_dashboard.html[0m

[1m[96mSTEP 2: Fetching Composite Stats (Season + Form)[0m
[96m🔄 Fetching new team stats from stats.nba.com...[0m
[92m✓ Fetched and cached stats for 76 teams[0m

[1m[96mSTEP 3: Fetching Home/Away Splits[0m
[96m🔄 Fetching home/away splits from stats.nba.com...[0m
[92m✓ Fetched and cached home/away splits[0m

[1m[96mSTEP 4: Fetching Team Schedules (Rest Days)[0m

[1m[96mSTEP 5: Fetching Live Odds (Next 2 Days)[0m
[93mℹ️  Skipped 2 games that have already started/finished.[0m
[92m✓ Fetched odds for 6 total games[0m
[92m✓ Filtered to 4 games in next 2 days[0m

[1m[96mSTEP 6: Processing Games & Generating Picks[0m

[91m❌ Missing stats for Los Angeles Clippers or Golden State Warriors[0m
[91m❌ Missing stats for Los Angeles Clippers or Golden State Warriors[0m
[91m❌ Skipping Golden State Warriors @ Los Angeles Clippers - missing model data[0m
[92m✓ Tracking data saved to /Users/rico/sports-models/nba/nba_picks_tracking.json[0m
[92m✓ Updated CLV data for existing picks[0m

[1m[92m✅ Analyzed 3 games with complete odds[0m

[93m📊 All picks sorted by A.I. Rating (quality/confidence first)[0m


[1m==========================================================================================[0m
[1m[93m🏀 NBA MODEL PREDICTIONS 🏀[0m
[1m==========================================================================================[0m

[1m[96mMilwaukee Bucks @ Sacramento Kings[0m
  🕐 01/04/26 09:10 PM EST
  [92m[1m🎯 A.I. Rating: 4.5 ⭐⭐ (PREMIUM PLAY)[0m
  [93m📉 NEUTRAL-: Sacramento Kings - Slightly below average: 3-4 (43%) | -1.40u over 7 picks[0m
  📊 Spread: Market +6.0 | Model +6.3
  🎯 Total: Market 227.5 | Model 239.2
  [92m✅ BET: Sacramento Kings +6.0[0m
     [96mModel projects Sacramento Kings to win outright, easily covering +6.0.[0m
  [92m✅ BET: OVER 227.5[0m
     [96mModel projects 239 total points, bet the OVER[0m
  📈 Predicted: Milwaukee Bucks 116, Sacramento Kings 123

[1m[96mOklahoma City Thunder @ Phoenix Suns[0m
  🕐 01/04/26 08:10 PM EST
  [96m[1m🎯 A.I. Rating: 3.9 ⭐ (GOOD PLAY)[0m
  📊 Spread: Market +9.5 | Model -5.9
  🎯 Total: Market 229.5 | Model 239.4
  [93m⚠️ NO BET - Too close to call[0m
     [96mEdge too small (+3.6)[0m
  [92m✅ BET: OVER 229.5[0m
     [96mModel projects 239 total points, bet the OVER[0m
  📈 Predicted: Oklahoma City Thunder 123, Phoenix Suns 117

[1m[96mMemphis Grizzlies @ Los Angeles Lakers[0m
  🕐 01/04/26 09:40 PM EST
  [93m[1m🎯 A.I. Rating: 2.5  (MARGINAL PLAY)[0m
  📊 Spread: Market -5.0 | Model +4.8
  🎯 Total: Market 241.0 | Model 239.6
  [93m⚠️ NO BET - Too close to call[0m
     [96mEdge too small (-0.2)[0m
  [93m⚠️ NO BET - Too close to call[0m
  📈 Predicted: Memphis Grizzlies 117, Los Angeles Lakers 122

[92m✓ CSV saved: /Users/rico/sports-models/nba/nba_model_output.csv[0m
[92m✓ HTML saved: /Users/rico/sports-models/nba/nba_model_output.html[0m

[1m[96mSTEP 7: Generating Final Tracking Dashboard[0m
[92m✓ Tracking dashboard saved: /Users/rico/sports-models/nba/nba_tracking_dashboard.html[0m

[1m==========================================================================================[0m
[1m[93m📊 TRACKING SUMMARY 📊[0m
[1m==========================================================================================[0m
[92mTotal Tracked Bets: 278[0m
[92mRecord: 144-125-2[0m
[92mWin Rate: 53.5%[0m
[92mProfit: +5.66 units[0m
[92mROI: +1.9%[0m
[1m==========================================================================================[0m

[96mUpdating unified dashboard...[0m
[92m✓ Dashboard updated[0m

✅ Completed: nba_main_model at Sun Jan  4 18:21:12 EST 2026

📤 Auto-pushing model outputs to GitHub...
[main f7fe774] Update model outputs - 2026-01-04 18:21:12
 Committer: Ricardo Hill <rico@Ricos-M1-Mac-2.local>
Your name and email address were configured automatically based
on your username and hostname. Please check that they are accurate.
You can suppress this message by setting them explicitly. Run the
following command and follow the instructions in your editor to edit
your configuration file:

    git config --global --edit

After doing this, you may fix the identity used for this commit with:

    git commit --amend --reset-author

 4 files changed, 66 insertions(+), 395 deletions(-)
To https://github.com/BangLetsGetIt/NBA-NCAA-Betting-Models.git
   b61f4ae..f7fe774  main -> main
✅ Successfully pushed to GitHub!
✅ Auto-push succeeded at Sun Jan  4 18:21:12 EST 2026
