============================================================
Scheduler run: nba_points_props
Time: Sun Jan  4 02:35:05 EST 2026
Working dir: /Users/rico/sports-models/nba
Script: nba_points_props_model.py
============================================================

[1m[96m================================================================================[0m
[1m[96mNBA POINTS PROPS A.I. MODEL[0m
[1m[96m================================================================================[0m

[96m==========================================================================================[0m
[96m🎯 GRADING PENDING PICKS (BATCH MODE)[0m
[96m==========================================================================================[0m

[93m📋 Found 22 pending picks...[0m


[96mProcessing 9 picks for 2025-12-16...[0m
[96m  Fetching batch stats for 12/16/2025...[0m
  Fetching team stats to verify completed games for 2025-12-16...
[93m  ⚠️  No stats found for 2025-12-16 yet[0m

[96mProcessing 2 picks for 2025-12-23...[0m
[96m  Fetching batch stats for 12/23/2025...[0m
  Fetching team stats to verify completed games for 2025-12-23...

[96mProcessing 1 picks for 2026-01-03...[0m
[96m  Fetching batch stats for 01/03/2026...[0m
  Fetching team stats to verify completed games for 2026-01-03...

[93mNo picks ready for grading yet[0m

[96mFetching REAL NBA player points statistics...[0m
[92m✓ Using cached player stats (less than 6 hours old)[0m

[96mFetching opponent defense factors...[0m
[92m✓ Using cached defense factors[0m

[96mFetching player points prop odds...[0m
[96m  Found 8 upcoming games[0m
[96m  Filtered to 8 upcoming games[0m
[96m  Game 1/8: Detroit Pistons @ Cleveland Cavaliers[0m
[96m  Game 2/8: Indiana Pacers @ Orlando Magic[0m
[96m  Game 3/8: Denver Nuggets @ Brooklyn Nets[0m
[96m  Game 4/8: New Orleans Pelicans @ Miami Heat[0m
[96m  Game 5/8: Minnesota Timberwolves @ Washington Wizards[0m
[96m  Game 6/8: Oklahoma City Thunder @ Phoenix Suns[0m
[96m  Game 7/8: Milwaukee Bucks @ Sacramento Kings[0m
[96m  Game 8/8: Memphis Grizzlies @ Los Angeles Lakers[0m
[92m✓ Fetched 182 total player props[0m

[96mAnalyzing 182 player props with REAL stats...[0m
[92m✓ Found 10 top OVER plays (A.I. Score >= 10.0)[0m
[92m✓ Found 6 top UNDER plays (A.I. Score >= 10.0)[0m
[93m  Skipped 4 props (no player stats found)[0m
[93m  Skipped 318 props (score below 10.0)[0m

[96m==========================================================================================[0m
[96m📊 TRACKING NEW PICKS[0m
[96m==========================================================================================[0m
[93m✓ Updated odds for 1 existing picks[0m

[1m[92m================================================================================[0m
[1m[92mTOP OVER PLAYS[0m
[1m[92m================================================================================[0m
  [96m 1. Jarrett Allen            [0m | [92mOVER 11.5 PTS  [0m | Cleveland Cavaliers vs Detroit Pistons | [1mA.I.: 10.00[0m | Rating: 4.9 ⭐⭐
  [96m 2. Aaron Gordon             [0m | [92mOVER 13.5 PTS  [0m | Denver Nuggets vs Brooklyn Nets | [1mA.I.: 10.00[0m | Rating: 4.9 ⭐⭐
  [96m 3. Noah Clowney             [0m | [92mOVER 10.5 PTS  [0m | Brooklyn Nets vs Denver Nuggets | [1mA.I.: 10.00[0m | Rating: 4.9 ⭐⭐
  [96m 4. Cam Thomas               [0m | [92mOVER 17.5 PTS  [0m | Brooklyn Nets vs Denver Nuggets | [1mA.I.: 10.00[0m | Rating: 4.9 ⭐⭐
  [96m 5. Derik Queen              [0m | [92mOVER 11.5 PTS  [0m | New Orleans Pelicans vs Miami Heat | [1mA.I.: 10.00[0m | Rating: 4.9 ⭐⭐
  [96m 6. Jordan Poole             [0m | [92mOVER 15.5 PTS  [0m | New Orleans Pelicans vs Miami Heat | [1mA.I.: 10.00[0m | Rating: 4.9 ⭐⭐
  [96m 7. Devin Booker             [0m | [92mOVER 23.5 PTS  [0m | Phoenix Suns vs Oklahoma City Thunder | [1mA.I.: 10.00[0m | Rating: 4.9 ⭐⭐
  [96m 8. Ajay Mitchell            [0m | [92mOVER 11.5 PTS  [0m | Oklahoma City Thunder vs Phoenix Suns | [1mA.I.: 10.00[0m | Rating: 4.9 ⭐⭐
  [96m 9. Mark Williams            [0m | [92mOVER 10.5 PTS  [0m | Phoenix Suns vs Oklahoma City Thunder | [1mA.I.: 10.00[0m | Rating: 4.9 ⭐⭐
  [96m10. Dillon Brooks            [0m | [92mOVER 18.5 PTS  [0m | Phoenix Suns vs Oklahoma City Thunder | [1mA.I.: 10.00[0m | Rating: 4.9 ⭐⭐

[1m[91m================================================================================[0m
[1m[91mTOP UNDER PLAYS[0m
[1m[91m================================================================================[0m
  [96m 1. Javonte Green            [0m | [91mUNDER 9.5 PTS  [0m | Detroit Pistons vs Cleveland Cavaliers | [1mA.I.: 10.00[0m | Rating: 4.9 ⭐⭐
  [96m 2. Ron Holland              [0m | [91mUNDER 10.5 PTS [0m | Detroit Pistons vs Cleveland Cavaliers | [1mA.I.: 10.00[0m | Rating: 4.9 ⭐⭐
  [96m 3. Paolo Banchero           [0m | [91mUNDER 26.5 PTS [0m | Orlando Magic vs Indiana Pacers | [1mA.I.: 10.00[0m | Rating: 4.9 ⭐⭐
  [96m 4. Desmond Bane             [0m | [91mUNDER 21.5 PTS [0m | Orlando Magic vs Indiana Pacers | [1mA.I.: 10.00[0m | Rating: 4.9 ⭐⭐
  [96m 5. Jake LaRavia             [0m | [91mUNDER 11.5 PTS [0m | Los Angeles Lakers vs Memphis Grizzlies | [1mA.I.: 10.00[0m | Rating: 4.9 ⭐⭐
  [96m 6. Ja Morant                [0m | [91mUNDER 22.5 PTS [0m | Memphis Grizzlies vs Los Angeles Lakers | [1mA.I.: 10.00[0m | Rating: 4.9 ⭐⭐

[96mGenerating HTML report...[0m

[92m✓ HTML report saved: /Users/rico/sports-models/nba/nba_points_props.html[0m

[1m[92m================================================================================[0m
[1m[92m✓ Model execution complete![0m
[1m[92m================================================================================[0m

✅ Completed: nba_points_props at Sun Jan  4 02:35:09 EST 2026

📤 Auto-pushing model outputs to GitHub...
[main 9d7bf9d] Update model outputs - 2026-01-04 02:35:09
 Committer: Ricardo Hill <rico@Ricos-M1-Mac-2.local>
Your name and email address were configured automatically based
on your username and hostname. Please check that they are accurate.
You can suppress this message by setting them explicitly. Run the
following command and follow the instructions in your editor to edit
your configuration file:

    git config --global --edit

After doing this, you may fix the identity used for this commit with:

    git commit --amend --reset-author

 2 files changed, 12 insertions(+), 86 deletions(-)
To https://github.com/BangLetsGetIt/NBA-NCAA-Betting-Models.git
   5e757d4..9d7bf9d  main -> main
✅ Successfully pushed to GitHub!
✅ Auto-push succeeded at Sun Jan  4 02:35:10 EST 2026
