============================================================
Scheduler run: nba_rebounds_props
Time: Tue Jan 13 23:41:38 EST 2026
Working dir: /Users/rico/sports-models/nba
Script: nba_rebounds_props_model.py
============================================================

[1m[96m================================================================================[0m
[1m[96mNBA REBOUNDS PROPS A.I. MODEL[0m
[1m[96m================================================================================[0m

[96m==========================================================================================[0m
[96m🎯 GRADING PENDING PICKS[0m
[96m==========================================================================================[0m

[93m📋 Found 14 pending picks...[0m

  Fetching team stats to verify completed games for 2025-12-16...
[96m  Fetching batch stats for 12/16/2025...[0m
  Fetching team stats to verify completed games for 2025-12-30...
[96m  Fetching batch stats for 12/30/2025...[0m
  Fetching team stats to verify completed games for 2026-01-01...
[96m  Fetching batch stats for 01/01/2026...[0m
  Fetching team stats to verify completed games for 2026-01-08...
[96m  Fetching batch stats for 01/08/2026...[0m
  Fetching team stats to verify completed games for 2026-01-13...
[96m  Fetching batch stats for 01/13/2026...[0m
  Fetching team stats to verify completed games for 2026-01-14...

[93mNo picks ready for grading yet[0m

[96mFetching REAL NBA player rebounding statistics...[0m
[92m✓ Using cached player rebounding stats (less than 6 hours old)[0m

[96mFetching opponent rebounding factors...[0m
[92m✓ Using cached rebounding factors[0m

[96mFetching player rebounds prop odds...[0m
[96m  Found 8 upcoming games[0m
[96m  Filtered to 6 upcoming games[0m
[96m  Game 1/8: Cleveland Cavaliers @ Philadelphia 76ers[0m
[96m  Game 2/8: Toronto Raptors @ Indiana Pacers[0m
[96m  Game 3/8: Brooklyn Nets @ New Orleans Pelicans[0m
[96m  Game 4/8: Utah Jazz @ Chicago Bulls[0m
[96m  Game 5/8: New York Knicks @ Sacramento Kings[0m
[96m  Game 6/8: Washington Wizards @ Los Angeles Clippers[0m
[92m✓ Fetched 53 player rebounds props (grouped)[0m

[96mAnalyzing 53 player props with REAL stats...[0m
[92m✓ Found 0 top OVER plays (A.I. Score >= 10.0)[0m
[92m✓ Found 1 top UNDER plays (A.I. Score >= 10.0)[0m
[93m  Skipped 105 props (score below 10.0 or failed checks)[0m

[96m==========================================================================================[0m
[96m📊 TRACKING NEW PICKS[0m
[96m==========================================================================================[0m
[96mNo new picks to track[0m

[1m[92m================================================================================[0m
[1m[92mTOP OVER PLAYS[0m
[1m[92m================================================================================[0m

[1m[91m================================================================================[0m
[1m[91mTOP UNDER PLAYS[0m
[1m[91m================================================================================[0m
  [96m 1. Joel Embiid              [0m | [91mUNDER 9.5 REB  [0m | Philadelphia 76ers        vs Cleveland Cavaliers       | [1mA.I.: 10.00[0m | Rating: 4.4 ⭐⭐

[96mGenerating HTML report...[0m

[92m✓ HTML report saved: /Users/rico/sports-models/nba/nba_rebounds_props.html[0m

[1m[92m================================================================================[0m
[1m[92m✓ Model execution complete![0m
[1m[92m================================================================================[0m

✅ Completed: nba_rebounds_props at Tue Jan 13 23:41:52 EST 2026

📤 Auto-pushing model outputs to GitHub...
No changes to commit
✅ Auto-push succeeded at Tue Jan 13 23:41:52 EST 2026
