============================================================
Scheduler run: nba_main_model
Time: Sun Jan  4 15:20:04 EST 2026
Working dir: /Users/rico/sports-models/nba
Script: nba_model_IMPROVED.py
============================================================

[1m==========================================================================================[0m
[1m[96m🎲 IMPROVED NBA BETTING MODEL 🎲[0m
[1m[92m⚡ Enhanced Stats + Rest Days + Stricter Filters ⚡[0m
[1m==========================================================================================[0m

[1m[96mSTEP 1: Checking for Completed Games[0m

[96m==========================================================================================[0m
[96m🔄 UPDATING RESULTS FOR COMPLETED GAMES[0m
[96m==========================================================================================[0m

[93m📋 Checking 9 pending picks...[0m
[96mFetching completed NBA game scores (via NBA API)...[0m
[92m✓ Found 18 completed games (Free API)[0m
[92m✓ Tracking data saved to /Users/rico/sports-models/nba/nba_picks_tracking.json[0m
[93mNo picks were updated (games may not be complete yet)[0m
[92m✓ Tracking dashboard saved: /Users/rico/sports-models/nba/nba_tracking_dashboard.html[0m

[1m[96mSTEP 2: Fetching Composite Stats (Season + Form)[0m
[92m✓ Using cached composite stats (less than 6 hours old)[0m

[1m[96mSTEP 3: Fetching Home/Away Splits[0m
[92m✓ Using cached home/away splits (less than 6 hours old)[0m

[1m[96mSTEP 4: Fetching Team Schedules (Rest Days)[0m
[96m🔄 Fetching team schedules...[0m
[92m✓ Fetched schedules for 1 teams[0m

[1m[96mSTEP 5: Fetching Live Odds (Next 2 Days)[0m
[93mℹ️  Skipped 2 games that have already started/finished.[0m
[92m✓ Fetched odds for 8 total games[0m
[92m✓ Filtered to 6 games in next 2 days[0m

[1m[96mSTEP 6: Processing Games & Generating Picks[0m

[92m✓ Tracking data saved to /Users/rico/sports-models/nba/nba_picks_tracking.json[0m
[92m✓ Updated CLV data for existing picks[0m

[1m[92m✅ Analyzed 6 games with complete odds[0m

[93m📊 All picks sorted by A.I. Rating (quality/confidence first)[0m


[1m==========================================================================================[0m
[1m[93m🏀 NBA MODEL PREDICTIONS 🏀[0m
[1m==========================================================================================[0m

[1m[96mNew Orleans Pelicans @ Miami Heat[0m
  🕐 01/04/26 06:10 PM EST
  [92m[1m🎯 A.I. Rating: 4.6 ⭐⭐ (PREMIUM PLAY)[0m
  [96mℹ️ LIMITED: Miami Heat - Limited data: 1-0 (100%) | +1.00u (1 pick)[0m
  📊 Spread: Market -9.0 | Model +18.5
  🎯 Total: Market 247.0 | Model 234.1
  [92m✅ BET: Miami Heat -9.0[0m
     [96mModel projects Miami Heat to win by 18.5, covering -9.0.[0m
  [92m✅ BET: UNDER 247.0[0m
     [96mModel projects 234 total points, bet the UNDER[0m
  📈 Predicted: New Orleans Pelicans 108, Miami Heat 126

[1m[96mMilwaukee Bucks @ Sacramento Kings[0m
  🕐 01/04/26 09:10 PM EST
  [92m[1m🎯 A.I. Rating: 4.5 ⭐⭐ (PREMIUM PLAY)[0m
  [93m📉 NEUTRAL-: Sacramento Kings - Slightly below average: 3-4 (43%) | -1.40u over 7 picks[0m
  📊 Spread: Market +6.0 | Model +6.3
  🎯 Total: Market 228.0 | Model 239.2
  [92m✅ BET: Sacramento Kings +6.0[0m
     [96mModel projects Sacramento Kings to win outright, easily covering +6.0.[0m
  [92m✅ BET: OVER 228.0[0m
     [96mModel projects 239 total points, bet the OVER[0m
  📈 Predicted: Milwaukee Bucks 116, Sacramento Kings 123

[1m[96mDenver Nuggets @ Brooklyn Nets[0m
  🕐 01/04/26 03:40 PM EST
  [92m[1m🎯 A.I. Rating: 4.0 ⭐⭐ (STRONG PLAY)[0m
  [96mℹ️ LIMITED: Denver Nuggets - Limited data: 1-0 (100%) | +1.00u (1 pick)[0m
  📊 Spread: Market +2.5 | Model -7.6
  🎯 Total: Market 224.5 | Model 234.5
  [92m✅ BET: Denver Nuggets -2.5[0m
     [96mModel projects Brooklyn Nets to lose by 7.6, Denver Nuggets covers -2.5.[0m
  [92m✅ BET: OVER 224.5[0m
     [96mModel projects 234 total points, bet the OVER[0m
  📈 Predicted: Denver Nuggets 121, Brooklyn Nets 113

[1m[96mOklahoma City Thunder @ Phoenix Suns[0m
  🕐 01/04/26 08:10 PM EST
  [96m[1m🎯 A.I. Rating: 3.5 ⭐ (GOOD PLAY)[0m
  📊 Spread: Market +9.5 | Model -5.9
  🎯 Total: Market 231.5 | Model 239.4
  [93m⚠️ NO BET - Too close to call[0m
     [96mEdge too small (+3.6)[0m
  [92m✅ BET: OVER 231.5[0m
     [96mModel projects 239 total points, bet the OVER[0m
  📈 Predicted: Oklahoma City Thunder 123, Phoenix Suns 117

[1m[96mMinnesota Timberwolves @ Washington Wizards[0m
  🕐 01/04/26 06:10 PM EST
  [93m[1m🎯 A.I. Rating: 3.0 ⭐ (STANDARD PLAY)[0m
  📊 Spread: Market +11.0 | Model -12.6
  🎯 Total: Market 239.0 | Model 234.2
  [93m⚠️ NO BET - Too close to call[0m
     [96mEdge too small (-1.6)[0m
  [93m⚠️ NO BET - Too close to call[0m
  📈 Predicted: Minnesota Timberwolves 123, Washington Wizards 111

[1m[96mMemphis Grizzlies @ Los Angeles Lakers[0m
  🕐 01/04/26 09:40 PM EST
  [93m[1m🎯 A.I. Rating: 2.4  (MARGINAL PLAY)[0m
  📊 Spread: Market -5.0 | Model +4.8
  🎯 Total: Market 240.5 | Model 239.6
  [93m⚠️ NO BET - Too close to call[0m
     [96mEdge too small (-0.2)[0m
  [93m⚠️ NO BET - Too close to call[0m
  📈 Predicted: Memphis Grizzlies 117, Los Angeles Lakers 122

[92m✓ CSV saved: /Users/rico/sports-models/nba/nba_model_output.csv[0m
[92m✓ HTML saved: /Users/rico/sports-models/nba/nba_model_output.html[0m

[1m[96mSTEP 7: Generating Final Tracking Dashboard[0m
[92m✓ Tracking dashboard saved: /Users/rico/sports-models/nba/nba_tracking_dashboard.html[0m

[1m==========================================================================================[0m
[1m[93m📊 TRACKING SUMMARY 📊[0m
[1m==========================================================================================[0m
[92mTotal Tracked Bets: 278[0m
[92mRecord: 143-124-2[0m
[92mWin Rate: 53.6%[0m
[92mProfit: +5.76 units[0m
[92mROI: +2.0%[0m
[1m==========================================================================================[0m

[96mUpdating unified dashboard...[0m
[92m✓ Dashboard updated[0m

✅ Completed: nba_main_model at Sun Jan  4 15:20:28 EST 2026

📤 Auto-pushing model outputs to GitHub...
[main 268d08e] Update model outputs - 2026-01-04 15:20:28
 Committer: Ricardo Hill <rico@Ricos-M1-Mac-2.local>
Your name and email address were configured automatically based
on your username and hostname. Please check that they are accurate.
You can suppress this message by setting them explicitly. Run the
following command and follow the instructions in your editor to edit
your configuration file:

    git config --global --edit

After doing this, you may fix the identity used for this commit with:

    git commit --amend --reset-author

 4 files changed, 69 insertions(+), 277 deletions(-)
To https://github.com/BangLetsGetIt/NBA-NCAA-Betting-Models.git
   1283659..268d08e  main -> main
✅ Successfully pushed to GitHub!
✅ Auto-push succeeded at Sun Jan  4 15:20:29 EST 2026
