============================================================
Scheduler run: nba_3pt_props
Time: Tue Jan 13 23:41:38 EST 2026
Working dir: /Users/rico/sports-models/nba
Script: nba_3pt_props_model.py
============================================================

[1m[96m================================================================================[0m
[1m[96mNBA 3PT PROPS A.I. MODEL[0m
[1m[96m================================================================================[0m

[96m==========================================================================================[0m
[96m🎯 GRADING PENDING PICKS[0m
[96m==========================================================================================[0m

[93m📋 Found 11 pending picks...[0m

  Fetching team stats to verify completed games for 2025-12-16...
[96m  Fetching batch stats for 12/16/2025...[0m
  Fetching team stats to verify completed games for 2026-01-08...
[96m  Fetching batch stats for 01/08/2026...[0m
  Fetching team stats to verify completed games for 2026-01-13...
[96m  Fetching batch stats for 01/13/2026...[0m
  Fetching team stats to verify completed games for 2026-01-14...

[93mNo picks ready for grading yet[0m

[96mFetching REAL NBA player 3-pointers statistics...[0m
[92m✓ Using cached player 3-pointers stats (less than 6 hours old)[0m

[96mFetching opponent 3-pointers factors...[0m
[92m✓ Using cached 3-pointers factors[0m

[96mFetching player 3-pointers prop odds...[0m
[96m  Found 8 upcoming games[0m
[96m  Filtered to 6 upcoming games[0m
[96m  Game 1/8: Cleveland Cavaliers @ Philadelphia 76ers[0m
[96m  Game 2/8: Toronto Raptors @ Indiana Pacers[0m
[96m  Game 3/8: Brooklyn Nets @ New Orleans Pelicans[0m
[96m  Game 4/8: Utah Jazz @ Chicago Bulls[0m
[96m  Game 5/8: New York Knicks @ Sacramento Kings[0m
[96m  Game 6/8: Washington Wizards @ Los Angeles Clippers[0m
[92m✓ Fetched 35 player 3-pointers props (grouped)[0m

[96mAnalyzing 35 player props with REAL stats...[0m
[92m✓ Found 3 top OVER plays (A.I. Score >= 7.5)[0m
[92m✓ Found 0 top UNDER plays (A.I. Score >= 7.5)[0m
[93m  Skipped 67 props (score below 7.5 or failed checks)[0m

[96m==========================================================================================[0m
[96m📊 TRACKING NEW PICKS[0m
[96m==========================================================================================[0m
[96mNo new picks to track[0m

[1m[92m================================================================================[0m
[1m[92mTOP OVER PLAYS[0m
[1m[92m================================================================================[0m
  [96m 1. Miles McBride            [0m | [92mOVER 2.5 3PT   [0m | New York Knicks           vs Sacramento Kings          | [1mA.I.: 9.30[0m | Rating: 4.9 ⭐⭐
  [96m 2. Jalen Brunson            [0m | [92mOVER 2.5 3PT   [0m | New York Knicks           vs Sacramento Kings          | [1mA.I.: 9.02[0m | Rating: 3.5 ⭐
  [96m 3. Carlton Carrington       [0m | [92mOVER 1.5 3PT   [0m | Washington Wizards        vs Los Angeles Clippers      | [1mA.I.: 8.60[0m | Rating: 2.5 

[1m[91m================================================================================[0m
[1m[91mTOP UNDER PLAYS[0m
[1m[91m================================================================================[0m

[96mGenerating HTML report...[0m

[92m✓ HTML report saved: /Users/rico/sports-models/nba/nba_3pt_props.html[0m

[1m[92m================================================================================[0m
[1m[92m✓ Model execution complete![0m
[1m[92m================================================================================[0m

✅ Completed: nba_3pt_props at Tue Jan 13 23:41:51 EST 2026

📤 Auto-pushing model outputs to GitHub...
[main 914f7f0] Update model outputs - 2026-01-13 23:41:51
 Committer: Ricardo Hill <rico@Ricos-M1-Mac-2.local>
Your name and email address were configured automatically based
on your username and hostname. Please check that they are accurate.
You can suppress this message by setting them explicitly. Run the
following command and follow the instructions in your editor to edit
your configuration file:

    git config --global --edit

After doing this, you may fix the identity used for this commit with:

    git commit --amend --reset-author

 5 files changed, 507 insertions(+), 121 deletions(-)
To https://github.com/BangLetsGetIt/NBA-NCAA-Betting-Models.git
 ! [remote rejected] main -> main (cannot lock ref 'refs/heads/main': is at 914f7f09b56f1cc4403ab7eeec9c2aaa91b22531 but expected 1ad3ea574880b279731c7f91ddf02ead66c69089)
error: failed to push some refs to 'https://github.com/BangLetsGetIt/NBA-NCAA-Betting-Models.git'
⚠️  Push failed - you may need to set up the GitHub remote first
✅ Auto-push succeeded at Tue Jan 13 23:41:53 EST 2026
