==========================================
NBA Model Run: Sun Jan 18 10:00:03 EST 2026
==========================================
Running NBA model...

[1m==========================================================================================[0m
[1m[96m🎲 IMPROVED NBA BETTING MODEL 🎲[0m
[1m[92m⚡ Enhanced Stats + Rest Days + Stricter Filters ⚡[0m
[1m==========================================================================================[0m

[1m[96mSTEP 1: Checking for Completed Games[0m

[96m==========================================================================================[0m
[96m🔄 UPDATING RESULTS FOR COMPLETED GAMES[0m
[96m==========================================================================================[0m

[93m📋 Checking 10 pending picks...[0m
[96mFetching completed NBA game scores (via NBA API)...[0m
[92m✓ Found 15 completed games (Free API)[0m
[92m✓ Tracking data saved to /Users/rico/sports-models/nba/nba_picks_tracking.json[0m
[93mNo picks were updated (games may not be complete yet)[0m
[92m✓ Tracking dashboard saved: /Users/rico/sports-models/nba/nba_tracking_dashboard.html[0m

[1m[96mSTEP 2: Fetching Composite Stats (Season + Form)[0m
[96m🔄 Fetching new team stats from stats.nba.com...[0m
[92m✓ Fetched and cached stats for 76 teams[0m

[1m[96mSTEP 3: Fetching Home/Away Splits[0m
[96m🔄 Fetching home/away splits from stats.nba.com...[0m
[92m✓ Fetched and cached home/away splits[0m

[1m[96mSTEP 4: Fetching Team Schedules (Rest Days)[0m

[1m[96mSTEP 5: Fetching Live Odds (Next 2 Days)[0m
[92m✓ Fetched odds for 6 total games[0m
[92m✓ Filtered to 6 games in next 2 days[0m

[1m[96mSTEP 6: Processing Games & Generating Picks[0m

[92m✓ Tracking data saved to /Users/rico/sports-models/nba/nba_picks_tracking.json[0m
[92m✓ Updated CLV data for existing picks[0m

[1m[92m✅ Analyzed 6 games with complete odds[0m

[93m📊 All picks sorted by A.I. Rating (quality/confidence first)[0m


[1m==========================================================================================[0m
[1m[93m🏀 NBA MODEL PREDICTIONS 🏀[0m
[1m==========================================================================================[0m

[1m[96mOrlando Magic @ Memphis Grizzlies[0m
  🕐 01/18/26 12:10 PM EST
  [92m[1m🎯 A.I. Rating: 4.9 ⭐⭐ (PREMIUM PLAY)[0m
  [93m⚠️ CAUTION: Memphis Grizzlies - Below average: 5-8 (38%) | -3.80u over 13 picks[0m
  📊 Spread: Market +4.0 | Model +13.1
  🎯 Total: Market 230.5 | Model 235.7
  [92m✅ BET: Memphis Grizzlies +4.0[0m
     [96mModel projects Memphis Grizzlies to win outright, easily covering +4.0.[0m
  [93m⚠️ NO BET - Too close to call[0m
  📈 Predicted: Orlando Magic 111, Memphis Grizzlies 124

[1m[96mCharlotte Hornets @ Denver Nuggets[0m
  🕐 01/18/26 08:10 PM EST
  [92m[1m🎯 A.I. Rating: 4.9 ⭐⭐ (PREMIUM PLAY)[0m
  [96m📊 NEUTRAL+: Denver Nuggets - Slightly above average: 4-3 (57%) | +0.70u over 7 picks[0m
  📊 Spread: Market -1.5 | Model +17.6
  🎯 Total: Market 228.0 | Model 231.4
  [92m✅ BET: Denver Nuggets -1.5[0m
     [96mModel projects Denver Nuggets to win by 17.6, covering -1.5.[0m
  [93m⚠️ NO BET - Too close to call[0m
  📈 Predicted: Charlotte Hornets 107, Denver Nuggets 124

[1m[96mBrooklyn Nets @ Chicago Bulls[0m
  🕐 01/18/26 07:10 PM EST
  [92m[1m🎯 A.I. Rating: 4.9 ⭐⭐ (PREMIUM PLAY)[0m
  📊 Spread: Market -6.0 | Model +6.0
  🎯 Total: Market 222.5 | Model 237.8
  [93m⚠️ NO BET - Too close to call[0m
     [96mEdge too small (+0.0)[0m
  [92m✅ BET: OVER 222.5[0m
     [96mModel projects 238 total points, bet the OVER[0m
  📈 Predicted: Brooklyn Nets 116, Chicago Bulls 122

[1m[96mToronto Raptors @ Los Angeles Lakers[0m
  🕐 01/18/26 09:40 PM EST
  [92m[1m🎯 A.I. Rating: 4.8 ⭐⭐ (PREMIUM PLAY)[0m
  [91m🚫 COLD: Los Angeles Lakers - Poor performer: 2-5 (29%) | -3.59u over 7 picks[0m
  📊 Spread: Market +1.5 | Model +13.3
  🎯 Total: Market 223.0 | Model 234.2
  [92m✅ BET: Los Angeles Lakers +1.5[0m
     [96mModel projects Los Angeles Lakers to win outright, easily covering +1.5.[0m
  [92m✅ BET: OVER 223.0[0m
     [96mModel projects 234 total points, bet the OVER[0m
  📈 Predicted: Toronto Raptors 110, Los Angeles Lakers 124

[1m[96mNew Orleans Pelicans @ Houston Rockets[0m
  🕐 01/18/26 07:10 PM EST
  [96m[1m🎯 A.I. Rating: 3.7 ⭐ (GOOD PLAY)[0m
  [93m⚠️ CAUTION: Houston Rockets - Below average: 1-2 (33%) | -1.29u over 3 picks[0m
  📊 Spread: Market -13.5 | Model +21.5
  🎯 Total: Market 230.5 | Model 236.0
  [92m✅ BET: Houston Rockets -13.5[0m
     [96mModel projects Houston Rockets to win by 21.5, covering -13.5.[0m
  [93m⚠️ NO BET - Too close to call[0m
  📈 Predicted: New Orleans Pelicans 107, Houston Rockets 129

[1m[96mPortland Trail Blazers @ Sacramento Kings[0m
  🕐 01/18/26 09:10 PM EST
  [96m[1m🎯 A.I. Rating: 3.5 ⭐ (GOOD PLAY)[0m
  [96m📊 NEUTRAL+: Sacramento Kings - Slightly above average: 8-6 (57%) | +1.40u over 14 picks[0m
  📊 Spread: Market -2.5 | Model +9.9
  🎯 Total: Market 229.0 | Model 232.8
  [92m✅ BET: Sacramento Kings -2.5[0m
     [96mModel projects Sacramento Kings to win by 9.9, covering -2.5.[0m
  [93m⚠️ NO BET - Too close to call[0m
  📈 Predicted: Portland Trail Blazers 111, Sacramento Kings 121

[92m✓ CSV saved: /Users/rico/sports-models/nba/nba_model_output.csv[0m
Loaded 10 Auto-Bet teams: Indiana Pacers, Orlando Magic, Boston Celtics, Dallas Mavericks, Portland Trail Blazers...
[92m✓ HTML saved: /Users/rico/sports-models/nba/nba_model_output.html[0m

[1m[96mSTEP 7: Generating Final Tracking Dashboard[0m
[92m✓ Tracking dashboard saved: /Users/rico/sports-models/nba/nba_tracking_dashboard.html[0m

[1m==========================================================================================[0m
[1m[93m📊 TRACKING SUMMARY 📊[0m
[1m==========================================================================================[0m
[92mTotal Tracked Bets: 399[0m
[92mRecord: 206-180-3[0m
[92mWin Rate: 53.4%[0m
[92mProfit: +7.16 units[0m
[92mROI: +1.7%[0m
[1m==========================================================================================[0m

[96mUpdating unified dashboard...[0m
[92m✓ Dashboard updated[0m


==========================================
✅ Model completed successfully!
==========================================

📤 Pushing updates to GitHub...
[main 7e622ff] Update model outputs - 2026-01-18 10:00:43
 Committer: Ricardo Hill <rico@Ricos-M1-Mac-2.local>
Your name and email address were configured automatically based
on your username and hostname. Please check that they are accurate.
You can suppress this message by setting them explicitly. Run the
following command and follow the instructions in your editor to edit
your configuration file:

    git config --global --edit

After doing this, you may fix the identity used for this commit with:

    git commit --amend --reset-author

 4 files changed, 91 insertions(+), 95 deletions(-)
To https://github.com/BangLetsGetIt/NBA-NCAA-Betting-Models.git
   3f40ac1..7e622ff  main -> main
✅ Successfully pushed to GitHub!
