============================================================
Scheduler run: nba_main_model
Time: Wed Jan 14 03:10:01 EST 2026
Working dir: /Users/rico/sports-models/nba
Script: nba_model_IMPROVED.py
============================================================

[1m==========================================================================================[0m
[1m[96m🎲 IMPROVED NBA BETTING MODEL 🎲[0m
[1m[92m⚡ Enhanced Stats + Rest Days + Stricter Filters ⚡[0m
[1m==========================================================================================[0m

[1m[96mSTEP 1: Checking for Completed Games[0m

[96m==========================================================================================[0m
[96m🔄 UPDATING RESULTS FOR COMPLETED GAMES[0m
[96m==========================================================================================[0m

[93m📋 Checking 9 pending picks...[0m
[96mFetching completed NBA game scores (via NBA API)...[0m
[92m✓ Found 15 completed games (Free API)[0m
  ✓ Updating: Atlanta Hawks 116 @ Los Angeles Lakers 141
    Result: Win
  ✓ Updating: Atlanta Hawks 116 @ Los Angeles Lakers 141
    Result: Win
  ✓ Updating: Portland Trail Blazers 97 @ Golden State Warriors 119
    Result: Loss
[92m✓ Tracking data saved to /Users/rico/sports-models/nba/nba_picks_tracking.json[0m
[92m✅ Updated 3 picks[0m
[92m✓ Tracking data saved to /Users/rico/sports-models/nba/nba_picks_tracking.json[0m
[92m✅ Updated 3 picks[0m
[92m✓ Tracking dashboard saved: /Users/rico/sports-models/nba/nba_tracking_dashboard.html[0m
[92m✓ Tracking dashboard saved: /Users/rico/sports-models/nba/nba_tracking_dashboard.html[0m

[1m[96mSTEP 2: Fetching Composite Stats (Season + Form)[0m
[92m✓ Using cached composite stats (less than 6 hours old)[0m

[1m[96mSTEP 3: Fetching Home/Away Splits[0m
[92m✓ Using cached home/away splits (less than 6 hours old)[0m

[1m[96mSTEP 4: Fetching Team Schedules (Rest Days)[0m

[1m[96mSTEP 5: Fetching Live Odds (Next 2 Days)[0m
[92m✓ Fetched odds for 7 total games[0m
[92m✓ Filtered to 7 games in next 2 days[0m

[1m[96mSTEP 6: Processing Games & Generating Picks[0m

[92m✓ Tracking data saved to /Users/rico/sports-models/nba/nba_picks_tracking.json[0m
[92m📝 LOGGED PICK: ✅ BET: OVER 225.5 (Edge: +12.1)[0m
[91m❌ Missing stats for Los Angeles Clippers or Washington Wizards[0m
[91m❌ Missing stats for Los Angeles Clippers or Washington Wizards[0m
[91m❌ Skipping Washington Wizards @ Los Angeles Clippers - missing model data[0m
[92m✓ Tracking data saved to /Users/rico/sports-models/nba/nba_picks_tracking.json[0m
[92m✓ Updated CLV data for existing picks[0m

[1m[92m✅ Analyzed 6 games with complete odds[0m

[93m📊 All picks sorted by A.I. Rating (quality/confidence first)[0m


[1m==========================================================================================[0m
[1m[93m🏀 NBA MODEL PREDICTIONS 🏀[0m
[1m==========================================================================================[0m

[1m[96mToronto Raptors @ Indiana Pacers[0m
  🕐 01/14/26 07:10 PM EST
  [92m[1m🎯 A.I. Rating: 4.9 ⭐⭐ (PREMIUM PLAY)[0m
  [92m✅ GOOD: Indiana Pacers - Good record: 11-6 (65%) | +4.40u over 17 picks[0m
  📊 Spread: Market +2.5 | Model +13.4
  🎯 Total: Market 223.0 | Model 237.3
  [92m✅ BET: Indiana Pacers +2.5[0m
     [96mModel projects Indiana Pacers to win outright, easily covering +2.5.[0m
  [92m✅ BET: OVER 223.0[0m
     [96mModel projects 237 total points, bet the OVER[0m
  📈 Predicted: Toronto Raptors 112, Indiana Pacers 125

[1m[96mNew York Knicks @ Sacramento Kings[0m
  🕐 01/14/26 10:10 PM EST
  [92m[1m🎯 A.I. Rating: 4.7 ⭐⭐ (PREMIUM PLAY)[0m
  [0m➖ NEUTRAL: Sacramento Kings - Average performance: 6-6 (50%) | -0.60u over 12 picks[0m
  📊 Spread: Market +11.0 | Model +3.1
  🎯 Total: Market 232.0 | Model 233.2
  [92m✅ BET: Sacramento Kings +11.0[0m
     [96mModel projects Sacramento Kings to win outright, easily covering +11.0.[0m
  [93m⚠️ NO BET - Too close to call[0m
  📈 Predicted: New York Knicks 115, Sacramento Kings 118

[1m[96mDenver Nuggets @ Dallas Mavericks[0m
  🕐 01/14/26 09:40 PM EST
  [92m[1m🎯 A.I. Rating: 4.4 ⭐⭐ (STRONG PLAY)[0m
  📊 Spread: Market -1.0 | Model +2.9
  🎯 Total: Market 225.5 | Model 237.6
  [93m⚠️ NO BET - Too close to call[0m
     [96mEdge too small (+1.9)[0m
  [92m✅ BET: OVER 225.5[0m
     [96mModel projects 238 total points, bet the OVER[0m
  📈 Predicted: Denver Nuggets 117, Dallas Mavericks 120

[1m[96mCleveland Cavaliers @ Philadelphia 76ers[0m
  🕐 01/14/26 07:10 PM EST
  [92m[1m🎯 A.I. Rating: 4.1 ⭐⭐ (STRONG PLAY)[0m
  [93m📉 NEUTRAL-: Cleveland Cavaliers - Slightly below average: 6-8 (43%) | -2.80u over 14 picks[0m
  📊 Spread: Market -1.0 | Model -10.0
  🎯 Total: Market 237.5 | Model 239.0
  [92m✅ BET: Cleveland Cavaliers +1.0[0m
     [96mModel projects Philadelphia 76ers to win by only 10.0, not enough to cover -1.0.[0m
  [93m⚠️ NO BET - Too close to call[0m
  📈 Predicted: Cleveland Cavaliers 124, Philadelphia 76ers 114

[1m[96mUtah Jazz @ Chicago Bulls[0m
  🕐 01/14/26 08:10 PM EST
  [96m[1m🎯 A.I. Rating: 3.5 ⭐ (GOOD PLAY)[0m
  [93m⚠️ CAUTION: Chicago Bulls - Below average: 2-3 (40%) | -1.30u over 5 picks[0m
  📊 Spread: Market -2.5 | Model +10.0
  🎯 Total: Market 245.5 | Model 243.0
  [92m✅ BET: Chicago Bulls -2.5[0m
     [96mModel projects Chicago Bulls to win by 10.0, covering -2.5.[0m
  [93m⚠️ NO BET - Too close to call[0m
  📈 Predicted: Utah Jazz 116, Chicago Bulls 126

[1m[96mBrooklyn Nets @ New Orleans Pelicans[0m
  🕐 01/14/26 08:10 PM EST
  [93m[1m🎯 A.I. Rating: 2.9  (MARGINAL PLAY)[0m
  📊 Spread: Market +1.5 | Model +2.5
  🎯 Total: Market 229.0 | Model 231.6
  [93m⚠️ NO BET - Too close to call[0m
     [96mEdge too small (+4.0)[0m
  [93m⚠️ NO BET - Too close to call[0m
  📈 Predicted: Brooklyn Nets 115, New Orleans Pelicans 117

[92m✓ CSV saved: /Users/rico/sports-models/nba/nba_model_output.csv[0m
[92m✓ HTML saved: /Users/rico/sports-models/nba/nba_model_output.html[0m

[1m[96mSTEP 7: Generating Final Tracking Dashboard[0m
[92m✓ Tracking dashboard saved: /Users/rico/sports-models/nba/nba_tracking_dashboard.html[0m

[1m==========================================================================================[0m
[1m[93m📊 TRACKING SUMMARY 📊[0m
[1m==========================================================================================[0m
[92mTotal Tracked Bets: 363[0m
[92mRecord: 191-164-2[0m
[92mWin Rate: 53.8%[0m
[92mProfit: +9.76 units[0m
[92mROI: +2.5%[0m
[1m==========================================================================================[0m

[96mUpdating unified dashboard...[0m
[92m✓ Dashboard updated[0m

✅ Completed: nba_main_model at Wed Jan 14 03:10:06 EST 2026

📤 Auto-pushing model outputs to GitHub...
[main 6560852] Update model outputs - 2026-01-14 03:10:06
 Committer: Ricardo Hill <rico@Ricos-M1-Mac-2.local>
Your name and email address were configured automatically based
on your username and hostname. Please check that they are accurate.
You can suppress this message by setting them explicitly. Run the
following command and follow the instructions in your editor to edit
your configuration file:

    git config --global --edit

After doing this, you may fix the identity used for this commit with:

    git commit --amend --reset-author

 4 files changed, 177 insertions(+), 82 deletions(-)
To https://github.com/BangLetsGetIt/NBA-NCAA-Betting-Models.git
   d851ca1..6560852  main -> main
✅ Successfully pushed to GitHub!
✅ Auto-push succeeded at Wed Jan 14 03:10:07 EST 2026
