============================================================
Scheduler run: nba_points_props
Time: Sat Jan 10 18:01:03 EST 2026
Working dir: /Users/rico/sports-models/nba
Script: nba_points_props_model.py
============================================================

[1m[96m================================================================================[0m
[1m[96mNBA POINTS PROPS A.I. MODEL[0m
[1m[96m================================================================================[0m

[96m==========================================================================================[0m
[96m🎯 GRADING PENDING PICKS (BATCH MODE)[0m
[96m==========================================================================================[0m

[93m📋 Found 32 pending picks...[0m


[96mProcessing 9 picks for 2025-12-16...[0m
[96m  Fetching batch stats for 12/16/2025...[0m
  Fetching team stats to verify completed games for 2025-12-16...
[93m  ⚠️  No stats found for 2025-12-16 yet[0m

[96mProcessing 2 picks for 2025-12-23...[0m
[96m  Fetching batch stats for 12/23/2025...[0m
  Fetching team stats to verify completed games for 2025-12-23...

[96mProcessing 1 picks for 2026-01-03...[0m
[96m  Fetching batch stats for 01/03/2026...[0m
  Fetching team stats to verify completed games for 2026-01-03...

[96mProcessing 2 picks for 2026-01-08...[0m
[96m  Fetching batch stats for 01/08/2026...[0m
  Fetching team stats to verify completed games for 2026-01-08...

[96mProcessing 1 picks for 2026-01-09...[0m
[96m  Fetching batch stats for 01/09/2026...[0m
  Fetching team stats to verify completed games for 2026-01-09...

[96mProcessing 4 picks for 2026-01-10...[0m
[96m  Fetching batch stats for 01/10/2026...[0m
  Fetching team stats to verify completed games for 2026-01-10...
    [92mWIN[0m: Sam Merrill had 20 points (line: 10.5, bet: OVER) | Profit: 0.86 units
    [91mLOSS[0m: De'Andre Hunter had 4 points (line: 11.5, bet: OVER) | Profit: -1.00 units
    [92mWIN[0m: Jaylon Tyson had 23 points (line: 7.5, bet: OVER) | Profit: 0.80 units
    [92mWIN[0m: Sam Merrill had 20 points (line: 11.5, bet: OVER) | Profit: 0.83 units

[92m✓ Graded 4 picks[0m

[96mFetching REAL NBA player points statistics...[0m
[96m  Fetching season points stats...[0m
[96m  Fetching recent form (last 10 games)...[0m
[92m✓ Fetched REAL stats for 506 players[0m

[96mFetching opponent defense factors...[0m
[92m✓ Fetched defense factors for 30 teams[0m

[96mFetching player points prop odds...[0m
[96m  Found 13 upcoming games[0m
[96m  Filtered to 13 upcoming games[0m
[96m  Game 1/10: Miami Heat @ Indiana Pacers[0m
[96m  Game 2/10: Los Angeles Clippers @ Detroit Pistons[0m
[96m  Game 3/10: San Antonio Spurs @ Boston Celtics[0m
[96m  Game 4/10: Dallas Mavericks @ Chicago Bulls[0m
[96m  Game 5/10: Charlotte Hornets @ Utah Jazz[0m
[96m  Game 6/10: New Orleans Pelicans @ Orlando Magic[0m
[96m  Game 7/10: Brooklyn Nets @ Memphis Grizzlies[0m
[96m  Game 8/10: New York Knicks @ Portland Trail Blazers[0m
[96m  Game 9/10: Philadelphia 76ers @ Toronto Raptors[0m
[96m  Game 10/10: Milwaukee Bucks @ Denver Nuggets[0m
[92m✓ Fetched 126 total player props[0m

[96mAnalyzing 126 player props with REAL stats...[0m
[92m✓ Found 9 top OVER plays (A.I. Score >= 10.0)[0m
[92m✓ Found 7 top UNDER plays (A.I. Score >= 10.0)[0m
[93m  Skipped 2 props (no player stats found)[0m
[93m  Skipped 216 props (score below 10.0)[0m

[96m==========================================================================================[0m
[96m📊 TRACKING NEW PICKS[0m
[96m==========================================================================================[0m
[92m✓ Tracked 4 new picks[0m
[93m✓ Updated odds for 4 existing picks[0m

[1m[92m================================================================================[0m
[1m[92mTOP OVER PLAYS[0m
[1m[92m================================================================================[0m
  [96m 1. Andrew Wiggins           [0m | [92mOVER 13.5 PTS  [0m | Miami Heat vs Indiana Pacers | [1mA.I.: 10.00[0m | Rating: 4.9 ⭐⭐
  [96m 2. Kel'el Ware              [0m | [92mOVER 9.5 PTS   [0m | Miami Heat vs Indiana Pacers | [1mA.I.: 10.00[0m | Rating: 4.9 ⭐⭐
  [96m 3. Norman Powell            [0m | [92mOVER 21.5 PTS  [0m | Miami Heat vs Indiana Pacers | [1mA.I.: 10.00[0m | Rating: 4.9 ⭐⭐
  [96m 4. T.J. McConnell           [0m | [92mOVER 9.5 PTS   [0m | Indiana Pacers vs Miami Heat | [1mA.I.: 10.00[0m | Rating: 4.9 ⭐⭐
  [96m 5. Kawhi Leonard            [0m | [92mOVER 25.5 PTS  [0m | Los Angeles Clippers vs Detroit Pistons | [1mA.I.: 10.00[0m | Rating: 4.9 ⭐⭐
  [96m 6. Jaylen Brown             [0m | [92mOVER 28.5 PTS  [0m | Boston Celtics vs San Antonio Spurs | [1mA.I.: 10.00[0m | Rating: 4.9 ⭐⭐
  [96m 7. Victor Wembanyama        [0m | [92mOVER 20.5 PTS  [0m | San Antonio Spurs vs Boston Celtics | [1mA.I.: 10.00[0m | Rating: 4.9 ⭐⭐
  [96m 8. Collin Sexton            [0m | [92mOVER 13.5 PTS  [0m | Charlotte Hornets vs Utah Jazz | [1mA.I.: 10.00[0m | Rating: 4.9 ⭐⭐
  [96m 9. LaMelo Ball              [0m | [92mOVER 19.5 PTS  [0m | Charlotte Hornets vs Utah Jazz | [1mA.I.: 10.00[0m | Rating: 4.9 ⭐⭐

[1m[91m================================================================================[0m
[1m[91mTOP UNDER PLAYS[0m
[1m[91m================================================================================[0m
  [96m 1. Aaron Nesmith            [0m | [91mUNDER 16.5 PTS [0m | Indiana Pacers vs Miami Heat | [1mA.I.: 10.00[0m | Rating: 4.9 ⭐⭐
  [96m 2. Jaden Ivey               [0m | [91mUNDER 12.5 PTS [0m | Detroit Pistons vs Los Angeles Clippers | [1mA.I.: 10.00[0m | Rating: 4.9 ⭐⭐
  [96m 3. Daniel Gafford           [0m | [91mUNDER 11.5 PTS [0m | Dallas Mavericks vs Chicago Bulls | [1mA.I.: 10.00[0m | Rating: 4.9 ⭐⭐
  [96m 4. Naji Marshall            [0m | [91mUNDER 17.5 PTS [0m | Dallas Mavericks vs Chicago Bulls | [1mA.I.: 10.00[0m | Rating: 4.9 ⭐⭐
  [96m 5. Kyle Filipowski          [0m | [91mUNDER 13.5 PTS [0m | Utah Jazz vs Charlotte Hornets | [1mA.I.: 10.00[0m | Rating: 4.9 ⭐⭐
  [96m 6. Keyonte George           [0m | [91mUNDER 27.5 PTS [0m | Utah Jazz vs Charlotte Hornets | [1mA.I.: 10.00[0m | Rating: 4.9 ⭐⭐
  [96m 7. Brice Sensabaugh         [0m | [91mUNDER 16.5 PTS [0m | Utah Jazz vs Charlotte Hornets | [1mA.I.: 10.00[0m | Rating: 4.9 ⭐⭐

[96mGenerating HTML report...[0m

[92m✓ HTML report saved: /Users/rico/sports-models/nba/nba_points_props.html[0m

[1m[92m================================================================================[0m
[1m[92m✓ Model execution complete![0m
[1m[92m================================================================================[0m

✅ Completed: nba_points_props at Sat Jan 10 18:02:18 EST 2026

📤 Auto-pushing model outputs to GitHub...
[main 67c203a] Update model outputs - 2026-01-10 18:02:18
 Committer: Ricardo Hill <rico@MacBookAir.lan>
Your name and email address were configured automatically based
on your username and hostname. Please check that they are accurate.
You can suppress this message by setting them explicitly. Run the
following command and follow the instructions in your editor to edit
your configuration file:

    git config --global --edit

After doing this, you may fix the identity used for this commit with:

    git commit --amend --reset-author

 2 files changed, 303 insertions(+), 127 deletions(-)
To https://github.com/BangLetsGetIt/NBA-NCAA-Betting-Models.git
   6d47857..67c203a  main -> main
✅ Successfully pushed to GitHub!
✅ Auto-push succeeded at Sat Jan 10 18:02:18 EST 2026
