============================================================
Scheduler run: nba_assists_props
Time: Wed Jan 21 02:40:04 EST 2026
Working dir: /Users/rico/sports-models/nba
Script: nba_assists_props_model.py
============================================================

[1m[96m================================================================================[0m
[1m[96mNBA ASSISTS PROPS A.I. MODEL[0m
[1m[96m================================================================================[0m

[96m==========================================================================================[0m
[96m🎯 GRADING PENDING PICKS[0m
[96m==========================================================================================[0m

[93m📋 Found 6 pending picks...[0m

  Fetching team stats to verify completed games for 2025-12-16...
[93m  ⚠ Could not find stats for De'Aaron Fox on 2025-12-16[0m
  Fetching team stats to verify completed games for 2026-01-20...
    [92mWIN[0m: De'Aaron Fox had 5 assists (line: 4.5, bet: OVER) | Profit: 0.74 units
    [92mWIN[0m: Draymond Green had 5 assists (line: 6.5, bet: UNDER) | Profit: 0.58 units
[93m  ⚠️  Player Josh Giddey has no stats but game is final -> Marking as DNP/Void[0m
[93m  ⚠️  Player Josh Giddey has no stats but game is final -> Marking as DNP/Void[0m
    [92mWIN[0m: Davion Mitchell had 7 assists (line: 5.5, bet: OVER) | Profit: 0.51 units

[92m✓ Graded 5 picks[0m

[96mFetching REAL NBA player assists statistics...[0m
[96m  Fetching season assists stats...[0m
[96m  Fetching recent form (last 10 games)...[0m
[92m✓ Fetched REAL assists stats for 513 players[0m

[96mFetching opponent assists factors...[0m
[92m✓ Fetched assists factors for 30 teams[0m

[96mFetching player assists prop odds...[0m
[96m  Found 7 upcoming games[0m
[96m  Filtered to 7 upcoming games[0m
[96m  Game 1/7: Cleveland Cavaliers @ Charlotte Hornets[0m
[96m  Game 2/7: Indiana Pacers @ Boston Celtics[0m
[96m  Game 3/7: Brooklyn Nets @ New York Knicks[0m
[96m  Game 4/7: Atlanta Hawks @ Memphis Grizzlies[0m
[96m  Game 5/7: Detroit Pistons @ New Orleans Pelicans[0m
[96m  Game 6/7: Oklahoma City Thunder @ Milwaukee Bucks[0m
[96m  Game 7/7: Toronto Raptors @ Sacramento Kings[0m
[92m✓ Fetched 63 player assists props (grouped)[0m

[96mAnalyzing 63 player props with REAL stats...[0m
[92m✓ Found 0 top OVER plays (A.I. Score >= 10.0)[0m
[92m✓ Found 0 top UNDER plays (A.I. Score >= 10.0)[0m
[93m  Skipped 1 props (no player stats found)[0m
[93m  Skipped 124 props (score below 10.0 or failed checks)[0m

[96m==========================================================================================[0m
[96m📊 TRACKING NEW PICKS[0m
[96m==========================================================================================[0m
[96mNo new picks to track[0m

[1m[92m================================================================================[0m
[1m[92mTOP OVER PLAYS[0m
[1m[92m================================================================================[0m

[1m[91m================================================================================[0m
[1m[91mTOP UNDER PLAYS[0m
[1m[91m================================================================================[0m

[96mGenerating HTML report...[0m

[92m✓ HTML report saved: /Users/rico/sports-models/nba/nba_assists_props.html[0m

[1m[92m================================================================================[0m
[1m[92m✓ Model execution complete![0m
[1m[92m================================================================================[0m

✅ Completed: nba_assists_props at Wed Jan 21 02:40:12 EST 2026

📤 Auto-pushing model outputs to GitHub...
[main 09cf0de] Update model outputs - 2026-01-21 02:40:13
 Committer: Ricardo Hill <rico@Ricos-M1-Mac-2.local>
Your name and email address were configured automatically based
on your username and hostname. Please check that they are accurate.
You can suppress this message by setting them explicitly. Run the
following command and follow the instructions in your editor to edit
your configuration file:

    git config --global --edit

After doing this, you may fix the identity used for this commit with:

    git commit --amend --reset-author

 2 files changed, 51 insertions(+), 350 deletions(-)
To https://github.com/BangLetsGetIt/NBA-NCAA-Betting-Models.git
   c123ee6..09cf0de  main -> main
✅ Successfully pushed to GitHub!
✅ Auto-push succeeded at Wed Jan 21 02:40:13 EST 2026
