============================================================
Scheduler run: nba_3pt_props
Time: Tue Jan 13 03:00:00 EST 2026
Working dir: /Users/rico/sports-models/nba
Script: nba_3pt_props_model.py
============================================================

[1m[96m================================================================================[0m
[1m[96mNBA 3PT PROPS A.I. MODEL[0m
[1m[96m================================================================================[0m

[96m==========================================================================================[0m
[96m🎯 GRADING PENDING PICKS[0m
[96m==========================================================================================[0m

[93m📋 Found 8 pending picks...[0m

  Fetching team stats to verify completed games for 2025-12-16...
[96m  Fetching batch stats for 12/16/2025...[0m
  Fetching team stats to verify completed games for 2026-01-08...
[96m  Fetching batch stats for 01/08/2026...[0m
  Fetching team stats to verify completed games for 2026-01-12...
[96m  Fetching batch stats for 01/12/2026...[0m
    [92mWIN[0m: Sam Merrill had 3 3-pointers (line: 2.5, bet: OVER) | Profit: 0.57 units
    [92mWIN[0m: Brice Sensabaugh had 1 3-pointers (line: 2.5, bet: UNDER) | Profit: 0.50 units
    [92mWIN[0m: Payton Pritchard had 3 3-pointers (line: 3.5, bet: UNDER) | Profit: 0.66 units
    [92mWIN[0m: Naji Marshall had 0 3-pointers (line: 1.5, bet: UNDER) | Profit: 0.44 units
    [92mWIN[0m: LaMelo Ball had 3 3-pointers (line: 2.5, bet: OVER) | Profit: 0.55 units

[92m✓ Graded 5 picks[0m

[96mFetching REAL NBA player 3-pointers statistics...[0m
[96m  Fetching season 3-pointers stats...[0m
[96m  Fetching recent form (last 10 games)...[0m
[92m✓ Fetched REAL 3-pointers stats for 508 players[0m

[96mFetching opponent 3-pointers factors...[0m
[92m✓ Fetched 3-pointers factors for 30 teams[0m

[96mFetching player 3-pointers prop odds...[0m
[96m  Found 7 upcoming games[0m
[96m  Filtered to 7 upcoming games[0m
[96m  Game 1/7: Phoenix Suns @ Miami Heat[0m
[96m  Game 2/7: Chicago Bulls @ Houston Rockets[0m
[96m  Game 3/7: Denver Nuggets @ New Orleans Pelicans[0m
[96m  Game 4/7: Minnesota Timberwolves @ Milwaukee Bucks[0m
[96m  Game 5/7: San Antonio Spurs @ Oklahoma City Thunder[0m
[96m  Game 6/7: Atlanta Hawks @ Los Angeles Lakers[0m
[96m  Game 7/7: Portland Trail Blazers @ Golden State Warriors[0m
[92m✓ Fetched 58 player 3-pointers props (grouped)[0m

[96mAnalyzing 58 player props with REAL stats...[0m
[92m✓ Found 3 top OVER plays (A.I. Score >= 7.5)[0m
[92m✓ Found 0 top UNDER plays (A.I. Score >= 7.5)[0m
[93m  Skipped 2 props (no player stats found)[0m
[93m  Skipped 109 props (score below 7.5 or failed checks)[0m

[96m==========================================================================================[0m
[96m📊 TRACKING NEW PICKS[0m
[96m==========================================================================================[0m
[92m✓ Tracked 3 new picks[0m

[1m[92m================================================================================[0m
[1m[92mTOP OVER PLAYS[0m
[1m[92m================================================================================[0m
  [96m 1. Jamal Murray             [0m | [92mOVER 2.5 3PT   [0m | Denver Nuggets            vs New Orleans Pelicans      | [1mA.I.: 10.00[0m | Rating: 3.9 ⭐
  [96m 2. Jrue Holiday             [0m | [92mOVER 1.5 3PT   [0m | Portland Trail Blazers    vs Golden State Warriors     | [1mA.I.: 8.64[0m | Rating: 3.0 ⭐
  [96m 3. Ryan Rollins             [0m | [92mOVER 1.5 3PT   [0m | Milwaukee Bucks           vs Minnesota Timberwolves    | [1mA.I.: 8.59[0m | Rating: 2.4 

[1m[91m================================================================================[0m
[1m[91mTOP UNDER PLAYS[0m
[1m[91m================================================================================[0m

[96mGenerating HTML report...[0m

[92m✓ HTML report saved: /Users/rico/sports-models/nba/nba_3pt_props.html[0m

[1m[92m================================================================================[0m
[1m[92m✓ Model execution complete![0m
[1m[92m================================================================================[0m

✅ Completed: nba_3pt_props at Tue Jan 13 03:00:20 EST 2026

📤 Auto-pushing model outputs to GitHub...
[main 2cff7c3] Update model outputs - 2026-01-13 03:00:20
 Committer: Ricardo Hill <rico@MacBookAir.lan>
Your name and email address were configured automatically based
on your username and hostname. Please check that they are accurate.
You can suppress this message by setting them explicitly. Run the
following command and follow the instructions in your editor to edit
your configuration file:

    git config --global --edit

After doing this, you may fix the identity used for this commit with:

    git commit --amend --reset-author

 2 files changed, 161 insertions(+), 86 deletions(-)
To https://github.com/BangLetsGetIt/NBA-NCAA-Betting-Models.git
   05a5259..2cff7c3  main -> main
✅ Successfully pushed to GitHub!
✅ Auto-push succeeded at Tue Jan 13 03:00:21 EST 2026
