============================================================
Scheduler run: nba_3pt_props
Time: Mon Jan 12 18:03:28 EST 2026
Working dir: /Users/rico/sports-models/nba
Script: nba_3pt_props_model.py
============================================================

[1m[96m================================================================================[0m
[1m[96mNBA 3PT PROPS A.I. MODEL[0m
[1m[96m================================================================================[0m

[96m==========================================================================================[0m
[96m🎯 GRADING PENDING PICKS[0m
[96m==========================================================================================[0m

[93m📋 Found 7 pending picks...[0m

  Fetching team stats to verify completed games for 2025-12-16...
[96m  Fetching batch stats for 12/16/2025...[0m
  Fetching team stats to verify completed games for 2026-01-08...
[96m  Fetching batch stats for 01/08/2026...[0m
  Fetching team stats to verify completed games for 2026-01-12...

[93mNo picks ready for grading yet[0m

[96mFetching REAL NBA player 3-pointers statistics...[0m
[92m✓ Using cached player 3-pointers stats (less than 6 hours old)[0m

[96mFetching opponent 3-pointers factors...[0m
[92m✓ Using cached 3-pointers factors[0m

[96mFetching player 3-pointers prop odds...[0m
[96m  Found 10 upcoming games[0m
[96m  Filtered to 10 upcoming games[0m
[96m  Game 1/10: Utah Jazz @ Cleveland Cavaliers[0m
[96m  Game 2/10: Boston Celtics @ Indiana Pacers[0m
[96m  Game 3/10: Philadelphia 76ers @ Toronto Raptors[0m
[96m  Game 4/10: Brooklyn Nets @ Dallas Mavericks[0m
[96m  Game 5/10: Los Angeles Lakers @ Sacramento Kings[0m
[96m  Game 6/10: Charlotte Hornets @ Los Angeles Clippers[0m
[96m  Game 7/10: Phoenix Suns @ Miami Heat[0m
[96m  Game 8/10: Chicago Bulls @ Houston Rockets[0m
[96m  Game 9/10: Minnesota Timberwolves @ Milwaukee Bucks[0m
[96m  Game 10/10: San Antonio Spurs @ Oklahoma City Thunder[0m
[92m✓ Fetched 50 player 3-pointers props (grouped)[0m

[96mAnalyzing 50 player props with REAL stats...[0m
[92m✓ Found 1 top OVER plays (A.I. Score >= 7.5)[0m
[92m✓ Found 2 top UNDER plays (A.I. Score >= 7.5)[0m
[93m  Skipped 1 props (no player stats found)[0m
[93m  Skipped 95 props (score below 7.5 or failed checks)[0m

[96m==========================================================================================[0m
[96m📊 TRACKING NEW PICKS[0m
[96m==========================================================================================[0m
[92m✓ Tracked 1 new picks[0m
[93m✓ Updated odds for 2 existing picks[0m

[1m[92m================================================================================[0m
[1m[92mTOP OVER PLAYS[0m
[1m[92m================================================================================[0m
  [96m 1. LaMelo Ball              [0m | [92mOVER 2.5 3PT   [0m | Charlotte Hornets         vs Los Angeles Clippers      | [1mA.I.: 9.30[0m | Rating: 3.3 ⭐

[1m[91m================================================================================[0m
[1m[91mTOP UNDER PLAYS[0m
[1m[91m================================================================================[0m
  [96m 1. Naji Marshall            [0m | [91mUNDER 1.5 3PT  [0m | Dallas Mavericks          vs Brooklyn Nets             | [1mA.I.: 7.64[0m | Rating: 4.3 ⭐⭐
  [96m 2. Payton Pritchard         [0m | [91mUNDER 3.5 3PT  [0m | Boston Celtics            vs Indiana Pacers            | [1mA.I.: 10.00[0m | Rating: 3.6 ⭐

[96mGenerating HTML report...[0m

[92m✓ HTML report saved: /Users/rico/sports-models/nba/nba_3pt_props.html[0m

[1m[92m================================================================================[0m
[1m[92m✓ Model execution complete![0m
[1m[92m================================================================================[0m

✅ Completed: nba_3pt_props at Mon Jan 12 18:09:22 EST 2026

📤 Auto-pushing model outputs to GitHub...
[main bd07a1f] Update model outputs - 2026-01-12 18:09:22
 Committer: Ricardo Hill <rico@MacBookAir.lan>
Your name and email address were configured automatically based
on your username and hostname. Please check that they are accurate.
You can suppress this message by setting them explicitly. Run the
following command and follow the instructions in your editor to edit
your configuration file:

    git config --global --edit

After doing this, you may fix the identity used for this commit with:

    git commit --amend --reset-author

 2 files changed, 60 insertions(+), 37 deletions(-)
To https://github.com/BangLetsGetIt/NBA-NCAA-Betting-Models.git
   61cfe55..bd07a1f  main -> main
✅ Successfully pushed to GitHub!
✅ Auto-push succeeded at Mon Jan 12 18:09:23 EST 2026
