============================================================
Scheduler run: nba_rebounds_props
Time: Mon Dec 29 15:10:04 EST 2025
Working dir: /Users/rico/sports-models/nba
Script: nba_rebounds_props_model.py
============================================================

[1m[96m================================================================================[0m
[1m[96mNBA REBOUNDS PROPS A.I. MODEL[0m
[1m[96m================================================================================[0m

[96m==========================================================================================[0m
[96m🎯 GRADING PENDING PICKS[0m
[96m==========================================================================================[0m

[93m📋 Found 14 pending picks...[0m

  Fetching team stats to verify completed games for 2025-12-16...
[96m  Fetching batch stats for 12/16/2025...[0m
  Fetching team stats to verify completed games for 2025-12-29...

[93mNo picks ready for grading yet[0m

[96mFetching REAL NBA player rebounding statistics...[0m
[92m✓ Using cached player rebounding stats (less than 6 hours old)[0m

[96mFetching opponent rebounding factors...[0m
[92m✓ Using cached rebounding factors[0m

[96mFetching player rebounds prop odds...[0m
[96m  Found 11 upcoming games[0m
[96m  Filtered to 11 upcoming games[0m
[96m  Game 1/10: Milwaukee Bucks @ Charlotte Hornets[0m
[96m  Game 2/10: Phoenix Suns @ Washington Wizards[0m
[96m  Game 3/10: Golden State Warriors @ Brooklyn Nets[0m
[96m  Game 4/10: Denver Nuggets @ Miami Heat[0m
[96m  Game 5/10: Orlando Magic @ Toronto Raptors[0m
[96m  Game 6/10: Atlanta Hawks @ Oklahoma City Thunder[0m
[96m  Game 7/10: Minnesota Timberwolves @ Chicago Bulls[0m
[96m  Game 8/10: Cleveland Cavaliers @ San Antonio Spurs[0m
[96m  Game 9/10: Indiana Pacers @ Houston Rockets[0m
[96m  Game 10/10: New York Knicks @ New Orleans Pelicans[0m
[92m✓ Fetched 135 player rebounds props (grouped)[0m

[96mAnalyzing 135 player props with REAL stats...[0m
[92m✓ Found 1 top OVER plays (A.I. Score >= 10.0)[0m
[92m✓ Found 5 top UNDER plays (A.I. Score >= 10.0)[0m
[93m  Skipped 7 props (no player stats found)[0m
[93m  Skipped 250 props (score below 10.0 or failed checks)[0m

[96m==========================================================================================[0m
[96m📊 TRACKING NEW PICKS[0m
[96m==========================================================================================[0m
[92m✓ Tracked 2 new picks[0m
[93m✓ Updated odds for 1 existing picks[0m

[1m[92m================================================================================[0m
[1m[92mTOP OVER PLAYS[0m
[1m[92m================================================================================[0m
  [96m 1. Evan Mobley              [0m | [92mOVER 7.5 REB   [0m | Cleveland Cavaliers       vs San Antonio Spurs         | [1mA.I.: 10.00[0m | Rating: 4.9 ⭐⭐

[1m[91m================================================================================[0m
[1m[91mTOP UNDER PLAYS[0m
[1m[91m================================================================================[0m
  [96m 1. Onyeka Okongwu           [0m | [91mUNDER 9.5 REB  [0m | Atlanta Hawks             vs Oklahoma City Thunder     | [1mA.I.: 10.00[0m | Rating: 4.9 ⭐⭐
  [96m 2. Mouhamed Gueye           [0m | [91mUNDER 6.5 REB  [0m | Atlanta Hawks             vs Oklahoma City Thunder     | [1mA.I.: 10.00[0m | Rating: 4.9 ⭐⭐
  [96m 3. Ja'Kobe Walter           [0m | [91mUNDER 3.5 REB  [0m | Toronto Raptors           vs Orlando Magic             | [1mA.I.: 10.00[0m | Rating: 4.4 ⭐⭐
  [96m 4. De'Anthony Melton        [0m | [91mUNDER 2.5 REB  [0m | Golden State Warriors     vs Brooklyn Nets             | [1mA.I.: 10.00[0m | Rating: 3.0 ⭐
  [96m 5. Luguentz Dort            [0m | [91mUNDER 4.5 REB  [0m | Oklahoma City Thunder     vs Atlanta Hawks             | [1mA.I.: 10.00[0m | Rating: 2.7 

[96mGenerating HTML report...[0m

[92m✓ HTML report saved: /Users/rico/sports-models/nba/nba_rebounds_props.html[0m

[1m[92m================================================================================[0m
[1m[92m✓ Model execution complete![0m
[1m[92m================================================================================[0m

✅ Completed: nba_rebounds_props at Mon Dec 29 15:10:09 EST 2025

📤 Auto-pushing model outputs to GitHub...
[main dac13ef] Update model outputs - 2025-12-29 15:10:09
 Committer: Ricardo Hill <rico@Ricos-M1-Mac-2.local>
Your name and email address were configured automatically based
on your username and hostname. Please check that they are accurate.
You can suppress this message by setting them explicitly. Run the
following command and follow the instructions in your editor to edit
your configuration file:

    git config --global --edit

After doing this, you may fix the identity used for this commit with:

    git commit --amend --reset-author

 2 files changed, 100 insertions(+), 60 deletions(-)
To https://github.com/BangLetsGetIt/NBA-NCAA-Betting-Models.git
   008e913..dac13ef  main -> main
✅ Successfully pushed to GitHub!
✅ Auto-push succeeded at Mon Dec 29 15:10:09 EST 2025
