============================================================
Scheduler run: nba_rebounds_props
Time: Thu Jan 22 02:45:04 EST 2026
Working dir: /Users/rico/sports-models/nba
Script: nba_rebounds_props_model.py
============================================================

[1m[96m================================================================================[0m
[1m[96mNBA REBOUNDS PROPS A.I. MODEL[0m
[1m[96m================================================================================[0m

[96m==========================================================================================[0m
[96m🎯 GRADING PENDING PICKS[0m
[96m==========================================================================================[0m

[93m📋 Found 16 pending picks...[0m

  Fetching team stats to verify completed games for 2025-12-16...
[96m  Fetching batch stats for 12/16/2025...[0m
  Fetching team stats to verify completed games for 2025-12-30...
[96m  Fetching batch stats for 12/30/2025...[0m
  Fetching team stats to verify completed games for 2026-01-01...
[96m  Fetching batch stats for 01/01/2026...[0m
  Fetching team stats to verify completed games for 2026-01-08...
[96m  Fetching batch stats for 01/08/2026...[0m
  Fetching team stats to verify completed games for 2026-01-22...

[93mNo picks ready for grading yet[0m

[96mFetching REAL NBA player rebounding statistics...[0m
[92m✓ Using cached player rebounding stats (less than 6 hours old)[0m

[96mFetching opponent rebounding factors...[0m
[92m✓ Using cached rebounding factors[0m

[96mFetching player rebounds prop odds...[0m
[96m  Found 8 upcoming games[0m
[96m  Filtered to 8 upcoming games[0m
[96m  Game 1/8: Charlotte Hornets @ Orlando Magic[0m
[96m  Game 2/8: Denver Nuggets @ Washington Wizards[0m
[96m  Game 3/8: Houston Rockets @ Philadelphia 76ers[0m
[96m  Game 4/8: Golden State Warriors @ Dallas Mavericks[0m
[96m  Game 5/8: Chicago Bulls @ Minnesota Timberwolves[0m
[96m  Game 6/8: San Antonio Spurs @ Utah Jazz[0m
[96m  Game 7/8: Los Angeles Lakers @ Los Angeles Clippers[0m
[96m  Game 8/8: Miami Heat @ Portland Trail Blazers[0m
[92m✓ Fetched 100 player rebounds props (grouped)[0m

[96mAnalyzing 100 player props with REAL stats...[0m
[92m✓ Found 3 top OVER plays (A.I. Score >= 10.0)[0m
[92m✓ Found 2 top UNDER plays (A.I. Score >= 10.0)[0m
[93m  Skipped 4 props (no player stats found)[0m
[93m  Skipped 187 props (score below 10.0 or failed checks)[0m

[96m==========================================================================================[0m
[96m📊 TRACKING NEW PICKS[0m
[96m==========================================================================================[0m
[93m✓ Updated odds for 1 existing picks[0m

[1m[92m================================================================================[0m
[1m[92mTOP OVER PLAYS[0m
[1m[92m================================================================================[0m
  [96m 1. Josh Giddey              [0m | [92mOVER 5.5 REB   [0m | Chicago Bulls             vs Minnesota Timberwolves    | [1mA.I.: 10.00[0m | Rating: 4.7 ⭐⭐
  [96m 2. Ryan Kalkbrenner         [0m | [92mOVER 4.5 REB   [0m | Charlotte Hornets         vs Orlando Magic             | [1mA.I.: 10.00[0m | Rating: 4.2 ⭐⭐
  [96m 3. Tari Eason               [0m | [92mOVER 4.5 REB   [0m | Houston Rockets           vs Philadelphia 76ers        | [1mA.I.: 10.00[0m | Rating: 3.5 ⭐

[1m[91m================================================================================[0m
[1m[91mTOP UNDER PLAYS[0m
[1m[91m================================================================================[0m
  [96m 1. Kyle Filipowski          [0m | [91mUNDER 7.5 REB  [0m | Utah Jazz                 vs San Antonio Spurs         | [1mA.I.: 10.00[0m | Rating: 4.2 ⭐⭐
  [96m 2. Ace Bailey               [0m | [91mUNDER 4.5 REB  [0m | Utah Jazz                 vs San Antonio Spurs         | [1mA.I.: 10.00[0m | Rating: 3.8 ⭐

[96mGenerating HTML report...[0m

[92m✓ HTML report saved: /Users/rico/sports-models/nba/nba_rebounds_props.html[0m

[1m[92m================================================================================[0m
[1m[92m✓ Model execution complete![0m
[1m[92m================================================================================[0m

✅ Completed: nba_rebounds_props at Thu Jan 22 02:45:09 EST 2026

📤 Auto-pushing model outputs to GitHub...
[main ff1a1f0] Update model outputs - 2026-01-22 02:45:09
 Committer: Ricardo Hill <rico@Ricos-M1-Mac-2.local>
Your name and email address were configured automatically based
on your username and hostname. Please check that they are accurate.
You can suppress this message by setting them explicitly. Run the
following command and follow the instructions in your editor to edit
your configuration file:

    git config --global --edit

After doing this, you may fix the identity used for this commit with:

    git commit --amend --reset-author

 2 files changed, 4 insertions(+), 4 deletions(-)
To https://github.com/BangLetsGetIt/NBA-NCAA-Betting-Models.git
   5bb7801..ff1a1f0  main -> main
✅ Successfully pushed to GitHub!
✅ Auto-push succeeded at Thu Jan 22 02:45:10 EST 2026
