============================================================
Scheduler run: nba_points_props
Time: Wed Jan 14 10:00:05 EST 2026
Working dir: /Users/rico/sports-models/nba
Script: nba_points_props_model.py
============================================================

[1m[96m================================================================================[0m
[1m[96mNBA POINTS PROPS A.I. MODEL[0m
[1m[96m================================================================================[0m

[96m==========================================================================================[0m
[96m🎯 GRADING PENDING PICKS (BATCH MODE)[0m
[96m==========================================================================================[0m

[93m📋 Found 29 pending picks...[0m


[96mProcessing 9 picks for 2025-12-16...[0m
[96m  Fetching batch stats for 12/16/2025...[0m
  Fetching team stats to verify completed games for 2025-12-16...
[93m  ⚠️  No stats found for 2025-12-16 yet[0m

[96mProcessing 2 picks for 2025-12-23...[0m
[96m  Fetching batch stats for 12/23/2025...[0m
  Fetching team stats to verify completed games for 2025-12-23...

[96mProcessing 1 picks for 2026-01-03...[0m
[96m  Fetching batch stats for 01/03/2026...[0m
  Fetching team stats to verify completed games for 2026-01-03...

[96mProcessing 2 picks for 2026-01-08...[0m
[96m  Fetching batch stats for 01/08/2026...[0m
  Fetching team stats to verify completed games for 2026-01-08...

[96mProcessing 1 picks for 2026-01-09...[0m
[96m  Fetching batch stats for 01/09/2026...[0m
  Fetching team stats to verify completed games for 2026-01-09...

[96mProcessing 3 picks for 2026-01-10...[0m
[96m  Fetching batch stats for 01/10/2026...[0m
  Fetching team stats to verify completed games for 2026-01-10...

[93mNo picks ready for grading yet[0m

[96mFetching REAL NBA player points statistics...[0m
[96m  Fetching season points stats...[0m
[96m  Fetching recent form (last 10 games)...[0m
[92m✓ Fetched REAL stats for 509 players[0m

[96mFetching opponent defense factors...[0m
[92m✓ Fetched defense factors for 30 teams[0m

[96mFetching player points prop odds...[0m
[96m  Found 7 upcoming games[0m
[96m  Filtered to 7 upcoming games[0m
[96m  Game 1/7: Cleveland Cavaliers @ Philadelphia 76ers[0m
[96m  Game 2/7: Toronto Raptors @ Indiana Pacers[0m
[96m  Game 3/7: Brooklyn Nets @ New Orleans Pelicans[0m
[96m  Game 4/7: Utah Jazz @ Chicago Bulls[0m
[96m  Game 5/7: Denver Nuggets @ Dallas Mavericks[0m
[96m  Game 6/7: New York Knicks @ Sacramento Kings[0m
[96m  Game 7/7: Washington Wizards @ Los Angeles Clippers[0m
[92m✓ Fetched 162 total player props[0m

[96mAnalyzing 162 player props with REAL stats...[0m
[92m✓ Found 10 top OVER plays (A.I. Score >= 10.0)[0m
[92m✓ Found 10 top UNDER plays (A.I. Score >= 10.0)[0m
[93m  Skipped 6 props (no player stats found)[0m
[93m  Skipped 266 props (score below 10.0)[0m

[96m==========================================================================================[0m
[96m📊 TRACKING NEW PICKS[0m
[96m==========================================================================================[0m
[92m✓ Tracked 2 new picks[0m
[93m✓ Updated odds for 4 existing picks[0m

[1m[92m================================================================================[0m
[1m[92mTOP OVER PLAYS[0m
[1m[92m================================================================================[0m
  [96m 1. Tyrese Maxey             [0m | [92mOVER 27.5 PTS  [0m | Philadelphia 76ers vs Cleveland Cavaliers | [1mA.I.: 10.00[0m | Rating: 4.9 ⭐⭐
  [96m 2. VJ Edgecombe             [0m | [92mOVER 14.5 PTS  [0m | Philadelphia 76ers vs Cleveland Cavaliers | [1mA.I.: 10.00[0m | Rating: 4.9 ⭐⭐
  [96m 3. Quentin Grimes           [0m | [92mOVER 9.5 PTS   [0m | Philadelphia 76ers vs Cleveland Cavaliers | [1mA.I.: 10.00[0m | Rating: 4.9 ⭐⭐
  [96m 4. Jaylon Tyson             [0m | [92mOVER 9.5 PTS   [0m | Cleveland Cavaliers vs Philadelphia 76ers | [1mA.I.: 10.00[0m | Rating: 4.9 ⭐⭐
  [96m 5. Sam Merrill              [0m | [92mOVER 12.5 PTS  [0m | Cleveland Cavaliers vs Philadelphia 76ers | [1mA.I.: 10.00[0m | Rating: 4.9 ⭐⭐
  [96m 6. Saddiq Bey               [0m | [92mOVER 13.5 PTS  [0m | New Orleans Pelicans vs Brooklyn Nets | [1mA.I.: 10.00[0m | Rating: 4.9 ⭐⭐
  [96m 7. Tre Jones                [0m | [92mOVER 10.5 PTS  [0m | Chicago Bulls vs Utah Jazz | [1mA.I.: 10.00[0m | Rating: 4.9 ⭐⭐
  [96m 8. Lauri Markkanen          [0m | [92mOVER 26.5 PTS  [0m | Utah Jazz vs Chicago Bulls | [1mA.I.: 10.00[0m | Rating: 4.9 ⭐⭐
  [96m 9. Miles McBride            [0m | [92mOVER 10.5 PTS  [0m | New York Knicks vs Sacramento Kings | [1mA.I.: 10.00[0m | Rating: 4.9 ⭐⭐
  [96m10. Jordan Clarkson          [0m | [92mOVER 7.5 PTS   [0m | New York Knicks vs Sacramento Kings | [1mA.I.: 10.00[0m | Rating: 4.9 ⭐⭐

[1m[91m================================================================================[0m
[1m[91mTOP UNDER PLAYS[0m
[1m[91m================================================================================[0m
  [96m 1. Brandon Ingram           [0m | [91mUNDER 23.5 PTS [0m | Toronto Raptors vs Indiana Pacers | [1mA.I.: 10.00[0m | Rating: 4.9 ⭐⭐
  [96m 2. Jamal Shead              [0m | [91mUNDER 10.5 PTS [0m | Toronto Raptors vs Indiana Pacers | [1mA.I.: 10.00[0m | Rating: 4.9 ⭐⭐
  [96m 3. Collin Murray-Boyles     [0m | [91mUNDER 10.5 PTS [0m | Toronto Raptors vs Indiana Pacers | [1mA.I.: 10.00[0m | Rating: 4.9 ⭐⭐
  [96m 4. Jamal Murray             [0m | [91mUNDER 27.5 PTS [0m | Denver Nuggets vs Dallas Mavericks | [1mA.I.: 10.00[0m | Rating: 4.9 ⭐⭐
  [96m 5. Cooper Flagg             [0m | [91mUNDER 22.5 PTS [0m | Dallas Mavericks vs Denver Nuggets | [1mA.I.: 10.00[0m | Rating: 4.9 ⭐⭐
  [96m 6. Naji Marshall            [0m | [91mUNDER 16.5 PTS [0m | Dallas Mavericks vs Denver Nuggets | [1mA.I.: 10.00[0m | Rating: 4.9 ⭐⭐
  [96m 7. Daniel Gafford           [0m | [91mUNDER 9.5 PTS  [0m | Dallas Mavericks vs Denver Nuggets | [1mA.I.: 10.00[0m | Rating: 4.9 ⭐⭐
  [96m 8. Klay Thompson            [0m | [91mUNDER 13.5 PTS [0m | Dallas Mavericks vs Denver Nuggets | [1mA.I.: 10.00[0m | Rating: 4.9 ⭐⭐
  [96m 9. Precious Achiuwa         [0m | [91mUNDER 8.5 PTS  [0m | Sacramento Kings vs New York Knicks | [1mA.I.: 10.00[0m | Rating: 4.9 ⭐⭐
  [96m10. Malik Monk               [0m | [91mUNDER 13.5 PTS [0m | Sacramento Kings vs New York Knicks | [1mA.I.: 10.00[0m | Rating: 4.9 ⭐⭐

[96mGenerating HTML report...[0m

[92m✓ HTML report saved: /Users/rico/sports-models/nba/nba_points_props.html[0m

[1m[92m================================================================================[0m
[1m[92m✓ Model execution complete![0m
[1m[92m================================================================================[0m

✅ Completed: nba_points_props at Wed Jan 14 10:01:15 EST 2026

📤 Auto-pushing model outputs to GitHub...
[main 66cd53c] Update model outputs - 2026-01-14 10:01:15
 Committer: Ricardo Hill <rico@Ricos-M1-Mac-2.local>
Your name and email address were configured automatically based
on your username and hostname. Please check that they are accurate.
You can suppress this message by setting them explicitly. Run the
following command and follow the instructions in your editor to edit
your configuration file:

    git config --global --edit

After doing this, you may fix the identity used for this commit with:

    git commit --amend --reset-author

 2 files changed, 244 insertions(+), 123 deletions(-)
To https://github.com/BangLetsGetIt/NBA-NCAA-Betting-Models.git
   e3624ce..66cd53c  main -> main
✅ Successfully pushed to GitHub!
✅ Auto-push succeeded at Wed Jan 14 10:01:16 EST 2026
