============================================================
Scheduler run: nba_rebounds_props
Time: Tue Jan 27 10:46:47 EST 2026
Working dir: /Users/rico/sports-models/nba
Script: nba_rebounds_props_model.py
============================================================

[1m[96m================================================================================[0m
[1m[96mNBA REBOUNDS PROPS A.I. MODEL[0m
[1m[96m================================================================================[0m

[96m==========================================================================================[0m
[96m🎯 GRADING PENDING PICKS[0m
[96m==========================================================================================[0m

[93m📋 Found 12 pending picks...[0m

  Fetching team stats to verify completed games for 2025-12-16...
[96m  Fetching batch stats for 12/16/2025...[0m
  Fetching team stats to verify completed games for 2025-12-30...
[96m  Fetching batch stats for 12/30/2025...[0m
  Fetching team stats to verify completed games for 2026-01-08...
  Error fetching completed teams: HTTPSConnectionPool(host='stats.nba.com', port=443): Read timed out. (read timeout=30)
[96m  Fetching batch stats for 01/08/2026...[0m
  Fetching team stats to verify completed games for 2026-01-25...
[96m  Fetching batch stats for 01/25/2026...[0m
  Fetching team stats to verify completed games for 2026-01-27...

[93mNo picks ready for grading yet[0m

[96mFetching REAL NBA player rebounding statistics...[0m
[96m  Fetching season rebounding stats...[0m
[96m  Fetching recent form (last 10 games)...[0m
[92m✓ Fetched REAL rebounding stats for 513 players[0m

[96mFetching opponent rebounding factors...[0m
[92m✓ Fetched rebounding factors for 30 teams[0m

[96mFetching player rebounds prop odds...[0m
[96m  Found 7 upcoming games[0m
[96m  Filtered to 7 upcoming games[0m
[96m  Game 1/7: Portland Trail Blazers @ Washington Wizards[0m
[96m  Game 2/7: Sacramento Kings @ New York Knicks[0m
[96m  Game 3/7: Milwaukee Bucks @ Philadelphia 76ers[0m
[96m  Game 4/7: New Orleans Pelicans @ Oklahoma City Thunder[0m
[96m  Game 5/7: Brooklyn Nets @ Phoenix Suns[0m
[96m  Game 6/7: Detroit Pistons @ Denver Nuggets[0m
[96m  Game 7/7: Los Angeles Clippers @ Utah Jazz[0m
[92m✓ Fetched 79 player rebounds props (grouped)[0m

[96mAnalyzing 79 player props with REAL stats...[0m
[92m✓ Found 0 top OVER plays (A.I. Score >= 10.0)[0m
[92m✓ Found 4 top UNDER plays (A.I. Score >= 10.0)[0m
[93m  Skipped 1 props (no player stats found)[0m
[93m  Skipped 152 props (score below 10.0 or failed checks)[0m

[96m==========================================================================================[0m
[96m📊 TRACKING NEW PICKS[0m
[96m==========================================================================================[0m
[93m✓ Updated odds for 2 existing picks[0m

[1m[92m================================================================================[0m
[1m[92mTOP OVER PLAYS[0m
[1m[92m================================================================================[0m

[1m[91m================================================================================[0m
[1m[91mTOP UNDER PLAYS[0m
[1m[91m================================================================================[0m
  [96m 1. Kyle Filipowski          [0m | [91mUNDER 7.5 REB  [0m | Utah Jazz                 vs Los Angeles Clippers      | [1mA.I.: 10.00[0m | Rating: 4.9 ⭐⭐
  [96m 2. Isaiah Collier           [0m | [91mUNDER 3.5 REB  [0m | Utah Jazz                 vs Los Angeles Clippers      | [1mA.I.: 10.00[0m | Rating: 4.8 ⭐⭐
  [96m 3. Oso Ighodaro             [0m | [91mUNDER 5.5 REB  [0m | Phoenix Suns              vs Brooklyn Nets             | [1mA.I.: 10.00[0m | Rating: 4.6 ⭐⭐
  [96m 4. Myles Turner             [0m | [91mUNDER 6.5 REB  [0m | Milwaukee Bucks           vs Philadelphia 76ers        | [1mA.I.: 10.00[0m | Rating: 4.3 ⭐⭐

[96mGenerating HTML report...[0m

[92m✓ HTML report saved: /Users/rico/sports-models/nba/nba_rebounds_props.html[0m

[1m[92m================================================================================[0m
[1m[92m✓ Model execution complete![0m
[1m[92m================================================================================[0m

✅ Completed: nba_rebounds_props at Tue Jan 27 10:52:33 EST 2026

📤 Auto-pushing model outputs to GitHub...
[main 07ca9564] Update model outputs - 2026-01-27 11:01:22
 Committer: Ricardo Hill <rico@MacBookAir.lan>
Your name and email address were configured automatically based
on your username and hostname. Please check that they are accurate.
You can suppress this message by setting them explicitly. Run the
following command and follow the instructions in your editor to edit
your configuration file:

    git config --global --edit

After doing this, you may fix the identity used for this commit with:

    git commit --amend --reset-author

 4 files changed, 79 insertions(+), 73 deletions(-)
To https://github.com/BangLetsGetIt/NBA-NCAA-Betting-Models.git
 ! [remote rejected]   main -> main (cannot lock ref 'refs/heads/main': is at 07ca9564e23ca4950a287cf2ba12d3cf3730e104 but expected ebb95e52799748846ed9e8a3b7f004d8888c0363)
error: failed to push some refs to 'https://github.com/BangLetsGetIt/NBA-NCAA-Betting-Models.git'
⚠️  Push failed - you may need to set up the GitHub remote first
✅ Auto-push succeeded at Tue Jan 27 11:01:23 EST 2026
