============================================================
Scheduler run: nba_3pt_props
Time: Mon Jan 19 15:00:03 EST 2026
Working dir: /Users/rico/sports-models/nba
Script: nba_3pt_props_model.py
============================================================

[1m[96m================================================================================[0m
[1m[96mNBA 3PT PROPS A.I. MODEL[0m
[1m[96m================================================================================[0m

[96m==========================================================================================[0m
[96m🎯 GRADING PENDING PICKS[0m
[96m==========================================================================================[0m

[93m📋 Found 13 pending picks...[0m

  Fetching team stats to verify completed games for 2025-12-16...
[96m  Fetching batch stats for 12/16/2025...[0m
  Fetching team stats to verify completed games for 2026-01-08...
[96m  Fetching batch stats for 01/08/2026...[0m
  Fetching team stats to verify completed games for 2026-01-14...
[96m  Fetching batch stats for 01/14/2026...[0m
  Fetching team stats to verify completed games for 2026-01-19...
[96m  Fetching batch stats for 01/19/2026...[0m

[93mNo picks ready for grading yet[0m

[96mFetching REAL NBA player 3-pointers statistics...[0m
[92m✓ Using cached player 3-pointers stats (less than 6 hours old)[0m

[96mFetching opponent 3-pointers factors...[0m
[92m✓ Using cached 3-pointers factors[0m

[96mFetching player 3-pointers prop odds...[0m
[96m  Found 9 upcoming games[0m
[96m  Filtered to 7 upcoming games[0m
[96m  Game 1/9: Los Angeles Clippers @ Washington Wizards[0m
[96m  Game 2/9: Dallas Mavericks @ New York Knicks[0m
[96m  Game 3/9: Utah Jazz @ San Antonio Spurs[0m
[96m  Game 4/9: Indiana Pacers @ Philadelphia 76ers[0m
[96m  Game 5/9: Phoenix Suns @ Brooklyn Nets[0m
[96m  Game 6/9: Boston Celtics @ Detroit Pistons[0m
[96m  Game 7/9: Miami Heat @ Golden State Warriors[0m
[92m✓ Fetched 60 player 3-pointers props (grouped)[0m

[96mAnalyzing 60 player props with REAL stats...[0m
[92m✓ Found 2 top OVER plays (A.I. Score >= 7.5)[0m
[92m✓ Found 5 top UNDER plays (A.I. Score >= 7.5)[0m
[93m  Skipped 113 props (score below 7.5 or failed checks)[0m

[96m==========================================================================================[0m
[96m📊 TRACKING NEW PICKS[0m
[96m==========================================================================================[0m
[92m✓ Tracked 1 new picks[0m
[93m✓ Updated odds for 3 existing picks[0m

[1m[92m================================================================================[0m
[1m[92mTOP OVER PLAYS[0m
[1m[92m================================================================================[0m
  [96m 1. Norman Powell            [0m | [92mOVER 2.5 3PT   [0m | Miami Heat                vs Golden State Warriors     | [1mA.I.: 9.30[0m | Rating: 3.1 ⭐
  [96m 2. Grayson Allen            [0m | [92mOVER 2.5 3PT   [0m | Phoenix Suns              vs Brooklyn Nets             | [1mA.I.: 8.80[0m | Rating: 3.0 ⭐

[1m[91m================================================================================[0m
[1m[91mTOP UNDER PLAYS[0m
[1m[91m================================================================================[0m
  [96m 1. Brice Sensabaugh         [0m | [91mUNDER 2.5 3PT  [0m | Utah Jazz                 vs San Antonio Spurs         | [1mA.I.: 7.61[0m | Rating: 3.4 ⭐
  [96m 2. Kyle Filipowski          [0m | [91mUNDER 1.5 3PT  [0m | Utah Jazz                 vs San Antonio Spurs         | [1mA.I.: 8.12[0m | Rating: 3.2 ⭐
  [96m 3. Pelle Larsson            [0m | [91mUNDER 1.5 3PT  [0m | Miami Heat                vs Golden State Warriors     | [1mA.I.: 7.78[0m | Rating: 3.1 ⭐
  [96m 4. Drake Powell             [0m | [91mUNDER 1.5 3PT  [0m | Brooklyn Nets             vs Phoenix Suns              | [1mA.I.: 9.61[0m | Rating: 2.7 
  [96m 5. Brandon Williams         [0m | [91mUNDER 1.5 3PT  [0m | Dallas Mavericks          vs New York Knicks           | [1mA.I.: 10.00[0m | Rating: 2.4 

[96mGenerating HTML report...[0m

[92m✓ HTML report saved: /Users/rico/sports-models/nba/nba_3pt_props.html[0m

[1m[92m================================================================================[0m
[1m[92m✓ Model execution complete![0m
[1m[92m================================================================================[0m

✅ Completed: nba_3pt_props at Mon Jan 19 15:01:10 EST 2026

📤 Auto-pushing model outputs to GitHub...
[main e1aa74a] Update model outputs - 2026-01-19 15:01:10
 Committer: Ricardo Hill <rico@Ricos-M1-Mac-2.local>
Your name and email address were configured automatically based
on your username and hostname. Please check that they are accurate.
You can suppress this message by setting them explicitly. Run the
following command and follow the instructions in your editor to edit
your configuration file:

    git config --global --edit

After doing this, you may fix the identity used for this commit with:

    git commit --amend --reset-author

 2 files changed, 94 insertions(+), 69 deletions(-)
To https://github.com/BangLetsGetIt/NBA-NCAA-Betting-Models.git
   9240384..e1aa74a  main -> main
✅ Successfully pushed to GitHub!
✅ Auto-push succeeded at Mon Jan 19 15:01:11 EST 2026
