============================================================
Scheduler run: nba_points_props
Time: Sun Jan 18 18:00:04 EST 2026
Working dir: /Users/rico/sports-models/nba
Script: nba_points_props_model.py
============================================================

[1m[96m================================================================================[0m
[1m[96mNBA POINTS PROPS A.I. MODEL[0m
[1m[96m================================================================================[0m

[96m==========================================================================================[0m
[96m🎯 GRADING PENDING PICKS (BATCH MODE)[0m
[96m==========================================================================================[0m

[93m📋 Found 33 pending picks...[0m


[96mProcessing 9 picks for 2025-12-16...[0m
[96m  Fetching batch stats for 12/16/2025...[0m
  Fetching team stats to verify completed games for 2025-12-16...
[93m  ⚠️  No stats found for 2025-12-16 yet[0m

[96mProcessing 2 picks for 2025-12-23...[0m
[96m  Fetching batch stats for 12/23/2025...[0m
  Fetching team stats to verify completed games for 2025-12-23...

[96mProcessing 1 picks for 2026-01-03...[0m
[96m  Fetching batch stats for 01/03/2026...[0m
  Fetching team stats to verify completed games for 2026-01-03...

[96mProcessing 2 picks for 2026-01-08...[0m
[96m  Fetching batch stats for 01/08/2026...[0m
  Fetching team stats to verify completed games for 2026-01-08...

[96mProcessing 1 picks for 2026-01-09...[0m
[96m  Fetching batch stats for 01/09/2026...[0m
  Fetching team stats to verify completed games for 2026-01-09...

[96mProcessing 3 picks for 2026-01-10...[0m
[96m  Fetching batch stats for 01/10/2026...[0m
  Fetching team stats to verify completed games for 2026-01-10...

[96mProcessing 1 picks for 2026-01-16...[0m
[96m  Fetching batch stats for 01/16/2026...[0m
  Fetching team stats to verify completed games for 2026-01-16...

[96mProcessing 2 picks for 2026-01-18...[0m
[96m  Fetching batch stats for 01/18/2026...[0m
  Fetching team stats to verify completed games for 2026-01-18...
    [91mLOSS[0m: Franz Wagner had 14 points (line: 17.5, bet: OVER) | Profit: -1.00 units
    [91mLOSS[0m: Tristan da Silva had 4 points (line: 7.5, bet: OVER) | Profit: -1.00 units

[92m✓ Graded 2 picks[0m

[96mFetching REAL NBA player points statistics...[0m
[96m  Fetching season points stats...[0m
[96m  Fetching recent form (last 10 games)...[0m
[92m✓ Fetched REAL stats for 510 players[0m

[96mFetching opponent defense factors...[0m
[92m✓ Fetched defense factors for 30 teams[0m

[96mFetching player points prop odds...[0m
[96m  Found 9 upcoming games[0m
[96m  Filtered to 9 upcoming games[0m
[96m  Game 1/9: Brooklyn Nets @ Chicago Bulls[0m
[96m  Game 2/9: New Orleans Pelicans @ Houston Rockets[0m
[96m  Game 3/9: Charlotte Hornets @ Denver Nuggets[0m
[96m  Game 4/9: Portland Trail Blazers @ Sacramento Kings[0m
[96m  Game 5/9: Toronto Raptors @ Los Angeles Lakers[0m
[96m  Game 6/9: Milwaukee Bucks @ Atlanta Hawks[0m
[96m  Game 7/9: Oklahoma City Thunder @ Cleveland Cavaliers[0m
[96m  Game 8/9: Los Angeles Clippers @ Washington Wizards[0m
[96m  Game 9/9: Dallas Mavericks @ New York Knicks[0m
[92m✓ Fetched 136 total player props[0m

[96mAnalyzing 136 player props with REAL stats...[0m
[92m✓ Found 8 top OVER plays (A.I. Score >= 10.0)[0m
[92m✓ Found 7 top UNDER plays (A.I. Score >= 10.0)[0m
[93m  Skipped 8 props (no player stats found)[0m
[93m  Skipped 226 props (score below 10.0)[0m

[96m==========================================================================================[0m
[96m📊 TRACKING NEW PICKS[0m
[96m==========================================================================================[0m
[92m✓ Tracked 2 new picks[0m
[93m✓ Updated odds for 5 existing picks[0m

[1m[92m================================================================================[0m
[1m[92mTOP OVER PLAYS[0m
[1m[92m================================================================================[0m
  [96m 1. Jordan Poole             [0m | [92mOVER 10.5 PTS  [0m | New Orleans Pelicans vs Houston Rockets | [1mA.I.: 10.00[0m | Rating: 4.9 ⭐⭐
  [96m 2. Trey Murphy III          [0m | [92mOVER 20.5 PTS  [0m | New Orleans Pelicans vs Houston Rockets | [1mA.I.: 10.00[0m | Rating: 4.9 ⭐⭐
  [96m 3. Zion Williamson          [0m | [92mOVER 20.5 PTS  [0m | New Orleans Pelicans vs Houston Rockets | [1mA.I.: 10.00[0m | Rating: 4.9 ⭐⭐
  [96m 4. Saddiq Bey               [0m | [92mOVER 13.5 PTS  [0m | New Orleans Pelicans vs Houston Rockets | [1mA.I.: 10.00[0m | Rating: 4.9 ⭐⭐
  [96m 5. LaMelo Ball              [0m | [92mOVER 17.5 PTS  [0m | Charlotte Hornets vs Denver Nuggets | [1mA.I.: 10.00[0m | Rating: 4.9 ⭐⭐
  [96m 6. Kon Knueppel             [0m | [92mOVER 17.5 PTS  [0m | Charlotte Hornets vs Denver Nuggets | [1mA.I.: 10.00[0m | Rating: 4.9 ⭐⭐
  [96m 7. Collin Sexton            [0m | [92mOVER 11.5 PTS  [0m | Charlotte Hornets vs Denver Nuggets | [1mA.I.: 10.00[0m | Rating: 4.9 ⭐⭐
  [96m 8. Maxime Raynaud           [0m | [92mOVER 7.5 PTS   [0m | Sacramento Kings vs Portland Trail Blazers | [1mA.I.: 10.00[0m | Rating: 4.9 ⭐⭐

[1m[91m================================================================================[0m
[1m[91mTOP UNDER PLAYS[0m
[1m[91m================================================================================[0m
  [96m 1. Danny Wolf               [0m | [91mUNDER 10.5 PTS [0m | Brooklyn Nets vs Chicago Bulls | [1mA.I.: 10.00[0m | Rating: 4.9 ⭐⭐
  [96m 2. Noah Clowney             [0m | [91mUNDER 15.5 PTS [0m | Brooklyn Nets vs Chicago Bulls | [1mA.I.: 10.00[0m | Rating: 4.9 ⭐⭐
  [96m 3. Shaedon Sharpe           [0m | [91mUNDER 24.5 PTS [0m | Portland Trail Blazers vs Sacramento Kings | [1mA.I.: 10.00[0m | Rating: 4.9 ⭐⭐
  [96m 4. Collin Murray-Boyles     [0m | [91mUNDER 10.5 PTS [0m | Toronto Raptors vs Los Angeles Lakers | [1mA.I.: 10.00[0m | Rating: 4.9 ⭐⭐
  [96m 5. Jamal Shead              [0m | [91mUNDER 11.5 PTS [0m | Toronto Raptors vs Los Angeles Lakers | [1mA.I.: 10.00[0m | Rating: 4.9 ⭐⭐
  [96m 6. Marcus Smart             [0m | [91mUNDER 11.5 PTS [0m | Los Angeles Lakers vs Toronto Raptors | [1mA.I.: 10.00[0m | Rating: 4.9 ⭐⭐
  [96m 7. Brandon Ingram           [0m | [91mUNDER 23.5 PTS [0m | Toronto Raptors vs Los Angeles Lakers | [1mA.I.: 10.00[0m | Rating: 4.9 ⭐⭐

[96mGenerating HTML report...[0m

[92m✓ HTML report saved: /Users/rico/sports-models/nba/nba_points_props.html[0m

[1m[92m================================================================================[0m
[1m[92m✓ Model execution complete![0m
[1m[92m================================================================================[0m

✅ Completed: nba_points_props at Sun Jan 18 18:01:41 EST 2026

📤 Auto-pushing model outputs to GitHub...
[main e403723] Update model outputs - 2026-01-18 18:01:41
 Committer: Ricardo Hill <rico@Ricos-M1-Mac-2.local>
Your name and email address were configured automatically based
on your username and hostname. Please check that they are accurate.
You can suppress this message by setting them explicitly. Run the
following command and follow the instructions in your editor to edit
your configuration file:

    git config --global --edit

After doing this, you may fix the identity used for this commit with:

    git commit --amend --reset-author

 2 files changed, 397 insertions(+), 121 deletions(-)
To https://github.com/BangLetsGetIt/NBA-NCAA-Betting-Models.git
   5bfadd8..e403723  main -> main
✅ Successfully pushed to GitHub!
✅ Auto-push succeeded at Sun Jan 18 18:01:42 EST 2026
