============================================================
Scheduler run: nba_points_props
Time: Fri Jan 23 18:00:05 EST 2026
Working dir: /Users/rico/sports-models/nba
Script: nba_points_props_model.py
============================================================

[1m[96m================================================================================[0m
[1m[96mNBA POINTS PROPS A.I. MODEL[0m
[1m[96m================================================================================[0m

[96m==========================================================================================[0m
[96m🎯 GRADING PENDING PICKS (BATCH MODE)[0m
[96m==========================================================================================[0m

[93m📋 Found 52 pending picks...[0m


[96mProcessing 9 picks for 2025-12-16...[0m
[96m  Fetching batch stats for 12/16/2025...[0m
  Fetching team stats to verify completed games for 2025-12-16...
[93m  ⚠️  No stats found for 2025-12-16 yet[0m

[96mProcessing 2 picks for 2025-12-23...[0m
[96m  Fetching batch stats for 12/23/2025...[0m
  Fetching team stats to verify completed games for 2025-12-23...

[96mProcessing 1 picks for 2026-01-03...[0m
[96m  Fetching batch stats for 01/03/2026...[0m
  Fetching team stats to verify completed games for 2026-01-03...

[96mProcessing 2 picks for 2026-01-08...[0m
[96m  Fetching batch stats for 01/08/2026...[0m
  Fetching team stats to verify completed games for 2026-01-08...

[96mProcessing 1 picks for 2026-01-09...[0m
[96m  Fetching batch stats for 01/09/2026...[0m
  Fetching team stats to verify completed games for 2026-01-09...

[96mProcessing 3 picks for 2026-01-10...[0m
[96m  Fetching batch stats for 01/10/2026...[0m
  Fetching team stats to verify completed games for 2026-01-10...

[96mProcessing 1 picks for 2026-01-16...[0m
[96m  Fetching batch stats for 01/16/2026...[0m
  Fetching team stats to verify completed games for 2026-01-16...

[96mProcessing 2 picks for 2026-01-22...[0m
[96m  Fetching batch stats for 01/22/2026...[0m
  Fetching team stats to verify completed games for 2026-01-22...

[93mNo picks ready for grading yet[0m

[96mFetching REAL NBA player points statistics...[0m
[92m✓ Using cached player stats (less than 6 hours old)[0m

[96mFetching opponent defense factors...[0m
[92m✓ Using cached defense factors[0m

[96mFetching player points prop odds...[0m
[96m  Found 10 upcoming games[0m
[96m  Filtered to 10 upcoming games[0m
[96m  Game 1/10: Houston Rockets @ Detroit Pistons[0m
[96m  Game 2/10: Phoenix Suns @ Atlanta Hawks[0m
[96m  Game 3/10: Boston Celtics @ Brooklyn Nets[0m
[96m  Game 4/10: Sacramento Kings @ Cleveland Cavaliers[0m
[96m  Game 5/10: Indiana Pacers @ Oklahoma City Thunder[0m
[96m  Game 6/10: New Orleans Pelicans @ Memphis Grizzlies[0m
[96m  Game 7/10: Denver Nuggets @ Milwaukee Bucks[0m
[96m  Game 8/10: Toronto Raptors @ Portland Trail Blazers[0m
[96m  Game 9/10: Washington Wizards @ Charlotte Hornets[0m
[96m  Game 10/10: New York Knicks @ Philadelphia 76ers[0m
[92m✓ Fetched 206 total player props[0m

[96mAnalyzing 206 player props with REAL stats...[0m
[92m✓ Found 10 top OVER plays (A.I. Score >= 10.0)[0m
[92m✓ Found 8 top UNDER plays (A.I. Score >= 10.0)[0m
[93m  Skipped 2 props (no player stats found)[0m
[93m  Skipped 358 props (score below 10.0)[0m

[96m==========================================================================================[0m
[96m📊 TRACKING NEW PICKS[0m
[96m==========================================================================================[0m
[93m✓ Updated odds for 3 existing picks[0m

[1m[92m================================================================================[0m
[1m[92mTOP OVER PLAYS[0m
[1m[92m================================================================================[0m
  [96m 1. Amen Thompson            [0m | [92mOVER 16.5 PTS  [0m | Houston Rockets vs Detroit Pistons | [1mA.I.: 10.00[0m | Rating: 4.9 ⭐⭐
  [96m 2. Duncan Robinson          [0m | [92mOVER 9.5 PTS   [0m | Detroit Pistons vs Houston Rockets | [1mA.I.: 10.00[0m | Rating: 4.9 ⭐⭐
  [96m 3. Reed Sheppard            [0m | [92mOVER 10.5 PTS  [0m | Houston Rockets vs Detroit Pistons | [1mA.I.: 10.00[0m | Rating: 4.9 ⭐⭐
  [96m 4. Kevin Durant             [0m | [92mOVER 24.5 PTS  [0m | Houston Rockets vs Detroit Pistons | [1mA.I.: 10.00[0m | Rating: 4.9 ⭐⭐
  [96m 5. Grayson Allen            [0m | [92mOVER 13.5 PTS  [0m | Phoenix Suns vs Atlanta Hawks | [1mA.I.: 10.00[0m | Rating: 4.9 ⭐⭐
  [96m 6. C.J. McCollum            [0m | [92mOVER 16.5 PTS  [0m | Atlanta Hawks vs Phoenix Suns | [1mA.I.: 10.00[0m | Rating: 4.9 ⭐⭐
  [96m 7. Collin Gillespie         [0m | [92mOVER 10.5 PTS  [0m | Phoenix Suns vs Atlanta Hawks | [1mA.I.: 10.00[0m | Rating: 4.9 ⭐⭐
  [96m 8. Royce O'Neale            [0m | [92mOVER 8.5 PTS   [0m | Phoenix Suns vs Atlanta Hawks | [1mA.I.: 10.00[0m | Rating: 4.9 ⭐⭐
  [96m 9. Dillon Brooks            [0m | [92mOVER 17.5 PTS  [0m | Phoenix Suns vs Atlanta Hawks | [1mA.I.: 10.00[0m | Rating: 4.9 ⭐⭐
  [96m10. Maxime Raynaud           [0m | [92mOVER 7.5 PTS   [0m | Sacramento Kings vs Cleveland Cavaliers | [1mA.I.: 10.00[0m | Rating: 4.9 ⭐⭐

[1m[91m================================================================================[0m
[1m[91mTOP UNDER PLAYS[0m
[1m[91m================================================================================[0m
  [96m 1. Payton Pritchard         [0m | [91mUNDER 19.5 PTS [0m | Boston Celtics vs Brooklyn Nets | [1mA.I.: 10.00[0m | Rating: 4.9 ⭐⭐
  [96m 2. Jaylon Tyson             [0m | [91mUNDER 15.5 PTS [0m | Cleveland Cavaliers vs Sacramento Kings | [1mA.I.: 10.00[0m | Rating: 4.9 ⭐⭐
  [96m 3. Cason Wallace            [0m | [91mUNDER 8.5 PTS  [0m | Oklahoma City Thunder vs Indiana Pacers | [1mA.I.: 10.00[0m | Rating: 4.9 ⭐⭐
  [96m 4. Isaiah Joe               [0m | [91mUNDER 11.5 PTS [0m | Oklahoma City Thunder vs Indiana Pacers | [1mA.I.: 10.00[0m | Rating: 4.9 ⭐⭐
  [96m 5. Cam Spencer              [0m | [91mUNDER 14.5 PTS [0m | Memphis Grizzlies vs New Orleans Pelicans | [1mA.I.: 10.00[0m | Rating: 4.9 ⭐⭐
  [96m 6. Jaylen Wells             [0m | [91mUNDER 14.5 PTS [0m | Memphis Grizzlies vs New Orleans Pelicans | [1mA.I.: 10.00[0m | Rating: 4.9 ⭐⭐
  [96m 7. Jock Landale             [0m | [91mUNDER 13.5 PTS [0m | Memphis Grizzlies vs New Orleans Pelicans | [1mA.I.: 10.00[0m | Rating: 4.9 ⭐⭐
  [96m 8. Shaedon Sharpe           [0m | [91mUNDER 23.5 PTS [0m | Portland Trail Blazers vs Toronto Raptors | [1mA.I.: 10.00[0m | Rating: 4.9 ⭐⭐

[96mGenerating HTML report...[0m

[92m✓ HTML report saved: /Users/rico/sports-models/nba/nba_points_props.html[0m

[1m[92m================================================================================[0m
[1m[92m✓ Model execution complete![0m
[1m[92m================================================================================[0m

✅ Completed: nba_points_props at Fri Jan 23 18:00:13 EST 2026

📤 Auto-pushing model outputs to GitHub...
[main 31be2e1e] Update model outputs - 2026-01-23 18:00:13
 Committer: Ricardo Hill <rico@MacBookAir.lan>
Your name and email address were configured automatically based
on your username and hostname. Please check that they are accurate.
You can suppress this message by setting them explicitly. Run the
following command and follow the instructions in your editor to edit
your configuration file:

    git config --global --edit

After doing this, you may fix the identity used for this commit with:

    git commit --amend --reset-author

 2 files changed, 16 insertions(+), 16 deletions(-)
To https://github.com/BangLetsGetIt/NBA-NCAA-Betting-Models.git
   43800233..31be2e1e  main -> main
✅ Successfully pushed to GitHub!
✅ Auto-push succeeded at Fri Jan 23 18:00:13 EST 2026
