============================================================
Scheduler run: nba_assists_props
Time: Tue Jan 13 18:05:04 EST 2026
Working dir: /Users/rico/sports-models/nba
Script: nba_assists_props_model.py
============================================================

[1m[96m================================================================================[0m
[1m[96mNBA ASSISTS PROPS A.I. MODEL[0m
[1m[96m================================================================================[0m

[96m==========================================================================================[0m
[96m🎯 GRADING PENDING PICKS[0m
[96m==========================================================================================[0m

[93m📋 Found 3 pending picks...[0m

  Fetching team stats to verify completed games for 2025-12-16...
[93m  ⚠ Could not find stats for De'Aaron Fox on 2025-12-16[0m
  Fetching team stats to verify completed games for 2026-01-13...

[93mNo picks ready for grading yet[0m

[96mFetching REAL NBA player assists statistics...[0m
[92m✓ Using cached player assists stats (less than 6 hours old)[0m

[96mFetching opponent assists factors...[0m
[92m✓ Using cached assists factors[0m

[96mFetching player assists prop odds...[0m
[96m  Found 9 upcoming games[0m
[96m  Filtered to 9 upcoming games[0m
[96m  Game 1/9: Phoenix Suns @ Miami Heat[0m
[96m  Game 2/9: Chicago Bulls @ Houston Rockets[0m
[96m  Game 3/9: Denver Nuggets @ New Orleans Pelicans[0m
[96m  Game 4/9: Minnesota Timberwolves @ Milwaukee Bucks[0m
[96m  Game 5/9: San Antonio Spurs @ Oklahoma City Thunder[0m
[96m  Game 6/9: Atlanta Hawks @ Los Angeles Lakers[0m
[96m  Game 7/9: Portland Trail Blazers @ Golden State Warriors[0m
[96m  Game 8/9: Cleveland Cavaliers @ Philadelphia 76ers[0m
[96m  Game 9/9: Toronto Raptors @ Indiana Pacers[0m
[92m✓ Fetched 63 player assists props (grouped)[0m

[96mAnalyzing 63 player props with REAL stats...[0m
[92m✓ Found 0 top OVER plays (A.I. Score >= 10.0)[0m
[92m✓ Found 2 top UNDER plays (A.I. Score >= 10.0)[0m
[93m  Skipped 2 props (no player stats found)[0m
[93m  Skipped 120 props (score below 10.0 or failed checks)[0m

[96m==========================================================================================[0m
[96m📊 TRACKING NEW PICKS[0m
[96m==========================================================================================[0m
[92m✓ Tracked 1 new picks[0m
[93m✓ Updated odds for 1 existing picks[0m

[1m[92m================================================================================[0m
[1m[92mTOP OVER PLAYS[0m
[1m[92m================================================================================[0m

[1m[91m================================================================================[0m
[1m[91mTOP UNDER PLAYS[0m
[1m[91m================================================================================[0m
  [96m 1. Mike Conley              [0m | [91mUNDER 4.5 AST  [0m | Minnesota Timberwolves    vs Milwaukee Bucks           | [1mA.I.: 10.00[0m | Rating: 4.6 ⭐⭐
  [96m 2. Jalen Pickett            [0m | [91mUNDER 5.5 AST  [0m | New Orleans Pelicans      vs Denver Nuggets            | [1mA.I.: 10.00[0m | Rating: 4.2 ⭐⭐

[96mGenerating HTML report...[0m

[92m✓ HTML report saved: /Users/rico/sports-models/nba/nba_assists_props.html[0m

[1m[92m================================================================================[0m
[1m[92m✓ Model execution complete![0m
[1m[92m================================================================================[0m

✅ Completed: nba_assists_props at Tue Jan 13 18:05:10 EST 2026

📤 Auto-pushing model outputs to GitHub...
[main 2a09eab] Update model outputs - 2026-01-13 18:05:10
 Committer: Ricardo Hill <rico@Ricos-M1-Mac-2.local>
Your name and email address were configured automatically based
on your username and hostname. Please check that they are accurate.
You can suppress this message by setting them explicitly. Run the
following command and follow the instructions in your editor to edit
your configuration file:

    git config --global --edit

After doing this, you may fix the identity used for this commit with:

    git commit --amend --reset-author

 2 files changed, 36 insertions(+), 15 deletions(-)
To https://github.com/BangLetsGetIt/NBA-NCAA-Betting-Models.git
   86a2d65..2a09eab  main -> main
✅ Successfully pushed to GitHub!
✅ Auto-push succeeded at Tue Jan 13 18:05:11 EST 2026
