============================================================
Scheduler run: nba_rebounds_props
Time: Sun Jan 11 18:23:15 EST 2026
Working dir: /Users/rico/sports-models/nba
Script: nba_rebounds_props_model.py
============================================================

[1m[96m================================================================================[0m
[1m[96mNBA REBOUNDS PROPS A.I. MODEL[0m
[1m[96m================================================================================[0m

[96m==========================================================================================[0m
[96m🎯 GRADING PENDING PICKS[0m
[96m==========================================================================================[0m

[93m📋 Found 18 pending picks...[0m

  Fetching team stats to verify completed games for 2025-12-16...
[96m  Fetching batch stats for 12/16/2025...[0m
  Fetching team stats to verify completed games for 2025-12-30...
[96m  Fetching batch stats for 12/30/2025...[0m
  Fetching team stats to verify completed games for 2026-01-01...
[96m  Fetching batch stats for 01/01/2026...[0m
  Fetching team stats to verify completed games for 2026-01-08...
[96m  Fetching batch stats for 01/08/2026...[0m
  Fetching team stats to verify completed games for 2026-01-11...
  Error fetching completed teams: HTTPSConnectionPool(host='stats.nba.com', port=443): Read timed out. (read timeout=30)
[96m  Fetching batch stats for 01/11/2026...[0m
    [91mLOSS[0m: Danny Wolf had 10 rebounds (line: 5.5, bet: UNDER) | Profit: -1.00 units

[92m✓ Graded 1 picks[0m

[96mFetching REAL NBA player rebounding statistics...[0m
[92m✓ Using cached player rebounding stats (less than 6 hours old)[0m

[96mFetching opponent rebounding factors...[0m
[92m✓ Fetched rebounding factors for 30 teams[0m

[96mFetching player rebounds prop odds...[0m
[96m  Found 12 upcoming games[0m
[96m  Filtered to 8 upcoming games[0m
[96m  Game 1/10: Milwaukee Bucks @ Denver Nuggets[0m
[96m  Game 2/10: Washington Wizards @ Phoenix Suns[0m
[96m  Game 3/10: Atlanta Hawks @ Golden State Warriors[0m
[96m  Game 4/10: Houston Rockets @ Sacramento Kings[0m
[96m  Game 5/10: Utah Jazz @ Cleveland Cavaliers[0m
[96m  Game 6/10: Boston Celtics @ Indiana Pacers[0m
[96m  Game 7/10: Brooklyn Nets @ Dallas Mavericks[0m
[96m  Game 8/10: Charlotte Hornets @ Los Angeles Clippers[0m
[92m✓ Fetched 62 player rebounds props (grouped)[0m

[96mAnalyzing 62 player props with REAL stats...[0m
[92m✓ Found 0 top OVER plays (A.I. Score >= 10.0)[0m
[92m✓ Found 0 top UNDER plays (A.I. Score >= 10.0)[0m
[93m  Skipped 2 props (no player stats found)[0m
[93m  Skipped 120 props (score below 10.0 or failed checks)[0m

[96m==========================================================================================[0m
[96m📊 TRACKING NEW PICKS[0m
[96m==========================================================================================[0m
[96mNo new picks to track[0m

[1m[92m================================================================================[0m
[1m[92mTOP OVER PLAYS[0m
[1m[92m================================================================================[0m

[1m[91m================================================================================[0m
[1m[91mTOP UNDER PLAYS[0m
[1m[91m================================================================================[0m

[96mGenerating HTML report...[0m

[92m✓ HTML report saved: /Users/rico/sports-models/nba/nba_rebounds_props.html[0m

[1m[92m================================================================================[0m
[1m[92m✓ Model execution complete![0m
[1m[92m================================================================================[0m

✅ Completed: nba_rebounds_props at Sun Jan 11 19:39:45 EST 2026

📤 Auto-pushing model outputs to GitHub...
[main 261ba21] Update model outputs - 2026-01-11 19:39:46
 Committer: Ricardo Hill <rico@MacBookAir.lan>
Your name and email address were configured automatically based
on your username and hostname. Please check that they are accurate.
You can suppress this message by setting them explicitly. Run the
following command and follow the instructions in your editor to edit
your configuration file:

    git config --global --edit

After doing this, you may fix the identity used for this commit with:

    git commit --amend --reset-author

 4 files changed, 27 insertions(+), 564 deletions(-)
To https://github.com/BangLetsGetIt/NBA-NCAA-Betting-Models.git
   44b66f0..261ba21  main -> main
✅ Successfully pushed to GitHub!
✅ Auto-push succeeded at Sun Jan 11 19:39:47 EST 2026
