==========================================
NBA 3PT Props Model Run: Sun Dec 28 05:00:00 EST 2025
==========================================
Running NBA 3PT Props model...

[1m[96m================================================================================[0m
[1m[96mNBA 3PT PROPS A.I. MODEL[0m
[1m[96m================================================================================[0m

[96m==========================================================================================[0m
[96m🎯 GRADING PENDING PICKS[0m
[96m==========================================================================================[0m

[93m📋 Found 3 pending picks...[0m

  Fetching team stats to verify completed games for 2025-12-16...
[96m  Fetching batch stats for 12/16/2025...[0m
  Fetching team stats to verify completed games for 2025-12-28...

[93mNo picks ready for grading yet[0m

[96mFetching REAL NBA player 3-pointers statistics...[0m
[92m✓ Using cached player 3-pointers stats (less than 6 hours old)[0m

[96mFetching opponent 3-pointers factors...[0m
[92m✓ Using cached 3-pointers factors[0m

[96mFetching player 3-pointers prop odds...[0m
[96m  Found 7 upcoming games[0m
[96m  Filtered to 7 upcoming games[0m
[96m  Game 1/7: Golden State Warriors @ Toronto Raptors[0m
[96m  Game 2/7: Philadelphia 76ers @ Oklahoma City Thunder[0m
[96m  Game 3/7: Boston Celtics @ Portland Trail Blazers[0m
[96m  Game 4/7: Memphis Grizzlies @ Washington Wizards[0m
[96m  Game 5/7: Detroit Pistons @ Los Angeles Clippers[0m
[96m  Game 6/7: Sacramento Kings @ Los Angeles Lakers[0m
[96m  Game 7/7: Cleveland Cavaliers @ San Antonio Spurs[0m
[92m✓ Fetched 50 player 3-pointers props (grouped)[0m

[96mAnalyzing 50 player props with REAL stats...[0m
[92m✓ Found 2 top OVER plays (A.I. Score >= 7.5)[0m
[92m✓ Found 0 top UNDER plays (A.I. Score >= 7.5)[0m
[93m  Skipped 1 props (no player stats found)[0m
[93m  Skipped 96 props (score below 7.5 or failed checks)[0m

[96m==========================================================================================[0m
[96m📊 TRACKING NEW PICKS[0m
[96m==========================================================================================[0m
[93m✓ Updated odds for 1 existing picks[0m

[1m[92m================================================================================[0m
[1m[92mTOP OVER PLAYS[0m
[1m[92m================================================================================[0m
  [96m 1. Kyshawn George           [0m | [92mOVER 1.5 3PT   [0m | Washington Wizards        vs Memphis Grizzlies         | [1mA.I.: 7.57[0m | Rating: 3.9 ⭐
  [96m 2. Sam Hauser               [0m | [92mOVER 1.5 3PT   [0m | Boston Celtics            vs Portland Trail Blazers    | [1mA.I.: 8.60[0m | Rating: 3.1 ⭐

[1m[91m================================================================================[0m
[1m[91mTOP UNDER PLAYS[0m
[1m[91m================================================================================[0m

[96mGenerating HTML report...[0m

[92m✓ HTML report saved: /Users/rico/sports-models/nba/nba_3pt_props.html[0m

[1m[92m================================================================================[0m
[1m[92m✓ Model execution complete![0m
[1m[92m================================================================================[0m


==========================================
✅ Model completed successfully!
==========================================

📤 Pushing updates to GitHub...
