==========================================
NBA Model Run: Sat Jan  3 10:00:01 EST 2026
==========================================
Running NBA model...

[1m==========================================================================================[0m
[1m[96m🎲 IMPROVED NBA BETTING MODEL 🎲[0m
[1m[92m⚡ Enhanced Stats + Rest Days + Stricter Filters ⚡[0m
[1m==========================================================================================[0m

[1m[96mSTEP 1: Checking for Completed Games[0m

[96m==========================================================================================[0m
[96m🔄 UPDATING RESULTS FOR COMPLETED GAMES[0m
[96m==========================================================================================[0m

[93m📋 Checking 6 pending picks...[0m
[96mFetching completed NBA game scores (via NBA API)...[0m
[92m✓ Found 15 completed games (Free API)[0m
[92m✓ Tracking data saved to /Users/rico/sports-models/nba/nba_picks_tracking.json[0m
[93mNo picks were updated (games may not be complete yet)[0m
[92m✓ Tracking dashboard saved: /Users/rico/sports-models/nba/nba_tracking_dashboard.html[0m

[1m[96mSTEP 2: Fetching Composite Stats (Season + Form)[0m
[96m🔄 Fetching new team stats from stats.nba.com...[0m
[92m✓ Fetched and cached stats for 76 teams[0m

[1m[96mSTEP 3: Fetching Home/Away Splits[0m
[96m🔄 Fetching home/away splits from stats.nba.com...[0m
[92m✓ Fetched and cached home/away splits[0m

[1m[96mSTEP 4: Fetching Team Schedules (Rest Days)[0m
[96m🔄 Fetching team schedules...[0m
[92m✓ Fetched schedules for 1 teams[0m

[1m[96mSTEP 5: Fetching Live Odds (Next 2 Days)[0m
[92m✓ Fetched odds for 8 total games[0m
[92m✓ Filtered to 8 games in next 2 days[0m

[1m[96mSTEP 6: Processing Games & Generating Picks[0m

[91m❌ Missing stats for Los Angeles Clippers or Boston Celtics[0m
[91m❌ Missing stats for Los Angeles Clippers or Boston Celtics[0m
[91m❌ Skipping Boston Celtics @ Los Angeles Clippers - missing model data[0m
[92m✓ Tracking data saved to /Users/rico/sports-models/nba/nba_picks_tracking.json[0m
[92m✓ Updated CLV data for existing picks[0m

[1m[92m✅ Analyzed 7 games with complete odds[0m

[93m📊 All picks sorted by A.I. Rating (quality/confidence first)[0m


[1m==========================================================================================[0m
[1m[93m🏀 NBA MODEL PREDICTIONS 🏀[0m
[1m==========================================================================================[0m

[1m[96mHouston Rockets @ Dallas Mavericks[0m
  🕐 01/03/26 08:40 PM EST
  [92m[1m🎯 A.I. Rating: 4.5 ⭐⭐ (PREMIUM PLAY)[0m
  [92m✅ GOOD: Dallas Mavericks - Good record: 6-3 (67%) | +2.80u over 9 picks[0m
  📊 Spread: Market +8.0 | Model +1.3
  🎯 Total: Market 226.0 | Model 237.9
  [92m✅ BET: Dallas Mavericks +8.0[0m
     [96mModel projects Dallas Mavericks to win outright, easily covering +8.0.[0m
  [92m✅ BET: OVER 226.0[0m
     [96mModel projects 238 total points, bet the OVER[0m
  📈 Predicted: Houston Rockets 118, Dallas Mavericks 120

[1m[96mPhiladelphia 76ers @ New York Knicks[0m
  🕐 01/03/26 07:40 PM EST
  [92m[1m🎯 A.I. Rating: 4.2 ⭐⭐ (STRONG PLAY)[0m
  [92m🔥 HOT: New York Knicks - Strong performer: 5-1 (83%) | +3.81u over 6 picks[0m
  📊 Spread: Market -3.0 | Model +13.9
  🎯 Total: Market 232.5 | Model 233.8
  [92m✅ BET: New York Knicks -3.0[0m
     [96mModel projects New York Knicks to win by 13.9, covering -3.0.[0m
  [93m⚠️ NO BET - Too close to call[0m
  📈 Predicted: Philadelphia 76ers 110, New York Knicks 124

[1m[96mCharlotte Hornets @ Chicago Bulls[0m
  🕐 01/03/26 08:10 PM EST
  [96m[1m🎯 A.I. Rating: 3.7 ⭐ (GOOD PLAY)[0m
  [0m➖ NEUTRAL: Chicago Bulls - Average performance: 2-2 (50%) | -0.20u over 4 picks[0m
  📊 Spread: Market -1.5 | Model +10.3
  🎯 Total: Market 238.5 | Model 234.7
  [92m✅ BET: Chicago Bulls -1.5[0m
     [96mModel projects Chicago Bulls to win by 10.3, covering -1.5.[0m
  [93m⚠️ NO BET - Too close to call[0m
  📈 Predicted: Charlotte Hornets 112, Chicago Bulls 122

[1m[96mUtah Jazz @ Golden State Warriors[0m
  🕐 01/03/26 10:10 PM EST
  [93m[1m🎯 A.I. Rating: 3.2 ⭐ (STANDARD PLAY)[0m
  📊 Spread: Market -12.5 | Model +16.0
  🎯 Total: Market 242.5 | Model 236.6
  [93m⚠️ NO BET - Too close to call[0m
     [96mEdge too small (+3.5)[0m
  [93m⚠️ NO BET - Too close to call[0m
  📈 Predicted: Utah Jazz 110, Golden State Warriors 126

[1m[96mPortland Trail Blazers @ San Antonio Spurs[0m
  🕐 01/03/26 08:10 PM EST
  [93m[1m🎯 A.I. Rating: 3.1 ⭐ (STANDARD PLAY)[0m
  📊 Spread: Market -8.5 | Model +6.6
  🎯 Total: Market 237.5 | Model 232.3
  [93m⚠️ NO BET - Too close to call[0m
     [96mEdge too small (-1.9)[0m
  [93m⚠️ NO BET - Too close to call[0m
  📈 Predicted: Portland Trail Blazers 113, San Antonio Spurs 119

[1m[96mMinnesota Timberwolves @ Miami Heat[0m
  🕐 01/03/26 05:10 PM EST
  [93m[1m🎯 A.I. Rating: 3.0 ⭐ (STANDARD PLAY)[0m
  📊 Spread: Market +2.5 | Model +2.0
  🎯 Total: Market 239.5 | Model 235.2
  [93m⚠️ NO BET - Too close to call[0m
     [96mEdge too small (+4.5)[0m
  [93m⚠️ NO BET - Too close to call[0m
  📈 Predicted: Minnesota Timberwolves 117, Miami Heat 119

[1m[96mAtlanta Hawks @ Toronto Raptors[0m
  🕐 01/03/26 07:40 PM EST
  [93m[1m🎯 A.I. Rating: 2.9  (MARGINAL PLAY)[0m
  📊 Spread: Market -4.0 | Model +1.3
  🎯 Total: Market 236.0 | Model 239.4
  [93m⚠️ NO BET - Too close to call[0m
     [96mEdge too small (-2.7)[0m
  [93m⚠️ NO BET - Too close to call[0m
  📈 Predicted: Atlanta Hawks 119, Toronto Raptors 120

[92m✓ CSV saved: /Users/rico/sports-models/nba/nba_model_output.csv[0m
[92m✓ HTML saved: /Users/rico/sports-models/nba/nba_model_output.html[0m

[1m[96mSTEP 7: Generating Final Tracking Dashboard[0m
[92m✓ Tracking dashboard saved: /Users/rico/sports-models/nba/nba_tracking_dashboard.html[0m

[1m==========================================================================================[0m
[1m[93m📊 TRACKING SUMMARY 📊[0m
[1m==========================================================================================[0m
[92mTotal Tracked Bets: 269[0m
[92mRecord: 140-121-2[0m
[92mWin Rate: 53.6%[0m
[92mProfit: +6.06 units[0m
[92mROI: +2.1%[0m
[1m==========================================================================================[0m

[96mUpdating unified dashboard...[0m
[92m✓ Dashboard updated[0m


==========================================
✅ Model completed successfully!
==========================================

📤 Pushing updates to GitHub...
[main f895e53] Update model outputs - 2026-01-03 10:00:56
 Committer: Ricardo Hill <rico@Ricos-M1-Mac-2.local>
Your name and email address were configured automatically based
on your username and hostname. Please check that they are accurate.
You can suppress this message by setting them explicitly. Run the
following command and follow the instructions in your editor to edit
your configuration file:

    git config --global --edit

After doing this, you may fix the identity used for this commit with:

    git commit --amend --reset-author

 3 files changed, 74 insertions(+), 78 deletions(-)
To https://github.com/BangLetsGetIt/NBA-NCAA-Betting-Models.git
   be10f5b..f895e53  main -> main
✅ Successfully pushed to GitHub!
