============================================================
Scheduler run: nba_3pt_props
Time: Sun Dec 28 10:00:02 EST 2025
Working dir: /Users/rico/sports-models/nba
Script: nba_3pt_props_model.py
============================================================

[1m[96m================================================================================[0m
[1m[96mNBA 3PT PROPS A.I. MODEL[0m
[1m[96m================================================================================[0m

[96m==========================================================================================[0m
[96m🎯 GRADING PENDING PICKS[0m
[96m==========================================================================================[0m

[93m📋 Found 3 pending picks...[0m

  Fetching team stats to verify completed games for 2025-12-16...
  Error fetching completed teams: HTTPSConnectionPool(host='stats.nba.com', port=443): Read timed out. (read timeout=30)
[96m  Fetching batch stats for 12/16/2025...[0m
  Fetching team stats to verify completed games for 2025-12-28...

[93mNo picks ready for grading yet[0m

[96mFetching REAL NBA player 3-pointers statistics...[0m
[96m  Fetching season 3-pointers stats...[0m
[96m  Fetching recent form (last 10 games)...[0m
[92m✓ Fetched REAL 3-pointers stats for 504 players[0m

[96mFetching opponent 3-pointers factors...[0m
[92m✓ Fetched 3-pointers factors for 30 teams[0m

[96mFetching player 3-pointers prop odds...[0m
[96m  Found 9 upcoming games[0m
[96m  Filtered to 9 upcoming games[0m
[96m  Game 1/9: Golden State Warriors @ Toronto Raptors[0m
[96m  Game 2/9: Philadelphia 76ers @ Oklahoma City Thunder[0m
[96m  Game 3/9: Boston Celtics @ Portland Trail Blazers[0m
[96m  Game 4/9: Memphis Grizzlies @ Washington Wizards[0m
[96m  Game 5/9: Detroit Pistons @ Los Angeles Clippers[0m
[96m  Game 6/9: Sacramento Kings @ Los Angeles Lakers[0m
[96m  Game 7/9: Denver Nuggets @ Miami Heat[0m
[96m  Game 8/9: Cleveland Cavaliers @ San Antonio Spurs[0m
[96m  Game 9/9: New York Knicks @ New Orleans Pelicans[0m
[92m✓ Fetched 55 player 3-pointers props (grouped)[0m

[96mAnalyzing 55 player props with REAL stats...[0m
[92m✓ Found 2 top OVER plays (A.I. Score >= 7.5)[0m
[92m✓ Found 2 top UNDER plays (A.I. Score >= 7.5)[0m
[93m  Skipped 1 props (no player stats found)[0m
[93m  Skipped 104 props (score below 7.5 or failed checks)[0m

[96m==========================================================================================[0m
[96m📊 TRACKING NEW PICKS[0m
[96m==========================================================================================[0m
[92m✓ Tracked 2 new picks[0m
[93m✓ Updated odds for 2 existing picks[0m

[1m[92m================================================================================[0m
[1m[92mTOP OVER PLAYS[0m
[1m[92m================================================================================[0m
  [96m 1. Kyshawn George           [0m | [92mOVER 1.5 3PT   [0m | Washington Wizards        vs Memphis Grizzlies         | [1mA.I.: 7.57[0m | Rating: 3.8 ⭐
  [96m 2. Sam Hauser               [0m | [92mOVER 1.5 3PT   [0m | Boston Celtics            vs Portland Trail Blazers    | [1mA.I.: 8.60[0m | Rating: 3.5 ⭐

[1m[91m================================================================================[0m
[1m[91mTOP UNDER PLAYS[0m
[1m[91m================================================================================[0m
  [96m 1. Keon Ellis               [0m | [91mUNDER 2.5 3PT  [0m | Los Angeles Lakers        vs Sacramento Kings          | [1mA.I.: 10.00[0m | Rating: 4.1 ⭐⭐
  [96m 2. Santi Aldama             [0m | [91mUNDER 2.5 3PT  [0m | Washington Wizards        vs Memphis Grizzlies         | [1mA.I.: 7.68[0m | Rating: 3.8 ⭐

[96mGenerating HTML report...[0m

[92m✓ HTML report saved: /Users/rico/sports-models/nba/nba_3pt_props.html[0m

[1m[92m================================================================================[0m
[1m[92m✓ Model execution complete![0m
[1m[92m================================================================================[0m

✅ Completed: nba_3pt_props at Sun Dec 28 10:01:05 EST 2025

📤 Auto-pushing model outputs to GitHub...
[main dcac21b] Update model outputs - 2025-12-28 10:01:05
 Committer: Ricardo Hill <rico@Ricos-M1-Mac-2.local>
Your name and email address were configured automatically based
on your username and hostname. Please check that they are accurate.
You can suppress this message by setting them explicitly. Run the
following command and follow the instructions in your editor to edit
your configuration file:

    git config --global --edit

After doing this, you may fix the identity used for this commit with:

    git commit --amend --reset-author

 3 files changed, 146 insertions(+), 9 deletions(-)
To https://github.com/BangLetsGetIt/NBA-NCAA-Betting-Models.git
   9cb2d16..dcac21b  main -> main
✅ Successfully pushed to GitHub!
✅ Auto-push succeeded at Sun Dec 28 10:01:06 EST 2025
