============================================================
Scheduler run: nba_rebounds_props
Time: Sat Dec 27 18:10:04 EST 2025
Working dir: /Users/rico/sports-models/nba
Script: nba_rebounds_props_model.py
============================================================

[1m[96m================================================================================[0m
[1m[96mNBA REBOUNDS PROPS A.I. MODEL[0m
[1m[96m================================================================================[0m

[96m==========================================================================================[0m
[96m🎯 GRADING PENDING PICKS[0m
[96m==========================================================================================[0m

[93m📋 Found 17 pending picks...[0m

  Fetching team stats to verify completed games for 2025-12-16...
[96m  Fetching batch stats for 12/16/2025...[0m
  Fetching team stats to verify completed games for 2025-12-27...
[96m  Fetching batch stats for 12/27/2025...[0m

[93mNo picks ready for grading yet[0m

[96mFetching REAL NBA player rebounding statistics...[0m
[96m  Fetching season rebounding stats...[0m
[96m  Fetching recent form (last 10 games)...[0m
[92m✓ Fetched REAL rebounding stats for 504 players[0m

[96mFetching opponent rebounding factors...[0m
[92m✓ Fetched rebounding factors for 30 teams[0m

[96mFetching player rebounds prop odds...[0m
[96m  Found 10 upcoming games[0m
[96m  Filtered to 9 upcoming games[0m
[96m  Game 1/10: Phoenix Suns @ New Orleans Pelicans[0m
[96m  Game 2/10: Denver Nuggets @ Orlando Magic[0m
[96m  Game 3/10: New York Knicks @ Atlanta Hawks[0m
[96m  Game 4/10: Brooklyn Nets @ Minnesota Timberwolves[0m
[96m  Game 5/10: Milwaukee Bucks @ Chicago Bulls[0m
[96m  Game 6/10: Cleveland Cavaliers @ Houston Rockets[0m
[96m  Game 7/10: Indiana Pacers @ Miami Heat[0m
[96m  Game 8/10: Utah Jazz @ San Antonio Spurs[0m
[96m  Game 9/10: Golden State Warriors @ Toronto Raptors[0m
[92m✓ Fetched 116 player rebounds props (grouped)[0m

[96mAnalyzing 116 player props with REAL stats...[0m
[92m✓ Found 3 top OVER plays (A.I. Score >= 10.0)[0m
[92m✓ Found 2 top UNDER plays (A.I. Score >= 10.0)[0m
[93m  Skipped 8 props (no player stats found)[0m
[93m  Skipped 211 props (score below 10.0 or failed checks)[0m

[96m==========================================================================================[0m
[96m📊 TRACKING NEW PICKS[0m
[96m==========================================================================================[0m
[93m✓ Updated odds for 3 existing picks[0m

[1m[92m================================================================================[0m
[1m[92mTOP OVER PLAYS[0m
[1m[92m================================================================================[0m
  [96m 1. Lonzo Ball               [0m | [92mOVER 2.5 REB   [0m | Houston Rockets           vs Cleveland Cavaliers       | [1mA.I.: 10.00[0m | Rating: 4.9 ⭐⭐
  [96m 2. Luke Kornet              [0m | [92mOVER 5.5 REB   [0m | San Antonio Spurs         vs Utah Jazz                 | [1mA.I.: 10.00[0m | Rating: 4.6 ⭐⭐
  [96m 3. Jaylon Tyson             [0m | [92mOVER 3.5 REB   [0m | Houston Rockets           vs Cleveland Cavaliers       | [1mA.I.: 10.00[0m | Rating: 4.4 ⭐⭐

[1m[91m================================================================================[0m
[1m[91mTOP UNDER PLAYS[0m
[1m[91m================================================================================[0m
  [96m 1. Dru Smith                [0m | [91mUNDER 3.5 REB  [0m | Miami Heat                vs Indiana Pacers            | [1mA.I.: 10.00[0m | Rating: 4.9 ⭐⭐
  [96m 2. Jordan Goodwin           [0m | [91mUNDER 5.5 REB  [0m | New Orleans Pelicans      vs Phoenix Suns              | [1mA.I.: 10.00[0m | Rating: 3.8 ⭐

[96mGenerating HTML report...[0m

[92m✓ HTML report saved: /Users/rico/sports-models/nba/nba_rebounds_props.html[0m

[1m[92m================================================================================[0m
[1m[92m✓ Model execution complete![0m
[1m[92m================================================================================[0m

✅ Completed: nba_rebounds_props at Sat Dec 27 18:10:13 EST 2025

📤 Auto-pushing model outputs to GitHub...
[main 8725b26] Update model outputs - 2025-12-27 18:10:13
 Committer: Ricardo Hill <rico@Ricos-M1-Mac-2.local>
Your name and email address were configured automatically based
on your username and hostname. Please check that they are accurate.
You can suppress this message by setting them explicitly. Run the
following command and follow the instructions in your editor to edit
your configuration file:

    git config --global --edit

After doing this, you may fix the identity used for this commit with:

    git commit --amend --reset-author

 2 files changed, 17 insertions(+), 238 deletions(-)
To https://github.com/BangLetsGetIt/NBA-NCAA-Betting-Models.git
   91bbb4d..8725b26  main -> main
✅ Successfully pushed to GitHub!
✅ Auto-push succeeded at Sat Dec 27 18:10:14 EST 2025
