============================================================
Scheduler run: nba_points_props
Time: Sat Jan 24 10:00:02 EST 2026
Working dir: /Users/rico/sports-models/nba
Script: nba_points_props_model.py
============================================================

[1m[96m================================================================================[0m
[1m[96mNBA POINTS PROPS A.I. MODEL[0m
[1m[96m================================================================================[0m

[96m==========================================================================================[0m
[96m🎯 GRADING PENDING PICKS (BATCH MODE)[0m
[96m==========================================================================================[0m

[93m📋 Found 32 pending picks...[0m


[96mProcessing 9 picks for 2025-12-16...[0m
[96m  Fetching batch stats for 12/16/2025...[0m
  Fetching team stats to verify completed games for 2025-12-16...
[93m  ⚠️  No stats found for 2025-12-16 yet[0m

[96mProcessing 2 picks for 2025-12-23...[0m
[96m  Fetching batch stats for 12/23/2025...[0m
  Fetching team stats to verify completed games for 2025-12-23...

[96mProcessing 1 picks for 2026-01-03...[0m
[96m  Fetching batch stats for 01/03/2026...[0m
  Fetching team stats to verify completed games for 2026-01-03...

[96mProcessing 2 picks for 2026-01-08...[0m
[96m  Fetching batch stats for 01/08/2026...[0m
  Fetching team stats to verify completed games for 2026-01-08...

[96mProcessing 1 picks for 2026-01-09...[0m
[96m  Fetching batch stats for 01/09/2026...[0m
  Fetching team stats to verify completed games for 2026-01-09...

[96mProcessing 3 picks for 2026-01-10...[0m
[96m  Fetching batch stats for 01/10/2026...[0m
  Fetching team stats to verify completed games for 2026-01-10...

[96mProcessing 1 picks for 2026-01-16...[0m
[96m  Fetching batch stats for 01/16/2026...[0m
  Fetching team stats to verify completed games for 2026-01-16...

[96mProcessing 2 picks for 2026-01-22...[0m
[96m  Fetching batch stats for 01/22/2026...[0m
  Fetching team stats to verify completed games for 2026-01-22...

[93mNo picks ready for grading yet[0m

[96mFetching REAL NBA player points statistics...[0m
[92m✓ Using cached player stats (less than 6 hours old)[0m

[96mFetching opponent defense factors...[0m
[92m✓ Using cached defense factors[0m

[96mFetching player points prop odds...[0m
[96m  Found 7 upcoming games[0m
[96m  Filtered to 7 upcoming games[0m
[96m  Game 1/7: Washington Wizards @ Charlotte Hornets[0m
[96m  Game 2/7: New York Knicks @ Philadelphia 76ers[0m
[96m  Game 3/7: Golden State Warriors @ Minnesota Timberwolves[0m
[96m  Game 4/7: Cleveland Cavaliers @ Orlando Magic[0m
[96m  Game 5/7: Boston Celtics @ Chicago Bulls[0m
[96m  Game 6/7: Los Angeles Lakers @ Dallas Mavericks[0m
[96m  Game 7/7: Miami Heat @ Utah Jazz[0m
[92m✓ Fetched 174 total player props[0m

[96mAnalyzing 174 player props with REAL stats...[0m
[92m✓ Found 8 top OVER plays (A.I. Score >= 10.0)[0m
[92m✓ Found 6 top UNDER plays (A.I. Score >= 10.0)[0m
[93m  Skipped 6 props (no player stats found)[0m
[93m  Skipped 308 props (score below 10.0)[0m

[96m==========================================================================================[0m
[96m📊 TRACKING NEW PICKS[0m
[96m==========================================================================================[0m
[93m✓ Updated odds for 1 existing picks[0m

[1m[92m================================================================================[0m
[1m[92mTOP OVER PLAYS[0m
[1m[92m================================================================================[0m
  [96m 1. Collin Sexton            [0m | [92mOVER 12.5 PTS  [0m | Charlotte Hornets vs Washington Wizards | [1mA.I.: 10.00[0m | Rating: 4.9 ⭐⭐
  [96m 2. Miles McBride            [0m | [92mOVER 10.5 PTS  [0m | New York Knicks vs Philadelphia 76ers | [1mA.I.: 10.00[0m | Rating: 4.9 ⭐⭐
  [96m 3. Quentin Grimes           [0m | [92mOVER 8.5 PTS   [0m | Philadelphia 76ers vs New York Knicks | [1mA.I.: 10.00[0m | Rating: 4.9 ⭐⭐
  [96m 4. Quinten Post             [0m | [92mOVER 6.5 PTS   [0m | Golden State Warriors vs Minnesota Timberwolves | [1mA.I.: 10.00[0m | Rating: 4.9 ⭐⭐
  [96m 5. Josh Giddey              [0m | [92mOVER 15.5 PTS  [0m | Chicago Bulls vs Boston Celtics | [1mA.I.: 10.00[0m | Rating: 4.9 ⭐⭐
  [96m 6. Ayo Dosunmu              [0m | [92mOVER 12.5 PTS  [0m | Chicago Bulls vs Boston Celtics | [1mA.I.: 10.00[0m | Rating: 4.9 ⭐⭐
  [96m 7. Jake LaRavia             [0m | [92mOVER 7.5 PTS   [0m | Los Angeles Lakers vs Dallas Mavericks | [1mA.I.: 10.00[0m | Rating: 4.9 ⭐⭐
  [96m 8. Lauri Markkanen          [0m | [92mOVER 26.5 PTS  [0m | Utah Jazz vs Miami Heat | [1mA.I.: 10.00[0m | Rating: 4.9 ⭐⭐

[1m[91m================================================================================[0m
[1m[91mTOP UNDER PLAYS[0m
[1m[91m================================================================================[0m
  [96m 1. Carlton Carrington       [0m | [91mUNDER 13.5 PTS [0m | Washington Wizards vs Charlotte Hornets | [1mA.I.: 10.00[0m | Rating: 4.9 ⭐⭐
  [96m 2. Khris Middleton          [0m | [91mUNDER 11.5 PTS [0m | Washington Wizards vs Charlotte Hornets | [1mA.I.: 10.00[0m | Rating: 4.9 ⭐⭐
  [96m 3. Tre Johnson              [0m | [91mUNDER 15.5 PTS [0m | Washington Wizards vs Charlotte Hornets | [1mA.I.: 10.00[0m | Rating: 4.9 ⭐⭐
  [96m 4. Derrick White            [0m | [91mUNDER 19.5 PTS [0m | Boston Celtics vs Chicago Bulls | [1mA.I.: 10.00[0m | Rating: 4.9 ⭐⭐
  [96m 5. Pelle Larsson            [0m | [91mUNDER 11.5 PTS [0m | Miami Heat vs Utah Jazz | [1mA.I.: 10.00[0m | Rating: 4.9 ⭐⭐
  [96m 6. Kyle Filipowski          [0m | [91mUNDER 11.5 PTS [0m | Utah Jazz vs Miami Heat | [1mA.I.: 10.00[0m | Rating: 4.9 ⭐⭐

[96mGenerating HTML report...[0m

[92m✓ HTML report saved: /Users/rico/sports-models/nba/nba_points_props.html[0m

[1m[92m================================================================================[0m
[1m[92m✓ Model execution complete![0m
[1m[92m================================================================================[0m

✅ Completed: nba_points_props at Sat Jan 24 10:00:09 EST 2026

📤 Auto-pushing model outputs to GitHub...
[main 8a8d7500] Update model outputs - 2026-01-24 10:00:09
 Committer: Ricardo Hill <rico@MacBookAir.lan>
Your name and email address were configured automatically based
on your username and hostname. Please check that they are accurate.
You can suppress this message by setting them explicitly. Run the
following command and follow the instructions in your editor to edit
your configuration file:

    git config --global --edit

After doing this, you may fix the identity used for this commit with:

    git commit --amend --reset-author

 2 files changed, 6 insertions(+), 6 deletions(-)
To https://github.com/BangLetsGetIt/NBA-NCAA-Betting-Models.git
   a103f068..8a8d7500  main -> main
✅ Successfully pushed to GitHub!
✅ Auto-push succeeded at Sat Jan 24 10:00:10 EST 2026
